[0.093s] Invoking command in '/home/asurite.ad.asu.edu/troisin/Documents/bimanual_mocap/bimanual_ws/build/dynamixel_interfaces': CMAKE_PREFIX_PATH=${CMAKE_PREFIX_PATH}:/home/asurite.ad.asu.edu/troisin/Documents/bimanual_mocap/bimanual_ws/install/bimanualrobot_bringup:/opt/ros/jazzy DEBUGINFOD_URLS=https://debuginfod.ubuntu.com /usr/bin/cmake --build /home/asurite.ad.asu.edu/troisin/Documents/bimanual_mocap/bimanual_ws/build/dynamixel_interfaces -- -j20 -l20
[0.214s] [  1%] Built target dynamixel_interfaces__rosidl_generator_type_description
[0.252s] [  1%] Built target ament_cmake_python_symlink_dynamixel_interfaces
[0.337s] [  3%] Built target dynamixel_interfaces__cpp
[0.338s] [ 25%] Built target dynamixel_interfaces__rosidl_generator_c
[0.356s] [ 34%] Built target dynamixel_interfaces__rosidl_typesupport_introspection_c
[0.368s] [ 43%] Built target dynamixel_interfaces__rosidl_typesupport_fastrtps_c
[0.371s] [ 56%] Built target dynamixel_interfaces__rosidl_typesupport_c
[0.372s] [ 67%] Built target dynamixel_interfaces__rosidl_typesupport_fastrtps_cpp
[0.373s] [ 71%] Built target dynamixel_interfaces__rosidl_typesupport_cpp
[0.377s] [ 81%] Built target dynamixel_interfaces__rosidl_typesupport_introspection_cpp
[0.456s] [ 81%] Built target dynamixel_interfaces
[0.513s] [ 82%] Built target dynamixel_interfaces__py
[0.564s] [ 90%] Built target dynamixel_interfaces__rosidl_generator_py
[0.616s] [ 93%] Built target dynamixel_interfaces_s__rosidl_typesupport_c
[0.617s] [ 96%] Built target dynamixel_interfaces_s__rosidl_typesupport_fastrtps_c
[0.621s] [100%] Built target dynamixel_interfaces_s__rosidl_typesupport_introspection_c
[0.931s] running egg_info
[1.014s] writing dynamixel_interfaces.egg-info/PKG-INFO
[1.015s] writing dependency_links to dynamixel_interfaces.egg-info/dependency_links.txt
[1.016s] writing top-level names to dynamixel_interfaces.egg-info/top_level.txt
[1.240s] reading manifest file 'dynamixel_interfaces.egg-info/SOURCES.txt'
[1.242s] writing manifest file 'dynamixel_interfaces.egg-info/SOURCES.txt'
[1.300s] [100%] Built target ament_cmake_python_build_dynamixel_interfaces_egg
[1.326s] Invoked command in '/home/asurite.ad.asu.edu/troisin/Documents/bimanual_mocap/bimanual_ws/build/dynamixel_interfaces' returned '0': CMAKE_PREFIX_PATH=${CMAKE_PREFIX_PATH}:/home/asurite.ad.asu.edu/troisin/Documents/bimanual_mocap/bimanual_ws/install/bimanualrobot_bringup:/opt/ros/jazzy DEBUGINFOD_URLS=https://debuginfod.ubuntu.com /usr/bin/cmake --build /home/asurite.ad.asu.edu/troisin/Documents/bimanual_mocap/bimanual_ws/build/dynamixel_interfaces -- -j20 -l20
[1.328s] Invoking command in '/home/asurite.ad.asu.edu/troisin/Documents/bimanual_mocap/bimanual_ws/build/dynamixel_interfaces': CMAKE_PREFIX_PATH=${CMAKE_PREFIX_PATH}:/home/asurite.ad.asu.edu/troisin/Documents/bimanual_mocap/bimanual_ws/install/bimanualrobot_bringup:/opt/ros/jazzy DEBUGINFOD_URLS=https://debuginfod.ubuntu.com /usr/bin/cmake --install /home/asurite.ad.asu.edu/troisin/Documents/bimanual_mocap/bimanual_ws/build/dynamixel_interfaces
[1.346s] -- Install configuration: ""
[1.349s] -- Execute custom install script
[1.350s] -- Up-to-date symlink: /home/asurite.ad.asu.edu/troisin/Documents/bimanual_mocap/bimanual_ws/install/dynamixel_interfaces/share/ament_index/resource_index/rosidl_interfaces/dynamixel_interfaces
[1.350s] -- Up-to-date symlink: /home/asurite.ad.asu.edu/troisin/Documents/bimanual_mocap/bimanual_ws/install/dynamixel_interfaces/share/dynamixel_interfaces/msg/DynamixelState.json
[1.351s] -- Up-to-date symlink: /home/asurite.ad.asu.edu/troisin/Documents/bimanual_mocap/bimanual_ws/install/dynamixel_interfaces/share/dynamixel_interfaces/srv/GetDataFromDxl.json
[1.351s] -- Up-to-date symlink: /home/asurite.ad.asu.edu/troisin/Documents/bimanual_mocap/bimanual_ws/install/dynamixel_interfaces/share/dynamixel_interfaces/srv/SetDataToDxl.json
[1.352s] -- Up-to-date symlink: /home/asurite.ad.asu.edu/troisin/Documents/bimanual_mocap/bimanual_ws/install/dynamixel_interfaces/share/dynamixel_interfaces/srv/RebootDxl.json
[1.353s] -- Up-to-date symlink: /home/asurite.ad.asu.edu/troisin/Documents/bimanual_mocap/bimanual_ws/install/dynamixel_interfaces/include/dynamixel_interfaces/dynamixel_interfaces/msg/detail/dynamixel_state__functions.h
[1.354s] -- Up-to-date symlink: /home/asurite.ad.asu.edu/troisin/Documents/bimanual_mocap/bimanual_ws/install/dynamixel_interfaces/include/dynamixel_interfaces/dynamixel_interfaces/msg/detail/dynamixel_state__struct.h
[1.354s] -- Up-to-date symlink: /home/asurite.ad.asu.edu/troisin/Documents/bimanual_mocap/bimanual_ws/install/dynamixel_interfaces/include/dynamixel_interfaces/dynamixel_interfaces/msg/detail/dynamixel_state__type_support.h
[1.355s] -- Up-to-date symlink: /home/asurite.ad.asu.edu/troisin/Documents/bimanual_mocap/bimanual_ws/install/dynamixel_interfaces/include/dynamixel_interfaces/dynamixel_interfaces/msg/dynamixel_state.h
[1.356s] -- Up-to-date symlink: /home/asurite.ad.asu.edu/troisin/Documents/bimanual_mocap/bimanual_ws/install/dynamixel_interfaces/include/dynamixel_interfaces/dynamixel_interfaces/msg/rosidl_generator_c__visibility_control.h
[1.356s] -- Up-to-date symlink: /home/asurite.ad.asu.edu/troisin/Documents/bimanual_mocap/bimanual_ws/install/dynamixel_interfaces/include/dynamixel_interfaces/dynamixel_interfaces/srv/detail/get_data_from_dxl__functions.h
[1.357s] -- Up-to-date symlink: /home/asurite.ad.asu.edu/troisin/Documents/bimanual_mocap/bimanual_ws/install/dynamixel_interfaces/include/dynamixel_interfaces/dynamixel_interfaces/srv/detail/get_data_from_dxl__struct.h
[1.358s] -- Up-to-date symlink: /home/asurite.ad.asu.edu/troisin/Documents/bimanual_mocap/bimanual_ws/install/dynamixel_interfaces/include/dynamixel_interfaces/dynamixel_interfaces/srv/detail/get_data_from_dxl__type_support.h
[1.358s] -- Up-to-date symlink: /home/asurite.ad.asu.edu/troisin/Documents/bimanual_mocap/bimanual_ws/install/dynamixel_interfaces/include/dynamixel_interfaces/dynamixel_interfaces/srv/detail/reboot_dxl__functions.h
[1.358s] -- Up-to-date symlink: /home/asurite.ad.asu.edu/troisin/Documents/bimanual_mocap/bimanual_ws/install/dynamixel_interfaces/include/dynamixel_interfaces/dynamixel_interfaces/srv/detail/reboot_dxl__struct.h
[1.358s] -- Up-to-date symlink: /home/asurite.ad.asu.edu/troisin/Documents/bimanual_mocap/bimanual_ws/install/dynamixel_interfaces/include/dynamixel_interfaces/dynamixel_interfaces/srv/detail/reboot_dxl__type_support.h
[1.359s] -- Up-to-date symlink: /home/asurite.ad.asu.edu/troisin/Documents/bimanual_mocap/bimanual_ws/install/dynamixel_interfaces/include/dynamixel_interfaces/dynamixel_interfaces/srv/detail/set_data_to_dxl__functions.h
[1.359s] -- Up-to-date symlink: /home/asurite.ad.asu.edu/troisin/Documents/bimanual_mocap/bimanual_ws/install/dynamixel_interfaces/include/dynamixel_interfaces/dynamixel_interfaces/srv/detail/set_data_to_dxl__struct.h
[1.359s] -- Up-to-date symlink: /home/asurite.ad.asu.edu/troisin/Documents/bimanual_mocap/bimanual_ws/install/dynamixel_interfaces/include/dynamixel_interfaces/dynamixel_interfaces/srv/detail/set_data_to_dxl__type_support.h
[1.360s] -- Up-to-date symlink: /home/asurite.ad.asu.edu/troisin/Documents/bimanual_mocap/bimanual_ws/install/dynamixel_interfaces/include/dynamixel_interfaces/dynamixel_interfaces/srv/get_data_from_dxl.h
[1.361s] -- Up-to-date symlink: /home/asurite.ad.asu.edu/troisin/Documents/bimanual_mocap/bimanual_ws/install/dynamixel_interfaces/include/dynamixel_interfaces/dynamixel_interfaces/srv/reboot_dxl.h
[1.361s] -- Up-to-date symlink: /home/asurite.ad.asu.edu/troisin/Documents/bimanual_mocap/bimanual_ws/install/dynamixel_interfaces/include/dynamixel_interfaces/dynamixel_interfaces/srv/set_data_to_dxl.h
[1.362s] -- Up-to-date symlink: /home/asurite.ad.asu.edu/troisin/Documents/bimanual_mocap/bimanual_ws/install/dynamixel_interfaces/share/dynamixel_interfaces/environment/library_path.sh
[1.363s] -- Up-to-date symlink: /home/asurite.ad.asu.edu/troisin/Documents/bimanual_mocap/bimanual_ws/install/dynamixel_interfaces/share/dynamixel_interfaces/environment/library_path.dsv
[1.364s] -- Up-to-date symlink: /home/asurite.ad.asu.edu/troisin/Documents/bimanual_mocap/bimanual_ws/install/dynamixel_interfaces/include/dynamixel_interfaces/dynamixel_interfaces/msg/detail/dynamixel_state__rosidl_typesupport_fastrtps_c.h
[1.365s] -- Up-to-date symlink: /home/asurite.ad.asu.edu/troisin/Documents/bimanual_mocap/bimanual_ws/install/dynamixel_interfaces/include/dynamixel_interfaces/dynamixel_interfaces/msg/rosidl_typesupport_fastrtps_c__visibility_control.h
[1.366s] -- Up-to-date symlink: /home/asurite.ad.asu.edu/troisin/Documents/bimanual_mocap/bimanual_ws/install/dynamixel_interfaces/include/dynamixel_interfaces/dynamixel_interfaces/srv/detail/get_data_from_dxl__rosidl_typesupport_fastrtps_c.h
[1.366s] -- Up-to-date symlink: /home/asurite.ad.asu.edu/troisin/Documents/bimanual_mocap/bimanual_ws/install/dynamixel_interfaces/include/dynamixel_interfaces/dynamixel_interfaces/srv/detail/reboot_dxl__rosidl_typesupport_fastrtps_c.h
[1.367s] -- Up-to-date symlink: /home/asurite.ad.asu.edu/troisin/Documents/bimanual_mocap/bimanual_ws/install/dynamixel_interfaces/include/dynamixel_interfaces/dynamixel_interfaces/srv/detail/set_data_to_dxl__rosidl_typesupport_fastrtps_c.h
[1.368s] -- Up-to-date symlink: /home/asurite.ad.asu.edu/troisin/Documents/bimanual_mocap/bimanual_ws/install/dynamixel_interfaces/include/dynamixel_interfaces/dynamixel_interfaces/msg/detail/dynamixel_state__builder.hpp
[1.370s] -- Up-to-date symlink: /home/asurite.ad.asu.edu/troisin/Documents/bimanual_mocap/bimanual_ws/install/dynamixel_interfaces/include/dynamixel_interfaces/dynamixel_interfaces/msg/detail/dynamixel_state__struct.hpp
[1.370s] -- Up-to-date symlink: /home/asurite.ad.asu.edu/troisin/Documents/bimanual_mocap/bimanual_ws/install/dynamixel_interfaces/include/dynamixel_interfaces/dynamixel_interfaces/msg/detail/dynamixel_state__traits.hpp
[1.371s] -- Up-to-date symlink: /home/asurite.ad.asu.edu/troisin/Documents/bimanual_mocap/bimanual_ws/install/dynamixel_interfaces/include/dynamixel_interfaces/dynamixel_interfaces/msg/detail/dynamixel_state__type_support.hpp
[1.371s] -- Up-to-date symlink: /home/asurite.ad.asu.edu/troisin/Documents/bimanual_mocap/bimanual_ws/install/dynamixel_interfaces/include/dynamixel_interfaces/dynamixel_interfaces/msg/dynamixel_state.hpp
[1.372s] -- Up-to-date symlink: /home/asurite.ad.asu.edu/troisin/Documents/bimanual_mocap/bimanual_ws/install/dynamixel_interfaces/include/dynamixel_interfaces/dynamixel_interfaces/msg/rosidl_generator_cpp__visibility_control.hpp
[1.373s] -- Up-to-date symlink: /home/asurite.ad.asu.edu/troisin/Documents/bimanual_mocap/bimanual_ws/install/dynamixel_interfaces/include/dynamixel_interfaces/dynamixel_interfaces/srv/detail/get_data_from_dxl__builder.hpp
[1.373s] -- Up-to-date symlink: /home/asurite.ad.asu.edu/troisin/Documents/bimanual_mocap/bimanual_ws/install/dynamixel_interfaces/include/dynamixel_interfaces/dynamixel_interfaces/srv/detail/get_data_from_dxl__struct.hpp
[1.374s] -- Up-to-date symlink: /home/asurite.ad.asu.edu/troisin/Documents/bimanual_mocap/bimanual_ws/install/dynamixel_interfaces/include/dynamixel_interfaces/dynamixel_interfaces/srv/detail/get_data_from_dxl__traits.hpp
[1.374s] -- Up-to-date symlink: /home/asurite.ad.asu.edu/troisin/Documents/bimanual_mocap/bimanual_ws/install/dynamixel_interfaces/include/dynamixel_interfaces/dynamixel_interfaces/srv/detail/get_data_from_dxl__type_support.hpp
[1.375s] -- Up-to-date symlink: /home/asurite.ad.asu.edu/troisin/Documents/bimanual_mocap/bimanual_ws/install/dynamixel_interfaces/include/dynamixel_interfaces/dynamixel_interfaces/srv/detail/reboot_dxl__builder.hpp
[1.376s] -- Up-to-date symlink: /home/asurite.ad.asu.edu/troisin/Documents/bimanual_mocap/bimanual_ws/install/dynamixel_interfaces/include/dynamixel_interfaces/dynamixel_interfaces/srv/detail/reboot_dxl__struct.hpp
[1.376s] -- Up-to-date symlink: /home/asurite.ad.asu.edu/troisin/Documents/bimanual_mocap/bimanual_ws/install/dynamixel_interfaces/include/dynamixel_interfaces/dynamixel_interfaces/srv/detail/reboot_dxl__traits.hpp
[1.376s] -- Up-to-date symlink: /home/asurite.ad.asu.edu/troisin/Documents/bimanual_mocap/bimanual_ws/install/dynamixel_interfaces/include/dynamixel_interfaces/dynamixel_interfaces/srv/detail/reboot_dxl__type_support.hpp
[1.377s] -- Up-to-date symlink: /home/asurite.ad.asu.edu/troisin/Documents/bimanual_mocap/bimanual_ws/install/dynamixel_interfaces/include/dynamixel_interfaces/dynamixel_interfaces/srv/detail/set_data_to_dxl__builder.hpp
[1.378s] -- Up-to-date symlink: /home/asurite.ad.asu.edu/troisin/Documents/bimanual_mocap/bimanual_ws/install/dynamixel_interfaces/include/dynamixel_interfaces/dynamixel_interfaces/srv/detail/set_data_to_dxl__struct.hpp
[1.378s] -- Up-to-date symlink: /home/asurite.ad.asu.edu/troisin/Documents/bimanual_mocap/bimanual_ws/install/dynamixel_interfaces/include/dynamixel_interfaces/dynamixel_interfaces/srv/detail/set_data_to_dxl__traits.hpp
[1.379s] -- Up-to-date symlink: /home/asurite.ad.asu.edu/troisin/Documents/bimanual_mocap/bimanual_ws/install/dynamixel_interfaces/include/dynamixel_interfaces/dynamixel_interfaces/srv/detail/set_data_to_dxl__type_support.hpp
[1.379s] -- Up-to-date symlink: /home/asurite.ad.asu.edu/troisin/Documents/bimanual_mocap/bimanual_ws/install/dynamixel_interfaces/include/dynamixel_interfaces/dynamixel_interfaces/srv/get_data_from_dxl.hpp
[1.380s] -- Up-to-date symlink: /home/asurite.ad.asu.edu/troisin/Documents/bimanual_mocap/bimanual_ws/install/dynamixel_interfaces/include/dynamixel_interfaces/dynamixel_interfaces/srv/reboot_dxl.hpp
[1.380s] -- Up-to-date symlink: /home/asurite.ad.asu.edu/troisin/Documents/bimanual_mocap/bimanual_ws/install/dynamixel_interfaces/include/dynamixel_interfaces/dynamixel_interfaces/srv/set_data_to_dxl.hpp
[1.381s] -- Up-to-date symlink: /home/asurite.ad.asu.edu/troisin/Documents/bimanual_mocap/bimanual_ws/install/dynamixel_interfaces/include/dynamixel_interfaces/dynamixel_interfaces/msg/detail/dynamixel_state__rosidl_typesupport_fastrtps_cpp.hpp
[1.382s] -- Up-to-date symlink: /home/asurite.ad.asu.edu/troisin/Documents/bimanual_mocap/bimanual_ws/install/dynamixel_interfaces/include/dynamixel_interfaces/dynamixel_interfaces/msg/rosidl_typesupport_fastrtps_cpp__visibility_control.h
[1.382s] -- Up-to-date symlink: /home/asurite.ad.asu.edu/troisin/Documents/bimanual_mocap/bimanual_ws/install/dynamixel_interfaces/include/dynamixel_interfaces/dynamixel_interfaces/srv/detail/get_data_from_dxl__rosidl_typesupport_fastrtps_cpp.hpp
[1.382s] -- Up-to-date symlink: /home/asurite.ad.asu.edu/troisin/Documents/bimanual_mocap/bimanual_ws/install/dynamixel_interfaces/include/dynamixel_interfaces/dynamixel_interfaces/srv/detail/reboot_dxl__rosidl_typesupport_fastrtps_cpp.hpp
[1.383s] -- Up-to-date symlink: /home/asurite.ad.asu.edu/troisin/Documents/bimanual_mocap/bimanual_ws/install/dynamixel_interfaces/include/dynamixel_interfaces/dynamixel_interfaces/srv/detail/set_data_to_dxl__rosidl_typesupport_fastrtps_cpp.hpp
[1.383s] -- Up-to-date symlink: /home/asurite.ad.asu.edu/troisin/Documents/bimanual_mocap/bimanual_ws/install/dynamixel_interfaces/include/dynamixel_interfaces/dynamixel_interfaces/msg/detail/dynamixel_state__rosidl_typesupport_introspection_c.h
[1.384s] -- Up-to-date symlink: /home/asurite.ad.asu.edu/troisin/Documents/bimanual_mocap/bimanual_ws/install/dynamixel_interfaces/include/dynamixel_interfaces/dynamixel_interfaces/msg/rosidl_typesupport_introspection_c__visibility_control.h
[1.384s] -- Up-to-date symlink: /home/asurite.ad.asu.edu/troisin/Documents/bimanual_mocap/bimanual_ws/install/dynamixel_interfaces/include/dynamixel_interfaces/dynamixel_interfaces/srv/detail/get_data_from_dxl__rosidl_typesupport_introspection_c.h
[1.384s] -- Up-to-date symlink: /home/asurite.ad.asu.edu/troisin/Documents/bimanual_mocap/bimanual_ws/install/dynamixel_interfaces/include/dynamixel_interfaces/dynamixel_interfaces/srv/detail/reboot_dxl__rosidl_typesupport_introspection_c.h
[1.384s] -- Up-to-date symlink: /home/asurite.ad.asu.edu/troisin/Documents/bimanual_mocap/bimanual_ws/install/dynamixel_interfaces/include/dynamixel_interfaces/dynamixel_interfaces/srv/detail/set_data_to_dxl__rosidl_typesupport_introspection_c.h
[1.385s] -- Up-to-date symlink: /home/asurite.ad.asu.edu/troisin/Documents/bimanual_mocap/bimanual_ws/install/dynamixel_interfaces/include/dynamixel_interfaces/dynamixel_interfaces/msg/detail/dynamixel_state__rosidl_typesupport_introspection_cpp.hpp
[1.385s] -- Up-to-date symlink: /home/asurite.ad.asu.edu/troisin/Documents/bimanual_mocap/bimanual_ws/install/dynamixel_interfaces/include/dynamixel_interfaces/dynamixel_interfaces/srv/detail/get_data_from_dxl__rosidl_typesupport_introspection_cpp.hpp
[1.385s] -- Up-to-date symlink: /home/asurite.ad.asu.edu/troisin/Documents/bimanual_mocap/bimanual_ws/install/dynamixel_interfaces/include/dynamixel_interfaces/dynamixel_interfaces/srv/detail/reboot_dxl__rosidl_typesupport_introspection_cpp.hpp
[1.385s] -- Up-to-date symlink: /home/asurite.ad.asu.edu/troisin/Documents/bimanual_mocap/bimanual_ws/install/dynamixel_interfaces/include/dynamixel_interfaces/dynamixel_interfaces/srv/detail/set_data_to_dxl__rosidl_typesupport_introspection_cpp.hpp
[1.386s] -- Up-to-date symlink: /home/asurite.ad.asu.edu/troisin/Documents/bimanual_mocap/bimanual_ws/install/dynamixel_interfaces/share/dynamixel_interfaces/environment/pythonpath.sh
[1.386s] -- Up-to-date symlink: /home/asurite.ad.asu.edu/troisin/Documents/bimanual_mocap/bimanual_ws/install/dynamixel_interfaces/share/dynamixel_interfaces/environment/pythonpath.dsv
[1.387s] -- Up-to-date symlink: /home/asurite.ad.asu.edu/troisin/Documents/bimanual_mocap/bimanual_ws/install/dynamixel_interfaces/lib/python3.12/site-packages/dynamixel_interfaces-1.0.1-py3.12.egg-info/PKG-INFO
[1.387s] -- Up-to-date symlink: /home/asurite.ad.asu.edu/troisin/Documents/bimanual_mocap/bimanual_ws/install/dynamixel_interfaces/lib/python3.12/site-packages/dynamixel_interfaces-1.0.1-py3.12.egg-info/SOURCES.txt
[1.387s] -- Up-to-date symlink: /home/asurite.ad.asu.edu/troisin/Documents/bimanual_mocap/bimanual_ws/install/dynamixel_interfaces/lib/python3.12/site-packages/dynamixel_interfaces-1.0.1-py3.12.egg-info/dependency_links.txt
[1.388s] -- Up-to-date symlink: /home/asurite.ad.asu.edu/troisin/Documents/bimanual_mocap/bimanual_ws/install/dynamixel_interfaces/lib/python3.12/site-packages/dynamixel_interfaces-1.0.1-py3.12.egg-info/top_level.txt
[1.388s] -- Up-to-date symlink: /home/asurite.ad.asu.edu/troisin/Documents/bimanual_mocap/bimanual_ws/install/dynamixel_interfaces/lib/python3.12/site-packages/dynamixel_interfaces/__init__.py
[1.388s] -- Up-to-date symlink: /home/asurite.ad.asu.edu/troisin/Documents/bimanual_mocap/bimanual_ws/install/dynamixel_interfaces/lib/python3.12/site-packages/dynamixel_interfaces/_dynamixel_interfaces_s.ep.rosidl_typesupport_c.c
[1.389s] -- Up-to-date symlink: /home/asurite.ad.asu.edu/troisin/Documents/bimanual_mocap/bimanual_ws/install/dynamixel_interfaces/lib/python3.12/site-packages/dynamixel_interfaces/_dynamixel_interfaces_s.ep.rosidl_typesupport_fastrtps_c.c
[1.389s] -- Up-to-date symlink: /home/asurite.ad.asu.edu/troisin/Documents/bimanual_mocap/bimanual_ws/install/dynamixel_interfaces/lib/python3.12/site-packages/dynamixel_interfaces/_dynamixel_interfaces_s.ep.rosidl_typesupport_introspection_c.c
[1.389s] -- Up-to-date symlink: /home/asurite.ad.asu.edu/troisin/Documents/bimanual_mocap/bimanual_ws/install/dynamixel_interfaces/lib/python3.12/site-packages/dynamixel_interfaces/dynamixel_interfaces_s__rosidl_typesupport_c.so
[1.390s] -- Up-to-date symlink: /home/asurite.ad.asu.edu/troisin/Documents/bimanual_mocap/bimanual_ws/install/dynamixel_interfaces/lib/python3.12/site-packages/dynamixel_interfaces/dynamixel_interfaces_s__rosidl_typesupport_fastrtps_c.so
[1.390s] -- Up-to-date symlink: /home/asurite.ad.asu.edu/troisin/Documents/bimanual_mocap/bimanual_ws/install/dynamixel_interfaces/lib/python3.12/site-packages/dynamixel_interfaces/dynamixel_interfaces_s__rosidl_typesupport_introspection_c.so
[1.390s] -- Up-to-date symlink: /home/asurite.ad.asu.edu/troisin/Documents/bimanual_mocap/bimanual_ws/install/dynamixel_interfaces/lib/python3.12/site-packages/dynamixel_interfaces/msg/__init__.py
[1.390s] -- Up-to-date symlink: /home/asurite.ad.asu.edu/troisin/Documents/bimanual_mocap/bimanual_ws/install/dynamixel_interfaces/lib/python3.12/site-packages/dynamixel_interfaces/msg/_dynamixel_state.py
[1.391s] -- Up-to-date symlink: /home/asurite.ad.asu.edu/troisin/Documents/bimanual_mocap/bimanual_ws/install/dynamixel_interfaces/lib/python3.12/site-packages/dynamixel_interfaces/msg/_dynamixel_state_s.c
[1.391s] -- Up-to-date symlink: /home/asurite.ad.asu.edu/troisin/Documents/bimanual_mocap/bimanual_ws/install/dynamixel_interfaces/lib/python3.12/site-packages/dynamixel_interfaces/srv/__init__.py
[1.391s] -- Up-to-date symlink: /home/asurite.ad.asu.edu/troisin/Documents/bimanual_mocap/bimanual_ws/install/dynamixel_interfaces/lib/python3.12/site-packages/dynamixel_interfaces/srv/_get_data_from_dxl.py
[1.392s] -- Up-to-date symlink: /home/asurite.ad.asu.edu/troisin/Documents/bimanual_mocap/bimanual_ws/install/dynamixel_interfaces/lib/python3.12/site-packages/dynamixel_interfaces/srv/_get_data_from_dxl_s.c
[1.392s] -- Up-to-date symlink: /home/asurite.ad.asu.edu/troisin/Documents/bimanual_mocap/bimanual_ws/install/dynamixel_interfaces/lib/python3.12/site-packages/dynamixel_interfaces/srv/_reboot_dxl.py
[1.392s] -- Up-to-date symlink: /home/asurite.ad.asu.edu/troisin/Documents/bimanual_mocap/bimanual_ws/install/dynamixel_interfaces/lib/python3.12/site-packages/dynamixel_interfaces/srv/_reboot_dxl_s.c
[1.393s] -- Up-to-date symlink: /home/asurite.ad.asu.edu/troisin/Documents/bimanual_mocap/bimanual_ws/install/dynamixel_interfaces/lib/python3.12/site-packages/dynamixel_interfaces/srv/_set_data_to_dxl.py
[1.393s] -- Up-to-date symlink: /home/asurite.ad.asu.edu/troisin/Documents/bimanual_mocap/bimanual_ws/install/dynamixel_interfaces/lib/python3.12/site-packages/dynamixel_interfaces/srv/_set_data_to_dxl_s.c
[1.394s] -- Up-to-date symlink: /home/asurite.ad.asu.edu/troisin/Documents/bimanual_mocap/bimanual_ws/install/dynamixel_interfaces/lib/python3.12/site-packages/dynamixel_interfaces/dynamixel_interfaces_s__rosidl_typesupport_fastrtps_c.so
[1.395s] -- Up-to-date symlink: /home/asurite.ad.asu.edu/troisin/Documents/bimanual_mocap/bimanual_ws/install/dynamixel_interfaces/lib/python3.12/site-packages/dynamixel_interfaces/dynamixel_interfaces_s__rosidl_typesupport_introspection_c.so
[1.395s] -- Up-to-date symlink: /home/asurite.ad.asu.edu/troisin/Documents/bimanual_mocap/bimanual_ws/install/dynamixel_interfaces/lib/python3.12/site-packages/dynamixel_interfaces/dynamixel_interfaces_s__rosidl_typesupport_c.so
[1.396s] -- Up-to-date symlink: /home/asurite.ad.asu.edu/troisin/Documents/bimanual_mocap/bimanual_ws/install/dynamixel_interfaces/share/dynamixel_interfaces/msg/DynamixelState.idl
[1.397s] -- Up-to-date symlink: /home/asurite.ad.asu.edu/troisin/Documents/bimanual_mocap/bimanual_ws/install/dynamixel_interfaces/share/dynamixel_interfaces/srv/GetDataFromDxl.idl
[1.398s] -- Up-to-date symlink: /home/asurite.ad.asu.edu/troisin/Documents/bimanual_mocap/bimanual_ws/install/dynamixel_interfaces/share/dynamixel_interfaces/srv/SetDataToDxl.idl
[1.398s] -- Up-to-date symlink: /home/asurite.ad.asu.edu/troisin/Documents/bimanual_mocap/bimanual_ws/install/dynamixel_interfaces/share/dynamixel_interfaces/srv/RebootDxl.idl
[1.398s] -- Up-to-date symlink: /home/asurite.ad.asu.edu/troisin/Documents/bimanual_mocap/bimanual_ws/install/dynamixel_interfaces/share/dynamixel_interfaces/msg/DynamixelState.msg
[1.399s] -- Up-to-date symlink: /home/asurite.ad.asu.edu/troisin/Documents/bimanual_mocap/bimanual_ws/install/dynamixel_interfaces/share/dynamixel_interfaces/srv/GetDataFromDxl.srv
[1.399s] -- Up-to-date symlink: /home/asurite.ad.asu.edu/troisin/Documents/bimanual_mocap/bimanual_ws/install/dynamixel_interfaces/share/dynamixel_interfaces/srv/SetDataToDxl.srv
[1.399s] -- Up-to-date symlink: /home/asurite.ad.asu.edu/troisin/Documents/bimanual_mocap/bimanual_ws/install/dynamixel_interfaces/share/dynamixel_interfaces/srv/RebootDxl.srv
[1.400s] -- Up-to-date symlink: /home/asurite.ad.asu.edu/troisin/Documents/bimanual_mocap/bimanual_ws/install/dynamixel_interfaces/share/ament_index/resource_index/package_run_dependencies/dynamixel_interfaces
[1.400s] -- Up-to-date symlink: /home/asurite.ad.asu.edu/troisin/Documents/bimanual_mocap/bimanual_ws/install/dynamixel_interfaces/share/ament_index/resource_index/parent_prefix_path/dynamixel_interfaces
[1.402s] -- Up-to-date symlink: /home/asurite.ad.asu.edu/troisin/Documents/bimanual_mocap/bimanual_ws/install/dynamixel_interfaces/share/dynamixel_interfaces/environment/ament_prefix_path.sh
[1.403s] -- Up-to-date symlink: /home/asurite.ad.asu.edu/troisin/Documents/bimanual_mocap/bimanual_ws/install/dynamixel_interfaces/share/dynamixel_interfaces/environment/ament_prefix_path.dsv
[1.404s] -- Up-to-date symlink: /home/asurite.ad.asu.edu/troisin/Documents/bimanual_mocap/bimanual_ws/install/dynamixel_interfaces/share/dynamixel_interfaces/environment/path.sh
[1.405s] -- Up-to-date symlink: /home/asurite.ad.asu.edu/troisin/Documents/bimanual_mocap/bimanual_ws/install/dynamixel_interfaces/share/dynamixel_interfaces/environment/path.dsv
[1.405s] -- Up-to-date symlink: /home/asurite.ad.asu.edu/troisin/Documents/bimanual_mocap/bimanual_ws/install/dynamixel_interfaces/share/dynamixel_interfaces/local_setup.bash
[1.406s] -- Up-to-date symlink: /home/asurite.ad.asu.edu/troisin/Documents/bimanual_mocap/bimanual_ws/install/dynamixel_interfaces/share/dynamixel_interfaces/local_setup.sh
[1.407s] -- Up-to-date symlink: /home/asurite.ad.asu.edu/troisin/Documents/bimanual_mocap/bimanual_ws/install/dynamixel_interfaces/share/dynamixel_interfaces/local_setup.zsh
[1.407s] -- Up-to-date symlink: /home/asurite.ad.asu.edu/troisin/Documents/bimanual_mocap/bimanual_ws/install/dynamixel_interfaces/share/dynamixel_interfaces/local_setup.dsv
[1.407s] -- Symlinking: /home/asurite.ad.asu.edu/troisin/Documents/bimanual_mocap/bimanual_ws/install/dynamixel_interfaces/share/dynamixel_interfaces/package.dsv
[1.428s] -- Up-to-date symlink: /home/asurite.ad.asu.edu/troisin/Documents/bimanual_mocap/bimanual_ws/install/dynamixel_interfaces/share/ament_index/resource_index/packages/dynamixel_interfaces
[1.428s] -- Up-to-date symlink: /home/asurite.ad.asu.edu/troisin/Documents/bimanual_mocap/bimanual_ws/install/dynamixel_interfaces/share/dynamixel_interfaces/cmake/rosidl_cmake-extras.cmake
[1.429s] -- Up-to-date symlink: /home/asurite.ad.asu.edu/troisin/Documents/bimanual_mocap/bimanual_ws/install/dynamixel_interfaces/share/dynamixel_interfaces/cmake/ament_cmake_export_dependencies-extras.cmake
[1.429s] -- Up-to-date symlink: /home/asurite.ad.asu.edu/troisin/Documents/bimanual_mocap/bimanual_ws/install/dynamixel_interfaces/share/dynamixel_interfaces/cmake/ament_cmake_export_include_directories-extras.cmake
[1.430s] -- Up-to-date symlink: /home/asurite.ad.asu.edu/troisin/Documents/bimanual_mocap/bimanual_ws/install/dynamixel_interfaces/share/dynamixel_interfaces/cmake/ament_cmake_export_libraries-extras.cmake
[1.430s] -- Up-to-date symlink: /home/asurite.ad.asu.edu/troisin/Documents/bimanual_mocap/bimanual_ws/install/dynamixel_interfaces/share/dynamixel_interfaces/cmake/ament_cmake_export_targets-extras.cmake
[1.431s] -- Up-to-date symlink: /home/asurite.ad.asu.edu/troisin/Documents/bimanual_mocap/bimanual_ws/install/dynamixel_interfaces/share/dynamixel_interfaces/cmake/rosidl_cmake_export_typesupport_targets-extras.cmake
[1.431s] -- Up-to-date symlink: /home/asurite.ad.asu.edu/troisin/Documents/bimanual_mocap/bimanual_ws/install/dynamixel_interfaces/share/dynamixel_interfaces/cmake/rosidl_cmake_export_typesupport_libraries-extras.cmake
[1.432s] -- Up-to-date symlink: /home/asurite.ad.asu.edu/troisin/Documents/bimanual_mocap/bimanual_ws/install/dynamixel_interfaces/share/dynamixel_interfaces/cmake/dynamixel_interfacesConfig.cmake
[1.433s] -- Up-to-date symlink: /home/asurite.ad.asu.edu/troisin/Documents/bimanual_mocap/bimanual_ws/install/dynamixel_interfaces/share/dynamixel_interfaces/cmake/dynamixel_interfacesConfig-version.cmake
[1.433s] -- Up-to-date symlink: /home/asurite.ad.asu.edu/troisin/Documents/bimanual_mocap/bimanual_ws/install/dynamixel_interfaces/share/dynamixel_interfaces/package.xml
[1.433s] -- Up-to-date: /home/asurite.ad.asu.edu/troisin/Documents/bimanual_mocap/bimanual_ws/install/dynamixel_interfaces/lib/libdynamixel_interfaces__rosidl_generator_c.so
[1.434s] -- Up-to-date: /home/asurite.ad.asu.edu/troisin/Documents/bimanual_mocap/bimanual_ws/install/dynamixel_interfaces/lib/libdynamixel_interfaces__rosidl_typesupport_fastrtps_c.so
[1.435s] -- Up-to-date: /home/asurite.ad.asu.edu/troisin/Documents/bimanual_mocap/bimanual_ws/install/dynamixel_interfaces/lib/libdynamixel_interfaces__rosidl_typesupport_fastrtps_cpp.so
[1.435s] -- Up-to-date: /home/asurite.ad.asu.edu/troisin/Documents/bimanual_mocap/bimanual_ws/install/dynamixel_interfaces/lib/libdynamixel_interfaces__rosidl_typesupport_introspection_c.so
[1.436s] -- Up-to-date: /home/asurite.ad.asu.edu/troisin/Documents/bimanual_mocap/bimanual_ws/install/dynamixel_interfaces/lib/libdynamixel_interfaces__rosidl_typesupport_c.so
[1.437s] -- Up-to-date: /home/asurite.ad.asu.edu/troisin/Documents/bimanual_mocap/bimanual_ws/install/dynamixel_interfaces/lib/libdynamixel_interfaces__rosidl_typesupport_introspection_cpp.so
[1.438s] -- Up-to-date: /home/asurite.ad.asu.edu/troisin/Documents/bimanual_mocap/bimanual_ws/install/dynamixel_interfaces/lib/libdynamixel_interfaces__rosidl_typesupport_cpp.so
[1.519s] Listing '/home/asurite.ad.asu.edu/troisin/Documents/bimanual_mocap/bimanual_ws/install/dynamixel_interfaces/lib/python3.12/site-packages/dynamixel_interfaces'...
[1.520s] Listing '/home/asurite.ad.asu.edu/troisin/Documents/bimanual_mocap/bimanual_ws/install/dynamixel_interfaces/lib/python3.12/site-packages/dynamixel_interfaces/msg'...
[1.520s] Listing '/home/asurite.ad.asu.edu/troisin/Documents/bimanual_mocap/bimanual_ws/install/dynamixel_interfaces/lib/python3.12/site-packages/dynamixel_interfaces/srv'...
[1.532s] -- Up-to-date: /home/asurite.ad.asu.edu/troisin/Documents/bimanual_mocap/bimanual_ws/install/dynamixel_interfaces/lib/libdynamixel_interfaces__rosidl_generator_py.so
[1.533s] -- Up-to-date: /home/asurite.ad.asu.edu/troisin/Documents/bimanual_mocap/bimanual_ws/install/dynamixel_interfaces/share/dynamixel_interfaces/cmake/export_dynamixel_interfaces__rosidl_generator_cExport.cmake
[1.533s] -- Up-to-date: /home/asurite.ad.asu.edu/troisin/Documents/bimanual_mocap/bimanual_ws/install/dynamixel_interfaces/share/dynamixel_interfaces/cmake/export_dynamixel_interfaces__rosidl_generator_cExport-noconfig.cmake
[1.534s] -- Up-to-date: /home/asurite.ad.asu.edu/troisin/Documents/bimanual_mocap/bimanual_ws/install/dynamixel_interfaces/share/dynamixel_interfaces/cmake/export_dynamixel_interfaces__rosidl_typesupport_fastrtps_cExport.cmake
[1.535s] -- Up-to-date: /home/asurite.ad.asu.edu/troisin/Documents/bimanual_mocap/bimanual_ws/install/dynamixel_interfaces/share/dynamixel_interfaces/cmake/export_dynamixel_interfaces__rosidl_typesupport_fastrtps_cExport-noconfig.cmake
[1.535s] -- Up-to-date: /home/asurite.ad.asu.edu/troisin/Documents/bimanual_mocap/bimanual_ws/install/dynamixel_interfaces/share/dynamixel_interfaces/cmake/export_dynamixel_interfaces__rosidl_generator_cppExport.cmake
[1.535s] -- Up-to-date: /home/asurite.ad.asu.edu/troisin/Documents/bimanual_mocap/bimanual_ws/install/dynamixel_interfaces/share/dynamixel_interfaces/cmake/export_dynamixel_interfaces__rosidl_typesupport_fastrtps_cppExport.cmake
[1.536s] -- Up-to-date: /home/asurite.ad.asu.edu/troisin/Documents/bimanual_mocap/bimanual_ws/install/dynamixel_interfaces/share/dynamixel_interfaces/cmake/export_dynamixel_interfaces__rosidl_typesupport_fastrtps_cppExport-noconfig.cmake
[1.536s] -- Up-to-date: /home/asurite.ad.asu.edu/troisin/Documents/bimanual_mocap/bimanual_ws/install/dynamixel_interfaces/share/dynamixel_interfaces/cmake/dynamixel_interfaces__rosidl_typesupport_introspection_cExport.cmake
[1.536s] -- Up-to-date: /home/asurite.ad.asu.edu/troisin/Documents/bimanual_mocap/bimanual_ws/install/dynamixel_interfaces/share/dynamixel_interfaces/cmake/dynamixel_interfaces__rosidl_typesupport_introspection_cExport-noconfig.cmake
[1.536s] -- Up-to-date: /home/asurite.ad.asu.edu/troisin/Documents/bimanual_mocap/bimanual_ws/install/dynamixel_interfaces/share/dynamixel_interfaces/cmake/dynamixel_interfaces__rosidl_typesupport_cExport.cmake
[1.537s] -- Up-to-date: /home/asurite.ad.asu.edu/troisin/Documents/bimanual_mocap/bimanual_ws/install/dynamixel_interfaces/share/dynamixel_interfaces/cmake/dynamixel_interfaces__rosidl_typesupport_cExport-noconfig.cmake
[1.537s] -- Up-to-date: /home/asurite.ad.asu.edu/troisin/Documents/bimanual_mocap/bimanual_ws/install/dynamixel_interfaces/share/dynamixel_interfaces/cmake/dynamixel_interfaces__rosidl_typesupport_introspection_cppExport.cmake
[1.537s] -- Up-to-date: /home/asurite.ad.asu.edu/troisin/Documents/bimanual_mocap/bimanual_ws/install/dynamixel_interfaces/share/dynamixel_interfaces/cmake/dynamixel_interfaces__rosidl_typesupport_introspection_cppExport-noconfig.cmake
[1.537s] -- Up-to-date: /home/asurite.ad.asu.edu/troisin/Documents/bimanual_mocap/bimanual_ws/install/dynamixel_interfaces/share/dynamixel_interfaces/cmake/dynamixel_interfaces__rosidl_typesupport_cppExport.cmake
[1.538s] -- Up-to-date: /home/asurite.ad.asu.edu/troisin/Documents/bimanual_mocap/bimanual_ws/install/dynamixel_interfaces/share/dynamixel_interfaces/cmake/dynamixel_interfaces__rosidl_typesupport_cppExport-noconfig.cmake
[1.538s] -- Up-to-date: /home/asurite.ad.asu.edu/troisin/Documents/bimanual_mocap/bimanual_ws/install/dynamixel_interfaces/share/dynamixel_interfaces/cmake/export_dynamixel_interfaces__rosidl_generator_pyExport.cmake
[1.538s] -- Up-to-date: /home/asurite.ad.asu.edu/troisin/Documents/bimanual_mocap/bimanual_ws/install/dynamixel_interfaces/share/dynamixel_interfaces/cmake/export_dynamixel_interfaces__rosidl_generator_pyExport-noconfig.cmake
[1.541s] Invoked command in '/home/asurite.ad.asu.edu/troisin/Documents/bimanual_mocap/bimanual_ws/build/dynamixel_interfaces' returned '0': CMAKE_PREFIX_PATH=${CMAKE_PREFIX_PATH}:/home/asurite.ad.asu.edu/troisin/Documents/bimanual_mocap/bimanual_ws/install/bimanualrobot_bringup:/opt/ros/jazzy DEBUGINFOD_URLS=https://debuginfod.ubuntu.com /usr/bin/cmake --install /home/asurite.ad.asu.edu/troisin/Documents/bimanual_mocap/bimanual_ws/build/dynamixel_interfaces
