[0.053s] Invoking command in '/home/asurite.ad.asu.edu/troisin/Documents/bimanual_mocap/bimanual_ws/build/bimanualrobot_moveit_config': CMAKE_PREFIX_PATH=${CMAKE_PREFIX_PATH}:/opt/ros/jazzy DEBUGINFOD_URLS=https://debuginfod.ubuntu.com /usr/bin/cmake /home/asurite.ad.asu.edu/troisin/Documents/bimanual_mocap/bimanual_ws/src/bimanualrobot_ros2/bimanualrobot_moveit_config -DAMENT_CMAKE_SYMLINK_INSTALL=1 -DCMAKE_INSTALL_PREFIX=/home/asurite.ad.asu.edu/troisin/Documents/bimanual_mocap/bimanual_ws/install/bimanualrobot_moveit_config
[0.088s] -- Found ament_cmake: 2.5.4 (/opt/ros/jazzy/share/ament_cmake/cmake)
[0.505s] -- Override CMake install command with custom implementation using symlinks instead of copying resources
[0.522s] -- Found moveit_ros_planning_interface: 2.12.3 (/opt/ros/jazzy/share/moveit_ros_planning_interface/cmake)
[0.549s] -- Found Boost: /usr/lib/x86_64-linux-gnu/cmake/Boost-1.83.0/BoostConfig.cmake (found version "1.83.0") found components: date_time filesystem program_options system thread 
[0.609s] -- Found rosidl_generator_c: 4.6.6 (/opt/ros/jazzy/share/rosidl_generator_c/cmake)
[0.628s] -- Found rosidl_generator_cpp: 4.6.6 (/opt/ros/jazzy/share/rosidl_generator_cpp/cmake)
[0.654s] -- Using all available rosidl_typesupport_c: rosidl_typesupport_fastrtps_c;rosidl_typesupport_introspection_c
[0.687s] -- Using all available rosidl_typesupport_cpp: rosidl_typesupport_fastrtps_cpp;rosidl_typesupport_introspection_cpp
[1.294s] -- Found Boost: /usr/lib/x86_64-linux-gnu/cmake/Boost-1.83.0/BoostConfig.cmake (found version "1.83.0") found components: chrono date_time filesystem iostreams program_options regex serialization system thread 
[1.391s] -- Found parameter_traits: 0.5.0 (/opt/ros/jazzy/share/parameter_traits/cmake)
[1.491s] -- Found rmw_implementation_cmake: 7.3.2 (/opt/ros/jazzy/share/rmw_implementation_cmake/cmake)
[1.494s] -- Found rmw_fastrtps_cpp: 8.4.3 (/opt/ros/jazzy/share/rmw_fastrtps_cpp/cmake)
[1.617s] -- Using RMW implementation 'rmw_fastrtps_cpp' as default
[1.754s] -- Found rclcpp_lifecycle: 28.1.12 (/opt/ros/jazzy/share/rclcpp_lifecycle/cmake)
[1.815s] -- Found Boost: /usr/lib/x86_64-linux-gnu/cmake/Boost-1.83.0/BoostConfig.cmake (found version "1.83.0") found components: filesystem 
[1.899s] -- Ensuring Eigen3 include directory is part of orocos-kdl CMake target
[2.189s] -- Found Boost: /usr/lib/x86_64-linux-gnu/cmake/Boost-1.83.0/BoostConfig.cmake (found version "1.83.0") found components: system filesystem date_time program_options thread chrono 
[2.314s] -- Found Boost: /usr/lib/x86_64-linux-gnu/cmake/Boost-1.83.0/BoostConfig.cmake (found version "1.83.0") found components: thread system filesystem regex date_time program_options 
[2.361s] -- Found Boost: /usr/lib/x86_64-linux-gnu/cmake/Boost-1.83.0/BoostConfig.cmake (found version "1.83.0") found components: system filesystem date_time program_options thread 
[2.460s] -- Found moveit_kinematics: 2.12.3 (/opt/ros/jazzy/share/moveit_kinematics/cmake)
[2.466s] -- Found Boost: /usr/lib/x86_64-linux-gnu/cmake/Boost-1.83.0/BoostConfig.cmake (found version "1.83.0") found components: program_options system 
[2.508s] -- Found moveit_planners_ompl: 2.12.3 (/opt/ros/jazzy/share/moveit_planners_ompl/cmake)
[2.550s] -- Found moveit_ros_visualization: 2.12.3 (/opt/ros/jazzy/share/moveit_ros_visualization/cmake)
[2.567s] -- Found Boost: /usr/lib/x86_64-linux-gnu/cmake/Boost-1.83.0/BoostConfig.cmake (found version "1.83.0") found components: thread date_time system filesystem 
[2.695s] -- Setting OGRE_DIR to: '/opt/ros/jazzy/share/rviz_ogre_vendor/cmake/../../../opt/rviz_ogre_vendor/lib/OGRE/cmake'
[2.699s] -- Found OGRE
[2.699s] --   static     : OFF
[2.700s] --   components : MeshLodGenerator;Overlay;Paging;Property;RTShaderSystem;Terrain;Volume
[2.700s] --   plugins    : Plugin_BSPSceneManager;Plugin_OctreeSceneManager;Plugin_PCZSceneManager;Plugin_ParticleFX;RenderSystem_GL;RenderSystem_GL3Plus;Codec_STBI
[2.700s] --   media      : /opt/ros/jazzy/opt/rviz_ogre_vendor/share/OGRE/Media
[2.701s] -- OGRE_LIBRARIES: OgreMeshLodGenerator;OgreOverlay;OgrePaging;OgreProperty;OgreRTShaderSystem;OgreTerrain;OgreVolume;OgreMain
[2.701s] -- OGRE_LIBRARY_DIRS: /opt/ros/jazzy/opt/rviz_ogre_vendor/lib
[2.701s] -- OGRE_PLUGINS: Plugin_BSPSceneManager;Plugin_OctreeSceneManager;Plugin_PCZSceneManager;Plugin_ParticleFX;RenderSystem_GL;RenderSystem_GL3Plus;Codec_STBI
[2.701s] -- OGRE_PLUGIN_DIR: /opt/ros/jazzy/opt/rviz_ogre_vendor/lib/OGRE
[2.702s] -- rviz_ogre_vendor::OgreOverlay for IMPORTED_LOCATION_RELEASE: /opt/ros/jazzy/opt/rviz_ogre_vendor/lib/libOgreOverlay.so
[2.702s] -- rviz_ogre_vendor::OgreOverlay for IMPORTED_LOCATION_DEBUG: /opt/ros/jazzy/opt/rviz_ogre_vendor/lib/libOgreOverlay.so
[2.702s] -- rviz_ogre_vendor::OgreMain for IMPORTED_LOCATION_RELEASE: /opt/ros/jazzy/opt/rviz_ogre_vendor/lib/libOgreMain.so
[2.703s] -- rviz_ogre_vendor::OgreMain for IMPORTED_LOCATION_DEBUG: /opt/ros/jazzy/opt/rviz_ogre_vendor/lib/libOgreMain.so
[3.032s] -- Setting yaml-cpp_DIR to: '/opt/ros/jazzy/share/yaml_cpp_vendor/cmake/../../../opt/yaml_cpp_vendor/share/cmake/yaml-cpp'
[3.280s] [31mCMake Error at CMakeLists.txt:17 (find_package):
[3.280s]   By not providing "Findrviz_visual_tools.cmake" in CMAKE_MODULE_PATH this
[3.281s]   project has asked CMake to find a package configuration file provided by
[3.281s]   "rviz_visual_tools", but CMake did not find one.
[3.281s] 
[3.281s]   Could not find a package configuration file provided by "rviz_visual_tools"
[3.282s]   with any of the following names:
[3.282s] 
[3.283s]     rviz_visual_toolsConfig.cmake
[3.283s]     rviz_visual_tools-config.cmake
[3.283s] 
[3.284s]   Add the installation prefix of "rviz_visual_tools" to CMAKE_PREFIX_PATH or
[3.284s]   set "rviz_visual_tools_DIR" to a directory containing one of the above
[3.284s]   files.  If "rviz_visual_tools" provides a separate development package or
[3.285s]   SDK, be sure it has been installed.
[3.285s] 
[3.286s] [0m
[3.286s] -- Configuring incomplete, errors occurred!
[3.306s] Invoked command in '/home/asurite.ad.asu.edu/troisin/Documents/bimanual_mocap/bimanual_ws/build/bimanualrobot_moveit_config' returned '1': CMAKE_PREFIX_PATH=${CMAKE_PREFIX_PATH}:/opt/ros/jazzy DEBUGINFOD_URLS=https://debuginfod.ubuntu.com /usr/bin/cmake /home/asurite.ad.asu.edu/troisin/Documents/bimanual_mocap/bimanual_ws/src/bimanualrobot_ros2/bimanualrobot_moveit_config -DAMENT_CMAKE_SYMLINK_INSTALL=1 -DCMAKE_INSTALL_PREFIX=/home/asurite.ad.asu.edu/troisin/Documents/bimanual_mocap/bimanual_ws/install/bimanualrobot_moveit_config
