[0.022s] Invoking command in '/home/asurite.ad.asu.edu/troisin/Documents/bimanual_mocap/bimanual_ws/build/bimanualrobot_gazebo': CMAKE_PREFIX_PATH=${CMAKE_PREFIX_PATH}:/opt/ros/jazzy DEBUGINFOD_URLS=https://debuginfod.ubuntu.com /usr/bin/cmake /home/asurite.ad.asu.edu/troisin/Documents/bimanual_mocap/bimanual_ws/src/bimanualrobot_ros2/bimanualrobot_gazebo -DCMAKE_BUILD_TYPE=Release -DCMAKE_INSTALL_PREFIX=/home/asurite.ad.asu.edu/troisin/Documents/bimanual_mocap/bimanual_ws/install/bimanualrobot_gazebo
[0.061s] -- Found ament_cmake: 2.5.4 (/opt/ros/jazzy/share/ament_cmake/cmake)
[0.462s] -- Override CMake install command with custom implementation using symlinks instead of copying resources
[0.485s] -- Found controller_manager: 4.38.0 (/opt/ros/jazzy/share/controller_manager/cmake)
[0.559s] -- Found rosidl_generator_c: 4.6.6 (/opt/ros/jazzy/share/rosidl_generator_c/cmake)
[0.580s] -- Found rosidl_generator_cpp: 4.6.6 (/opt/ros/jazzy/share/rosidl_generator_cpp/cmake)
[0.606s] -- Using all available rosidl_typesupport_c: rosidl_typesupport_fastrtps_c;rosidl_typesupport_introspection_c
[0.637s] -- Using all available rosidl_typesupport_cpp: rosidl_typesupport_fastrtps_cpp;rosidl_typesupport_introspection_cpp
[0.778s] -- Found rmw_implementation_cmake: 7.3.2 (/opt/ros/jazzy/share/rmw_implementation_cmake/cmake)
[0.781s] -- Found rmw_fastrtps_cpp: 8.4.3 (/opt/ros/jazzy/share/rmw_fastrtps_cpp/cmake)
[0.919s] -- Using RMW implementation 'rmw_fastrtps_cpp' as default
[1.762s] -- Found gripper_controllers: 4.33.0 (/opt/ros/jazzy/share/gripper_controllers/cmake)
[1.832s] -- Found eigen3_cmake_module: 0.3.0 (/opt/ros/jazzy/share/eigen3_cmake_module/cmake)
[1.835s] -- Ensuring Eigen3 include directory is part of orocos-kdl CMake target
[2.020s] -- Found gz_ros2_control: 1.2.16 (/opt/ros/jazzy/share/gz_ros2_control/cmake)
[2.030s] -- Found ros_gz: 1.0.16 (/opt/ros/jazzy/share/ros_gz/cmake)
[2.031s] -- Found ros_gz_bridge: 1.0.16 (/opt/ros/jazzy/share/ros_gz_bridge/cmake)
[2.047s] -- Looking for gz-msgs10 -- found version 10.3.2
[2.057s] -- Searching for dependencies of gz-msgs10
[2.097s] -- Looking for gz-utils2 -- found version 2.2.1
[2.097s] -- Searching for dependencies of gz-utils2
[2.099s] -- Looking for gz-math7 -- found version 7.5.2
[2.099s] -- Searching for dependencies of gz-math7
[2.100s] -- Looking for gz-utils2 -- found version 2.2.1
[2.111s] -- Checking for module 'tinyxml2'
[2.144s] --   Found tinyxml2, version 10.0.0
[2.215s] -- Looking for gz-transport13 -- found version 13.4.1
[2.215s] -- Searching for dependencies of gz-transport13
[2.285s] -- Config-file not installed for ZeroMQ -- checking for pkg-config
[2.294s] -- Checking for module 'libzmq >= 4'
[2.326s] --   Found libzmq, version 4.3.5
[2.425s] -- Checking for module 'uuid'
[2.455s] --   Found uuid, version 2.39.3
[2.519s] -- Looking for gz-utils2 -- found version 2.2.1
[2.520s] -- Searching for dependencies of gz-utils2
[2.520s] -- Searching for <gz-utils2> component [cli]
[2.521s] -- Looking for gz-utils2-cli -- found version 2.2.1
[2.521s] -- Searching for dependencies of gz-utils2-cli
[2.523s] -- Looking for gz-msgs10 -- found version 10.3.2
[2.798s] -- Found ros_gz_image: 1.0.16 (/opt/ros/jazzy/share/ros_gz_image/cmake)
[2.798s] -- Found ros_gz_sim: 1.0.16 (/opt/ros/jazzy/share/ros_gz_sim/cmake)
[2.806s] -- Found ros2_control: 4.38.0 (/opt/ros/jazzy/share/ros2_control/cmake)
[2.807s] -- Found ros2_controllers: 4.33.0 (/opt/ros/jazzy/share/ros2_controllers/cmake)
[2.807s] -- Found xacro: 2.1.1 (/opt/ros/jazzy/share/xacro/cmake)
[2.808s] -- Looking for gz-sim8 -- found version 8.9.0
[2.809s] -- Searching for dependencies of gz-sim8
[2.810s] -- Looking for sdformat14 -- found version 14.8.0
[2.810s] -- Searching for dependencies of sdformat14
[2.821s] -- Looking for gz-math7 -- found version 7.5.2
[2.822s] -- Looking for gz-utils2 -- found version 2.2.1
[2.824s] -- Looking for gz-plugin2 -- found version 2.0.4
[2.824s] -- Searching for dependencies of gz-plugin2
[2.825s] -- Looking for gz-utils2 -- found version 2.2.1
[2.826s] -- Searching for <gz-plugin2> component [loader]
[2.826s] -- Looking for gz-plugin2-loader -- found version 2.0.4
[2.827s] -- Searching for dependencies of gz-plugin2-loader
[2.828s] -- Searching for <gz-plugin2> component [register]
[2.828s] -- Looking for gz-plugin2-register -- found version 2.0.4
[2.829s] -- Searching for dependencies of gz-plugin2-register
[2.830s] -- Looking for gz-transport13 -- found version 13.4.1
[2.830s] -- Searching for dependencies of gz-transport13
[2.896s] -- Config-file not installed for ZeroMQ -- checking for pkg-config
[2.906s] -- Checking for module 'libzmq >= 4'
[2.938s] --   Found libzmq, version 4.3.5
[3.041s] -- Looking for gz-utils2 -- found version 2.2.1
[3.042s] -- Looking for gz-msgs10 -- found version 10.3.2
[3.042s] -- Searching for <gz-transport13> component [log]
[3.043s] -- Looking for gz-transport13-log -- found version 13.4.1
[3.044s] -- Searching for dependencies of gz-transport13-log
[3.045s] -- Searching for <gz-transport13> component [parameters]
[3.046s] -- Looking for gz-transport13-parameters -- found version 13.4.1
[3.046s] -- Searching for dependencies of gz-transport13-parameters
[3.048s] -- Looking for gz-msgs10 -- found version 10.3.2
[3.049s] -- Looking for gz-common5 -- found version 5.7.1
[3.050s] -- Searching for dependencies of gz-common5
[3.050s] -- Looking for gz-utils2 -- found version 2.2.1
[3.051s] -- Looking for dlfcn.h - found
[3.051s] -- Looking for libdl - found
[3.068s] -- Searching for <gz-common5> component [av]
[3.069s] -- Looking for gz-common5-av -- found version 5.7.1
[3.070s] -- Searching for dependencies of gz-common5-av
[3.079s] -- Checking for module 'libswscale'
[3.111s] --   Found libswscale, version 7.5.100
[3.191s] -- Checking for module 'libavdevice >= 56.4.100'
[3.221s] --   Found libavdevice, version 60.3.100
[3.328s] -- Checking for module 'libavformat'
[3.368s] --   Found libavformat, version 60.16.100
[3.463s] -- Checking for module 'libavcodec'
[3.495s] --   Found libavcodec, version 60.31.102
[3.579s] -- Checking for module 'libavutil'
[3.609s] --   Found libavutil, version 58.29.100
[3.679s] -- Searching for <gz-common5> component [events]
[3.680s] -- Looking for gz-common5-events -- found version 5.7.1
[3.680s] -- Searching for dependencies of gz-common5-events
[3.681s] -- Looking for gz-math7 -- found version 7.5.2
[3.682s] -- Searching for <gz-common5> component [graphics]
[3.683s] -- Looking for gz-common5-graphics -- found version 5.7.1
[3.683s] -- Searching for dependencies of gz-common5-graphics
[3.684s] -- Looking for gz-math7 -- found version 7.5.2
[3.689s] -- Searching for <gz-common5> component [io]
[3.690s] -- Looking for gz-common5-io -- found version 5.7.1
[3.690s] -- Searching for dependencies of gz-common5-io
[3.691s] -- Searching for <gz-common5> component [profiler]
[3.692s] -- Looking for gz-common5-profiler -- found version 5.7.1
[3.693s] -- Searching for dependencies of gz-common5-profiler
[3.695s] -- Looking for gz-fuel_tools9 -- found version 9.1.1
[3.696s] -- Searching for dependencies of gz-fuel_tools9
[3.783s] -- Checking for module 'jsoncpp'
[3.815s] --   Found jsoncpp, version 1.9.5
[3.924s] -- Checking for module 'yaml-0.1'
[3.957s] --   Found yaml-0.1, version 0.2.5
[4.038s] -- Checking for module 'libzip'
[4.070s] --   Found libzip, version 1.7.3
[4.141s] -- Looking for gz-utils2 -- found version 2.2.1
[4.142s] -- Looking for gz-common5 -- found version 5.7.1
[4.143s] -- Searching for dependencies of gz-common5
[4.144s] -- Looking for gz-utils2 -- found version 2.2.1
[4.144s] -- Looking for dlfcn.h - found
[4.144s] -- Looking for libdl - found
[4.161s] -- Searching for <gz-common5> component [testing]
[4.162s] -- Looking for gz-common5-testing -- found version 5.7.1
[4.162s] -- Searching for dependencies of gz-common5-testing
[4.167s] -- Looking for gz-math7 -- found version 7.5.2
[4.168s] -- Looking for gz-msgs10 -- found version 10.3.2
[4.171s] -- Looking for gz-gui8 -- found version 8.4.0
[4.171s] -- Searching for dependencies of gz-gui8
[4.227s] -- Looking for gz-utils2 -- found version 2.2.1
[4.228s] -- Looking for gz-math7 -- found version 7.5.2
[4.229s] -- Looking for gz-common5 -- found version 5.7.1
[4.230s] -- Looking for gz-plugin2 -- found version 2.0.4
[4.230s] -- Looking for gz-transport13 -- found version 13.4.1
[4.232s] -- Looking for gz-rendering8 -- found version 8.2.2
[4.232s] -- Searching for dependencies of gz-rendering8
[4.233s] -- Looking for gz-math7 -- found version 7.5.2
[4.233s] -- Searching for dependencies of gz-math7
[4.234s] -- Looking for gz-utils2 -- found version 2.2.1
[4.234s] -- Searching for <gz-math7> component [eigen3]
[4.235s] -- Looking for gz-math7-eigen3 -- found version 7.5.2
[4.235s] -- Searching for dependencies of gz-math7-eigen3
[4.239s] -- Looking for gz-common5 -- found version 5.7.1
[4.239s] -- Searching for dependencies of gz-common5
[4.240s] -- Looking for gz-utils2 -- found version 2.2.1
[4.240s] -- Looking for dlfcn.h - found
[4.241s] -- Looking for libdl - found
[4.256s] -- Searching for <gz-common5> component [graphics]
[4.256s] -- Searching for <gz-common5> component [events]
[4.256s] -- Searching for <gz-common5> component [geospatial]
[4.257s] -- Looking for gz-common5-geospatial -- found version 5.7.1
[4.257s] -- Searching for dependencies of gz-common5-geospatial
[4.258s] -- Looking for gz-math7 -- found version 7.5.2
[4.259s] -- Looking for gz-common5 -- found version 5.7.1
[4.261s] -- Looking for gz-plugin2 -- found version 2.0.4
[4.261s] -- Searching for dependencies of gz-plugin2
[4.262s] -- Looking for gz-utils2 -- found version 2.2.1
[4.262s] -- Searching for <gz-plugin2> component [all]
[4.263s] -- Looking for all libraries of gz-plugin2 -- found version 2.0.4
[4.264s] -- Looking for gz-plugin2 -- found version 2.0.4
[4.266s] -- Looking for gz-utils2 -- found version 2.2.1
[4.273s] -- Looking for gz-msgs10 -- found version 10.3.2
[4.309s] -- Looking for gz-physics7 -- found version 7.5.0
[4.309s] -- Searching for dependencies of gz-physics7
[4.310s] -- Looking for gz-common5 -- found version 5.7.1
[4.311s] -- Looking for gz-math7 -- found version 7.5.2
[4.311s] -- Looking for gz-plugin2 -- found version 2.0.4
[4.312s] -- Looking for gz-utils2 -- found version 2.2.1
[4.315s] -- Searching for <gz-physics7> component [heightmap]
[4.315s] -- Looking for gz-physics7-heightmap -- found version 7.5.0
[4.316s] -- Searching for dependencies of gz-physics7-heightmap
[4.317s] -- Looking for gz-common5 -- found version 5.7.1
[4.318s] -- Searching for <gz-physics7> component [mesh]
[4.319s] -- Looking for gz-physics7-mesh -- found version 7.5.0
[4.319s] -- Searching for dependencies of gz-physics7-mesh
[4.320s] -- Looking for gz-common5 -- found version 5.7.1
[4.321s] -- Searching for <gz-physics7> component [sdf]
[4.322s] -- Looking for gz-physics7-sdf -- found version 7.5.0
[4.322s] -- Searching for dependencies of gz-physics7-sdf
[4.323s] -- Looking for sdformat14 -- found version 14.8.0
[4.325s] -- Looking for gz-sensors8 -- found version 8.2.2
[4.325s] -- Searching for dependencies of gz-sensors8
[4.367s] -- Looking for gz-math7 -- found version 7.5.2
[4.368s] -- Looking for gz-common5 -- found version 5.7.1
[4.369s] -- Looking for gz-transport13 -- found version 13.4.1
[4.370s] -- Looking for gz-rendering8 -- found version 8.2.2
[4.371s] -- Looking for gz-msgs10 -- found version 10.3.2
[4.373s] -- Looking for sdformat14 -- found version 14.8.0
[4.374s] -- Searching for <gz-sensors8> component [air_pressure]
[4.375s] -- Looking for gz-sensors8-air_pressure -- found version 8.2.2
[4.375s] -- Searching for dependencies of gz-sensors8-air_pressure
[4.376s] -- Searching for <gz-sensors8> component [air_speed]
[4.377s] -- Looking for gz-sensors8-air_speed -- found version 8.2.2
[4.378s] -- Searching for dependencies of gz-sensors8-air_speed
[4.378s] -- Searching for <gz-sensors8> component [altimeter]
[4.379s] -- Looking for gz-sensors8-altimeter -- found version 8.2.2
[4.380s] -- Searching for dependencies of gz-sensors8-altimeter
[4.381s] -- Searching for <gz-sensors8> component [imu]
[4.382s] -- Looking for gz-sensors8-imu -- found version 8.2.2
[4.382s] -- Searching for dependencies of gz-sensors8-imu
[4.383s] -- Searching for <gz-sensors8> component [force_torque]
[4.384s] -- Looking for gz-sensors8-force_torque -- found version 8.2.2
[4.384s] -- Searching for dependencies of gz-sensors8-force_torque
[4.385s] -- Searching for <gz-sensors8> component [logical_camera]
[4.386s] -- Looking for gz-sensors8-logical_camera -- found version 8.2.2
[4.386s] -- Searching for dependencies of gz-sensors8-logical_camera
[4.388s] -- Searching for <gz-sensors8> component [magnetometer]
[4.389s] -- Looking for gz-sensors8-magnetometer -- found version 8.2.2
[4.389s] -- Searching for dependencies of gz-sensors8-magnetometer
[4.390s] -- Searching for <gz-sensors8> component [navsat]
[4.391s] -- Looking for gz-sensors8-navsat -- found version 8.2.2
[4.391s] -- Searching for dependencies of gz-sensors8-navsat
[4.392s] -- Searching for <gz-sensors8> component [dvl]
[4.393s] -- Looking for gz-sensors8-dvl -- found version 8.2.2
[4.393s] -- Searching for dependencies of gz-sensors8-dvl
[4.394s] -- Looking for gz-sensors8 -- found version 8.2.2
[4.394s] -- Searching for dependencies of gz-sensors8
[4.438s] -- Looking for gz-math7 -- found version 7.5.2
[4.439s] -- Looking for gz-common5 -- found version 5.7.1
[4.440s] -- Looking for gz-transport13 -- found version 13.4.1
[4.441s] -- Looking for gz-rendering8 -- found version 8.2.2
[4.442s] -- Looking for gz-msgs10 -- found version 10.3.2
[4.443s] -- Looking for sdformat14 -- found version 14.8.0
[4.444s] -- Searching for <gz-sensors8> component [rendering]
[4.445s] -- Looking for gz-sensors8-rendering -- found version 8.2.2
[4.446s] -- Searching for dependencies of gz-sensors8-rendering
[4.449s] -- Searching for <gz-sensors8> component [rendering]
[4.449s] -- Searching for <gz-sensors8> component [lidar]
[4.450s] -- Looking for gz-sensors8-lidar -- found version 8.2.2
[4.450s] -- Searching for dependencies of gz-sensors8-lidar
[4.451s] -- Looking for gz-sensors8 -- found version 8.2.2
[4.453s] -- Searching for <gz-sensors8> component [gpu_lidar]
[4.454s] -- Looking for gz-sensors8-gpu_lidar -- found version 8.2.2
[4.455s] -- Searching for dependencies of gz-sensors8-gpu_lidar
[4.456s] -- Looking for gz-sensors8 -- found version 8.2.2
[4.457s] -- Searching for <gz-sensors8> component [camera]
[4.458s] -- Looking for gz-sensors8-camera -- found version 8.2.2
[4.459s] -- Searching for dependencies of gz-sensors8-camera
[4.460s] -- Looking for gz-sensors8 -- found version 8.2.2
[4.462s] -- Searching for <gz-sensors8> component [boundingbox_camera]
[4.463s] -- Looking for gz-sensors8-boundingbox_camera -- found version 8.2.2
[4.463s] -- Searching for dependencies of gz-sensors8-boundingbox_camera
[4.465s] -- Searching for <gz-sensors8> component [segmentation_camera]
[4.466s] -- Looking for gz-sensors8-segmentation_camera -- found version 8.2.2
[4.466s] -- Searching for dependencies of gz-sensors8-segmentation_camera
[4.469s] -- Searching for <gz-sensors8> component [depth_camera]
[4.469s] -- Looking for gz-sensors8-depth_camera -- found version 8.2.2
[4.470s] -- Searching for dependencies of gz-sensors8-depth_camera
[4.471s] -- Looking for gz-sensors8 -- found version 8.2.2
[4.473s] -- Searching for <gz-sensors8> component [rgbd_camera]
[4.474s] -- Looking for gz-sensors8-rgbd_camera -- found version 8.2.2
[4.474s] -- Searching for dependencies of gz-sensors8-rgbd_camera
[4.475s] -- Looking for gz-sensors8 -- found version 8.2.2
[4.477s] -- Searching for <gz-sensors8> component [thermal_camera]
[4.478s] -- Looking for gz-sensors8-thermal_camera -- found version 8.2.2
[4.479s] -- Searching for dependencies of gz-sensors8-thermal_camera
[4.480s] -- Looking for gz-sensors8 -- found version 8.2.2
[4.481s] -- Searching for <gz-sensors8> component [wide_angle_camera]
[4.482s] -- Looking for gz-sensors8-wide_angle_camera -- found version 8.2.2
[4.483s] -- Searching for dependencies of gz-sensors8-wide_angle_camera
[4.486s] -- Looking for gz-rendering8 -- found version 8.2.2
[4.487s] -- Looking for gz-math7 -- found version 7.5.2
[4.488s] -- Looking for gz-utils2 -- found version 2.2.1
[4.538s] -- Looking for gz-plugin2 -- found version 2.0.4
[4.539s] -- Looking for gz-common5 -- found version 5.7.1
[4.542s] -- Found ament_lint_auto: 0.17.3 (/opt/ros/jazzy/share/ament_lint_auto/cmake)
[4.742s] -- Added test 'cppcheck' to perform static code analysis on C / C++ code
[4.743s] -- Configured cppcheck include dirs: 
[4.743s] -- Configured cppcheck exclude dirs and/or files: 
[4.744s] -- Added test 'flake8' to check Python code syntax and style conventions
[4.744s] -- Configured 'flake8' exclude dirs and/or files: 
[4.745s] -- Added test 'lint_cmake' to check CMake code style
[4.746s] -- Added test 'pep257' to check Python code against some of the docstring style conventions in PEP 257
[4.749s] -- Added test 'uncrustify' to check C / C++ code style
[4.749s] -- Configured uncrustify additional arguments: 
[4.750s] -- Added test 'xmllint' to check XML markup files
[4.754s] -- Configuring done (4.7s)
[4.795s] -- Generating done (0.0s)
[4.809s] -- Build files have been written to: /home/asurite.ad.asu.edu/troisin/Documents/bimanual_mocap/bimanual_ws/build/bimanualrobot_gazebo
[4.840s] Invoked command in '/home/asurite.ad.asu.edu/troisin/Documents/bimanual_mocap/bimanual_ws/build/bimanualrobot_gazebo' returned '0': CMAKE_PREFIX_PATH=${CMAKE_PREFIX_PATH}:/opt/ros/jazzy DEBUGINFOD_URLS=https://debuginfod.ubuntu.com /usr/bin/cmake /home/asurite.ad.asu.edu/troisin/Documents/bimanual_mocap/bimanual_ws/src/bimanualrobot_ros2/bimanualrobot_gazebo -DCMAKE_BUILD_TYPE=Release -DCMAKE_INSTALL_PREFIX=/home/asurite.ad.asu.edu/troisin/Documents/bimanual_mocap/bimanual_ws/install/bimanualrobot_gazebo
[4.843s] Invoking command in '/home/asurite.ad.asu.edu/troisin/Documents/bimanual_mocap/bimanual_ws/build/bimanualrobot_gazebo': CMAKE_PREFIX_PATH=${CMAKE_PREFIX_PATH}:/opt/ros/jazzy DEBUGINFOD_URLS=https://debuginfod.ubuntu.com /usr/bin/cmake --build /home/asurite.ad.asu.edu/troisin/Documents/bimanual_mocap/bimanual_ws/build/bimanualrobot_gazebo -- -j20 -l20
[5.004s] [ 50%] [32mBuilding CXX object CMakeFiles/ball_leash_plugin.dir/src/ball_leash_plugin.cc.o[0m
[15.698s] [100%] [32m[1mLinking CXX shared library libball_leash_plugin.so[0m
[16.005s] [100%] Built target ball_leash_plugin
[16.032s] Invoked command in '/home/asurite.ad.asu.edu/troisin/Documents/bimanual_mocap/bimanual_ws/build/bimanualrobot_gazebo' returned '0': CMAKE_PREFIX_PATH=${CMAKE_PREFIX_PATH}:/opt/ros/jazzy DEBUGINFOD_URLS=https://debuginfod.ubuntu.com /usr/bin/cmake --build /home/asurite.ad.asu.edu/troisin/Documents/bimanual_mocap/bimanual_ws/build/bimanualrobot_gazebo -- -j20 -l20
[16.055s] Invoking command in '/home/asurite.ad.asu.edu/troisin/Documents/bimanual_mocap/bimanual_ws/build/bimanualrobot_gazebo': CMAKE_PREFIX_PATH=${CMAKE_PREFIX_PATH}:/opt/ros/jazzy DEBUGINFOD_URLS=https://debuginfod.ubuntu.com /usr/bin/cmake --install /home/asurite.ad.asu.edu/troisin/Documents/bimanual_mocap/bimanual_ws/build/bimanualrobot_gazebo
[16.072s] -- Install configuration: "Release"
[16.073s] -- Execute custom install script
[16.074s] -- Up-to-date symlink: /home/asurite.ad.asu.edu/troisin/Documents/bimanual_mocap/bimanual_ws/install/bimanualrobot_gazebo/lib/libball_leash_plugin.so
[16.075s] -- Up-to-date symlink: /home/asurite.ad.asu.edu/troisin/Documents/bimanual_mocap/bimanual_ws/install/bimanualrobot_gazebo/share/bimanualrobot_gazebo//config/ros_gz_bridge.yaml
[16.075s] -- Up-to-date symlink: /home/asurite.ad.asu.edu/troisin/Documents/bimanual_mocap/bimanual_ws/install/bimanualrobot_gazebo/share/bimanualrobot_gazebo//launch/bimanualrobot.gazebo.launch.py
[16.076s] -- Up-to-date symlink: /home/asurite.ad.asu.edu/troisin/Documents/bimanual_mocap/bimanual_ws/install/bimanualrobot_gazebo/share/bimanualrobot_gazebo//models/drum_cylinder/model.config
[16.076s] -- Up-to-date symlink: /home/asurite.ad.asu.edu/troisin/Documents/bimanual_mocap/bimanual_ws/install/bimanualrobot_gazebo/share/bimanualrobot_gazebo//models/drum_cylinder/model.sdf
[16.077s] -- Up-to-date symlink: /home/asurite.ad.asu.edu/troisin/Documents/bimanual_mocap/bimanual_ws/install/bimanualrobot_gazebo/share/bimanualrobot_gazebo//worlds/empty.world
[16.077s] -- Up-to-date symlink: /home/asurite.ad.asu.edu/troisin/Documents/bimanual_mocap/bimanual_ws/install/bimanualrobot_gazebo/share/bimanualrobot_gazebo//scripts/spawn_drum.py
[16.078s] -- Up-to-date symlink: /home/asurite.ad.asu.edu/troisin/Documents/bimanual_mocap/bimanual_ws/install/bimanualrobot_gazebo/lib/bimanualrobot_gazebo//spawn_drum.py
[16.078s] -- Up-to-date symlink: /home/asurite.ad.asu.edu/troisin/Documents/bimanual_mocap/bimanual_ws/install/bimanualrobot_gazebo/share/ament_index/resource_index/package_run_dependencies/bimanualrobot_gazebo
[16.078s] -- Up-to-date symlink: /home/asurite.ad.asu.edu/troisin/Documents/bimanual_mocap/bimanual_ws/install/bimanualrobot_gazebo/share/ament_index/resource_index/parent_prefix_path/bimanualrobot_gazebo
[16.079s] -- Up-to-date symlink: /home/asurite.ad.asu.edu/troisin/Documents/bimanual_mocap/bimanual_ws/install/bimanualrobot_gazebo/share/bimanualrobot_gazebo/environment/ament_prefix_path.sh
[16.079s] -- Up-to-date symlink: /home/asurite.ad.asu.edu/troisin/Documents/bimanual_mocap/bimanual_ws/install/bimanualrobot_gazebo/share/bimanualrobot_gazebo/environment/ament_prefix_path.dsv
[16.080s] -- Up-to-date symlink: /home/asurite.ad.asu.edu/troisin/Documents/bimanual_mocap/bimanual_ws/install/bimanualrobot_gazebo/share/bimanualrobot_gazebo/environment/path.sh
[16.080s] -- Up-to-date symlink: /home/asurite.ad.asu.edu/troisin/Documents/bimanual_mocap/bimanual_ws/install/bimanualrobot_gazebo/share/bimanualrobot_gazebo/environment/path.dsv
[16.081s] -- Up-to-date symlink: /home/asurite.ad.asu.edu/troisin/Documents/bimanual_mocap/bimanual_ws/install/bimanualrobot_gazebo/share/bimanualrobot_gazebo/local_setup.bash
[16.081s] -- Up-to-date symlink: /home/asurite.ad.asu.edu/troisin/Documents/bimanual_mocap/bimanual_ws/install/bimanualrobot_gazebo/share/bimanualrobot_gazebo/local_setup.sh
[16.081s] -- Up-to-date symlink: /home/asurite.ad.asu.edu/troisin/Documents/bimanual_mocap/bimanual_ws/install/bimanualrobot_gazebo/share/bimanualrobot_gazebo/local_setup.zsh
[16.082s] -- Up-to-date symlink: /home/asurite.ad.asu.edu/troisin/Documents/bimanual_mocap/bimanual_ws/install/bimanualrobot_gazebo/share/bimanualrobot_gazebo/local_setup.dsv
[16.082s] -- Symlinking: /home/asurite.ad.asu.edu/troisin/Documents/bimanual_mocap/bimanual_ws/install/bimanualrobot_gazebo/share/bimanualrobot_gazebo/package.dsv
[16.105s] -- Up-to-date symlink: /home/asurite.ad.asu.edu/troisin/Documents/bimanual_mocap/bimanual_ws/install/bimanualrobot_gazebo/share/ament_index/resource_index/packages/bimanualrobot_gazebo
[16.106s] -- Up-to-date symlink: /home/asurite.ad.asu.edu/troisin/Documents/bimanual_mocap/bimanual_ws/install/bimanualrobot_gazebo/share/bimanualrobot_gazebo/cmake/bimanualrobot_gazeboConfig.cmake
[16.106s] -- Up-to-date symlink: /home/asurite.ad.asu.edu/troisin/Documents/bimanual_mocap/bimanual_ws/install/bimanualrobot_gazebo/share/bimanualrobot_gazebo/cmake/bimanualrobot_gazeboConfig-version.cmake
[16.107s] -- Up-to-date symlink: /home/asurite.ad.asu.edu/troisin/Documents/bimanual_mocap/bimanual_ws/install/bimanualrobot_gazebo/share/bimanualrobot_gazebo/package.xml
[16.111s] Invoked command in '/home/asurite.ad.asu.edu/troisin/Documents/bimanual_mocap/bimanual_ws/build/bimanualrobot_gazebo' returned '0': CMAKE_PREFIX_PATH=${CMAKE_PREFIX_PATH}:/opt/ros/jazzy DEBUGINFOD_URLS=https://debuginfod.ubuntu.com /usr/bin/cmake --install /home/asurite.ad.asu.edu/troisin/Documents/bimanual_mocap/bimanual_ws/build/bimanualrobot_gazebo
