[0.062s] Invoking command in '/home/asurite.ad.asu.edu/troisin/Documents/bimanual_mocap/bimanual_ws/build/dynamixel_sdk_custom_interfaces': CMAKE_PREFIX_PATH=${CMAKE_PREFIX_PATH}:/opt/ros/jazzy DEBUGINFOD_URLS=https://debuginfod.ubuntu.com /usr/bin/cmake --build /home/asurite.ad.asu.edu/troisin/Documents/bimanual_mocap/bimanual_ws/build/dynamixel_sdk_custom_interfaces -- -j20 -l20
[0.209s] [  2%] Built target dynamixel_sdk_custom_interfaces__rosidl_generator_type_description
[0.254s] [  2%] Built target ament_cmake_python_symlink_dynamixel_sdk_custom_interfaces
[0.271s] [  4%] Built target dynamixel_sdk_custom_interfaces__cpp
[0.272s] [ 22%] Built target dynamixel_sdk_custom_interfaces__rosidl_generator_c
[0.308s] [ 36%] Built target dynamixel_sdk_custom_interfaces__rosidl_typesupport_introspection_c
[0.310s] [ 40%] Built target dynamixel_sdk_custom_interfaces__rosidl_typesupport_fastrtps_c
[0.310s] [ 50%] Built target dynamixel_sdk_custom_interfaces__rosidl_typesupport_cpp
[0.321s] [ 65%] Built target dynamixel_sdk_custom_interfaces__rosidl_typesupport_c
[0.321s] [ 68%] Built target dynamixel_sdk_custom_interfaces__rosidl_typesupport_fastrtps_cpp
[0.330s] [ 77%] Built target dynamixel_sdk_custom_interfaces__rosidl_typesupport_introspection_cpp
[0.372s] [ 77%] Built target dynamixel_sdk_custom_interfaces
[0.416s] [ 79%] Built target dynamixel_sdk_custom_interfaces__py
[0.471s] [ 86%] Built target dynamixel_sdk_custom_interfaces__rosidl_generator_py
[0.518s] [ 90%] Built target dynamixel_sdk_custom_interfaces_s__rosidl_typesupport_introspection_c
[0.519s] [ 95%] Built target dynamixel_sdk_custom_interfaces_s__rosidl_typesupport_fastrtps_c
[0.520s] [100%] Built target dynamixel_sdk_custom_interfaces_s__rosidl_typesupport_c
[0.699s] running egg_info
[0.748s] writing dynamixel_sdk_custom_interfaces.egg-info/PKG-INFO
[0.748s] writing dependency_links to dynamixel_sdk_custom_interfaces.egg-info/dependency_links.txt
[0.749s] writing top-level names to dynamixel_sdk_custom_interfaces.egg-info/top_level.txt
[0.893s] reading manifest file 'dynamixel_sdk_custom_interfaces.egg-info/SOURCES.txt'
[0.895s] writing manifest file 'dynamixel_sdk_custom_interfaces.egg-info/SOURCES.txt'
[0.939s] [100%] Built target ament_cmake_python_build_dynamixel_sdk_custom_interfaces_egg
