[  1%] Built target dynamixel_interfaces__rosidl_generator_type_description
[  1%] Built target ament_cmake_python_symlink_dynamixel_interfaces
[  3%] Built target dynamixel_interfaces__cpp
[ 25%] Built target dynamixel_interfaces__rosidl_generator_c
[ 34%] Built target dynamixel_interfaces__rosidl_typesupport_fastrtps_cpp
[ 43%] Built target dynamixel_interfaces__rosidl_typesupport_c
[ 57%] Built target dynamixel_interfaces__rosidl_typesupport_introspection_c
[ 62%] Built target dynamixel_interfaces__rosidl_typesupport_fastrtps_c
[ 71%] Built target dynamixel_interfaces__rosidl_typesupport_introspection_cpp
[ 81%] Built target dynamixel_interfaces__rosidl_typesupport_cpp
[ 81%] Built target dynamixel_interfaces
[ 82%] Built target dynamixel_interfaces__py
[ 90%] Built target dynamixel_interfaces__rosidl_generator_py
[ 96%] Built target dynamixel_interfaces_s__rosidl_typesupport_fastrtps_c
[ 96%] Built target dynamixel_interfaces_s__rosidl_typesupport_introspection_c
[100%] Built target dynamixel_interfaces_s__rosidl_typesupport_c
running egg_info
writing dynamixel_interfaces.egg-info/PKG-INFO
writing dependency_links to dynamixel_interfaces.egg-info/dependency_links.txt
writing top-level names to dynamixel_interfaces.egg-info/top_level.txt
reading manifest file 'dynamixel_interfaces.egg-info/SOURCES.txt'
writing manifest file 'dynamixel_interfaces.egg-info/SOURCES.txt'
[100%] Built target ament_cmake_python_build_dynamixel_interfaces_egg
