[0.063s] Invoking command in '/home/asurite.ad.asu.edu/troisin/Documents/bimanual_mocap/bimanual_ws/build/dynamixel_interfaces': CMAKE_PREFIX_PATH=${CMAKE_PREFIX_PATH}:/opt/ros/jazzy DEBUGINFOD_URLS=https://debuginfod.ubuntu.com /usr/bin/cmake --build /home/asurite.ad.asu.edu/troisin/Documents/bimanual_mocap/bimanual_ws/build/dynamixel_interfaces -- -j20 -l20
[0.164s] [  1%] Built target dynamixel_interfaces__rosidl_generator_type_description
[0.183s] [  1%] Built target ament_cmake_python_symlink_dynamixel_interfaces
[0.285s] [  3%] Built target dynamixel_interfaces__cpp
[0.287s] [ 25%] Built target dynamixel_interfaces__rosidl_generator_c
[0.307s] [ 34%] Built target dynamixel_interfaces__rosidl_typesupport_fastrtps_cpp
[0.308s] [ 43%] Built target dynamixel_interfaces__rosidl_typesupport_c
[0.313s] [ 57%] Built target dynamixel_interfaces__rosidl_typesupport_introspection_c
[0.313s] [ 62%] Built target dynamixel_interfaces__rosidl_typesupport_fastrtps_c
[0.315s] [ 71%] Built target dynamixel_interfaces__rosidl_typesupport_introspection_cpp
[0.322s] [ 81%] Built target dynamixel_interfaces__rosidl_typesupport_cpp
[0.376s] [ 81%] Built target dynamixel_interfaces
[0.422s] [ 82%] Built target dynamixel_interfaces__py
[0.469s] [ 90%] Built target dynamixel_interfaces__rosidl_generator_py
[0.518s] [ 96%] Built target dynamixel_interfaces_s__rosidl_typesupport_fastrtps_c
[0.518s] [ 96%] Built target dynamixel_interfaces_s__rosidl_typesupport_introspection_c
[0.519s] [100%] Built target dynamixel_interfaces_s__rosidl_typesupport_c
[0.715s] running egg_info
[0.767s] writing dynamixel_interfaces.egg-info/PKG-INFO
[0.767s] writing dependency_links to dynamixel_interfaces.egg-info/dependency_links.txt
[0.767s] writing top-level names to dynamixel_interfaces.egg-info/top_level.txt
[0.920s] reading manifest file 'dynamixel_interfaces.egg-info/SOURCES.txt'
[0.921s] writing manifest file 'dynamixel_interfaces.egg-info/SOURCES.txt'
[0.968s] [100%] Built target ament_cmake_python_build_dynamixel_interfaces_egg
