[0.075s] Invoking command in '/home/asurite.ad.asu.edu/troisin/Documents/bimanual_mocap/bimanual_ws/build/bimanualrobot_moveit_config': CMAKE_PREFIX_PATH=${CMAKE_PREFIX_PATH}:/opt/ros/jazzy DEBUGINFOD_URLS=https://debuginfod.ubuntu.com /usr/bin/cmake --build /home/asurite.ad.asu.edu/troisin/Documents/bimanual_mocap/bimanual_ws/build/bimanualrobot_moveit_config -- -j20 -l20
[0.194s] Invoked command in '/home/asurite.ad.asu.edu/troisin/Documents/bimanual_mocap/bimanual_ws/build/bimanualrobot_moveit_config' returned '0': CMAKE_PREFIX_PATH=${CMAKE_PREFIX_PATH}:/opt/ros/jazzy DEBUGINFOD_URLS=https://debuginfod.ubuntu.com /usr/bin/cmake --build /home/asurite.ad.asu.edu/troisin/Documents/bimanual_mocap/bimanual_ws/build/bimanualrobot_moveit_config -- -j20 -l20
[0.208s] Invoking command in '/home/asurite.ad.asu.edu/troisin/Documents/bimanual_mocap/bimanual_ws/build/bimanualrobot_moveit_config': CMAKE_PREFIX_PATH=${CMAKE_PREFIX_PATH}:/opt/ros/jazzy DEBUGINFOD_URLS=https://debuginfod.ubuntu.com /usr/bin/cmake --install /home/asurite.ad.asu.edu/troisin/Documents/bimanual_mocap/bimanual_ws/build/bimanualrobot_moveit_config
[0.269s] -- Install configuration: ""
[0.274s] -- Execute custom install script
[0.275s] -- Up-to-date symlink: /home/asurite.ad.asu.edu/troisin/Documents/bimanual_mocap/bimanual_ws/install/bimanualrobot_moveit_config/share/bimanualrobot_moveit_config/config/bimanualrobot/bimanualrobot.srdf
[0.279s] -- Up-to-date symlink: /home/asurite.ad.asu.edu/troisin/Documents/bimanual_mocap/bimanual_ws/install/bimanualrobot_moveit_config/share/bimanualrobot_moveit_config/config/bimanualrobot/gz_pid.yaml
[0.280s] -- Up-to-date symlink: /home/asurite.ad.asu.edu/troisin/Documents/bimanual_mocap/bimanual_ws/install/bimanualrobot_moveit_config/share/bimanualrobot_moveit_config/config/bimanualrobot/initial_positions.yaml
[0.280s] -- Up-to-date symlink: /home/asurite.ad.asu.edu/troisin/Documents/bimanual_mocap/bimanual_ws/install/bimanualrobot_moveit_config/share/bimanualrobot_moveit_config/config/bimanualrobot/joint_limits.yaml
[0.280s] -- Up-to-date symlink: /home/asurite.ad.asu.edu/troisin/Documents/bimanual_mocap/bimanual_ws/install/bimanualrobot_moveit_config/share/bimanualrobot_moveit_config/config/bimanualrobot/kinematics.yaml
[0.282s] -- Up-to-date symlink: /home/asurite.ad.asu.edu/troisin/Documents/bimanual_mocap/bimanual_ws/install/bimanualrobot_moveit_config/share/bimanualrobot_moveit_config/config/bimanualrobot/moveit_controllers.yaml
[0.286s] -- Up-to-date symlink: /home/asurite.ad.asu.edu/troisin/Documents/bimanual_mocap/bimanual_ws/install/bimanualrobot_moveit_config/share/bimanualrobot_moveit_config/config/bimanualrobot/pilz_cartesian_limits.yaml
[0.286s] -- Up-to-date symlink: /home/asurite.ad.asu.edu/troisin/Documents/bimanual_mocap/bimanual_ws/install/bimanualrobot_moveit_config/share/bimanualrobot_moveit_config/config/bimanualrobot/ros2_controllers.yaml
[0.286s] -- Up-to-date symlink: /home/asurite.ad.asu.edu/troisin/Documents/bimanual_mocap/bimanual_ws/install/bimanualrobot_moveit_config/share/bimanualrobot_moveit_config/config/bimanualrobot/ros2_controllers_template.yaml
[0.287s] -- Up-to-date symlink: /home/asurite.ad.asu.edu/troisin/Documents/bimanual_mocap/bimanual_ws/install/bimanualrobot_moveit_config/share/bimanualrobot_moveit_config/config/bimanualrobot/servo_params.yaml
[0.291s] -- Up-to-date symlink: /home/asurite.ad.asu.edu/troisin/Documents/bimanual_mocap/bimanual_ws/install/bimanualrobot_moveit_config/share/bimanualrobot_moveit_config/config/ompl_planning.yaml
[0.294s] -- Up-to-date symlink: /home/asurite.ad.asu.edu/troisin/Documents/bimanual_mocap/bimanual_ws/install/bimanualrobot_moveit_config/share/bimanualrobot_moveit_config/config/pilz_industrial_motion_planner_planning.yaml
[0.296s] -- Up-to-date symlink: /home/asurite.ad.asu.edu/troisin/Documents/bimanual_mocap/bimanual_ws/install/bimanualrobot_moveit_config/share/bimanualrobot_moveit_config/config/stomp_planning.yaml
[0.299s] -- Up-to-date symlink: /home/asurite.ad.asu.edu/troisin/Documents/bimanual_mocap/bimanual_ws/install/bimanualrobot_moveit_config/share/bimanualrobot_moveit_config/launch/bringup_with_servo.launch.py
[0.300s] -- Up-to-date symlink: /home/asurite.ad.asu.edu/troisin/Documents/bimanual_mocap/bimanual_ws/install/bimanualrobot_moveit_config/share/bimanualrobot_moveit_config/launch/load_ros2_controllers.launch.py
[0.301s] -- Up-to-date symlink: /home/asurite.ad.asu.edu/troisin/Documents/bimanual_mocap/bimanual_ws/install/bimanualrobot_moveit_config/share/bimanualrobot_moveit_config/launch/move_group.launch.py
[0.301s] -- Up-to-date symlink: /home/asurite.ad.asu.edu/troisin/Documents/bimanual_mocap/bimanual_ws/install/bimanualrobot_moveit_config/share/bimanualrobot_moveit_config/rviz/move_group.rviz
[0.307s] -- Up-to-date symlink: /home/asurite.ad.asu.edu/troisin/Documents/bimanual_mocap/bimanual_ws/install/bimanualrobot_moveit_config/share/bimanualrobot_moveit_config/.setup_assistant
[0.309s] -- Up-to-date symlink: /home/asurite.ad.asu.edu/troisin/Documents/bimanual_mocap/bimanual_ws/install/bimanualrobot_moveit_config/share/ament_index/resource_index/package_run_dependencies/bimanualrobot_moveit_config
[0.311s] -- Up-to-date symlink: /home/asurite.ad.asu.edu/troisin/Documents/bimanual_mocap/bimanual_ws/install/bimanualrobot_moveit_config/share/ament_index/resource_index/parent_prefix_path/bimanualrobot_moveit_config
[0.312s] -- Up-to-date symlink: /home/asurite.ad.asu.edu/troisin/Documents/bimanual_mocap/bimanual_ws/install/bimanualrobot_moveit_config/share/bimanualrobot_moveit_config/environment/ament_prefix_path.sh
[0.313s] -- Up-to-date symlink: /home/asurite.ad.asu.edu/troisin/Documents/bimanual_mocap/bimanual_ws/install/bimanualrobot_moveit_config/share/bimanualrobot_moveit_config/environment/ament_prefix_path.dsv
[0.313s] -- Up-to-date symlink: /home/asurite.ad.asu.edu/troisin/Documents/bimanual_mocap/bimanual_ws/install/bimanualrobot_moveit_config/share/bimanualrobot_moveit_config/environment/path.sh
[0.313s] -- Up-to-date symlink: /home/asurite.ad.asu.edu/troisin/Documents/bimanual_mocap/bimanual_ws/install/bimanualrobot_moveit_config/share/bimanualrobot_moveit_config/environment/path.dsv
[0.317s] -- Up-to-date symlink: /home/asurite.ad.asu.edu/troisin/Documents/bimanual_mocap/bimanual_ws/install/bimanualrobot_moveit_config/share/bimanualrobot_moveit_config/local_setup.bash
[0.317s] -- Up-to-date symlink: /home/asurite.ad.asu.edu/troisin/Documents/bimanual_mocap/bimanual_ws/install/bimanualrobot_moveit_config/share/bimanualrobot_moveit_config/local_setup.sh
[0.318s] -- Up-to-date symlink: /home/asurite.ad.asu.edu/troisin/Documents/bimanual_mocap/bimanual_ws/install/bimanualrobot_moveit_config/share/bimanualrobot_moveit_config/local_setup.zsh
[0.326s] -- Up-to-date symlink: /home/asurite.ad.asu.edu/troisin/Documents/bimanual_mocap/bimanual_ws/install/bimanualrobot_moveit_config/share/bimanualrobot_moveit_config/local_setup.dsv
[0.328s] -- Symlinking: /home/asurite.ad.asu.edu/troisin/Documents/bimanual_mocap/bimanual_ws/install/bimanualrobot_moveit_config/share/bimanualrobot_moveit_config/package.dsv
[0.364s] -- Up-to-date symlink: /home/asurite.ad.asu.edu/troisin/Documents/bimanual_mocap/bimanual_ws/install/bimanualrobot_moveit_config/share/ament_index/resource_index/packages/bimanualrobot_moveit_config
[0.365s] -- Up-to-date symlink: /home/asurite.ad.asu.edu/troisin/Documents/bimanual_mocap/bimanual_ws/install/bimanualrobot_moveit_config/share/bimanualrobot_moveit_config/cmake/bimanualrobot_moveit_configConfig.cmake
[0.366s] -- Up-to-date symlink: /home/asurite.ad.asu.edu/troisin/Documents/bimanual_mocap/bimanual_ws/install/bimanualrobot_moveit_config/share/bimanualrobot_moveit_config/cmake/bimanualrobot_moveit_configConfig-version.cmake
[0.368s] -- Up-to-date symlink: /home/asurite.ad.asu.edu/troisin/Documents/bimanual_mocap/bimanual_ws/install/bimanualrobot_moveit_config/share/bimanualrobot_moveit_config/package.xml
[0.418s] Invoked command in '/home/asurite.ad.asu.edu/troisin/Documents/bimanual_mocap/bimanual_ws/build/bimanualrobot_moveit_config' returned '0': CMAKE_PREFIX_PATH=${CMAKE_PREFIX_PATH}:/opt/ros/jazzy DEBUGINFOD_URLS=https://debuginfod.ubuntu.com /usr/bin/cmake --install /home/asurite.ad.asu.edu/troisin/Documents/bimanual_mocap/bimanual_ws/build/bimanualrobot_moveit_config
