[0.023s] Invoking command in '/home/thibaut/Documents/bimanual_mocap/build/bimanualrobot_moveit_config': CMAKE_PREFIX_PATH=${CMAKE_PREFIX_PATH}:/opt/ros/jazzy DEBUGINFOD_URLS=https://debuginfod.ubuntu.com /usr/bin/cmake /home/thibaut/Documents/bimanual_mocap/bimanual_ws/src/bimanualrobot_ros2/bimanualrobot_moveit_config -DAMENT_CMAKE_SYMLINK_INSTALL=1 -DCMAKE_INSTALL_PREFIX=/home/thibaut/Documents/bimanual_mocap/install/bimanualrobot_moveit_config
[0.856s] -- The C compiler identification is GNU 13.3.0
[1.014s] -- The CXX compiler identification is GNU 13.3.0
[1.029s] -- Detecting C compiler ABI info
[1.093s] -- Detecting C compiler ABI info - done
[1.098s] -- Check for working C compiler: /usr/bin/cc - skipped
[1.098s] -- Detecting C compile features
[1.099s] -- Detecting C compile features - done
[1.106s] -- Detecting CXX compiler ABI info
[1.173s] -- Detecting CXX compiler ABI info - done
[1.179s] -- Check for working CXX compiler: /usr/bin/c++ - skipped
[1.179s] -- Detecting CXX compile features
[1.179s] -- Detecting CXX compile features - done
[1.187s] -- Found ament_cmake: 2.5.4 (/opt/ros/jazzy/share/ament_cmake/cmake)
[1.300s] -- Found Python3: /usr/bin/python3 (found version "3.12.3") found components: Interpreter 
[1.346s] -- Override CMake install command with custom implementation using symlinks instead of copying resources
[1.383s] -- Found moveit_ros_planning_interface: 2.12.3 (/opt/ros/jazzy/share/moveit_ros_planning_interface/cmake)
[1.483s] -- Found Boost: /usr/lib/aarch64-linux-gnu/cmake/Boost-1.83.0/BoostConfig.cmake (found version "1.83.0") found components: date_time filesystem program_options system thread 
[1.519s] -- Found rosidl_generator_c: 4.6.6 (/opt/ros/jazzy/share/rosidl_generator_c/cmake)
[1.528s] -- Found rosidl_generator_cpp: 4.6.6 (/opt/ros/jazzy/share/rosidl_generator_cpp/cmake)
[1.539s] -- Using all available rosidl_typesupport_c: rosidl_typesupport_fastrtps_c;rosidl_typesupport_introspection_c
[1.551s] -- Using all available rosidl_typesupport_cpp: rosidl_typesupport_fastrtps_cpp;rosidl_typesupport_introspection_cpp
[2.102s] -- Found Boost: /usr/lib/aarch64-linux-gnu/cmake/Boost-1.83.0/BoostConfig.cmake (found version "1.83.0") found components: chrono date_time filesystem iostreams program_options regex serialization system thread 
[2.159s] -- Found parameter_traits: 0.5.0 (/opt/ros/jazzy/share/parameter_traits/cmake)
[2.190s] -- Found rmw_implementation_cmake: 7.3.2 (/opt/ros/jazzy/share/rmw_implementation_cmake/cmake)
[2.191s] -- Found rmw_fastrtps_cpp: 8.4.3 (/opt/ros/jazzy/share/rmw_fastrtps_cpp/cmake)
[2.264s] -- Found OpenSSL: /usr/lib/aarch64-linux-gnu/libcrypto.so (found version "3.0.13")  
[2.278s] -- Found FastRTPS: /opt/ros/jazzy/include (Required is at least version "2.13") 
[2.296s] -- Using RMW implementation 'rmw_fastrtps_cpp' as default
[2.345s] -- Found rclcpp_lifecycle: 28.1.11 (/opt/ros/jazzy/share/rclcpp_lifecycle/cmake)
[2.371s] -- Found Boost: /usr/lib/aarch64-linux-gnu/cmake/Boost-1.83.0/BoostConfig.cmake (found version "1.83.0") found components: filesystem 
[2.422s] -- Found Eigen3: TRUE (found version "3.4.0") 
[2.422s] -- Ensuring Eigen3 include directory is part of orocos-kdl CMake target
[2.533s] -- Found Boost: /usr/lib/aarch64-linux-gnu/cmake/Boost-1.83.0/BoostConfig.cmake (found version "1.83.0") found components: system filesystem date_time program_options thread chrono 
[2.564s] -- Found Boost: /usr/lib/aarch64-linux-gnu/cmake/Boost-1.83.0/BoostConfig.cmake (found version "1.83.0") found components: thread system filesystem regex date_time program_options 
[2.584s] -- Found Boost: /usr/lib/aarch64-linux-gnu/cmake/Boost-1.83.0/BoostConfig.cmake (found version "1.83.0") found components: system filesystem date_time program_options thread 
[2.614s] -- Found moveit_kinematics: 2.12.3 (/opt/ros/jazzy/share/moveit_kinematics/cmake)
[2.617s] -- Found Boost: /usr/lib/aarch64-linux-gnu/cmake/Boost-1.83.0/BoostConfig.cmake (found version "1.83.0") found components: program_options system 
[2.629s] -- Found moveit_planners_ompl: 2.12.3 (/opt/ros/jazzy/share/moveit_planners_ompl/cmake)
[2.643s] -- Found moveit_ros_visualization: 2.12.3 (/opt/ros/jazzy/share/moveit_ros_visualization/cmake)
[2.648s] -- Found Boost: /usr/lib/aarch64-linux-gnu/cmake/Boost-1.83.0/BoostConfig.cmake (found version "1.83.0") found components: thread date_time system filesystem 
[2.687s] -- Setting OGRE_DIR to: '/opt/ros/jazzy/share/rviz_ogre_vendor/cmake/../../../opt/rviz_ogre_vendor/lib/OGRE/cmake'
[2.689s] -- Found OGRE
[2.689s] --   static     : OFF
[2.689s] --   components : MeshLodGenerator;Overlay;Paging;Property;RTShaderSystem;Terrain;Volume
[2.689s] --   plugins    : Plugin_BSPSceneManager;Plugin_OctreeSceneManager;Plugin_PCZSceneManager;Plugin_ParticleFX;RenderSystem_GL;RenderSystem_GL3Plus;Codec_STBI
[2.689s] --   media      : /opt/ros/jazzy/opt/rviz_ogre_vendor/share/OGRE/Media
[2.690s] -- OGRE_LIBRARIES: OgreMeshLodGenerator;OgreOverlay;OgrePaging;OgreProperty;OgreRTShaderSystem;OgreTerrain;OgreVolume;OgreMain
[2.690s] -- OGRE_LIBRARY_DIRS: /opt/ros/jazzy/opt/rviz_ogre_vendor/lib
[2.690s] -- OGRE_PLUGINS: Plugin_BSPSceneManager;Plugin_OctreeSceneManager;Plugin_PCZSceneManager;Plugin_ParticleFX;RenderSystem_GL;RenderSystem_GL3Plus;Codec_STBI
[2.690s] -- OGRE_PLUGIN_DIR: /opt/ros/jazzy/opt/rviz_ogre_vendor/lib/OGRE
[2.690s] -- rviz_ogre_vendor::OgreOverlay for IMPORTED_LOCATION_RELEASE: /opt/ros/jazzy/opt/rviz_ogre_vendor/lib/libOgreOverlay.so
[2.690s] -- rviz_ogre_vendor::OgreOverlay for IMPORTED_LOCATION_DEBUG: /opt/ros/jazzy/opt/rviz_ogre_vendor/lib/libOgreOverlay.so
[2.690s] -- rviz_ogre_vendor::OgreMain for IMPORTED_LOCATION_RELEASE: /opt/ros/jazzy/opt/rviz_ogre_vendor/lib/libOgreMain.so
[2.690s] -- rviz_ogre_vendor::OgreMain for IMPORTED_LOCATION_DEBUG: /opt/ros/jazzy/opt/rviz_ogre_vendor/lib/libOgreMain.so
[2.710s] -- Found ZLIB: /usr/lib/aarch64-linux-gnu/libz.so (found version "1.3")  
[2.717s] -- Found OpenGL: /usr/lib/aarch64-linux-gnu/libOpenGL.so   
[2.802s] -- Found X11: /usr/include   
[2.803s] -- Looking for XOpenDisplay in /usr/lib/aarch64-linux-gnu/libX11.so;/usr/lib/aarch64-linux-gnu/libXext.so
[2.853s] -- Looking for XOpenDisplay in /usr/lib/aarch64-linux-gnu/libX11.so;/usr/lib/aarch64-linux-gnu/libXext.so - found
[2.854s] -- Looking for gethostbyname
[2.906s] -- Looking for gethostbyname - found
[2.906s] -- Looking for connect
[2.955s] -- Looking for connect - found
[2.955s] -- Looking for remove
[3.000s] -- Looking for remove - found
[3.000s] -- Looking for shmat
[3.050s] -- Looking for shmat - found
[3.050s] -- Looking for IceConnectionNumber in ICE
[3.093s] -- Looking for IceConnectionNumber in ICE - found
[3.132s] -- Setting yaml-cpp_DIR to: '/opt/ros/jazzy/share/yaml_cpp_vendor/cmake/../../../opt/yaml_cpp_vendor/share/cmake/yaml-cpp'
[3.135s] -- Found PkgConfig: /usr/bin/pkg-config (found version "1.8.1") 
[3.136s] -- Checking for module 'yaml-cpp'
[3.144s] --   Found yaml-cpp, version 0.8.0
[3.233s] -- Found rviz_visual_tools: 4.1.4 (/opt/ros/jazzy/share/rviz_visual_tools/cmake)
[3.246s] -- Found ament_lint_auto: 0.17.3 (/opt/ros/jazzy/share/ament_lint_auto/cmake)
[3.307s] -- Added test 'flake8' to check Python code syntax and style conventions
[3.307s] -- Configured 'flake8' exclude dirs and/or files: 
[3.308s] -- Added test 'lint_cmake' to check CMake code style
[3.308s] -- Added test 'pep257' to check Python code against some of the docstring style conventions in PEP 257
[3.309s] -- Added test 'xmllint' to check XML markup files
[3.310s] -- Configuring done (3.3s)
[3.315s] -- Generating done (0.0s)
[3.318s] -- Build files have been written to: /home/thibaut/Documents/bimanual_mocap/build/bimanualrobot_moveit_config
[3.330s] Invoked command in '/home/thibaut/Documents/bimanual_mocap/build/bimanualrobot_moveit_config' returned '0': CMAKE_PREFIX_PATH=${CMAKE_PREFIX_PATH}:/opt/ros/jazzy DEBUGINFOD_URLS=https://debuginfod.ubuntu.com /usr/bin/cmake /home/thibaut/Documents/bimanual_mocap/bimanual_ws/src/bimanualrobot_ros2/bimanualrobot_moveit_config -DAMENT_CMAKE_SYMLINK_INSTALL=1 -DCMAKE_INSTALL_PREFIX=/home/thibaut/Documents/bimanual_mocap/install/bimanualrobot_moveit_config
[3.331s] Invoking command in '/home/thibaut/Documents/bimanual_mocap/build/bimanualrobot_moveit_config': CMAKE_PREFIX_PATH=${CMAKE_PREFIX_PATH}:/opt/ros/jazzy DEBUGINFOD_URLS=https://debuginfod.ubuntu.com /usr/bin/cmake --build /home/thibaut/Documents/bimanual_mocap/build/bimanualrobot_moveit_config -- -j6 -l6
[3.356s] Invoked command in '/home/thibaut/Documents/bimanual_mocap/build/bimanualrobot_moveit_config' returned '0': CMAKE_PREFIX_PATH=${CMAKE_PREFIX_PATH}:/opt/ros/jazzy DEBUGINFOD_URLS=https://debuginfod.ubuntu.com /usr/bin/cmake --build /home/thibaut/Documents/bimanual_mocap/build/bimanualrobot_moveit_config -- -j6 -l6
[3.356s] Invoking command in '/home/thibaut/Documents/bimanual_mocap/build/bimanualrobot_moveit_config': CMAKE_PREFIX_PATH=${CMAKE_PREFIX_PATH}:/opt/ros/jazzy DEBUGINFOD_URLS=https://debuginfod.ubuntu.com /usr/bin/cmake --install /home/thibaut/Documents/bimanual_mocap/build/bimanualrobot_moveit_config
[3.490s] -- Install configuration: ""
[3.490s] -- Execute custom install script
[3.490s] -- Symlinking: /home/thibaut/Documents/bimanual_mocap/install/bimanualrobot_moveit_config/share/bimanualrobot_moveit_config/config/bimanualrobot/bimanualrobot.srdf
[3.490s] -- Symlinking: /home/thibaut/Documents/bimanual_mocap/install/bimanualrobot_moveit_config/share/bimanualrobot_moveit_config/config/bimanualrobot/gz_pid.yaml
[3.490s] -- Symlinking: /home/thibaut/Documents/bimanual_mocap/install/bimanualrobot_moveit_config/share/bimanualrobot_moveit_config/config/bimanualrobot/initial_positions.yaml
[3.490s] -- Symlinking: /home/thibaut/Documents/bimanual_mocap/install/bimanualrobot_moveit_config/share/bimanualrobot_moveit_config/config/bimanualrobot/joint_limits.yaml
[3.490s] -- Symlinking: /home/thibaut/Documents/bimanual_mocap/install/bimanualrobot_moveit_config/share/bimanualrobot_moveit_config/config/bimanualrobot/kinematics.yaml
[3.490s] -- Symlinking: /home/thibaut/Documents/bimanual_mocap/install/bimanualrobot_moveit_config/share/bimanualrobot_moveit_config/config/bimanualrobot/moveit_controllers.yaml
[3.490s] -- Symlinking: /home/thibaut/Documents/bimanual_mocap/install/bimanualrobot_moveit_config/share/bimanualrobot_moveit_config/config/bimanualrobot/pilz_cartesian_limits.yaml
[3.490s] -- Symlinking: /home/thibaut/Documents/bimanual_mocap/install/bimanualrobot_moveit_config/share/bimanualrobot_moveit_config/config/bimanualrobot/ros2_controllers.yaml
[3.490s] -- Symlinking: /home/thibaut/Documents/bimanual_mocap/install/bimanualrobot_moveit_config/share/bimanualrobot_moveit_config/config/bimanualrobot/ros2_controllers_template.yaml
[3.490s] -- Symlinking: /home/thibaut/Documents/bimanual_mocap/install/bimanualrobot_moveit_config/share/bimanualrobot_moveit_config/config/bimanualrobot/servo_params.yaml
[3.490s] -- Symlinking: /home/thibaut/Documents/bimanual_mocap/install/bimanualrobot_moveit_config/share/bimanualrobot_moveit_config/config/ompl_planning.yaml
[3.490s] -- Symlinking: /home/thibaut/Documents/bimanual_mocap/install/bimanualrobot_moveit_config/share/bimanualrobot_moveit_config/config/pilz_industrial_motion_planner_planning.yaml
[3.490s] -- Symlinking: /home/thibaut/Documents/bimanual_mocap/install/bimanualrobot_moveit_config/share/bimanualrobot_moveit_config/config/stomp_planning.yaml
[3.490s] -- Symlinking: /home/thibaut/Documents/bimanual_mocap/install/bimanualrobot_moveit_config/share/bimanualrobot_moveit_config/launch/bringup_with_servo.launch.py
[3.490s] -- Symlinking: /home/thibaut/Documents/bimanual_mocap/install/bimanualrobot_moveit_config/share/bimanualrobot_moveit_config/launch/load_ros2_controllers.launch.py
[3.490s] -- Symlinking: /home/thibaut/Documents/bimanual_mocap/install/bimanualrobot_moveit_config/share/bimanualrobot_moveit_config/launch/move_group.launch.py
[3.490s] -- Symlinking: /home/thibaut/Documents/bimanual_mocap/install/bimanualrobot_moveit_config/share/bimanualrobot_moveit_config/rviz/move_group.rviz
[3.490s] -- Symlinking: /home/thibaut/Documents/bimanual_mocap/install/bimanualrobot_moveit_config/share/bimanualrobot_moveit_config/.setup_assistant
[3.491s] -- Symlinking: /home/thibaut/Documents/bimanual_mocap/install/bimanualrobot_moveit_config/share/ament_index/resource_index/package_run_dependencies/bimanualrobot_moveit_config
[3.491s] -- Symlinking: /home/thibaut/Documents/bimanual_mocap/install/bimanualrobot_moveit_config/share/ament_index/resource_index/parent_prefix_path/bimanualrobot_moveit_config
[3.491s] -- Symlinking: /home/thibaut/Documents/bimanual_mocap/install/bimanualrobot_moveit_config/share/bimanualrobot_moveit_config/environment/ament_prefix_path.sh
[3.491s] -- Symlinking: /home/thibaut/Documents/bimanual_mocap/install/bimanualrobot_moveit_config/share/bimanualrobot_moveit_config/environment/ament_prefix_path.dsv
[3.491s] -- Symlinking: /home/thibaut/Documents/bimanual_mocap/install/bimanualrobot_moveit_config/share/bimanualrobot_moveit_config/environment/path.sh
[3.491s] -- Symlinking: /home/thibaut/Documents/bimanual_mocap/install/bimanualrobot_moveit_config/share/bimanualrobot_moveit_config/environment/path.dsv
[3.491s] -- Symlinking: /home/thibaut/Documents/bimanual_mocap/install/bimanualrobot_moveit_config/share/bimanualrobot_moveit_config/local_setup.bash
[3.491s] -- Symlinking: /home/thibaut/Documents/bimanual_mocap/install/bimanualrobot_moveit_config/share/bimanualrobot_moveit_config/local_setup.sh
[3.493s] -- Symlinking: /home/thibaut/Documents/bimanual_mocap/install/bimanualrobot_moveit_config/share/bimanualrobot_moveit_config/local_setup.zsh
[3.498s] -- Symlinking: /home/thibaut/Documents/bimanual_mocap/install/bimanualrobot_moveit_config/share/bimanualrobot_moveit_config/local_setup.dsv
[3.506s] -- Symlinking: /home/thibaut/Documents/bimanual_mocap/install/bimanualrobot_moveit_config/share/bimanualrobot_moveit_config/package.dsv
[3.518s] -- Symlinking: /home/thibaut/Documents/bimanual_mocap/install/bimanualrobot_moveit_config/share/ament_index/resource_index/packages/bimanualrobot_moveit_config
[3.524s] -- Symlinking: /home/thibaut/Documents/bimanual_mocap/install/bimanualrobot_moveit_config/share/bimanualrobot_moveit_config/cmake/bimanualrobot_moveit_configConfig.cmake
[3.532s] -- Symlinking: /home/thibaut/Documents/bimanual_mocap/install/bimanualrobot_moveit_config/share/bimanualrobot_moveit_config/cmake/bimanualrobot_moveit_configConfig-version.cmake
[3.546s] -- Symlinking: /home/thibaut/Documents/bimanual_mocap/install/bimanualrobot_moveit_config/share/bimanualrobot_moveit_config/package.xml
[3.554s] Invoked command in '/home/thibaut/Documents/bimanual_mocap/build/bimanualrobot_moveit_config' returned '0': CMAKE_PREFIX_PATH=${CMAKE_PREFIX_PATH}:/opt/ros/jazzy DEBUGINFOD_URLS=https://debuginfod.ubuntu.com /usr/bin/cmake --install /home/thibaut/Documents/bimanual_mocap/build/bimanualrobot_moveit_config
