[0.057s] Invoking command in '/home/asurite.ad.asu.edu/troisin/Documents/bimanual_mocap/bimanual_ws/build/dynamixel_sdk_custom_interfaces': CMAKE_PREFIX_PATH=${CMAKE_PREFIX_PATH}:/opt/ros/jazzy DEBUGINFOD_URLS=https://debuginfod.ubuntu.com /usr/bin/cmake --build /home/asurite.ad.asu.edu/troisin/Documents/bimanual_mocap/bimanual_ws/build/dynamixel_sdk_custom_interfaces -- -j20 -l20
[0.180s] [  2%] Built target dynamixel_sdk_custom_interfaces__rosidl_generator_type_description
[0.224s] [  2%] Built target ament_cmake_python_symlink_dynamixel_sdk_custom_interfaces
[0.278s] [  4%] Built target dynamixel_sdk_custom_interfaces__cpp
[0.279s] [ 22%] Built target dynamixel_sdk_custom_interfaces__rosidl_generator_c
[0.307s] [ 31%] Built target dynamixel_sdk_custom_interfaces__rosidl_typesupport_c
[0.319s] [ 40%] Built target dynamixel_sdk_custom_interfaces__rosidl_typesupport_fastrtps_cpp
[0.331s] [ 52%] Built target dynamixel_sdk_custom_interfaces__rosidl_typesupport_cpp
[0.332s] [ 59%] Built target dynamixel_sdk_custom_interfaces__rosidl_typesupport_introspection_cpp
[0.334s] [ 68%] Built target dynamixel_sdk_custom_interfaces__rosidl_typesupport_fastrtps_c
[0.338s] [ 77%] Built target dynamixel_sdk_custom_interfaces__rosidl_typesupport_introspection_c
[0.383s] [ 77%] Built target dynamixel_sdk_custom_interfaces
[0.425s] [ 79%] Built target dynamixel_sdk_custom_interfaces__py
[0.472s] [ 86%] Built target dynamixel_sdk_custom_interfaces__rosidl_generator_py
[0.529s] [ 90%] Built target dynamixel_sdk_custom_interfaces_s__rosidl_typesupport_c
[0.530s] [ 95%] Built target dynamixel_sdk_custom_interfaces_s__rosidl_typesupport_introspection_c
[0.533s] [100%] Built target dynamixel_sdk_custom_interfaces_s__rosidl_typesupport_fastrtps_c
[0.744s] running egg_info
[0.795s] writing dynamixel_sdk_custom_interfaces.egg-info/PKG-INFO
[0.796s] writing dependency_links to dynamixel_sdk_custom_interfaces.egg-info/dependency_links.txt
[0.796s] writing top-level names to dynamixel_sdk_custom_interfaces.egg-info/top_level.txt
[0.934s] reading manifest file 'dynamixel_sdk_custom_interfaces.egg-info/SOURCES.txt'
[0.936s] writing manifest file 'dynamixel_sdk_custom_interfaces.egg-info/SOURCES.txt'
[0.984s] [100%] Built target ament_cmake_python_build_dynamixel_sdk_custom_interfaces_egg
