[0.067s] Invoking command in '/home/asurite.ad.asu.edu/troisin/Documents/bimanual_mocap/bimanual_ws/build/dynamixel_sdk_custom_interfaces': CMAKE_PREFIX_PATH=${CMAKE_PREFIX_PATH}:/opt/ros/jazzy DEBUGINFOD_URLS=https://debuginfod.ubuntu.com /usr/bin/cmake --build /home/asurite.ad.asu.edu/troisin/Documents/bimanual_mocap/bimanual_ws/build/dynamixel_sdk_custom_interfaces -- -j20 -l20
[0.182s] [  2%] Built target dynamixel_sdk_custom_interfaces__rosidl_generator_type_description
[0.236s] [  2%] Built target ament_cmake_python_symlink_dynamixel_sdk_custom_interfaces
[0.248s] [  4%] Built target dynamixel_sdk_custom_interfaces__cpp
[0.263s] [ 22%] Built target dynamixel_sdk_custom_interfaces__rosidl_generator_c
[0.385s] [ 31%] Built target dynamixel_sdk_custom_interfaces__rosidl_typesupport_c
[0.390s] [ 40%] Built target dynamixel_sdk_custom_interfaces__rosidl_typesupport_introspection_cpp
[0.393s] [ 50%] Built target dynamixel_sdk_custom_interfaces__rosidl_typesupport_fastrtps_c
[0.400s] [ 59%] Built target dynamixel_sdk_custom_interfaces__rosidl_typesupport_cpp
[0.409s] [ 68%] Built target dynamixel_sdk_custom_interfaces__rosidl_typesupport_fastrtps_cpp
[0.416s] [ 77%] Built target dynamixel_sdk_custom_interfaces__rosidl_typesupport_introspection_c
[0.468s] [ 77%] Built target dynamixel_sdk_custom_interfaces
[0.519s] [ 79%] Built target dynamixel_sdk_custom_interfaces__py
[0.585s] [ 86%] Built target dynamixel_sdk_custom_interfaces__rosidl_generator_py
[0.657s] [ 90%] Built target dynamixel_sdk_custom_interfaces_s__rosidl_typesupport_fastrtps_c
[0.659s] [100%] Built target dynamixel_sdk_custom_interfaces_s__rosidl_typesupport_introspection_c
[0.660s] [100%] Built target dynamixel_sdk_custom_interfaces_s__rosidl_typesupport_c
[0.830s] running egg_info
[0.880s] writing dynamixel_sdk_custom_interfaces.egg-info/PKG-INFO
[0.880s] writing dependency_links to dynamixel_sdk_custom_interfaces.egg-info/dependency_links.txt
[0.881s] writing top-level names to dynamixel_sdk_custom_interfaces.egg-info/top_level.txt
[1.011s] reading manifest file 'dynamixel_sdk_custom_interfaces.egg-info/SOURCES.txt'
[1.012s] writing manifest file 'dynamixel_sdk_custom_interfaces.egg-info/SOURCES.txt'
[1.055s] [100%] Built target ament_cmake_python_build_dynamixel_sdk_custom_interfaces_egg
[1.083s] Invoked command in '/home/asurite.ad.asu.edu/troisin/Documents/bimanual_mocap/bimanual_ws/build/dynamixel_sdk_custom_interfaces' returned '0': CMAKE_PREFIX_PATH=${CMAKE_PREFIX_PATH}:/opt/ros/jazzy DEBUGINFOD_URLS=https://debuginfod.ubuntu.com /usr/bin/cmake --build /home/asurite.ad.asu.edu/troisin/Documents/bimanual_mocap/bimanual_ws/build/dynamixel_sdk_custom_interfaces -- -j20 -l20
[1.085s] Invoking command in '/home/asurite.ad.asu.edu/troisin/Documents/bimanual_mocap/bimanual_ws/build/dynamixel_sdk_custom_interfaces': CMAKE_PREFIX_PATH=${CMAKE_PREFIX_PATH}:/opt/ros/jazzy DEBUGINFOD_URLS=https://debuginfod.ubuntu.com /usr/bin/cmake --install /home/asurite.ad.asu.edu/troisin/Documents/bimanual_mocap/bimanual_ws/build/dynamixel_sdk_custom_interfaces
[1.099s] -- Install configuration: ""
[1.101s] -- Execute custom install script
[1.101s] -- Symlinking: /home/asurite.ad.asu.edu/troisin/Documents/bimanual_mocap/bimanual_ws/install/dynamixel_sdk_custom_interfaces/share/ament_index/resource_index/rosidl_interfaces/dynamixel_sdk_custom_interfaces
[1.120s] -- Symlinking: /home/asurite.ad.asu.edu/troisin/Documents/bimanual_mocap/bimanual_ws/install/dynamixel_sdk_custom_interfaces/share/dynamixel_sdk_custom_interfaces/msg/SetPosition.json
[1.137s] -- Symlinking: /home/asurite.ad.asu.edu/troisin/Documents/bimanual_mocap/bimanual_ws/install/dynamixel_sdk_custom_interfaces/share/dynamixel_sdk_custom_interfaces/srv/GetPosition.json
[1.154s] -- Symlinking: /home/asurite.ad.asu.edu/troisin/Documents/bimanual_mocap/bimanual_ws/install/dynamixel_sdk_custom_interfaces/include/dynamixel_sdk_custom_interfaces/dynamixel_sdk_custom_interfaces/msg/detail/set_position__functions.h
[1.170s] -- Symlinking: /home/asurite.ad.asu.edu/troisin/Documents/bimanual_mocap/bimanual_ws/install/dynamixel_sdk_custom_interfaces/include/dynamixel_sdk_custom_interfaces/dynamixel_sdk_custom_interfaces/msg/detail/set_position__struct.h
[1.189s] -- Symlinking: /home/asurite.ad.asu.edu/troisin/Documents/bimanual_mocap/bimanual_ws/install/dynamixel_sdk_custom_interfaces/include/dynamixel_sdk_custom_interfaces/dynamixel_sdk_custom_interfaces/msg/detail/set_position__type_support.h
[1.207s] -- Symlinking: /home/asurite.ad.asu.edu/troisin/Documents/bimanual_mocap/bimanual_ws/install/dynamixel_sdk_custom_interfaces/include/dynamixel_sdk_custom_interfaces/dynamixel_sdk_custom_interfaces/msg/rosidl_generator_c__visibility_control.h
[1.223s] -- Symlinking: /home/asurite.ad.asu.edu/troisin/Documents/bimanual_mocap/bimanual_ws/install/dynamixel_sdk_custom_interfaces/include/dynamixel_sdk_custom_interfaces/dynamixel_sdk_custom_interfaces/msg/set_position.h
[1.240s] -- Symlinking: /home/asurite.ad.asu.edu/troisin/Documents/bimanual_mocap/bimanual_ws/install/dynamixel_sdk_custom_interfaces/include/dynamixel_sdk_custom_interfaces/dynamixel_sdk_custom_interfaces/srv/detail/get_position__functions.h
[1.260s] -- Symlinking: /home/asurite.ad.asu.edu/troisin/Documents/bimanual_mocap/bimanual_ws/install/dynamixel_sdk_custom_interfaces/include/dynamixel_sdk_custom_interfaces/dynamixel_sdk_custom_interfaces/srv/detail/get_position__struct.h
[1.277s] -- Symlinking: /home/asurite.ad.asu.edu/troisin/Documents/bimanual_mocap/bimanual_ws/install/dynamixel_sdk_custom_interfaces/include/dynamixel_sdk_custom_interfaces/dynamixel_sdk_custom_interfaces/srv/detail/get_position__type_support.h
[1.297s] -- Symlinking: /home/asurite.ad.asu.edu/troisin/Documents/bimanual_mocap/bimanual_ws/install/dynamixel_sdk_custom_interfaces/include/dynamixel_sdk_custom_interfaces/dynamixel_sdk_custom_interfaces/srv/get_position.h
[1.314s] -- Symlinking: /home/asurite.ad.asu.edu/troisin/Documents/bimanual_mocap/bimanual_ws/install/dynamixel_sdk_custom_interfaces/share/dynamixel_sdk_custom_interfaces/environment/library_path.sh
[1.332s] -- Symlinking: /home/asurite.ad.asu.edu/troisin/Documents/bimanual_mocap/bimanual_ws/install/dynamixel_sdk_custom_interfaces/share/dynamixel_sdk_custom_interfaces/environment/library_path.dsv
[1.349s] -- Symlinking: /home/asurite.ad.asu.edu/troisin/Documents/bimanual_mocap/bimanual_ws/install/dynamixel_sdk_custom_interfaces/include/dynamixel_sdk_custom_interfaces/dynamixel_sdk_custom_interfaces/msg/detail/set_position__rosidl_typesupport_fastrtps_c.h
[1.365s] -- Symlinking: /home/asurite.ad.asu.edu/troisin/Documents/bimanual_mocap/bimanual_ws/install/dynamixel_sdk_custom_interfaces/include/dynamixel_sdk_custom_interfaces/dynamixel_sdk_custom_interfaces/msg/rosidl_typesupport_fastrtps_c__visibility_control.h
[1.384s] -- Symlinking: /home/asurite.ad.asu.edu/troisin/Documents/bimanual_mocap/bimanual_ws/install/dynamixel_sdk_custom_interfaces/include/dynamixel_sdk_custom_interfaces/dynamixel_sdk_custom_interfaces/srv/detail/get_position__rosidl_typesupport_fastrtps_c.h
[1.402s] -- Symlinking: /home/asurite.ad.asu.edu/troisin/Documents/bimanual_mocap/bimanual_ws/install/dynamixel_sdk_custom_interfaces/include/dynamixel_sdk_custom_interfaces/dynamixel_sdk_custom_interfaces/msg/detail/set_position__builder.hpp
[1.419s] -- Symlinking: /home/asurite.ad.asu.edu/troisin/Documents/bimanual_mocap/bimanual_ws/install/dynamixel_sdk_custom_interfaces/include/dynamixel_sdk_custom_interfaces/dynamixel_sdk_custom_interfaces/msg/detail/set_position__struct.hpp
[1.435s] -- Symlinking: /home/asurite.ad.asu.edu/troisin/Documents/bimanual_mocap/bimanual_ws/install/dynamixel_sdk_custom_interfaces/include/dynamixel_sdk_custom_interfaces/dynamixel_sdk_custom_interfaces/msg/detail/set_position__traits.hpp
[1.455s] -- Symlinking: /home/asurite.ad.asu.edu/troisin/Documents/bimanual_mocap/bimanual_ws/install/dynamixel_sdk_custom_interfaces/include/dynamixel_sdk_custom_interfaces/dynamixel_sdk_custom_interfaces/msg/detail/set_position__type_support.hpp
[1.471s] -- Symlinking: /home/asurite.ad.asu.edu/troisin/Documents/bimanual_mocap/bimanual_ws/install/dynamixel_sdk_custom_interfaces/include/dynamixel_sdk_custom_interfaces/dynamixel_sdk_custom_interfaces/msg/rosidl_generator_cpp__visibility_control.hpp
[1.490s] -- Symlinking: /home/asurite.ad.asu.edu/troisin/Documents/bimanual_mocap/bimanual_ws/install/dynamixel_sdk_custom_interfaces/include/dynamixel_sdk_custom_interfaces/dynamixel_sdk_custom_interfaces/msg/set_position.hpp
[1.507s] -- Symlinking: /home/asurite.ad.asu.edu/troisin/Documents/bimanual_mocap/bimanual_ws/install/dynamixel_sdk_custom_interfaces/include/dynamixel_sdk_custom_interfaces/dynamixel_sdk_custom_interfaces/srv/detail/get_position__builder.hpp
[1.524s] -- Symlinking: /home/asurite.ad.asu.edu/troisin/Documents/bimanual_mocap/bimanual_ws/install/dynamixel_sdk_custom_interfaces/include/dynamixel_sdk_custom_interfaces/dynamixel_sdk_custom_interfaces/srv/detail/get_position__struct.hpp
[1.542s] -- Symlinking: /home/asurite.ad.asu.edu/troisin/Documents/bimanual_mocap/bimanual_ws/install/dynamixel_sdk_custom_interfaces/include/dynamixel_sdk_custom_interfaces/dynamixel_sdk_custom_interfaces/srv/detail/get_position__traits.hpp
[1.559s] -- Symlinking: /home/asurite.ad.asu.edu/troisin/Documents/bimanual_mocap/bimanual_ws/install/dynamixel_sdk_custom_interfaces/include/dynamixel_sdk_custom_interfaces/dynamixel_sdk_custom_interfaces/srv/detail/get_position__type_support.hpp
[1.577s] -- Symlinking: /home/asurite.ad.asu.edu/troisin/Documents/bimanual_mocap/bimanual_ws/install/dynamixel_sdk_custom_interfaces/include/dynamixel_sdk_custom_interfaces/dynamixel_sdk_custom_interfaces/srv/get_position.hpp
[1.597s] -- Symlinking: /home/asurite.ad.asu.edu/troisin/Documents/bimanual_mocap/bimanual_ws/install/dynamixel_sdk_custom_interfaces/include/dynamixel_sdk_custom_interfaces/dynamixel_sdk_custom_interfaces/msg/detail/set_position__rosidl_typesupport_fastrtps_cpp.hpp
[1.615s] -- Symlinking: /home/asurite.ad.asu.edu/troisin/Documents/bimanual_mocap/bimanual_ws/install/dynamixel_sdk_custom_interfaces/include/dynamixel_sdk_custom_interfaces/dynamixel_sdk_custom_interfaces/msg/rosidl_typesupport_fastrtps_cpp__visibility_control.h
[1.631s] -- Symlinking: /home/asurite.ad.asu.edu/troisin/Documents/bimanual_mocap/bimanual_ws/install/dynamixel_sdk_custom_interfaces/include/dynamixel_sdk_custom_interfaces/dynamixel_sdk_custom_interfaces/srv/detail/get_position__rosidl_typesupport_fastrtps_cpp.hpp
[1.649s] -- Symlinking: /home/asurite.ad.asu.edu/troisin/Documents/bimanual_mocap/bimanual_ws/install/dynamixel_sdk_custom_interfaces/include/dynamixel_sdk_custom_interfaces/dynamixel_sdk_custom_interfaces/msg/detail/set_position__rosidl_typesupport_introspection_c.h
[1.667s] -- Symlinking: /home/asurite.ad.asu.edu/troisin/Documents/bimanual_mocap/bimanual_ws/install/dynamixel_sdk_custom_interfaces/include/dynamixel_sdk_custom_interfaces/dynamixel_sdk_custom_interfaces/msg/rosidl_typesupport_introspection_c__visibility_control.h
[1.687s] -- Symlinking: /home/asurite.ad.asu.edu/troisin/Documents/bimanual_mocap/bimanual_ws/install/dynamixel_sdk_custom_interfaces/include/dynamixel_sdk_custom_interfaces/dynamixel_sdk_custom_interfaces/srv/detail/get_position__rosidl_typesupport_introspection_c.h
[1.706s] -- Symlinking: /home/asurite.ad.asu.edu/troisin/Documents/bimanual_mocap/bimanual_ws/install/dynamixel_sdk_custom_interfaces/include/dynamixel_sdk_custom_interfaces/dynamixel_sdk_custom_interfaces/msg/detail/set_position__rosidl_typesupport_introspection_cpp.hpp
[1.723s] -- Symlinking: /home/asurite.ad.asu.edu/troisin/Documents/bimanual_mocap/bimanual_ws/install/dynamixel_sdk_custom_interfaces/include/dynamixel_sdk_custom_interfaces/dynamixel_sdk_custom_interfaces/srv/detail/get_position__rosidl_typesupport_introspection_cpp.hpp
[1.742s] -- Symlinking: /home/asurite.ad.asu.edu/troisin/Documents/bimanual_mocap/bimanual_ws/install/dynamixel_sdk_custom_interfaces/share/dynamixel_sdk_custom_interfaces/environment/pythonpath.sh
[1.760s] -- Symlinking: /home/asurite.ad.asu.edu/troisin/Documents/bimanual_mocap/bimanual_ws/install/dynamixel_sdk_custom_interfaces/share/dynamixel_sdk_custom_interfaces/environment/pythonpath.dsv
[1.779s] -- Symlinking: /home/asurite.ad.asu.edu/troisin/Documents/bimanual_mocap/bimanual_ws/install/dynamixel_sdk_custom_interfaces/lib/python3.12/site-packages/dynamixel_sdk_custom_interfaces-3.8.4-py3.12.egg-info/PKG-INFO
[1.796s] -- Symlinking: /home/asurite.ad.asu.edu/troisin/Documents/bimanual_mocap/bimanual_ws/install/dynamixel_sdk_custom_interfaces/lib/python3.12/site-packages/dynamixel_sdk_custom_interfaces-3.8.4-py3.12.egg-info/SOURCES.txt
[1.813s] -- Symlinking: /home/asurite.ad.asu.edu/troisin/Documents/bimanual_mocap/bimanual_ws/install/dynamixel_sdk_custom_interfaces/lib/python3.12/site-packages/dynamixel_sdk_custom_interfaces-3.8.4-py3.12.egg-info/dependency_links.txt
[1.829s] -- Symlinking: /home/asurite.ad.asu.edu/troisin/Documents/bimanual_mocap/bimanual_ws/install/dynamixel_sdk_custom_interfaces/lib/python3.12/site-packages/dynamixel_sdk_custom_interfaces-3.8.4-py3.12.egg-info/top_level.txt
[1.847s] -- Symlinking: /home/asurite.ad.asu.edu/troisin/Documents/bimanual_mocap/bimanual_ws/install/dynamixel_sdk_custom_interfaces/lib/python3.12/site-packages/dynamixel_sdk_custom_interfaces/__init__.py
[1.865s] -- Symlinking: /home/asurite.ad.asu.edu/troisin/Documents/bimanual_mocap/bimanual_ws/install/dynamixel_sdk_custom_interfaces/lib/python3.12/site-packages/dynamixel_sdk_custom_interfaces/_dynamixel_sdk_custom_interfaces_s.ep.rosidl_typesupport_c.c
[1.883s] -- Symlinking: /home/asurite.ad.asu.edu/troisin/Documents/bimanual_mocap/bimanual_ws/install/dynamixel_sdk_custom_interfaces/lib/python3.12/site-packages/dynamixel_sdk_custom_interfaces/_dynamixel_sdk_custom_interfaces_s.ep.rosidl_typesupport_fastrtps_c.c
[1.900s] -- Symlinking: /home/asurite.ad.asu.edu/troisin/Documents/bimanual_mocap/bimanual_ws/install/dynamixel_sdk_custom_interfaces/lib/python3.12/site-packages/dynamixel_sdk_custom_interfaces/_dynamixel_sdk_custom_interfaces_s.ep.rosidl_typesupport_introspection_c.c
[1.917s] -- Symlinking: /home/asurite.ad.asu.edu/troisin/Documents/bimanual_mocap/bimanual_ws/install/dynamixel_sdk_custom_interfaces/lib/python3.12/site-packages/dynamixel_sdk_custom_interfaces/dynamixel_sdk_custom_interfaces_s__rosidl_typesupport_c.so
[1.933s] -- Symlinking: /home/asurite.ad.asu.edu/troisin/Documents/bimanual_mocap/bimanual_ws/install/dynamixel_sdk_custom_interfaces/lib/python3.12/site-packages/dynamixel_sdk_custom_interfaces/dynamixel_sdk_custom_interfaces_s__rosidl_typesupport_fastrtps_c.so
[1.950s] -- Symlinking: /home/asurite.ad.asu.edu/troisin/Documents/bimanual_mocap/bimanual_ws/install/dynamixel_sdk_custom_interfaces/lib/python3.12/site-packages/dynamixel_sdk_custom_interfaces/dynamixel_sdk_custom_interfaces_s__rosidl_typesupport_introspection_c.so
[1.967s] -- Symlinking: /home/asurite.ad.asu.edu/troisin/Documents/bimanual_mocap/bimanual_ws/install/dynamixel_sdk_custom_interfaces/lib/python3.12/site-packages/dynamixel_sdk_custom_interfaces/msg/__init__.py
[1.986s] -- Symlinking: /home/asurite.ad.asu.edu/troisin/Documents/bimanual_mocap/bimanual_ws/install/dynamixel_sdk_custom_interfaces/lib/python3.12/site-packages/dynamixel_sdk_custom_interfaces/msg/_set_position.py
[2.003s] -- Symlinking: /home/asurite.ad.asu.edu/troisin/Documents/bimanual_mocap/bimanual_ws/install/dynamixel_sdk_custom_interfaces/lib/python3.12/site-packages/dynamixel_sdk_custom_interfaces/msg/_set_position_s.c
[2.019s] -- Symlinking: /home/asurite.ad.asu.edu/troisin/Documents/bimanual_mocap/bimanual_ws/install/dynamixel_sdk_custom_interfaces/lib/python3.12/site-packages/dynamixel_sdk_custom_interfaces/srv/__init__.py
[2.036s] -- Symlinking: /home/asurite.ad.asu.edu/troisin/Documents/bimanual_mocap/bimanual_ws/install/dynamixel_sdk_custom_interfaces/lib/python3.12/site-packages/dynamixel_sdk_custom_interfaces/srv/_get_position.py
[2.052s] -- Symlinking: /home/asurite.ad.asu.edu/troisin/Documents/bimanual_mocap/bimanual_ws/install/dynamixel_sdk_custom_interfaces/lib/python3.12/site-packages/dynamixel_sdk_custom_interfaces/srv/_get_position_s.c
[2.069s] -- Up-to-date symlink: /home/asurite.ad.asu.edu/troisin/Documents/bimanual_mocap/bimanual_ws/install/dynamixel_sdk_custom_interfaces/lib/python3.12/site-packages/dynamixel_sdk_custom_interfaces/dynamixel_sdk_custom_interfaces_s__rosidl_typesupport_fastrtps_c.so
[2.070s] -- Up-to-date symlink: /home/asurite.ad.asu.edu/troisin/Documents/bimanual_mocap/bimanual_ws/install/dynamixel_sdk_custom_interfaces/lib/python3.12/site-packages/dynamixel_sdk_custom_interfaces/dynamixel_sdk_custom_interfaces_s__rosidl_typesupport_introspection_c.so
[2.071s] -- Up-to-date symlink: /home/asurite.ad.asu.edu/troisin/Documents/bimanual_mocap/bimanual_ws/install/dynamixel_sdk_custom_interfaces/lib/python3.12/site-packages/dynamixel_sdk_custom_interfaces/dynamixel_sdk_custom_interfaces_s__rosidl_typesupport_c.so
[2.071s] -- Symlinking: /home/asurite.ad.asu.edu/troisin/Documents/bimanual_mocap/bimanual_ws/install/dynamixel_sdk_custom_interfaces/share/dynamixel_sdk_custom_interfaces/msg/SetPosition.idl
[2.090s] -- Symlinking: /home/asurite.ad.asu.edu/troisin/Documents/bimanual_mocap/bimanual_ws/install/dynamixel_sdk_custom_interfaces/share/dynamixel_sdk_custom_interfaces/srv/GetPosition.idl
[2.106s] -- Symlinking: /home/asurite.ad.asu.edu/troisin/Documents/bimanual_mocap/bimanual_ws/install/dynamixel_sdk_custom_interfaces/share/dynamixel_sdk_custom_interfaces/msg/SetPosition.msg
[2.122s] -- Symlinking: /home/asurite.ad.asu.edu/troisin/Documents/bimanual_mocap/bimanual_ws/install/dynamixel_sdk_custom_interfaces/share/dynamixel_sdk_custom_interfaces/srv/GetPosition.srv
[2.139s] -- Symlinking: /home/asurite.ad.asu.edu/troisin/Documents/bimanual_mocap/bimanual_ws/install/dynamixel_sdk_custom_interfaces/share/ament_index/resource_index/package_run_dependencies/dynamixel_sdk_custom_interfaces
[2.155s] -- Symlinking: /home/asurite.ad.asu.edu/troisin/Documents/bimanual_mocap/bimanual_ws/install/dynamixel_sdk_custom_interfaces/share/ament_index/resource_index/parent_prefix_path/dynamixel_sdk_custom_interfaces
[2.171s] -- Symlinking: /home/asurite.ad.asu.edu/troisin/Documents/bimanual_mocap/bimanual_ws/install/dynamixel_sdk_custom_interfaces/share/dynamixel_sdk_custom_interfaces/environment/ament_prefix_path.sh
[2.195s] -- Symlinking: /home/asurite.ad.asu.edu/troisin/Documents/bimanual_mocap/bimanual_ws/install/dynamixel_sdk_custom_interfaces/share/dynamixel_sdk_custom_interfaces/environment/ament_prefix_path.dsv
[2.212s] -- Symlinking: /home/asurite.ad.asu.edu/troisin/Documents/bimanual_mocap/bimanual_ws/install/dynamixel_sdk_custom_interfaces/share/dynamixel_sdk_custom_interfaces/environment/path.sh
[2.228s] -- Symlinking: /home/asurite.ad.asu.edu/troisin/Documents/bimanual_mocap/bimanual_ws/install/dynamixel_sdk_custom_interfaces/share/dynamixel_sdk_custom_interfaces/environment/path.dsv
[2.245s] -- Symlinking: /home/asurite.ad.asu.edu/troisin/Documents/bimanual_mocap/bimanual_ws/install/dynamixel_sdk_custom_interfaces/share/dynamixel_sdk_custom_interfaces/local_setup.bash
[2.262s] -- Symlinking: /home/asurite.ad.asu.edu/troisin/Documents/bimanual_mocap/bimanual_ws/install/dynamixel_sdk_custom_interfaces/share/dynamixel_sdk_custom_interfaces/local_setup.sh
[2.281s] -- Symlinking: /home/asurite.ad.asu.edu/troisin/Documents/bimanual_mocap/bimanual_ws/install/dynamixel_sdk_custom_interfaces/share/dynamixel_sdk_custom_interfaces/local_setup.zsh
[2.298s] -- Symlinking: /home/asurite.ad.asu.edu/troisin/Documents/bimanual_mocap/bimanual_ws/install/dynamixel_sdk_custom_interfaces/share/dynamixel_sdk_custom_interfaces/local_setup.dsv
[2.314s] -- Symlinking: /home/asurite.ad.asu.edu/troisin/Documents/bimanual_mocap/bimanual_ws/install/dynamixel_sdk_custom_interfaces/share/dynamixel_sdk_custom_interfaces/package.dsv
[2.331s] -- Symlinking: /home/asurite.ad.asu.edu/troisin/Documents/bimanual_mocap/bimanual_ws/install/dynamixel_sdk_custom_interfaces/share/ament_index/resource_index/packages/dynamixel_sdk_custom_interfaces
[2.347s] -- Symlinking: /home/asurite.ad.asu.edu/troisin/Documents/bimanual_mocap/bimanual_ws/install/dynamixel_sdk_custom_interfaces/share/dynamixel_sdk_custom_interfaces/cmake/rosidl_cmake-extras.cmake
[2.363s] -- Symlinking: /home/asurite.ad.asu.edu/troisin/Documents/bimanual_mocap/bimanual_ws/install/dynamixel_sdk_custom_interfaces/share/dynamixel_sdk_custom_interfaces/cmake/ament_cmake_export_dependencies-extras.cmake
[2.381s] -- Symlinking: /home/asurite.ad.asu.edu/troisin/Documents/bimanual_mocap/bimanual_ws/install/dynamixel_sdk_custom_interfaces/share/dynamixel_sdk_custom_interfaces/cmake/ament_cmake_export_include_directories-extras.cmake
[2.399s] -- Symlinking: /home/asurite.ad.asu.edu/troisin/Documents/bimanual_mocap/bimanual_ws/install/dynamixel_sdk_custom_interfaces/share/dynamixel_sdk_custom_interfaces/cmake/ament_cmake_export_libraries-extras.cmake
[2.416s] -- Symlinking: /home/asurite.ad.asu.edu/troisin/Documents/bimanual_mocap/bimanual_ws/install/dynamixel_sdk_custom_interfaces/share/dynamixel_sdk_custom_interfaces/cmake/ament_cmake_export_targets-extras.cmake
[2.431s] -- Symlinking: /home/asurite.ad.asu.edu/troisin/Documents/bimanual_mocap/bimanual_ws/install/dynamixel_sdk_custom_interfaces/share/dynamixel_sdk_custom_interfaces/cmake/rosidl_cmake_export_typesupport_targets-extras.cmake
[2.447s] -- Symlinking: /home/asurite.ad.asu.edu/troisin/Documents/bimanual_mocap/bimanual_ws/install/dynamixel_sdk_custom_interfaces/share/dynamixel_sdk_custom_interfaces/cmake/rosidl_cmake_export_typesupport_libraries-extras.cmake
[2.463s] -- Symlinking: /home/asurite.ad.asu.edu/troisin/Documents/bimanual_mocap/bimanual_ws/install/dynamixel_sdk_custom_interfaces/share/dynamixel_sdk_custom_interfaces/cmake/dynamixel_sdk_custom_interfacesConfig.cmake
[2.480s] -- Symlinking: /home/asurite.ad.asu.edu/troisin/Documents/bimanual_mocap/bimanual_ws/install/dynamixel_sdk_custom_interfaces/share/dynamixel_sdk_custom_interfaces/cmake/dynamixel_sdk_custom_interfacesConfig-version.cmake
[2.497s] -- Symlinking: /home/asurite.ad.asu.edu/troisin/Documents/bimanual_mocap/bimanual_ws/install/dynamixel_sdk_custom_interfaces/share/dynamixel_sdk_custom_interfaces/package.xml
[2.513s] -- Installing: /home/asurite.ad.asu.edu/troisin/Documents/bimanual_mocap/bimanual_ws/install/dynamixel_sdk_custom_interfaces/lib/libdynamixel_sdk_custom_interfaces__rosidl_generator_c.so
[2.514s] -- Set non-toolchain portion of runtime path of "/home/asurite.ad.asu.edu/troisin/Documents/bimanual_mocap/bimanual_ws/install/dynamixel_sdk_custom_interfaces/lib/libdynamixel_sdk_custom_interfaces__rosidl_generator_c.so" to ""
[2.515s] -- Installing: /home/asurite.ad.asu.edu/troisin/Documents/bimanual_mocap/bimanual_ws/install/dynamixel_sdk_custom_interfaces/lib/libdynamixel_sdk_custom_interfaces__rosidl_typesupport_fastrtps_c.so
[2.516s] -- Set non-toolchain portion of runtime path of "/home/asurite.ad.asu.edu/troisin/Documents/bimanual_mocap/bimanual_ws/install/dynamixel_sdk_custom_interfaces/lib/libdynamixel_sdk_custom_interfaces__rosidl_typesupport_fastrtps_c.so" to ""
[2.516s] -- Installing: /home/asurite.ad.asu.edu/troisin/Documents/bimanual_mocap/bimanual_ws/install/dynamixel_sdk_custom_interfaces/lib/libdynamixel_sdk_custom_interfaces__rosidl_typesupport_fastrtps_cpp.so
[2.517s] -- Set non-toolchain portion of runtime path of "/home/asurite.ad.asu.edu/troisin/Documents/bimanual_mocap/bimanual_ws/install/dynamixel_sdk_custom_interfaces/lib/libdynamixel_sdk_custom_interfaces__rosidl_typesupport_fastrtps_cpp.so" to ""
[2.517s] -- Installing: /home/asurite.ad.asu.edu/troisin/Documents/bimanual_mocap/bimanual_ws/install/dynamixel_sdk_custom_interfaces/lib/libdynamixel_sdk_custom_interfaces__rosidl_typesupport_introspection_c.so
[2.518s] -- Set non-toolchain portion of runtime path of "/home/asurite.ad.asu.edu/troisin/Documents/bimanual_mocap/bimanual_ws/install/dynamixel_sdk_custom_interfaces/lib/libdynamixel_sdk_custom_interfaces__rosidl_typesupport_introspection_c.so" to ""
[2.519s] -- Installing: /home/asurite.ad.asu.edu/troisin/Documents/bimanual_mocap/bimanual_ws/install/dynamixel_sdk_custom_interfaces/lib/libdynamixel_sdk_custom_interfaces__rosidl_typesupport_c.so
[2.520s] -- Set non-toolchain portion of runtime path of "/home/asurite.ad.asu.edu/troisin/Documents/bimanual_mocap/bimanual_ws/install/dynamixel_sdk_custom_interfaces/lib/libdynamixel_sdk_custom_interfaces__rosidl_typesupport_c.so" to ""
[2.520s] -- Installing: /home/asurite.ad.asu.edu/troisin/Documents/bimanual_mocap/bimanual_ws/install/dynamixel_sdk_custom_interfaces/lib/libdynamixel_sdk_custom_interfaces__rosidl_typesupport_introspection_cpp.so
[2.521s] -- Set non-toolchain portion of runtime path of "/home/asurite.ad.asu.edu/troisin/Documents/bimanual_mocap/bimanual_ws/install/dynamixel_sdk_custom_interfaces/lib/libdynamixel_sdk_custom_interfaces__rosidl_typesupport_introspection_cpp.so" to ""
[2.521s] -- Installing: /home/asurite.ad.asu.edu/troisin/Documents/bimanual_mocap/bimanual_ws/install/dynamixel_sdk_custom_interfaces/lib/libdynamixel_sdk_custom_interfaces__rosidl_typesupport_cpp.so
[2.522s] -- Set non-toolchain portion of runtime path of "/home/asurite.ad.asu.edu/troisin/Documents/bimanual_mocap/bimanual_ws/install/dynamixel_sdk_custom_interfaces/lib/libdynamixel_sdk_custom_interfaces__rosidl_typesupport_cpp.so" to ""
[2.589s] Listing '/home/asurite.ad.asu.edu/troisin/Documents/bimanual_mocap/bimanual_ws/install/dynamixel_sdk_custom_interfaces/lib/python3.12/site-packages/dynamixel_sdk_custom_interfaces'...
[2.589s] Compiling '/home/asurite.ad.asu.edu/troisin/Documents/bimanual_mocap/bimanual_ws/install/dynamixel_sdk_custom_interfaces/lib/python3.12/site-packages/dynamixel_sdk_custom_interfaces/__init__.py'...
[2.589s] Listing '/home/asurite.ad.asu.edu/troisin/Documents/bimanual_mocap/bimanual_ws/install/dynamixel_sdk_custom_interfaces/lib/python3.12/site-packages/dynamixel_sdk_custom_interfaces/msg'...
[2.590s] Compiling '/home/asurite.ad.asu.edu/troisin/Documents/bimanual_mocap/bimanual_ws/install/dynamixel_sdk_custom_interfaces/lib/python3.12/site-packages/dynamixel_sdk_custom_interfaces/msg/__init__.py'...
[2.590s] Compiling '/home/asurite.ad.asu.edu/troisin/Documents/bimanual_mocap/bimanual_ws/install/dynamixel_sdk_custom_interfaces/lib/python3.12/site-packages/dynamixel_sdk_custom_interfaces/msg/_set_position.py'...
[2.590s] Listing '/home/asurite.ad.asu.edu/troisin/Documents/bimanual_mocap/bimanual_ws/install/dynamixel_sdk_custom_interfaces/lib/python3.12/site-packages/dynamixel_sdk_custom_interfaces/srv'...
[2.590s] Compiling '/home/asurite.ad.asu.edu/troisin/Documents/bimanual_mocap/bimanual_ws/install/dynamixel_sdk_custom_interfaces/lib/python3.12/site-packages/dynamixel_sdk_custom_interfaces/srv/__init__.py'...
[2.591s] Compiling '/home/asurite.ad.asu.edu/troisin/Documents/bimanual_mocap/bimanual_ws/install/dynamixel_sdk_custom_interfaces/lib/python3.12/site-packages/dynamixel_sdk_custom_interfaces/srv/_get_position.py'...
[2.598s] -- Installing: /home/asurite.ad.asu.edu/troisin/Documents/bimanual_mocap/bimanual_ws/install/dynamixel_sdk_custom_interfaces/lib/libdynamixel_sdk_custom_interfaces__rosidl_generator_py.so
[2.599s] -- Set non-toolchain portion of runtime path of "/home/asurite.ad.asu.edu/troisin/Documents/bimanual_mocap/bimanual_ws/install/dynamixel_sdk_custom_interfaces/lib/libdynamixel_sdk_custom_interfaces__rosidl_generator_py.so" to ""
[2.600s] -- Installing: /home/asurite.ad.asu.edu/troisin/Documents/bimanual_mocap/bimanual_ws/install/dynamixel_sdk_custom_interfaces/share/dynamixel_sdk_custom_interfaces/cmake/export_dynamixel_sdk_custom_interfaces__rosidl_generator_cExport.cmake
[2.600s] -- Installing: /home/asurite.ad.asu.edu/troisin/Documents/bimanual_mocap/bimanual_ws/install/dynamixel_sdk_custom_interfaces/share/dynamixel_sdk_custom_interfaces/cmake/export_dynamixel_sdk_custom_interfaces__rosidl_generator_cExport-noconfig.cmake
[2.600s] -- Installing: /home/asurite.ad.asu.edu/troisin/Documents/bimanual_mocap/bimanual_ws/install/dynamixel_sdk_custom_interfaces/share/dynamixel_sdk_custom_interfaces/cmake/export_dynamixel_sdk_custom_interfaces__rosidl_typesupport_fastrtps_cExport.cmake
[2.601s] -- Installing: /home/asurite.ad.asu.edu/troisin/Documents/bimanual_mocap/bimanual_ws/install/dynamixel_sdk_custom_interfaces/share/dynamixel_sdk_custom_interfaces/cmake/export_dynamixel_sdk_custom_interfaces__rosidl_typesupport_fastrtps_cExport-noconfig.cmake
[2.601s] -- Installing: /home/asurite.ad.asu.edu/troisin/Documents/bimanual_mocap/bimanual_ws/install/dynamixel_sdk_custom_interfaces/share/dynamixel_sdk_custom_interfaces/cmake/export_dynamixel_sdk_custom_interfaces__rosidl_generator_cppExport.cmake
[2.601s] -- Installing: /home/asurite.ad.asu.edu/troisin/Documents/bimanual_mocap/bimanual_ws/install/dynamixel_sdk_custom_interfaces/share/dynamixel_sdk_custom_interfaces/cmake/export_dynamixel_sdk_custom_interfaces__rosidl_typesupport_fastrtps_cppExport.cmake
[2.602s] -- Installing: /home/asurite.ad.asu.edu/troisin/Documents/bimanual_mocap/bimanual_ws/install/dynamixel_sdk_custom_interfaces/share/dynamixel_sdk_custom_interfaces/cmake/export_dynamixel_sdk_custom_interfaces__rosidl_typesupport_fastrtps_cppExport-noconfig.cmake
[2.602s] -- Installing: /home/asurite.ad.asu.edu/troisin/Documents/bimanual_mocap/bimanual_ws/install/dynamixel_sdk_custom_interfaces/share/dynamixel_sdk_custom_interfaces/cmake/dynamixel_sdk_custom_interfaces__rosidl_typesupport_introspection_cExport.cmake
[2.603s] -- Installing: /home/asurite.ad.asu.edu/troisin/Documents/bimanual_mocap/bimanual_ws/install/dynamixel_sdk_custom_interfaces/share/dynamixel_sdk_custom_interfaces/cmake/dynamixel_sdk_custom_interfaces__rosidl_typesupport_introspection_cExport-noconfig.cmake
[2.603s] -- Installing: /home/asurite.ad.asu.edu/troisin/Documents/bimanual_mocap/bimanual_ws/install/dynamixel_sdk_custom_interfaces/share/dynamixel_sdk_custom_interfaces/cmake/dynamixel_sdk_custom_interfaces__rosidl_typesupport_cExport.cmake
[2.604s] -- Installing: /home/asurite.ad.asu.edu/troisin/Documents/bimanual_mocap/bimanual_ws/install/dynamixel_sdk_custom_interfaces/share/dynamixel_sdk_custom_interfaces/cmake/dynamixel_sdk_custom_interfaces__rosidl_typesupport_cExport-noconfig.cmake
[2.604s] -- Installing: /home/asurite.ad.asu.edu/troisin/Documents/bimanual_mocap/bimanual_ws/install/dynamixel_sdk_custom_interfaces/share/dynamixel_sdk_custom_interfaces/cmake/dynamixel_sdk_custom_interfaces__rosidl_typesupport_introspection_cppExport.cmake
[2.605s] -- Installing: /home/asurite.ad.asu.edu/troisin/Documents/bimanual_mocap/bimanual_ws/install/dynamixel_sdk_custom_interfaces/share/dynamixel_sdk_custom_interfaces/cmake/dynamixel_sdk_custom_interfaces__rosidl_typesupport_introspection_cppExport-noconfig.cmake
[2.605s] -- Installing: /home/asurite.ad.asu.edu/troisin/Documents/bimanual_mocap/bimanual_ws/install/dynamixel_sdk_custom_interfaces/share/dynamixel_sdk_custom_interfaces/cmake/dynamixel_sdk_custom_interfaces__rosidl_typesupport_cppExport.cmake
[2.606s] -- Installing: /home/asurite.ad.asu.edu/troisin/Documents/bimanual_mocap/bimanual_ws/install/dynamixel_sdk_custom_interfaces/share/dynamixel_sdk_custom_interfaces/cmake/dynamixel_sdk_custom_interfaces__rosidl_typesupport_cppExport-noconfig.cmake
[2.606s] -- Installing: /home/asurite.ad.asu.edu/troisin/Documents/bimanual_mocap/bimanual_ws/install/dynamixel_sdk_custom_interfaces/share/dynamixel_sdk_custom_interfaces/cmake/export_dynamixel_sdk_custom_interfaces__rosidl_generator_pyExport.cmake
[2.607s] -- Installing: /home/asurite.ad.asu.edu/troisin/Documents/bimanual_mocap/bimanual_ws/install/dynamixel_sdk_custom_interfaces/share/dynamixel_sdk_custom_interfaces/cmake/export_dynamixel_sdk_custom_interfaces__rosidl_generator_pyExport-noconfig.cmake
[2.612s] Invoked command in '/home/asurite.ad.asu.edu/troisin/Documents/bimanual_mocap/bimanual_ws/build/dynamixel_sdk_custom_interfaces' returned '0': CMAKE_PREFIX_PATH=${CMAKE_PREFIX_PATH}:/opt/ros/jazzy DEBUGINFOD_URLS=https://debuginfod.ubuntu.com /usr/bin/cmake --install /home/asurite.ad.asu.edu/troisin/Documents/bimanual_mocap/bimanual_ws/build/dynamixel_sdk_custom_interfaces
