[0.034s] Invoking command in '/home/thibaut/Documents/bimanual_mocap/bimanual_ws/build/bimanualrobot_description': CMAKE_PREFIX_PATH=${CMAKE_PREFIX_PATH}:/opt/ros/jazzy DEBUGINFOD_URLS=https://debuginfod.ubuntu.com /usr/bin/cmake --build /home/thibaut/Documents/bimanual_mocap/bimanual_ws/build/bimanualrobot_description -- -j6 -l6
[1.974s] Invoked command in '/home/thibaut/Documents/bimanual_mocap/bimanual_ws/build/bimanualrobot_description' returned '0': CMAKE_PREFIX_PATH=${CMAKE_PREFIX_PATH}:/opt/ros/jazzy DEBUGINFOD_URLS=https://debuginfod.ubuntu.com /usr/bin/cmake --build /home/thibaut/Documents/bimanual_mocap/bimanual_ws/build/bimanualrobot_description -- -j6 -l6
[1.994s] Invoking command in '/home/thibaut/Documents/bimanual_mocap/bimanual_ws/build/bimanualrobot_description': CMAKE_PREFIX_PATH=${CMAKE_PREFIX_PATH}:/opt/ros/jazzy DEBUGINFOD_URLS=https://debuginfod.ubuntu.com /usr/bin/cmake --install /home/thibaut/Documents/bimanual_mocap/bimanual_ws/build/bimanualrobot_description
[1.998s] -- Install configuration: ""
[2.002s] -- Execute custom install script
[2.008s] -- Up-to-date symlink: /home/thibaut/Documents/bimanual_mocap/bimanual_ws/install/bimanualrobot_description/share/bimanualrobot_description/launch/robot_state_publisher.launch.py
[2.008s] -- Up-to-date symlink: /home/thibaut/Documents/bimanual_mocap/bimanual_ws/install/bimanualrobot_description/share/bimanualrobot_description/meshes/collision/drumstick.stl
[2.008s] -- Up-to-date symlink: /home/thibaut/Documents/bimanual_mocap/bimanual_ws/install/bimanualrobot_description/share/bimanualrobot_description/meshes/collision/drumstick_tip.stl
[2.008s] -- Up-to-date symlink: /home/thibaut/Documents/bimanual_mocap/bimanual_ws/install/bimanualrobot_description/share/bimanualrobot_description/meshes/collision/ee_link.stl
[2.008s] -- Up-to-date symlink: /home/thibaut/Documents/bimanual_mocap/bimanual_ws/install/bimanualrobot_description/share/bimanualrobot_description/meshes/collision/finger.dae
[2.008s] -- Up-to-date symlink: /home/thibaut/Documents/bimanual_mocap/bimanual_ws/install/bimanualrobot_description/share/bimanualrobot_description/meshes/collision/finger.stl
[2.008s] -- Up-to-date symlink: /home/thibaut/Documents/bimanual_mocap/bimanual_ws/install/bimanualrobot_description/share/bimanualrobot_description/meshes/collision/link3.dae
[2.009s] -- Up-to-date symlink: /home/thibaut/Documents/bimanual_mocap/bimanual_ws/install/bimanualrobot_description/share/bimanualrobot_description/meshes/collision/link3.stl
[2.009s] -- Up-to-date symlink: /home/thibaut/Documents/bimanual_mocap/bimanual_ws/install/bimanualrobot_description/share/bimanualrobot_description/meshes/collision/link4.dae
[2.009s] -- Up-to-date symlink: /home/thibaut/Documents/bimanual_mocap/bimanual_ws/install/bimanualrobot_description/share/bimanualrobot_description/meshes/collision/link4.stl
[2.009s] -- Up-to-date symlink: /home/thibaut/Documents/bimanual_mocap/bimanual_ws/install/bimanualrobot_description/share/bimanualrobot_description/meshes/collision/link6.dae
[2.009s] -- Up-to-date symlink: /home/thibaut/Documents/bimanual_mocap/bimanual_ws/install/bimanualrobot_description/share/bimanualrobot_description/meshes/collision/link6.stl
[2.009s] -- Up-to-date symlink: /home/thibaut/Documents/bimanual_mocap/bimanual_ws/install/bimanualrobot_description/share/bimanualrobot_description/meshes/collision/stand.dae
[2.011s] -- Up-to-date symlink: /home/thibaut/Documents/bimanual_mocap/bimanual_ws/install/bimanualrobot_description/share/bimanualrobot_description/meshes/collision/stand.stl
[2.011s] -- Up-to-date symlink: /home/thibaut/Documents/bimanual_mocap/bimanual_ws/install/bimanualrobot_description/share/bimanualrobot_description/meshes/visual/drumstick.stl
[2.011s] -- Up-to-date symlink: /home/thibaut/Documents/bimanual_mocap/bimanual_ws/install/bimanualrobot_description/share/bimanualrobot_description/meshes/visual/drumstick_tip.stl
[2.021s] -- Up-to-date symlink: /home/thibaut/Documents/bimanual_mocap/bimanual_ws/install/bimanualrobot_description/share/bimanualrobot_description/meshes/visual/ee_link.stl
[2.021s] -- Up-to-date symlink: /home/thibaut/Documents/bimanual_mocap/bimanual_ws/install/bimanualrobot_description/share/bimanualrobot_description/meshes/visual/finger.dae
[2.021s] -- Up-to-date symlink: /home/thibaut/Documents/bimanual_mocap/bimanual_ws/install/bimanualrobot_description/share/bimanualrobot_description/meshes/visual/finger.stl
[2.021s] -- Up-to-date symlink: /home/thibaut/Documents/bimanual_mocap/bimanual_ws/install/bimanualrobot_description/share/bimanualrobot_description/meshes/visual/link_1.dae
[2.021s] -- Up-to-date symlink: /home/thibaut/Documents/bimanual_mocap/bimanual_ws/install/bimanualrobot_description/share/bimanualrobot_description/meshes/visual/link_1.stl
[2.021s] -- Up-to-date symlink: /home/thibaut/Documents/bimanual_mocap/bimanual_ws/install/bimanualrobot_description/share/bimanualrobot_description/meshes/visual/link_2.dae
[2.021s] -- Up-to-date symlink: /home/thibaut/Documents/bimanual_mocap/bimanual_ws/install/bimanualrobot_description/share/bimanualrobot_description/meshes/visual/link_2.stl
[2.021s] -- Up-to-date symlink: /home/thibaut/Documents/bimanual_mocap/bimanual_ws/install/bimanualrobot_description/share/bimanualrobot_description/meshes/visual/link_3.dae
[2.021s] -- Up-to-date symlink: /home/thibaut/Documents/bimanual_mocap/bimanual_ws/install/bimanualrobot_description/share/bimanualrobot_description/meshes/visual/link_3.stl
[2.022s] -- Up-to-date symlink: /home/thibaut/Documents/bimanual_mocap/bimanual_ws/install/bimanualrobot_description/share/bimanualrobot_description/meshes/visual/link_4.dae
[2.022s] -- Up-to-date symlink: /home/thibaut/Documents/bimanual_mocap/bimanual_ws/install/bimanualrobot_description/share/bimanualrobot_description/meshes/visual/link_4.stl
[2.022s] -- Up-to-date symlink: /home/thibaut/Documents/bimanual_mocap/bimanual_ws/install/bimanualrobot_description/share/bimanualrobot_description/meshes/visual/link_5.dae
[2.022s] -- Up-to-date symlink: /home/thibaut/Documents/bimanual_mocap/bimanual_ws/install/bimanualrobot_description/share/bimanualrobot_description/meshes/visual/link_5.stl
[2.022s] -- Up-to-date symlink: /home/thibaut/Documents/bimanual_mocap/bimanual_ws/install/bimanualrobot_description/share/bimanualrobot_description/meshes/visual/link_6.dae
[2.022s] -- Up-to-date symlink: /home/thibaut/Documents/bimanual_mocap/bimanual_ws/install/bimanualrobot_description/share/bimanualrobot_description/meshes/visual/link_6.stl
[2.022s] -- Up-to-date symlink: /home/thibaut/Documents/bimanual_mocap/bimanual_ws/install/bimanualrobot_description/share/bimanualrobot_description/meshes/visual/stand.dae
[2.022s] -- Up-to-date symlink: /home/thibaut/Documents/bimanual_mocap/bimanual_ws/install/bimanualrobot_description/share/bimanualrobot_description/meshes/visual/stand.stl
[2.022s] -- Up-to-date symlink: /home/thibaut/Documents/bimanual_mocap/bimanual_ws/install/bimanualrobot_description/share/bimanualrobot_description/meshes/visual/stand_low.dae
[2.022s] -- Up-to-date symlink: /home/thibaut/Documents/bimanual_mocap/bimanual_ws/install/bimanualrobot_description/share/bimanualrobot_description/meshes/visual/stand_low.stl
[2.022s] -- Up-to-date symlink: /home/thibaut/Documents/bimanual_mocap/bimanual_ws/install/bimanualrobot_description/share/bimanualrobot_description/urdf/ball.sdf
[2.022s] -- Up-to-date symlink: /home/thibaut/Documents/bimanual_mocap/bimanual_ws/install/bimanualrobot_description/share/bimanualrobot_description/urdf/ball_only.sdf
[2.023s] -- Up-to-date symlink: /home/thibaut/Documents/bimanual_mocap/bimanual_ws/install/bimanualrobot_description/share/bimanualrobot_description/urdf/ball_only_free.sdf
[2.023s] -- Up-to-date symlink: /home/thibaut/Documents/bimanual_mocap/bimanual_ws/install/bimanualrobot_description/share/bimanualrobot_description/urdf/control/arm_ros2_controller.urdf.xacro
[2.024s] -- Up-to-date symlink: /home/thibaut/Documents/bimanual_mocap/bimanual_ws/install/bimanualrobot_description/share/bimanualrobot_description/urdf/control/bimanualrobot_ros2_controller.urdf.xacro
[2.024s] -- Up-to-date symlink: /home/thibaut/Documents/bimanual_mocap/bimanual_ws/install/bimanualrobot_description/share/bimanualrobot_description/urdf/control/common.xacro
[2.024s] -- Up-to-date symlink: /home/thibaut/Documents/bimanual_mocap/bimanual_ws/install/bimanualrobot_description/share/bimanualrobot_description/urdf/control/gazebo_sim_ros2_control.urdf.xacro
[2.025s] -- Up-to-date symlink: /home/thibaut/Documents/bimanual_mocap/bimanual_ws/install/bimanualrobot_description/share/bimanualrobot_description/urdf/control/transmission.xacro
[2.027s] -- Up-to-date symlink: /home/thibaut/Documents/bimanual_mocap/bimanual_ws/install/bimanualrobot_description/share/bimanualrobot_description/urdf/mech/drum.xacro
[2.027s] -- Up-to-date symlink: /home/thibaut/Documents/bimanual_mocap/bimanual_ws/install/bimanualrobot_description/share/bimanualrobot_description/urdf/mech/drumstick.xacro
[2.027s] -- Up-to-date symlink: /home/thibaut/Documents/bimanual_mocap/bimanual_ws/install/bimanualrobot_description/share/bimanualrobot_description/urdf/mech/fingers.xacro
[2.027s] -- Up-to-date symlink: /home/thibaut/Documents/bimanual_mocap/bimanual_ws/install/bimanualrobot_description/share/bimanualrobot_description/urdf/mech/manipulator_h.xacro
[2.028s] -- Up-to-date symlink: /home/thibaut/Documents/bimanual_mocap/bimanual_ws/install/bimanualrobot_description/share/bimanualrobot_description/urdf/mech/manipulator_h_arm.xacro
[2.033s] -- Up-to-date symlink: /home/thibaut/Documents/bimanual_mocap/bimanual_ws/install/bimanualrobot_description/share/bimanualrobot_description/urdf/mech/materials.xacro
[2.033s] -- Up-to-date symlink: /home/thibaut/Documents/bimanual_mocap/bimanual_ws/install/bimanualrobot_description/share/bimanualrobot_description/urdf/mech/pingpong.xacro
[2.033s] -- Up-to-date symlink: /home/thibaut/Documents/bimanual_mocap/bimanual_ws/install/bimanualrobot_description/share/bimanualrobot_description/urdf/mech/stand.xacro
[2.033s] -- Up-to-date symlink: /home/thibaut/Documents/bimanual_mocap/bimanual_ws/install/bimanualrobot_description/share/bimanualrobot_description/urdf/robots/bimanual_robot_gazebo.xacro
[2.033s] -- Up-to-date symlink: /home/thibaut/Documents/bimanual_mocap/bimanual_ws/install/bimanualrobot_description/share/bimanualrobot_description/urdf/robots/bimanualrobot.urdf
[2.033s] -- Up-to-date symlink: /home/thibaut/Documents/bimanual_mocap/bimanual_ws/install/bimanualrobot_description/share/bimanualrobot_description/urdf/robots/bimanualrobot.urdf.xacro
[2.034s] -- Up-to-date symlink: /home/thibaut/Documents/bimanual_mocap/bimanual_ws/install/bimanualrobot_description/share/bimanualrobot_description/urdf/rope_square_rig_spawn.urdf.xacro
[2.034s] -- Up-to-date symlink: /home/thibaut/Documents/bimanual_mocap/bimanual_ws/install/bimanualrobot_description/share/bimanualrobot_description/urdf/tether_ball.urdf.xacro
[2.034s] -- Up-to-date symlink: /home/thibaut/Documents/bimanual_mocap/bimanual_ws/install/bimanualrobot_description/share/bimanualrobot_description/rviz/bimanualrobot_description.rviz
[2.034s] -- Up-to-date symlink: /home/thibaut/Documents/bimanual_mocap/bimanual_ws/install/bimanualrobot_description/share/ament_index/resource_index/package_run_dependencies/bimanualrobot_description
[2.035s] -- Up-to-date symlink: /home/thibaut/Documents/bimanual_mocap/bimanual_ws/install/bimanualrobot_description/share/ament_index/resource_index/parent_prefix_path/bimanualrobot_description
[2.036s] -- Up-to-date symlink: /home/thibaut/Documents/bimanual_mocap/bimanual_ws/install/bimanualrobot_description/share/bimanualrobot_description/environment/ament_prefix_path.sh
[2.037s] -- Up-to-date symlink: /home/thibaut/Documents/bimanual_mocap/bimanual_ws/install/bimanualrobot_description/share/bimanualrobot_description/environment/ament_prefix_path.dsv
[2.038s] -- Up-to-date symlink: /home/thibaut/Documents/bimanual_mocap/bimanual_ws/install/bimanualrobot_description/share/bimanualrobot_description/environment/path.sh
[2.038s] -- Up-to-date symlink: /home/thibaut/Documents/bimanual_mocap/bimanual_ws/install/bimanualrobot_description/share/bimanualrobot_description/environment/path.dsv
[2.040s] -- Up-to-date symlink: /home/thibaut/Documents/bimanual_mocap/bimanual_ws/install/bimanualrobot_description/share/bimanualrobot_description/local_setup.bash
[2.040s] -- Up-to-date symlink: /home/thibaut/Documents/bimanual_mocap/bimanual_ws/install/bimanualrobot_description/share/bimanualrobot_description/local_setup.sh
[2.040s] -- Up-to-date symlink: /home/thibaut/Documents/bimanual_mocap/bimanual_ws/install/bimanualrobot_description/share/bimanualrobot_description/local_setup.zsh
[2.040s] -- Up-to-date symlink: /home/thibaut/Documents/bimanual_mocap/bimanual_ws/install/bimanualrobot_description/share/bimanualrobot_description/local_setup.dsv
[2.040s] -- Symlinking: /home/thibaut/Documents/bimanual_mocap/bimanual_ws/install/bimanualrobot_description/share/bimanualrobot_description/package.dsv
[2.053s] -- Up-to-date symlink: /home/thibaut/Documents/bimanual_mocap/bimanual_ws/install/bimanualrobot_description/share/ament_index/resource_index/packages/bimanualrobot_description
[2.053s] -- Up-to-date symlink: /home/thibaut/Documents/bimanual_mocap/bimanual_ws/install/bimanualrobot_description/share/bimanualrobot_description/cmake/bimanualrobot_descriptionConfig.cmake
[2.053s] -- Up-to-date symlink: /home/thibaut/Documents/bimanual_mocap/bimanual_ws/install/bimanualrobot_description/share/bimanualrobot_description/cmake/bimanualrobot_descriptionConfig-version.cmake
[2.053s] -- Up-to-date symlink: /home/thibaut/Documents/bimanual_mocap/bimanual_ws/install/bimanualrobot_description/share/bimanualrobot_description/package.xml
[2.059s] Invoked command in '/home/thibaut/Documents/bimanual_mocap/bimanual_ws/build/bimanualrobot_description' returned '0': CMAKE_PREFIX_PATH=${CMAKE_PREFIX_PATH}:/opt/ros/jazzy DEBUGINFOD_URLS=https://debuginfod.ubuntu.com /usr/bin/cmake --install /home/thibaut/Documents/bimanual_mocap/bimanual_ws/build/bimanualrobot_description
