[0.012s] Invoking command in '/home/thibaut/Documents/bimanual_mocap/bimanual_ws/build/bimanualrobot_gazebo': CMAKE_PREFIX_PATH=${CMAKE_PREFIX_PATH}:/opt/ros/jazzy DEBUGINFOD_URLS=https://debuginfod.ubuntu.com /usr/bin/cmake /home/thibaut/Documents/bimanual_mocap/bimanual_ws/src/bimanualrobot_ros2/bimanualrobot_gazebo -DAMENT_CMAKE_SYMLINK_INSTALL=1 -DCMAKE_INSTALL_PREFIX=/home/thibaut/Documents/bimanual_mocap/bimanual_ws/install/bimanualrobot_gazebo
[0.101s] -- The C compiler identification is GNU 13.3.0
[0.148s] -- The CXX compiler identification is GNU 13.3.0
[0.160s] -- Detecting C compiler ABI info
[0.221s] -- Detecting C compiler ABI info - done
[0.227s] -- Check for working C compiler: /usr/bin/cc - skipped
[0.227s] -- Detecting C compile features
[0.227s] -- Detecting C compile features - done
[0.233s] -- Detecting CXX compiler ABI info
[0.300s] -- Detecting CXX compiler ABI info - done
[0.310s] -- Check for working CXX compiler: /usr/bin/c++ - skipped
[0.310s] -- Detecting CXX compile features
[0.311s] -- Detecting CXX compile features - done
[0.313s] -- Found ament_cmake: 2.5.4 (/opt/ros/jazzy/share/ament_cmake/cmake)
[0.426s] -- Found Python3: /usr/bin/python3 (found version "3.12.3") found components: Interpreter 
[0.475s] -- Override CMake install command with custom implementation using symlinks instead of copying resources
[0.524s] -- Found controller_manager: 4.35.0 (/opt/ros/jazzy/share/controller_manager/cmake)
[0.564s] -- Found rosidl_generator_c: 4.6.6 (/opt/ros/jazzy/share/rosidl_generator_c/cmake)
[0.573s] -- Found rosidl_generator_cpp: 4.6.6 (/opt/ros/jazzy/share/rosidl_generator_cpp/cmake)
[0.584s] -- Using all available rosidl_typesupport_c: rosidl_typesupport_fastrtps_c;rosidl_typesupport_introspection_c
[0.599s] -- Using all available rosidl_typesupport_cpp: rosidl_typesupport_fastrtps_cpp;rosidl_typesupport_introspection_cpp
[0.654s] -- Found rmw_implementation_cmake: 7.3.2 (/opt/ros/jazzy/share/rmw_implementation_cmake/cmake)
[0.657s] -- Found rmw_fastrtps_cpp: 8.4.3 (/opt/ros/jazzy/share/rmw_fastrtps_cpp/cmake)
[0.718s] -- Found OpenSSL: /usr/lib/aarch64-linux-gnu/libcrypto.so (found version "3.0.13")  
[0.733s] -- Found FastRTPS: /opt/ros/jazzy/include (Required is at least version "2.13") 
[0.744s] -- Using RMW implementation 'rmw_fastrtps_cpp' as default
[1.126s] -- Found gripper_controllers: 4.30.1 (/opt/ros/jazzy/share/gripper_controllers/cmake)
[1.159s] -- Found eigen3_cmake_module: 0.3.0 (/opt/ros/jazzy/share/eigen3_cmake_module/cmake)
[1.160s] -- Found Eigen3: TRUE (found version "3.4.0") 
[1.160s] -- Ensuring Eigen3 include directory is part of orocos-kdl CMake target
[1.229s] -- Found gz_ros2_control: 1.2.14 (/opt/ros/jazzy/share/gz_ros2_control/cmake)
[1.234s] -- Found ros_gz: 1.0.16 (/opt/ros/jazzy/share/ros_gz/cmake)
[1.236s] -- Found ros_gz_bridge: 1.0.16 (/opt/ros/jazzy/share/ros_gz_bridge/cmake)
[1.254s] -- Looking for gz-msgs10 -- found version 10.3.2
[1.265s] -- Searching for dependencies of gz-msgs10
[1.289s] -- Found Protobuf: /usr/lib/aarch64-linux-gnu/libprotobuf.so (found version "3.21.12") 
[1.291s] -- Looking for gz-utils2 -- found version 2.2.1
[1.291s] -- Searching for dependencies of gz-utils2
[1.293s] -- Looking for gz-math7 -- found version 7.5.2
[1.293s] -- Searching for dependencies of gz-math7
[1.294s] -- Looking for gz-utils2 -- found version 2.2.1
[1.300s] -- Checking for module 'tinyxml2'
[1.315s] --   Found tinyxml2, version 10.0.0
[1.348s] -- Looking for gz-transport13 -- found version 13.4.1
[1.348s] -- Searching for dependencies of gz-transport13
[1.365s] -- Config-file not installed for ZeroMQ -- checking for pkg-config
[1.367s] -- Checking for module 'libzmq >= 4'
[1.375s] --   Found libzmq, version 4.3.5
[1.405s] -- Found ZeroMQ: TRUE (Required is at least version "4") 
[1.410s] -- Checking for module 'uuid'
[1.418s] --   Found uuid, version 2.39.3
[1.439s] -- Found UUID: TRUE  
[1.439s] -- Looking for gz-utils2 -- found version 2.2.1
[1.439s] -- Searching for dependencies of gz-utils2
[1.439s] -- Searching for <gz-utils2> component [cli]
[1.440s] -- Looking for gz-utils2-cli -- found version 2.2.1
[1.440s] -- Searching for dependencies of gz-utils2-cli
[1.441s] -- Looking for gz-msgs10 -- found version 10.3.2
[1.572s] -- Found ros_gz_image: 1.0.16 (/opt/ros/jazzy/share/ros_gz_image/cmake)
[1.575s] -- Found ros_gz_sim: 1.0.16 (/opt/ros/jazzy/share/ros_gz_sim/cmake)
[1.585s] -- Found ros2_control: 4.35.0 (/opt/ros/jazzy/share/ros2_control/cmake)
[1.585s] -- Found ros2_controllers: 4.30.1 (/opt/ros/jazzy/share/ros2_controllers/cmake)
[1.588s] -- Found xacro: 2.0.13 (/opt/ros/jazzy/share/xacro/cmake)
[1.590s] -- Looking for gz-sim8 -- found version 8.9.0
[1.590s] -- Searching for dependencies of gz-sim8
[1.592s] -- Looking for sdformat14 -- found version 14.8.0
[1.592s] -- Searching for dependencies of sdformat14
[1.597s] -- Looking for gz-math7 -- found version 7.5.2
[1.597s] -- Looking for gz-utils2 -- found version 2.2.1
[1.599s] -- Looking for gz-plugin2 -- found version 2.0.4
[1.599s] -- Searching for dependencies of gz-plugin2
[1.599s] -- Looking for gz-utils2 -- found version 2.2.1
[1.602s] -- Searching for <gz-plugin2> component [loader]
[1.603s] -- Looking for gz-plugin2-loader -- found version 2.0.4
[1.603s] -- Searching for dependencies of gz-plugin2-loader
[1.604s] -- Searching for <gz-plugin2> component [register]
[1.605s] -- Looking for gz-plugin2-register -- found version 2.0.4
[1.605s] -- Searching for dependencies of gz-plugin2-register
[1.606s] -- Looking for gz-transport13 -- found version 13.4.1
[1.606s] -- Searching for dependencies of gz-transport13
[1.623s] -- Config-file not installed for ZeroMQ -- checking for pkg-config
[1.627s] -- Checking for module 'libzmq >= 4'
[1.637s] --   Found libzmq, version 4.3.5
[1.662s] -- Looking for gz-utils2 -- found version 2.2.1
[1.662s] -- Looking for gz-msgs10 -- found version 10.3.2
[1.662s] -- Searching for <gz-transport13> component [log]
[1.663s] -- Looking for gz-transport13-log -- found version 13.4.1
[1.663s] -- Searching for dependencies of gz-transport13-log
[1.664s] -- Searching for <gz-transport13> component [parameters]
[1.666s] -- Looking for gz-transport13-parameters -- found version 13.4.1
[1.666s] -- Searching for dependencies of gz-transport13-parameters
[1.667s] -- Looking for gz-msgs10 -- found version 10.3.2
[1.670s] -- Looking for gz-common5 -- found version 5.7.1
[1.670s] -- Searching for dependencies of gz-common5
[1.671s] -- Looking for gz-utils2 -- found version 2.2.1
[1.672s] -- Looking for dlfcn.h - found
[1.673s] -- Looking for libdl - found
[1.674s] -- Found DL: TRUE  
[1.678s] -- Searching for <gz-common5> component [av]
[1.680s] -- Looking for gz-common5-av -- found version 5.7.1
[1.680s] -- Searching for dependencies of gz-common5-av
[1.683s] -- Checking for module 'libswscale'
[1.691s] --   Found libswscale, version 7.5.100
[1.716s] -- Found SWSCALE: TRUE  
[1.716s] -- Checking for module 'libavdevice >= 56.4.100'
[1.727s] --   Found libavdevice, version 60.3.100
[1.752s] -- Found AVDEVICE: TRUE (Required is at least version "56.4.100") 
[1.755s] -- Checking for module 'libavformat'
[1.765s] --   Found libavformat, version 60.16.100
[1.788s] -- Found AVFORMAT: TRUE  
[1.792s] -- Checking for module 'libavcodec'
[1.798s] --   Found libavcodec, version 60.31.102
[1.818s] -- Found AVCODEC: TRUE  
[1.821s] -- Checking for module 'libavutil'
[1.829s] --   Found libavutil, version 58.29.100
[1.844s] -- Found AVUTIL: TRUE  
[1.845s] -- Searching for <gz-common5> component [events]
[1.847s] -- Looking for gz-common5-events -- found version 5.7.1
[1.847s] -- Searching for dependencies of gz-common5-events
[1.847s] -- Looking for gz-math7 -- found version 7.5.2
[1.848s] -- Searching for <gz-common5> component [graphics]
[1.849s] -- Looking for gz-common5-graphics -- found version 5.7.1
[1.849s] -- Searching for dependencies of gz-common5-graphics
[1.850s] -- Looking for gz-math7 -- found version 7.5.2
[1.855s] -- Found GzAssimp: TRUE (found version "5.3.0") 
[1.855s] -- Searching for <gz-common5> component [io]
[1.857s] -- Looking for gz-common5-io -- found version 5.7.1
[1.857s] -- Searching for dependencies of gz-common5-io
[1.857s] -- Searching for <gz-common5> component [profiler]
[1.859s] -- Looking for gz-common5-profiler -- found version 5.7.1
[1.859s] -- Searching for dependencies of gz-common5-profiler
[1.861s] -- Looking for gz-fuel_tools9 -- found version 9.1.1
[1.861s] -- Searching for dependencies of gz-fuel_tools9
[1.902s] -- Found CURL: /usr/lib/aarch64-linux-gnu/libcurl.so (found version "8.5.0")  
[1.909s] -- Checking for module 'jsoncpp'
[1.916s] --   Found jsoncpp, version 1.9.5
[1.930s] -- Found JSONCPP: TRUE  
[1.939s] -- Checking for module 'yaml-0.1'
[1.948s] --   Found yaml-0.1, version 0.2.5
[1.968s] -- Found YAML: TRUE  
[1.971s] -- Checking for module 'libzip'
[1.980s] --   Found libzip, version 1.7.3
[1.993s] -- Found ZIP: TRUE  
[1.994s] -- Looking for gz-utils2 -- found version 2.2.1
[1.994s] -- Looking for gz-common5 -- found version 5.7.1
[1.994s] -- Searching for dependencies of gz-common5
[1.994s] -- Looking for gz-utils2 -- found version 2.2.1
[1.994s] -- Looking for dlfcn.h - found
[1.994s] -- Looking for libdl - found
[1.999s] -- Searching for <gz-common5> component [testing]
[1.999s] -- Looking for gz-common5-testing -- found version 5.7.1
[2.000s] -- Searching for dependencies of gz-common5-testing
[2.001s] -- Looking for gz-math7 -- found version 7.5.2
[2.001s] -- Looking for gz-msgs10 -- found version 10.3.2
[2.003s] -- Looking for gz-gui8 -- found version 8.4.0
[2.003s] -- Searching for dependencies of gz-gui8
[2.016s] -- Looking for gz-utils2 -- found version 2.2.1
[2.016s] -- Looking for gz-math7 -- found version 7.5.2
[2.016s] -- Looking for gz-common5 -- found version 5.7.1
[2.017s] -- Looking for gz-plugin2 -- found version 2.0.4
[2.017s] -- Looking for gz-transport13 -- found version 13.4.1
[2.019s] -- Looking for gz-rendering8 -- found version 8.2.2
[2.019s] -- Searching for dependencies of gz-rendering8
[2.019s] -- Looking for gz-math7 -- found version 7.5.2
[2.019s] -- Searching for dependencies of gz-math7
[2.019s] -- Looking for gz-utils2 -- found version 2.2.1
[2.019s] -- Searching for <gz-math7> component [eigen3]
[2.021s] -- Looking for gz-math7-eigen3 -- found version 7.5.2
[2.021s] -- Searching for dependencies of gz-math7-eigen3
[2.022s] -- Looking for gz-common5 -- found version 5.7.1
[2.022s] -- Searching for dependencies of gz-common5
[2.022s] -- Looking for gz-utils2 -- found version 2.2.1
[2.022s] -- Looking for dlfcn.h - found
[2.022s] -- Looking for libdl - found
[2.027s] -- Searching for <gz-common5> component [graphics]
[2.027s] -- Searching for <gz-common5> component [events]
[2.027s] -- Searching for <gz-common5> component [geospatial]
[2.028s] -- Looking for gz-common5-geospatial -- found version 5.7.1
[2.028s] -- Searching for dependencies of gz-common5-geospatial
[2.028s] -- Looking for gz-math7 -- found version 7.5.2
[2.029s] -- Looking for gz-common5 -- found version 5.7.1
[2.029s] -- Looking for gz-plugin2 -- found version 2.0.4
[2.029s] -- Searching for dependencies of gz-plugin2
[2.030s] -- Looking for gz-utils2 -- found version 2.2.1
[2.030s] -- Searching for <gz-plugin2> component [all]
[2.031s] -- Looking for all libraries of gz-plugin2 -- found version 2.0.4
[2.031s] -- Looking for gz-plugin2 -- found version 2.0.4
[2.032s] -- Looking for gz-utils2 -- found version 2.2.1
[2.038s] -- Found OpenGL: /usr/lib/aarch64-linux-gnu/libOpenGL.so  found components: OpenGL 
[2.040s] -- Looking for gz-msgs10 -- found version 10.3.2
[2.058s] -- Looking for gz-physics7 -- found version 7.5.0
[2.058s] -- Searching for dependencies of gz-physics7
[2.058s] -- Looking for gz-common5 -- found version 5.7.1
[2.059s] -- Looking for gz-math7 -- found version 7.5.2
[2.059s] -- Looking for gz-plugin2 -- found version 2.0.4
[2.059s] -- Looking for gz-utils2 -- found version 2.2.1
[2.061s] -- Searching for <gz-physics7> component [heightmap]
[2.062s] -- Looking for gz-physics7-heightmap -- found version 7.5.0
[2.063s] -- Searching for dependencies of gz-physics7-heightmap
[2.063s] -- Looking for gz-common5 -- found version 5.7.1
[2.063s] -- Searching for <gz-physics7> component [mesh]
[2.064s] -- Looking for gz-physics7-mesh -- found version 7.5.0
[2.064s] -- Searching for dependencies of gz-physics7-mesh
[2.065s] -- Looking for gz-common5 -- found version 5.7.1
[2.065s] -- Searching for <gz-physics7> component [sdf]
[2.066s] -- Looking for gz-physics7-sdf -- found version 7.5.0
[2.066s] -- Searching for dependencies of gz-physics7-sdf
[2.066s] -- Looking for sdformat14 -- found version 14.8.0
[2.068s] -- Looking for gz-sensors8 -- found version 8.2.2
[2.068s] -- Searching for dependencies of gz-sensors8
[2.078s] -- Looking for gz-math7 -- found version 7.5.2
[2.078s] -- Looking for gz-common5 -- found version 5.7.1
[2.078s] -- Looking for gz-transport13 -- found version 13.4.1
[2.079s] -- Looking for gz-rendering8 -- found version 8.2.2
[2.079s] -- Looking for gz-msgs10 -- found version 10.3.2
[2.079s] -- Looking for sdformat14 -- found version 14.8.0
[2.080s] -- Searching for <gz-sensors8> component [air_pressure]
[2.081s] -- Looking for gz-sensors8-air_pressure -- found version 8.2.2
[2.081s] -- Searching for dependencies of gz-sensors8-air_pressure
[2.081s] -- Searching for <gz-sensors8> component [air_speed]
[2.082s] -- Looking for gz-sensors8-air_speed -- found version 8.2.2
[2.082s] -- Searching for dependencies of gz-sensors8-air_speed
[2.082s] -- Searching for <gz-sensors8> component [altimeter]
[2.083s] -- Looking for gz-sensors8-altimeter -- found version 8.2.2
[2.083s] -- Searching for dependencies of gz-sensors8-altimeter
[2.084s] -- Searching for <gz-sensors8> component [imu]
[2.084s] -- Looking for gz-sensors8-imu -- found version 8.2.2
[2.085s] -- Searching for dependencies of gz-sensors8-imu
[2.085s] -- Searching for <gz-sensors8> component [force_torque]
[2.086s] -- Looking for gz-sensors8-force_torque -- found version 8.2.2
[2.086s] -- Searching for dependencies of gz-sensors8-force_torque
[2.087s] -- Searching for <gz-sensors8> component [logical_camera]
[2.087s] -- Looking for gz-sensors8-logical_camera -- found version 8.2.2
[2.087s] -- Searching for dependencies of gz-sensors8-logical_camera
[2.088s] -- Searching for <gz-sensors8> component [magnetometer]
[2.088s] -- Looking for gz-sensors8-magnetometer -- found version 8.2.2
[2.089s] -- Searching for dependencies of gz-sensors8-magnetometer
[2.089s] -- Searching for <gz-sensors8> component [navsat]
[2.090s] -- Looking for gz-sensors8-navsat -- found version 8.2.2
[2.090s] -- Searching for dependencies of gz-sensors8-navsat
[2.091s] -- Searching for <gz-sensors8> component [dvl]
[2.092s] -- Looking for gz-sensors8-dvl -- found version 8.2.2
[2.092s] -- Searching for dependencies of gz-sensors8-dvl
[2.092s] -- Looking for gz-sensors8 -- found version 8.2.2
[2.092s] -- Searching for dependencies of gz-sensors8
[2.105s] -- Looking for gz-math7 -- found version 7.5.2
[2.105s] -- Looking for gz-common5 -- found version 5.7.1
[2.105s] -- Looking for gz-transport13 -- found version 13.4.1
[2.105s] -- Looking for gz-rendering8 -- found version 8.2.2
[2.105s] -- Looking for gz-msgs10 -- found version 10.3.2
[2.105s] -- Looking for sdformat14 -- found version 14.8.0
[2.105s] -- Searching for <gz-sensors8> component [rendering]
[2.107s] -- Looking for gz-sensors8-rendering -- found version 8.2.2
[2.108s] -- Searching for dependencies of gz-sensors8-rendering
[2.110s] -- Searching for <gz-sensors8> component [rendering]
[2.110s] -- Searching for <gz-sensors8> component [lidar]
[2.111s] -- Looking for gz-sensors8-lidar -- found version 8.2.2
[2.111s] -- Searching for dependencies of gz-sensors8-lidar
[2.111s] -- Looking for gz-sensors8 -- found version 8.2.2
[2.112s] -- Searching for <gz-sensors8> component [gpu_lidar]
[2.113s] -- Looking for gz-sensors8-gpu_lidar -- found version 8.2.2
[2.113s] -- Searching for dependencies of gz-sensors8-gpu_lidar
[2.113s] -- Looking for gz-sensors8 -- found version 8.2.2
[2.114s] -- Searching for <gz-sensors8> component [camera]
[2.114s] -- Looking for gz-sensors8-camera -- found version 8.2.2
[2.114s] -- Searching for dependencies of gz-sensors8-camera
[2.115s] -- Looking for gz-sensors8 -- found version 8.2.2
[2.115s] -- Searching for <gz-sensors8> component [boundingbox_camera]
[2.116s] -- Looking for gz-sensors8-boundingbox_camera -- found version 8.2.2
[2.116s] -- Searching for dependencies of gz-sensors8-boundingbox_camera
[2.116s] -- Searching for <gz-sensors8> component [segmentation_camera]
[2.117s] -- Looking for gz-sensors8-segmentation_camera -- found version 8.2.2
[2.117s] -- Searching for dependencies of gz-sensors8-segmentation_camera
[2.117s] -- Searching for <gz-sensors8> component [depth_camera]
[2.118s] -- Looking for gz-sensors8-depth_camera -- found version 8.2.2
[2.119s] -- Searching for dependencies of gz-sensors8-depth_camera
[2.119s] -- Looking for gz-sensors8 -- found version 8.2.2
[2.119s] -- Searching for <gz-sensors8> component [rgbd_camera]
[2.120s] -- Looking for gz-sensors8-rgbd_camera -- found version 8.2.2
[2.120s] -- Searching for dependencies of gz-sensors8-rgbd_camera
[2.120s] -- Looking for gz-sensors8 -- found version 8.2.2
[2.121s] -- Searching for <gz-sensors8> component [thermal_camera]
[2.122s] -- Looking for gz-sensors8-thermal_camera -- found version 8.2.2
[2.122s] -- Searching for dependencies of gz-sensors8-thermal_camera
[2.122s] -- Looking for gz-sensors8 -- found version 8.2.2
[2.122s] -- Searching for <gz-sensors8> component [wide_angle_camera]
[2.123s] -- Looking for gz-sensors8-wide_angle_camera -- found version 8.2.2
[2.123s] -- Searching for dependencies of gz-sensors8-wide_angle_camera
[2.125s] -- Looking for gz-rendering8 -- found version 8.2.2
[2.125s] -- Looking for gz-math7 -- found version 7.5.2
[2.126s] -- Looking for gz-utils2 -- found version 2.2.1
[2.137s] -- Looking for gz-plugin2 -- found version 2.0.4
[2.137s] -- Looking for gz-common5 -- found version 5.7.1
[2.139s] -- Found ament_lint_auto: 0.17.3 (/opt/ros/jazzy/share/ament_lint_auto/cmake)
[2.200s] -- Added test 'cppcheck' to perform static code analysis on C / C++ code
[2.200s] -- Configured cppcheck include dirs: 
[2.200s] -- Configured cppcheck exclude dirs and/or files: 
[2.201s] -- Added test 'flake8' to check Python code syntax and style conventions
[2.201s] -- Configured 'flake8' exclude dirs and/or files: 
[2.202s] -- Added test 'lint_cmake' to check CMake code style
[2.203s] -- Added test 'pep257' to check Python code against some of the docstring style conventions in PEP 257
[2.203s] -- Added test 'uncrustify' to check C / C++ code style
[2.203s] -- Configured uncrustify additional arguments: 
[2.204s] -- Added test 'xmllint' to check XML markup files
[2.205s] -- Configuring done (2.2s)
[2.220s] -- Generating done (0.0s)
[2.223s] -- Build files have been written to: /home/thibaut/Documents/bimanual_mocap/bimanual_ws/build/bimanualrobot_gazebo
[2.234s] Invoked command in '/home/thibaut/Documents/bimanual_mocap/bimanual_ws/build/bimanualrobot_gazebo' returned '0': CMAKE_PREFIX_PATH=${CMAKE_PREFIX_PATH}:/opt/ros/jazzy DEBUGINFOD_URLS=https://debuginfod.ubuntu.com /usr/bin/cmake /home/thibaut/Documents/bimanual_mocap/bimanual_ws/src/bimanualrobot_ros2/bimanualrobot_gazebo -DAMENT_CMAKE_SYMLINK_INSTALL=1 -DCMAKE_INSTALL_PREFIX=/home/thibaut/Documents/bimanual_mocap/bimanual_ws/install/bimanualrobot_gazebo
[2.235s] Invoking command in '/home/thibaut/Documents/bimanual_mocap/bimanual_ws/build/bimanualrobot_gazebo': CMAKE_PREFIX_PATH=${CMAKE_PREFIX_PATH}:/opt/ros/jazzy DEBUGINFOD_URLS=https://debuginfod.ubuntu.com /usr/bin/cmake --build /home/thibaut/Documents/bimanual_mocap/bimanual_ws/build/bimanualrobot_gazebo -- -j6 -l6
[2.261s] [ 50%] [32mBuilding CXX object CMakeFiles/ball_leash_plugin.dir/src/ball_leash_plugin.cc.o[0m
[5.869s] [100%] [32m[1mLinking CXX shared library libball_leash_plugin.so[0m
[6.028s] [100%] Built target ball_leash_plugin
[6.033s] Invoked command in '/home/thibaut/Documents/bimanual_mocap/bimanual_ws/build/bimanualrobot_gazebo' returned '0': CMAKE_PREFIX_PATH=${CMAKE_PREFIX_PATH}:/opt/ros/jazzy DEBUGINFOD_URLS=https://debuginfod.ubuntu.com /usr/bin/cmake --build /home/thibaut/Documents/bimanual_mocap/bimanual_ws/build/bimanualrobot_gazebo -- -j6 -l6
[6.034s] Invoking command in '/home/thibaut/Documents/bimanual_mocap/bimanual_ws/build/bimanualrobot_gazebo': CMAKE_PREFIX_PATH=${CMAKE_PREFIX_PATH}:/opt/ros/jazzy DEBUGINFOD_URLS=https://debuginfod.ubuntu.com /usr/bin/cmake --install /home/thibaut/Documents/bimanual_mocap/bimanual_ws/build/bimanualrobot_gazebo
[6.041s] -- Install configuration: ""
[6.041s] -- Execute custom install script
[6.041s] -- Symlinking: /home/thibaut/Documents/bimanual_mocap/bimanual_ws/install/bimanualrobot_gazebo/lib/libball_leash_plugin.so
[6.046s] -- Symlinking: /home/thibaut/Documents/bimanual_mocap/bimanual_ws/install/bimanualrobot_gazebo/share/bimanualrobot_gazebo//config/ros_gz_bridge.yaml
[6.050s] -- Symlinking: /home/thibaut/Documents/bimanual_mocap/bimanual_ws/install/bimanualrobot_gazebo/share/bimanualrobot_gazebo//launch/bimanualrobot.gazebo.launch.py
[6.054s] -- Symlinking: /home/thibaut/Documents/bimanual_mocap/bimanual_ws/install/bimanualrobot_gazebo/share/bimanualrobot_gazebo//models/drum_cylinder/model.config
[6.058s] -- Symlinking: /home/thibaut/Documents/bimanual_mocap/bimanual_ws/install/bimanualrobot_gazebo/share/bimanualrobot_gazebo//models/drum_cylinder/model.sdf
[6.062s] -- Symlinking: /home/thibaut/Documents/bimanual_mocap/bimanual_ws/install/bimanualrobot_gazebo/share/bimanualrobot_gazebo//worlds/empty.world
[6.065s] -- Symlinking: /home/thibaut/Documents/bimanual_mocap/bimanual_ws/install/bimanualrobot_gazebo/share/bimanualrobot_gazebo//scripts/spawn_drum.py
[6.069s] -- Symlinking: /home/thibaut/Documents/bimanual_mocap/bimanual_ws/install/bimanualrobot_gazebo/lib/bimanualrobot_gazebo//spawn_drum.py
[6.073s] -- Symlinking: /home/thibaut/Documents/bimanual_mocap/bimanual_ws/install/bimanualrobot_gazebo/share/ament_index/resource_index/package_run_dependencies/bimanualrobot_gazebo
[6.077s] -- Symlinking: /home/thibaut/Documents/bimanual_mocap/bimanual_ws/install/bimanualrobot_gazebo/share/ament_index/resource_index/parent_prefix_path/bimanualrobot_gazebo
[6.081s] -- Symlinking: /home/thibaut/Documents/bimanual_mocap/bimanual_ws/install/bimanualrobot_gazebo/share/bimanualrobot_gazebo/environment/ament_prefix_path.sh
[6.085s] -- Symlinking: /home/thibaut/Documents/bimanual_mocap/bimanual_ws/install/bimanualrobot_gazebo/share/bimanualrobot_gazebo/environment/ament_prefix_path.dsv
[6.089s] -- Symlinking: /home/thibaut/Documents/bimanual_mocap/bimanual_ws/install/bimanualrobot_gazebo/share/bimanualrobot_gazebo/environment/path.sh
[6.092s] -- Symlinking: /home/thibaut/Documents/bimanual_mocap/bimanual_ws/install/bimanualrobot_gazebo/share/bimanualrobot_gazebo/environment/path.dsv
[6.096s] -- Symlinking: /home/thibaut/Documents/bimanual_mocap/bimanual_ws/install/bimanualrobot_gazebo/share/bimanualrobot_gazebo/local_setup.bash
[6.100s] -- Symlinking: /home/thibaut/Documents/bimanual_mocap/bimanual_ws/install/bimanualrobot_gazebo/share/bimanualrobot_gazebo/local_setup.sh
[6.104s] -- Symlinking: /home/thibaut/Documents/bimanual_mocap/bimanual_ws/install/bimanualrobot_gazebo/share/bimanualrobot_gazebo/local_setup.zsh
[6.107s] -- Symlinking: /home/thibaut/Documents/bimanual_mocap/bimanual_ws/install/bimanualrobot_gazebo/share/bimanualrobot_gazebo/local_setup.dsv
[6.112s] -- Symlinking: /home/thibaut/Documents/bimanual_mocap/bimanual_ws/install/bimanualrobot_gazebo/share/bimanualrobot_gazebo/package.dsv
[6.117s] -- Symlinking: /home/thibaut/Documents/bimanual_mocap/bimanual_ws/install/bimanualrobot_gazebo/share/ament_index/resource_index/packages/bimanualrobot_gazebo
[6.123s] -- Symlinking: /home/thibaut/Documents/bimanual_mocap/bimanual_ws/install/bimanualrobot_gazebo/share/bimanualrobot_gazebo/cmake/bimanualrobot_gazeboConfig.cmake
[6.129s] -- Symlinking: /home/thibaut/Documents/bimanual_mocap/bimanual_ws/install/bimanualrobot_gazebo/share/bimanualrobot_gazebo/cmake/bimanualrobot_gazeboConfig-version.cmake
[6.135s] -- Symlinking: /home/thibaut/Documents/bimanual_mocap/bimanual_ws/install/bimanualrobot_gazebo/share/bimanualrobot_gazebo/package.xml
[6.142s] Invoked command in '/home/thibaut/Documents/bimanual_mocap/bimanual_ws/build/bimanualrobot_gazebo' returned '0': CMAKE_PREFIX_PATH=${CMAKE_PREFIX_PATH}:/opt/ros/jazzy DEBUGINFOD_URLS=https://debuginfod.ubuntu.com /usr/bin/cmake --install /home/thibaut/Documents/bimanual_mocap/bimanual_ws/build/bimanualrobot_gazebo
