[0.059s] Invoking command in '/home/asurite.ad.asu.edu/troisin/Documents/bimanual_mocap/bimanual_ws/build/bimanualrobot_gazebo': CMAKE_PREFIX_PATH=${CMAKE_PREFIX_PATH}:/opt/ros/jazzy DEBUGINFOD_URLS=https://debuginfod.ubuntu.com /usr/bin/cmake --build /home/asurite.ad.asu.edu/troisin/Documents/bimanual_mocap/bimanual_ws/build/bimanualrobot_gazebo -- -j20 -l20
[0.111s] -- Found ament_cmake: 2.5.4 (/opt/ros/jazzy/share/ament_cmake/cmake)
[0.577s] -- Override CMake install command with custom implementation using symlinks instead of copying resources
[0.597s] -- Found controller_manager: 4.38.0 (/opt/ros/jazzy/share/controller_manager/cmake)
[0.682s] -- Found rosidl_generator_c: 4.6.6 (/opt/ros/jazzy/share/rosidl_generator_c/cmake)
[0.702s] -- Found rosidl_generator_cpp: 4.6.6 (/opt/ros/jazzy/share/rosidl_generator_cpp/cmake)
[0.726s] -- Using all available rosidl_typesupport_c: rosidl_typesupport_fastrtps_c;rosidl_typesupport_introspection_c
[0.769s] -- Using all available rosidl_typesupport_cpp: rosidl_typesupport_fastrtps_cpp;rosidl_typesupport_introspection_cpp
[0.910s] -- Found rmw_implementation_cmake: 7.3.2 (/opt/ros/jazzy/share/rmw_implementation_cmake/cmake)
[0.912s] -- Found rmw_fastrtps_cpp: 8.4.3 (/opt/ros/jazzy/share/rmw_fastrtps_cpp/cmake)
[1.031s] -- Using RMW implementation 'rmw_fastrtps_cpp' as default
[1.964s] -- Found gripper_controllers: 4.33.0 (/opt/ros/jazzy/share/gripper_controllers/cmake)
[2.043s] -- Found eigen3_cmake_module: 0.3.0 (/opt/ros/jazzy/share/eigen3_cmake_module/cmake)
[2.045s] -- Ensuring Eigen3 include directory is part of orocos-kdl CMake target
[2.252s] -- Found gz_ros2_control: 1.2.16 (/opt/ros/jazzy/share/gz_ros2_control/cmake)
[2.263s] -- Found ros_gz: 1.0.16 (/opt/ros/jazzy/share/ros_gz/cmake)
[2.264s] -- Found ros_gz_bridge: 1.0.16 (/opt/ros/jazzy/share/ros_gz_bridge/cmake)
[2.286s] -- Looking for gz-msgs10 -- found version 10.3.2
[2.305s] -- Searching for dependencies of gz-msgs10
[2.358s] -- Looking for gz-utils2 -- found version 2.2.1
[2.358s] -- Searching for dependencies of gz-utils2
[2.361s] -- Looking for gz-math7 -- found version 7.5.2
[2.361s] -- Searching for dependencies of gz-math7
[2.362s] -- Looking for gz-utils2 -- found version 2.2.1
[2.375s] -- Checking for module 'tinyxml2'
[2.413s] --   Found tinyxml2, version 10.0.0
[2.494s] -- Looking for gz-transport13 -- found version 13.4.1
[2.495s] -- Searching for dependencies of gz-transport13
[2.589s] -- Config-file not installed for ZeroMQ -- checking for pkg-config
[2.603s] -- Checking for module 'libzmq >= 4'
[2.640s] --   Found libzmq, version 4.3.5
[2.744s] -- Checking for module 'uuid'
[2.774s] --   Found uuid, version 2.39.3
[2.837s] -- Looking for gz-utils2 -- found version 2.2.1
[2.838s] -- Searching for dependencies of gz-utils2
[2.838s] -- Searching for <gz-utils2> component [cli]
[2.839s] -- Looking for gz-utils2-cli -- found version 2.2.1
[2.839s] -- Searching for dependencies of gz-utils2-cli
[2.841s] -- Looking for gz-msgs10 -- found version 10.3.2
[3.104s] -- Found ros_gz_image: 1.0.16 (/opt/ros/jazzy/share/ros_gz_image/cmake)
[3.104s] -- Found ros_gz_sim: 1.0.16 (/opt/ros/jazzy/share/ros_gz_sim/cmake)
[3.114s] -- Found ros2_control: 4.38.0 (/opt/ros/jazzy/share/ros2_control/cmake)
[3.114s] -- Found ros2_controllers: 4.33.0 (/opt/ros/jazzy/share/ros2_controllers/cmake)
[3.116s] -- Found xacro: 2.1.1 (/opt/ros/jazzy/share/xacro/cmake)
[3.153s] [31mCMake Error at CMakeLists.txt:24 (find_package):
[3.153s]   By not providing "Findgazebo.cmake" in CMAKE_MODULE_PATH this project has
[3.153s]   asked CMake to find a package configuration file provided by "gazebo", but
[3.154s]   CMake did not find one.
[3.154s] 
[3.154s]   Could not find a package configuration file provided by "gazebo" with any
[3.154s]   of the following names:
[3.155s] 
[3.155s]     gazeboConfig.cmake
[3.155s]     gazebo-config.cmake
[3.156s] 
[3.156s]   Add the installation prefix of "gazebo" to CMAKE_PREFIX_PATH or set
[3.156s]   "gazebo_DIR" to a directory containing one of the above files.  If "gazebo"
[3.156s]   provides a separate development package or SDK, be sure it has been
[3.157s]   installed.
[3.157s] 
[3.157s] [0m
[3.157s] -- Configuring incomplete, errors occurred!
[3.180s] gmake: *** [Makefile:226: cmake_check_build_system] Error 1
[3.183s] Invoked command in '/home/asurite.ad.asu.edu/troisin/Documents/bimanual_mocap/bimanual_ws/build/bimanualrobot_gazebo' returned '2': CMAKE_PREFIX_PATH=${CMAKE_PREFIX_PATH}:/opt/ros/jazzy DEBUGINFOD_URLS=https://debuginfod.ubuntu.com /usr/bin/cmake --build /home/asurite.ad.asu.edu/troisin/Documents/bimanual_mocap/bimanual_ws/build/bimanualrobot_gazebo -- -j20 -l20
