[0.020s] Invoking command in '/home/asurite.ad.asu.edu/troisin/Documents/bimanual_mocap/bimanual_ws/build/bimanualrobot_drumstick_moveit_config': AMENT_PREFIX_PATH=/home/asurite.ad.asu.edu/troisin/Documents/bimanual_mocap/bimanual_ws/install/bimanualrobot_description:${AMENT_PREFIX_PATH} CMAKE_PREFIX_PATH=/home/asurite.ad.asu.edu/troisin/Documents/bimanual_mocap/bimanual_ws/install/bimanualrobot_description:/opt/ros/jazzy/opt/gz_sim_vendor:/opt/ros/jazzy/opt/gz_sensors_vendor:/opt/ros/jazzy/opt/gz_physics_vendor:/opt/ros/jazzy/opt/sdformat_vendor:/opt/ros/jazzy/opt/gz_gui_vendor:/opt/ros/jazzy/opt/gz_transport_vendor:/opt/ros/jazzy/opt/gz_rendering_vendor:/opt/ros/jazzy/opt/gz_plugin_vendor:/opt/ros/jazzy/opt/gz_fuel_tools_vendor:/opt/ros/jazzy/opt/gz_msgs_vendor:/opt/ros/jazzy/opt/gz_common_vendor:/opt/ros/jazzy/opt/gz_math_vendor:/opt/ros/jazzy/opt/gz_utils_vendor:/opt/ros/jazzy/opt/gz_tools_vendor:/opt/ros/jazzy/opt/gz_ogre_next_vendor:/opt/ros/jazzy/opt/gz_dartsim_vendor:/opt/ros/jazzy/opt/gz_cmake_vendor:/opt/ros/jazzy DEBUGINFOD_URLS=https://debuginfod.ubuntu.com /usr/bin/cmake --build /home/asurite.ad.asu.edu/troisin/Documents/bimanual_mocap/bimanual_ws/build/bimanualrobot_drumstick_moveit_config -- -j20 -l20
[0.119s] Invoked command in '/home/asurite.ad.asu.edu/troisin/Documents/bimanual_mocap/bimanual_ws/build/bimanualrobot_drumstick_moveit_config' returned '0': AMENT_PREFIX_PATH=/home/asurite.ad.asu.edu/troisin/Documents/bimanual_mocap/bimanual_ws/install/bimanualrobot_description:${AMENT_PREFIX_PATH} CMAKE_PREFIX_PATH=/home/asurite.ad.asu.edu/troisin/Documents/bimanual_mocap/bimanual_ws/install/bimanualrobot_description:/opt/ros/jazzy/opt/gz_sim_vendor:/opt/ros/jazzy/opt/gz_sensors_vendor:/opt/ros/jazzy/opt/gz_physics_vendor:/opt/ros/jazzy/opt/sdformat_vendor:/opt/ros/jazzy/opt/gz_gui_vendor:/opt/ros/jazzy/opt/gz_transport_vendor:/opt/ros/jazzy/opt/gz_rendering_vendor:/opt/ros/jazzy/opt/gz_plugin_vendor:/opt/ros/jazzy/opt/gz_fuel_tools_vendor:/opt/ros/jazzy/opt/gz_msgs_vendor:/opt/ros/jazzy/opt/gz_common_vendor:/opt/ros/jazzy/opt/gz_math_vendor:/opt/ros/jazzy/opt/gz_utils_vendor:/opt/ros/jazzy/opt/gz_tools_vendor:/opt/ros/jazzy/opt/gz_ogre_next_vendor:/opt/ros/jazzy/opt/gz_dartsim_vendor:/opt/ros/jazzy/opt/gz_cmake_vendor:/opt/ros/jazzy DEBUGINFOD_URLS=https://debuginfod.ubuntu.com /usr/bin/cmake --build /home/asurite.ad.asu.edu/troisin/Documents/bimanual_mocap/bimanual_ws/build/bimanualrobot_drumstick_moveit_config -- -j20 -l20
[0.121s] Invoking command in '/home/asurite.ad.asu.edu/troisin/Documents/bimanual_mocap/bimanual_ws/build/bimanualrobot_drumstick_moveit_config': AMENT_PREFIX_PATH=/home/asurite.ad.asu.edu/troisin/Documents/bimanual_mocap/bimanual_ws/install/bimanualrobot_description:${AMENT_PREFIX_PATH} CMAKE_PREFIX_PATH=/home/asurite.ad.asu.edu/troisin/Documents/bimanual_mocap/bimanual_ws/install/bimanualrobot_description:/opt/ros/jazzy/opt/gz_sim_vendor:/opt/ros/jazzy/opt/gz_sensors_vendor:/opt/ros/jazzy/opt/gz_physics_vendor:/opt/ros/jazzy/opt/sdformat_vendor:/opt/ros/jazzy/opt/gz_gui_vendor:/opt/ros/jazzy/opt/gz_transport_vendor:/opt/ros/jazzy/opt/gz_rendering_vendor:/opt/ros/jazzy/opt/gz_plugin_vendor:/opt/ros/jazzy/opt/gz_fuel_tools_vendor:/opt/ros/jazzy/opt/gz_msgs_vendor:/opt/ros/jazzy/opt/gz_common_vendor:/opt/ros/jazzy/opt/gz_math_vendor:/opt/ros/jazzy/opt/gz_utils_vendor:/opt/ros/jazzy/opt/gz_tools_vendor:/opt/ros/jazzy/opt/gz_ogre_next_vendor:/opt/ros/jazzy/opt/gz_dartsim_vendor:/opt/ros/jazzy/opt/gz_cmake_vendor:/opt/ros/jazzy DEBUGINFOD_URLS=https://debuginfod.ubuntu.com /usr/bin/cmake --install /home/asurite.ad.asu.edu/troisin/Documents/bimanual_mocap/bimanual_ws/build/bimanualrobot_drumstick_moveit_config
[0.137s] -- Install configuration: ""
[0.137s] -- Execute custom install script
[0.138s] -- Symlinking: /home/asurite.ad.asu.edu/troisin/Documents/bimanual_mocap/bimanual_ws/install/bimanualrobot_drumstick_moveit_config/share/ament_index/resource_index/package_run_dependencies/bimanualrobot_drumstick_moveit_config
[0.155s] -- Symlinking: /home/asurite.ad.asu.edu/troisin/Documents/bimanual_mocap/bimanual_ws/install/bimanualrobot_drumstick_moveit_config/share/ament_index/resource_index/parent_prefix_path/bimanualrobot_drumstick_moveit_config
[0.175s] -- Symlinking: /home/asurite.ad.asu.edu/troisin/Documents/bimanual_mocap/bimanual_ws/install/bimanualrobot_drumstick_moveit_config/share/bimanualrobot_drumstick_moveit_config/environment/ament_prefix_path.sh
[0.195s] -- Symlinking: /home/asurite.ad.asu.edu/troisin/Documents/bimanual_mocap/bimanual_ws/install/bimanualrobot_drumstick_moveit_config/share/bimanualrobot_drumstick_moveit_config/environment/ament_prefix_path.dsv
[0.214s] -- Symlinking: /home/asurite.ad.asu.edu/troisin/Documents/bimanual_mocap/bimanual_ws/install/bimanualrobot_drumstick_moveit_config/share/bimanualrobot_drumstick_moveit_config/environment/path.sh
[0.232s] -- Symlinking: /home/asurite.ad.asu.edu/troisin/Documents/bimanual_mocap/bimanual_ws/install/bimanualrobot_drumstick_moveit_config/share/bimanualrobot_drumstick_moveit_config/environment/path.dsv
[0.252s] -- Symlinking: /home/asurite.ad.asu.edu/troisin/Documents/bimanual_mocap/bimanual_ws/install/bimanualrobot_drumstick_moveit_config/share/bimanualrobot_drumstick_moveit_config/local_setup.bash
[0.271s] -- Symlinking: /home/asurite.ad.asu.edu/troisin/Documents/bimanual_mocap/bimanual_ws/install/bimanualrobot_drumstick_moveit_config/share/bimanualrobot_drumstick_moveit_config/local_setup.sh
[0.290s] -- Symlinking: /home/asurite.ad.asu.edu/troisin/Documents/bimanual_mocap/bimanual_ws/install/bimanualrobot_drumstick_moveit_config/share/bimanualrobot_drumstick_moveit_config/local_setup.zsh
[0.312s] -- Symlinking: /home/asurite.ad.asu.edu/troisin/Documents/bimanual_mocap/bimanual_ws/install/bimanualrobot_drumstick_moveit_config/share/bimanualrobot_drumstick_moveit_config/local_setup.dsv
[0.332s] -- Symlinking: /home/asurite.ad.asu.edu/troisin/Documents/bimanual_mocap/bimanual_ws/install/bimanualrobot_drumstick_moveit_config/share/bimanualrobot_drumstick_moveit_config/package.dsv
[0.351s] -- Symlinking: /home/asurite.ad.asu.edu/troisin/Documents/bimanual_mocap/bimanual_ws/install/bimanualrobot_drumstick_moveit_config/share/ament_index/resource_index/packages/bimanualrobot_drumstick_moveit_config
[0.370s] -- Symlinking: /home/asurite.ad.asu.edu/troisin/Documents/bimanual_mocap/bimanual_ws/install/bimanualrobot_drumstick_moveit_config/share/bimanualrobot_drumstick_moveit_config/cmake/bimanualrobot_drumstick_moveit_configConfig.cmake
[0.391s] -- Symlinking: /home/asurite.ad.asu.edu/troisin/Documents/bimanual_mocap/bimanual_ws/install/bimanualrobot_drumstick_moveit_config/share/bimanualrobot_drumstick_moveit_config/cmake/bimanualrobot_drumstick_moveit_configConfig-version.cmake
[0.413s] -- Symlinking: /home/asurite.ad.asu.edu/troisin/Documents/bimanual_mocap/bimanual_ws/install/bimanualrobot_drumstick_moveit_config/share/bimanualrobot_drumstick_moveit_config/package.xml
[0.433s] -- Symlinking: /home/asurite.ad.asu.edu/troisin/Documents/bimanual_mocap/bimanual_ws/install/bimanualrobot_drumstick_moveit_config/share/bimanualrobot_drumstick_moveit_config/launch/demo.launch.py
[0.451s] -- Symlinking: /home/asurite.ad.asu.edu/troisin/Documents/bimanual_mocap/bimanual_ws/install/bimanualrobot_drumstick_moveit_config/share/bimanualrobot_drumstick_moveit_config/launch/move_group.launch.py
[0.469s] -- Symlinking: /home/asurite.ad.asu.edu/troisin/Documents/bimanual_mocap/bimanual_ws/install/bimanualrobot_drumstick_moveit_config/share/bimanualrobot_drumstick_moveit_config/launch/moveit_rviz.launch.py
[0.487s] -- Symlinking: /home/asurite.ad.asu.edu/troisin/Documents/bimanual_mocap/bimanual_ws/install/bimanualrobot_drumstick_moveit_config/share/bimanualrobot_drumstick_moveit_config/launch/rsp.launch.py
[0.507s] -- Symlinking: /home/asurite.ad.asu.edu/troisin/Documents/bimanual_mocap/bimanual_ws/install/bimanualrobot_drumstick_moveit_config/share/bimanualrobot_drumstick_moveit_config/launch/setup_assistant.launch.py
[0.527s] -- Symlinking: /home/asurite.ad.asu.edu/troisin/Documents/bimanual_mocap/bimanual_ws/install/bimanualrobot_drumstick_moveit_config/share/bimanualrobot_drumstick_moveit_config/launch/spawn_controllers.launch.py
[0.546s] -- Symlinking: /home/asurite.ad.asu.edu/troisin/Documents/bimanual_mocap/bimanual_ws/install/bimanualrobot_drumstick_moveit_config/share/bimanualrobot_drumstick_moveit_config/launch/static_virtual_joint_tfs.launch.py
[0.564s] -- Symlinking: /home/asurite.ad.asu.edu/troisin/Documents/bimanual_mocap/bimanual_ws/install/bimanualrobot_drumstick_moveit_config/share/bimanualrobot_drumstick_moveit_config/launch/warehouse_db.launch.py
[0.582s] -- Symlinking: /home/asurite.ad.asu.edu/troisin/Documents/bimanual_mocap/bimanual_ws/install/bimanualrobot_drumstick_moveit_config/share/bimanualrobot_drumstick_moveit_config/config/bimanualrobot.ros2_control.xacro
[0.600s] -- Symlinking: /home/asurite.ad.asu.edu/troisin/Documents/bimanual_mocap/bimanual_ws/install/bimanualrobot_drumstick_moveit_config/share/bimanualrobot_drumstick_moveit_config/config/bimanualrobot.urdf.xacro
[0.620s] -- Symlinking: /home/asurite.ad.asu.edu/troisin/Documents/bimanual_mocap/bimanual_ws/install/bimanualrobot_drumstick_moveit_config/share/bimanualrobot_drumstick_moveit_config/config/bimanualrobot/bimanualrobot.srdf
[0.640s] -- Symlinking: /home/asurite.ad.asu.edu/troisin/Documents/bimanual_mocap/bimanual_ws/install/bimanualrobot_drumstick_moveit_config/share/bimanualrobot_drumstick_moveit_config/config/bimanualrobot/initial_positions.yaml
[0.659s] -- Symlinking: /home/asurite.ad.asu.edu/troisin/Documents/bimanual_mocap/bimanual_ws/install/bimanualrobot_drumstick_moveit_config/share/bimanualrobot_drumstick_moveit_config/config/bimanualrobot/joint_limits.yaml
[0.676s] -- Symlinking: /home/asurite.ad.asu.edu/troisin/Documents/bimanual_mocap/bimanual_ws/install/bimanualrobot_drumstick_moveit_config/share/bimanualrobot_drumstick_moveit_config/config/bimanualrobot/kinematics.yaml
[0.696s] -- Symlinking: /home/asurite.ad.asu.edu/troisin/Documents/bimanual_mocap/bimanual_ws/install/bimanualrobot_drumstick_moveit_config/share/bimanualrobot_drumstick_moveit_config/config/bimanualrobot/moveit_controllers.yaml
[0.720s] -- Symlinking: /home/asurite.ad.asu.edu/troisin/Documents/bimanual_mocap/bimanual_ws/install/bimanualrobot_drumstick_moveit_config/share/bimanualrobot_drumstick_moveit_config/config/bimanualrobot/pilz_cartesian_limits.yaml
[0.740s] -- Symlinking: /home/asurite.ad.asu.edu/troisin/Documents/bimanual_mocap/bimanual_ws/install/bimanualrobot_drumstick_moveit_config/share/bimanualrobot_drumstick_moveit_config/config/bimanualrobot/ros2_controllers.yaml
[0.758s] -- Symlinking: /home/asurite.ad.asu.edu/troisin/Documents/bimanual_mocap/bimanual_ws/install/bimanualrobot_drumstick_moveit_config/share/bimanualrobot_drumstick_moveit_config/config/move_group.rviz
[0.777s] -- Symlinking: /home/asurite.ad.asu.edu/troisin/Documents/bimanual_mocap/bimanual_ws/install/bimanualrobot_drumstick_moveit_config/share/bimanualrobot_drumstick_moveit_config/config/ompl_planning.yaml
[0.800s] -- Symlinking: /home/asurite.ad.asu.edu/troisin/Documents/bimanual_mocap/bimanual_ws/install/bimanualrobot_drumstick_moveit_config/share/bimanualrobot_drumstick_moveit_config/config/pilz_industrial_motion_planner_planning.yaml
[0.822s] -- Symlinking: /home/asurite.ad.asu.edu/troisin/Documents/bimanual_mocap/bimanual_ws/install/bimanualrobot_drumstick_moveit_config/share/bimanualrobot_drumstick_moveit_config/config/planning_pipeline.yaml
[0.841s] -- Symlinking: /home/asurite.ad.asu.edu/troisin/Documents/bimanual_mocap/bimanual_ws/install/bimanualrobot_drumstick_moveit_config/share/bimanualrobot_drumstick_moveit_config/config/stomp_planning.yaml
[0.861s] -- Symlinking: /home/asurite.ad.asu.edu/troisin/Documents/bimanual_mocap/bimanual_ws/install/bimanualrobot_drumstick_moveit_config/share/bimanualrobot_drumstick_moveit_config/scripts/spawn_drum.py
[0.878s] -- Symlinking: /home/asurite.ad.asu.edu/troisin/Documents/bimanual_mocap/bimanual_ws/install/bimanualrobot_drumstick_moveit_config/lib/bimanualrobot_drumstick_moveit_config//spawn_drum.py
[0.895s] -- Symlinking: /home/asurite.ad.asu.edu/troisin/Documents/bimanual_mocap/bimanual_ws/install/bimanualrobot_drumstick_moveit_config/share/bimanualrobot_drumstick_moveit_config/.setup_assistant
[0.919s] Invoked command in '/home/asurite.ad.asu.edu/troisin/Documents/bimanual_mocap/bimanual_ws/build/bimanualrobot_drumstick_moveit_config' returned '0': AMENT_PREFIX_PATH=/home/asurite.ad.asu.edu/troisin/Documents/bimanual_mocap/bimanual_ws/install/bimanualrobot_description:${AMENT_PREFIX_PATH} CMAKE_PREFIX_PATH=/home/asurite.ad.asu.edu/troisin/Documents/bimanual_mocap/bimanual_ws/install/bimanualrobot_description:/opt/ros/jazzy/opt/gz_sim_vendor:/opt/ros/jazzy/opt/gz_sensors_vendor:/opt/ros/jazzy/opt/gz_physics_vendor:/opt/ros/jazzy/opt/sdformat_vendor:/opt/ros/jazzy/opt/gz_gui_vendor:/opt/ros/jazzy/opt/gz_transport_vendor:/opt/ros/jazzy/opt/gz_rendering_vendor:/opt/ros/jazzy/opt/gz_plugin_vendor:/opt/ros/jazzy/opt/gz_fuel_tools_vendor:/opt/ros/jazzy/opt/gz_msgs_vendor:/opt/ros/jazzy/opt/gz_common_vendor:/opt/ros/jazzy/opt/gz_math_vendor:/opt/ros/jazzy/opt/gz_utils_vendor:/opt/ros/jazzy/opt/gz_tools_vendor:/opt/ros/jazzy/opt/gz_ogre_next_vendor:/opt/ros/jazzy/opt/gz_dartsim_vendor:/opt/ros/jazzy/opt/gz_cmake_vendor:/opt/ros/jazzy DEBUGINFOD_URLS=https://debuginfod.ubuntu.com /usr/bin/cmake --install /home/asurite.ad.asu.edu/troisin/Documents/bimanual_mocap/bimanual_ws/build/bimanualrobot_drumstick_moveit_config
