[0.015s] Invoking command in '/home/thibaut/Documents/bimanual_mocap/build/dynamixel_sdk': CMAKE_PREFIX_PATH=${CMAKE_PREFIX_PATH}:/opt/ros/jazzy DEBUGINFOD_URLS=https://debuginfod.ubuntu.com /usr/bin/cmake /home/thibaut/Documents/bimanual_mocap/bimanual_ws/src/DynamixelSDK/ros/dynamixel_sdk -DAMENT_CMAKE_SYMLINK_INSTALL=1 -DCMAKE_INSTALL_PREFIX=/home/thibaut/Documents/bimanual_mocap/install/dynamixel_sdk
[0.864s] -- The C compiler identification is GNU 13.3.0
[1.021s] -- The CXX compiler identification is GNU 13.3.0
[1.039s] -- Detecting C compiler ABI info
[1.103s] -- Detecting C compiler ABI info - done
[1.109s] -- Check for working C compiler: /usr/bin/cc - skipped
[1.109s] -- Detecting C compile features
[1.109s] -- Detecting C compile features - done
[1.114s] -- Detecting CXX compiler ABI info
[1.171s] -- Detecting CXX compiler ABI info - done
[1.176s] -- Check for working CXX compiler: /usr/bin/c++ - skipped
[1.177s] -- Detecting CXX compile features
[1.177s] -- Detecting CXX compile features - done
[1.197s] -- Found ament_cmake: 2.5.4 (/opt/ros/jazzy/share/ament_cmake/cmake)
[1.310s] -- Found Python3: /usr/bin/python3 (found version "3.12.3") found components: Interpreter 
[1.357s] -- Override CMake install command with custom implementation using symlinks instead of copying resources
[1.515s] -- Configuring done (1.5s)
[1.519s] -- Generating done (0.0s)
[1.520s] -- Build files have been written to: /home/thibaut/Documents/bimanual_mocap/build/dynamixel_sdk
[1.523s] Invoked command in '/home/thibaut/Documents/bimanual_mocap/build/dynamixel_sdk' returned '0': CMAKE_PREFIX_PATH=${CMAKE_PREFIX_PATH}:/opt/ros/jazzy DEBUGINFOD_URLS=https://debuginfod.ubuntu.com /usr/bin/cmake /home/thibaut/Documents/bimanual_mocap/bimanual_ws/src/DynamixelSDK/ros/dynamixel_sdk -DAMENT_CMAKE_SYMLINK_INSTALL=1 -DCMAKE_INSTALL_PREFIX=/home/thibaut/Documents/bimanual_mocap/install/dynamixel_sdk
[1.524s] Invoking command in '/home/thibaut/Documents/bimanual_mocap/build/dynamixel_sdk': CMAKE_PREFIX_PATH=${CMAKE_PREFIX_PATH}:/opt/ros/jazzy DEBUGINFOD_URLS=https://debuginfod.ubuntu.com /usr/bin/cmake --build /home/thibaut/Documents/bimanual_mocap/build/dynamixel_sdk -- -j6 -l6
[1.553s] [  7%] [32mBuilding CXX object CMakeFiles/dynamixel_sdk.dir/src/dynamixel_sdk/protocol2_packet_handler.cpp.o[0m
[1.553s] [ 15%] [32mBuilding CXX object CMakeFiles/dynamixel_sdk.dir/src/dynamixel_sdk/packet_handler.cpp.o[0m
[1.555s] [ 23%] [32mBuilding CXX object CMakeFiles/dynamixel_sdk.dir/src/dynamixel_sdk/protocol1_packet_handler.cpp.o[0m
[1.555s] [ 30%] [32mBuilding CXX object CMakeFiles/dynamixel_sdk.dir/src/dynamixel_sdk/group_sync_read.cpp.o[0m
[1.559s] [ 30%] Built target ament_cmake_python_symlink_dynamixel_sdk
[1.559s] [ 38%] [32mBuilding CXX object CMakeFiles/dynamixel_sdk.dir/src/dynamixel_sdk/group_sync_write.cpp.o[0m
[1.568s] [ 46%] [32mBuilding CXX object CMakeFiles/dynamixel_sdk.dir/src/dynamixel_sdk/group_bulk_read.cpp.o[0m
[1.782s] [ 53%] [32mBuilding CXX object CMakeFiles/dynamixel_sdk.dir/src/dynamixel_sdk/group_bulk_write.cpp.o[0m
[1.782s] [ 61%] [32mBuilding CXX object CMakeFiles/dynamixel_sdk.dir/src/dynamixel_sdk/group_fast_bulk_read.cpp.o[0m
[1.830s] [ 69%] [32mBuilding CXX object CMakeFiles/dynamixel_sdk.dir/src/dynamixel_sdk/group_fast_sync_read.cpp.o[0m
[1.916s] [ 76%] [32mBuilding CXX object CMakeFiles/dynamixel_sdk.dir/src/dynamixel_sdk/group_handler.cpp.o[0m
[1.973s] [ 84%] [32mBuilding CXX object CMakeFiles/dynamixel_sdk.dir/src/dynamixel_sdk/port_handler.cpp.o[0m
[2.013s] [ 92%] [32mBuilding CXX object CMakeFiles/dynamixel_sdk.dir/src/dynamixel_sdk/port_handler_linux.cpp.o[0m
[2.019s] running egg_info
[2.020s] creating dynamixel_sdk.egg-info
[2.034s] writing dynamixel_sdk.egg-info/PKG-INFO
[2.034s] writing dependency_links to dynamixel_sdk.egg-info/dependency_links.txt
[2.035s] writing top-level names to dynamixel_sdk.egg-info/top_level.txt
[2.037s] writing manifest file 'dynamixel_sdk.egg-info/SOURCES.txt'
[2.076s] reading manifest file 'dynamixel_sdk.egg-info/SOURCES.txt'
[2.076s] writing manifest file 'dynamixel_sdk.egg-info/SOURCES.txt'
[2.103s] [ 92%] Built target ament_cmake_python_build_dynamixel_sdk_egg
[2.148s] [100%] [32m[1mLinking CXX shared library libdynamixel_sdk.so[0m
[2.187s] [100%] Built target dynamixel_sdk
[2.193s] Invoked command in '/home/thibaut/Documents/bimanual_mocap/build/dynamixel_sdk' returned '0': CMAKE_PREFIX_PATH=${CMAKE_PREFIX_PATH}:/opt/ros/jazzy DEBUGINFOD_URLS=https://debuginfod.ubuntu.com /usr/bin/cmake --build /home/thibaut/Documents/bimanual_mocap/build/dynamixel_sdk -- -j6 -l6
[2.198s] Invoking command in '/home/thibaut/Documents/bimanual_mocap/build/dynamixel_sdk': CMAKE_PREFIX_PATH=${CMAKE_PREFIX_PATH}:/opt/ros/jazzy DEBUGINFOD_URLS=https://debuginfod.ubuntu.com /usr/bin/cmake --install /home/thibaut/Documents/bimanual_mocap/build/dynamixel_sdk
[2.233s] -- Install configuration: ""
[2.233s] -- Execute custom install script
[2.233s] -- Symlinking: /home/thibaut/Documents/bimanual_mocap/install/dynamixel_sdk/include//dynamixel_sdk/dynamixel_sdk.h
[2.233s] -- Symlinking: /home/thibaut/Documents/bimanual_mocap/install/dynamixel_sdk/include//dynamixel_sdk/group_bulk_read.h
[2.233s] -- Symlinking: /home/thibaut/Documents/bimanual_mocap/install/dynamixel_sdk/include//dynamixel_sdk/group_bulk_write.h
[2.233s] -- Symlinking: /home/thibaut/Documents/bimanual_mocap/install/dynamixel_sdk/include//dynamixel_sdk/group_fast_bulk_read.h
[2.233s] -- Symlinking: /home/thibaut/Documents/bimanual_mocap/install/dynamixel_sdk/include//dynamixel_sdk/group_fast_sync_read.h
[2.233s] -- Symlinking: /home/thibaut/Documents/bimanual_mocap/install/dynamixel_sdk/include//dynamixel_sdk/group_handler.h
[2.233s] -- Symlinking: /home/thibaut/Documents/bimanual_mocap/install/dynamixel_sdk/include//dynamixel_sdk/group_sync_read.h
[2.239s] -- Symlinking: /home/thibaut/Documents/bimanual_mocap/install/dynamixel_sdk/include//dynamixel_sdk/group_sync_write.h
[2.245s] -- Symlinking: /home/thibaut/Documents/bimanual_mocap/install/dynamixel_sdk/include//dynamixel_sdk/packet_handler.h
[2.250s] -- Symlinking: /home/thibaut/Documents/bimanual_mocap/install/dynamixel_sdk/include//dynamixel_sdk/port_handler.h
[2.256s] -- Symlinking: /home/thibaut/Documents/bimanual_mocap/install/dynamixel_sdk/include//dynamixel_sdk/port_handler_arduino.h
[2.262s] -- Symlinking: /home/thibaut/Documents/bimanual_mocap/install/dynamixel_sdk/include//dynamixel_sdk/port_handler_linux.h
[2.266s] -- Symlinking: /home/thibaut/Documents/bimanual_mocap/install/dynamixel_sdk/include//dynamixel_sdk/port_handler_mac.h
[2.272s] -- Symlinking: /home/thibaut/Documents/bimanual_mocap/install/dynamixel_sdk/include//dynamixel_sdk/port_handler_windows.h
[2.278s] -- Symlinking: /home/thibaut/Documents/bimanual_mocap/install/dynamixel_sdk/include//dynamixel_sdk/protocol1_packet_handler.h
[2.285s] -- Symlinking: /home/thibaut/Documents/bimanual_mocap/install/dynamixel_sdk/include//dynamixel_sdk/protocol2_packet_handler.h
[2.295s] -- Symlinking: /home/thibaut/Documents/bimanual_mocap/install/dynamixel_sdk/share/dynamixel_sdk/environment/pythonpath.sh
[2.302s] -- Symlinking: /home/thibaut/Documents/bimanual_mocap/install/dynamixel_sdk/share/dynamixel_sdk/environment/pythonpath.dsv
[2.308s] -- Symlinking: /home/thibaut/Documents/bimanual_mocap/install/dynamixel_sdk/lib/python3.12/site-packages/dynamixel_sdk-3.8.4-py3.12.egg-info/PKG-INFO
[2.313s] -- Symlinking: /home/thibaut/Documents/bimanual_mocap/install/dynamixel_sdk/lib/python3.12/site-packages/dynamixel_sdk-3.8.4-py3.12.egg-info/SOURCES.txt
[2.319s] -- Symlinking: /home/thibaut/Documents/bimanual_mocap/install/dynamixel_sdk/lib/python3.12/site-packages/dynamixel_sdk-3.8.4-py3.12.egg-info/dependency_links.txt
[2.325s] -- Symlinking: /home/thibaut/Documents/bimanual_mocap/install/dynamixel_sdk/lib/python3.12/site-packages/dynamixel_sdk-3.8.4-py3.12.egg-info/top_level.txt
[2.331s] -- Symlinking: /home/thibaut/Documents/bimanual_mocap/install/dynamixel_sdk/lib/python3.12/site-packages/dynamixel_sdk/__init__.py
[2.334s] -- Symlinking: /home/thibaut/Documents/bimanual_mocap/install/dynamixel_sdk/lib/python3.12/site-packages/dynamixel_sdk/group_bulk_read.cpp
[2.340s] -- Symlinking: /home/thibaut/Documents/bimanual_mocap/install/dynamixel_sdk/lib/python3.12/site-packages/dynamixel_sdk/group_bulk_read.py
[2.344s] -- Symlinking: /home/thibaut/Documents/bimanual_mocap/install/dynamixel_sdk/lib/python3.12/site-packages/dynamixel_sdk/group_bulk_write.cpp
[2.349s] -- Symlinking: /home/thibaut/Documents/bimanual_mocap/install/dynamixel_sdk/lib/python3.12/site-packages/dynamixel_sdk/group_bulk_write.py
[2.354s] -- Symlinking: /home/thibaut/Documents/bimanual_mocap/install/dynamixel_sdk/lib/python3.12/site-packages/dynamixel_sdk/group_fast_bulk_read.cpp
[2.359s] -- Symlinking: /home/thibaut/Documents/bimanual_mocap/install/dynamixel_sdk/lib/python3.12/site-packages/dynamixel_sdk/group_fast_sync_read.cpp
[2.363s] -- Symlinking: /home/thibaut/Documents/bimanual_mocap/install/dynamixel_sdk/lib/python3.12/site-packages/dynamixel_sdk/group_handler.cpp
[2.368s] -- Symlinking: /home/thibaut/Documents/bimanual_mocap/install/dynamixel_sdk/lib/python3.12/site-packages/dynamixel_sdk/group_sync_read.cpp
[2.374s] -- Symlinking: /home/thibaut/Documents/bimanual_mocap/install/dynamixel_sdk/lib/python3.12/site-packages/dynamixel_sdk/group_sync_read.py
[2.380s] -- Symlinking: /home/thibaut/Documents/bimanual_mocap/install/dynamixel_sdk/lib/python3.12/site-packages/dynamixel_sdk/group_sync_write.cpp
[2.386s] -- Symlinking: /home/thibaut/Documents/bimanual_mocap/install/dynamixel_sdk/lib/python3.12/site-packages/dynamixel_sdk/group_sync_write.py
[2.391s] -- Symlinking: /home/thibaut/Documents/bimanual_mocap/install/dynamixel_sdk/lib/python3.12/site-packages/dynamixel_sdk/packet_handler.cpp
[2.396s] -- Symlinking: /home/thibaut/Documents/bimanual_mocap/install/dynamixel_sdk/lib/python3.12/site-packages/dynamixel_sdk/packet_handler.py
[2.403s] -- Symlinking: /home/thibaut/Documents/bimanual_mocap/install/dynamixel_sdk/lib/python3.12/site-packages/dynamixel_sdk/port_handler.cpp
[2.407s] -- Symlinking: /home/thibaut/Documents/bimanual_mocap/install/dynamixel_sdk/lib/python3.12/site-packages/dynamixel_sdk/port_handler.py
[2.411s] -- Symlinking: /home/thibaut/Documents/bimanual_mocap/install/dynamixel_sdk/lib/python3.12/site-packages/dynamixel_sdk/port_handler_arduino.cpp
[2.417s] -- Symlinking: /home/thibaut/Documents/bimanual_mocap/install/dynamixel_sdk/lib/python3.12/site-packages/dynamixel_sdk/port_handler_linux.cpp
[2.422s] -- Symlinking: /home/thibaut/Documents/bimanual_mocap/install/dynamixel_sdk/lib/python3.12/site-packages/dynamixel_sdk/port_handler_mac.cpp
[2.427s] -- Symlinking: /home/thibaut/Documents/bimanual_mocap/install/dynamixel_sdk/lib/python3.12/site-packages/dynamixel_sdk/port_handler_windows.cpp
[2.432s] -- Symlinking: /home/thibaut/Documents/bimanual_mocap/install/dynamixel_sdk/lib/python3.12/site-packages/dynamixel_sdk/protocol1_packet_handler.cpp
[2.436s] -- Symlinking: /home/thibaut/Documents/bimanual_mocap/install/dynamixel_sdk/lib/python3.12/site-packages/dynamixel_sdk/protocol1_packet_handler.py
[2.441s] -- Symlinking: /home/thibaut/Documents/bimanual_mocap/install/dynamixel_sdk/lib/python3.12/site-packages/dynamixel_sdk/protocol2_packet_handler.cpp
[2.446s] -- Symlinking: /home/thibaut/Documents/bimanual_mocap/install/dynamixel_sdk/lib/python3.12/site-packages/dynamixel_sdk/protocol2_packet_handler.py
[2.451s] -- Symlinking: /home/thibaut/Documents/bimanual_mocap/install/dynamixel_sdk/lib/python3.12/site-packages/dynamixel_sdk/robotis_def.py
[2.456s] -- Symlinking: /home/thibaut/Documents/bimanual_mocap/install/dynamixel_sdk/share/dynamixel_sdk/environment/library_path.sh
[2.460s] -- Symlinking: /home/thibaut/Documents/bimanual_mocap/install/dynamixel_sdk/share/dynamixel_sdk/environment/library_path.dsv
[2.465s] -- Symlinking: /home/thibaut/Documents/bimanual_mocap/install/dynamixel_sdk/share/ament_index/resource_index/package_run_dependencies/dynamixel_sdk
[2.471s] -- Symlinking: /home/thibaut/Documents/bimanual_mocap/install/dynamixel_sdk/share/ament_index/resource_index/parent_prefix_path/dynamixel_sdk
[2.476s] -- Symlinking: /home/thibaut/Documents/bimanual_mocap/install/dynamixel_sdk/share/dynamixel_sdk/environment/ament_prefix_path.sh
[2.481s] -- Symlinking: /home/thibaut/Documents/bimanual_mocap/install/dynamixel_sdk/share/dynamixel_sdk/environment/ament_prefix_path.dsv
[2.486s] -- Symlinking: /home/thibaut/Documents/bimanual_mocap/install/dynamixel_sdk/share/dynamixel_sdk/environment/path.sh
[2.490s] -- Symlinking: /home/thibaut/Documents/bimanual_mocap/install/dynamixel_sdk/share/dynamixel_sdk/environment/path.dsv
[2.495s] -- Symlinking: /home/thibaut/Documents/bimanual_mocap/install/dynamixel_sdk/share/dynamixel_sdk/local_setup.bash
[2.499s] -- Symlinking: /home/thibaut/Documents/bimanual_mocap/install/dynamixel_sdk/share/dynamixel_sdk/local_setup.sh
[2.504s] -- Symlinking: /home/thibaut/Documents/bimanual_mocap/install/dynamixel_sdk/share/dynamixel_sdk/local_setup.zsh
[2.508s] -- Symlinking: /home/thibaut/Documents/bimanual_mocap/install/dynamixel_sdk/share/dynamixel_sdk/local_setup.dsv
[2.512s] -- Symlinking: /home/thibaut/Documents/bimanual_mocap/install/dynamixel_sdk/share/dynamixel_sdk/package.dsv
[2.519s] -- Symlinking: /home/thibaut/Documents/bimanual_mocap/install/dynamixel_sdk/share/ament_index/resource_index/packages/dynamixel_sdk
[2.522s] -- Symlinking: /home/thibaut/Documents/bimanual_mocap/install/dynamixel_sdk/share/dynamixel_sdk/cmake/ament_cmake_export_targets-extras.cmake
[2.527s] -- Symlinking: /home/thibaut/Documents/bimanual_mocap/install/dynamixel_sdk/share/dynamixel_sdk/cmake/ament_cmake_export_include_directories-extras.cmake
[2.532s] -- Symlinking: /home/thibaut/Documents/bimanual_mocap/install/dynamixel_sdk/share/dynamixel_sdk/cmake/ament_cmake_export_libraries-extras.cmake
[2.537s] -- Symlinking: /home/thibaut/Documents/bimanual_mocap/install/dynamixel_sdk/share/dynamixel_sdk/cmake/dynamixel_sdkConfig.cmake
[2.542s] -- Symlinking: /home/thibaut/Documents/bimanual_mocap/install/dynamixel_sdk/share/dynamixel_sdk/cmake/dynamixel_sdkConfig-version.cmake
[2.547s] -- Symlinking: /home/thibaut/Documents/bimanual_mocap/install/dynamixel_sdk/share/dynamixel_sdk/package.xml
[2.552s] -- Installing: /home/thibaut/Documents/bimanual_mocap/install/dynamixel_sdk/lib/libdynamixel_sdk.so
[2.580s] Listing '/home/thibaut/Documents/bimanual_mocap/install/dynamixel_sdk/lib/python3.12/site-packages/dynamixel_sdk'...
[2.580s] Compiling '/home/thibaut/Documents/bimanual_mocap/install/dynamixel_sdk/lib/python3.12/site-packages/dynamixel_sdk/__init__.py'...
[2.580s] Compiling '/home/thibaut/Documents/bimanual_mocap/install/dynamixel_sdk/lib/python3.12/site-packages/dynamixel_sdk/group_bulk_read.py'...
[2.580s] Compiling '/home/thibaut/Documents/bimanual_mocap/install/dynamixel_sdk/lib/python3.12/site-packages/dynamixel_sdk/group_bulk_write.py'...
[2.580s] Compiling '/home/thibaut/Documents/bimanual_mocap/install/dynamixel_sdk/lib/python3.12/site-packages/dynamixel_sdk/group_sync_read.py'...
[2.580s] Compiling '/home/thibaut/Documents/bimanual_mocap/install/dynamixel_sdk/lib/python3.12/site-packages/dynamixel_sdk/group_sync_write.py'...
[2.580s] Compiling '/home/thibaut/Documents/bimanual_mocap/install/dynamixel_sdk/lib/python3.12/site-packages/dynamixel_sdk/packet_handler.py'...
[2.580s] Compiling '/home/thibaut/Documents/bimanual_mocap/install/dynamixel_sdk/lib/python3.12/site-packages/dynamixel_sdk/port_handler.py'...
[2.580s] Compiling '/home/thibaut/Documents/bimanual_mocap/install/dynamixel_sdk/lib/python3.12/site-packages/dynamixel_sdk/protocol1_packet_handler.py'...
[2.580s] Compiling '/home/thibaut/Documents/bimanual_mocap/install/dynamixel_sdk/lib/python3.12/site-packages/dynamixel_sdk/protocol2_packet_handler.py'...
[2.580s] Compiling '/home/thibaut/Documents/bimanual_mocap/install/dynamixel_sdk/lib/python3.12/site-packages/dynamixel_sdk/robotis_def.py'...
[2.584s] -- Installing: /home/thibaut/Documents/bimanual_mocap/install/dynamixel_sdk/share/dynamixel_sdk/cmake/dynamixel_sdkExport.cmake
[2.584s] -- Installing: /home/thibaut/Documents/bimanual_mocap/install/dynamixel_sdk/share/dynamixel_sdk/cmake/dynamixel_sdkExport-noconfig.cmake
[2.588s] Invoked command in '/home/thibaut/Documents/bimanual_mocap/build/dynamixel_sdk' returned '0': CMAKE_PREFIX_PATH=${CMAKE_PREFIX_PATH}:/opt/ros/jazzy DEBUGINFOD_URLS=https://debuginfod.ubuntu.com /usr/bin/cmake --install /home/thibaut/Documents/bimanual_mocap/build/dynamixel_sdk
