[0.013s] Invoking command in '/home/thibaut/Documents/bimanual_mocap/build/bimanualrobot_gazebo': CMAKE_PREFIX_PATH=${CMAKE_PREFIX_PATH}:/opt/ros/jazzy DEBUGINFOD_URLS=https://debuginfod.ubuntu.com /usr/bin/cmake /home/thibaut/Documents/bimanual_mocap/bimanual_ws/src/bimanualrobot_ros2/bimanualrobot_gazebo -DAMENT_CMAKE_SYMLINK_INSTALL=1 -DCMAKE_INSTALL_PREFIX=/home/thibaut/Documents/bimanual_mocap/install/bimanualrobot_gazebo
[0.857s] -- The C compiler identification is GNU 13.3.0
[1.014s] -- The CXX compiler identification is GNU 13.3.0
[1.028s] -- Detecting C compiler ABI info
[1.101s] -- Detecting C compiler ABI info - done
[1.110s] -- Check for working C compiler: /usr/bin/cc - skipped
[1.110s] -- Detecting C compile features
[1.111s] -- Detecting C compile features - done
[1.118s] -- Detecting CXX compiler ABI info
[1.175s] -- Detecting CXX compiler ABI info - done
[1.180s] -- Check for working CXX compiler: /usr/bin/c++ - skipped
[1.180s] -- Detecting CXX compile features
[1.180s] -- Detecting CXX compile features - done
[1.188s] -- Found ament_cmake: 2.5.4 (/opt/ros/jazzy/share/ament_cmake/cmake)
[1.310s] -- Found Python3: /usr/bin/python3 (found version "3.12.3") found components: Interpreter 
[1.350s] -- Override CMake install command with custom implementation using symlinks instead of copying resources
[1.386s] -- Found controller_manager: 4.35.0 (/opt/ros/jazzy/share/controller_manager/cmake)
[1.435s] -- Found rosidl_generator_c: 4.6.6 (/opt/ros/jazzy/share/rosidl_generator_c/cmake)
[1.448s] -- Found rosidl_generator_cpp: 4.6.6 (/opt/ros/jazzy/share/rosidl_generator_cpp/cmake)
[1.466s] -- Using all available rosidl_typesupport_c: rosidl_typesupport_fastrtps_c;rosidl_typesupport_introspection_c
[1.483s] -- Using all available rosidl_typesupport_cpp: rosidl_typesupport_fastrtps_cpp;rosidl_typesupport_introspection_cpp
[1.570s] -- Found rmw_implementation_cmake: 7.3.2 (/opt/ros/jazzy/share/rmw_implementation_cmake/cmake)
[1.576s] -- Found rmw_fastrtps_cpp: 8.4.3 (/opt/ros/jazzy/share/rmw_fastrtps_cpp/cmake)
[1.704s] -- Found OpenSSL: /usr/lib/aarch64-linux-gnu/libcrypto.so (found version "3.0.13")  
[1.745s] -- Found FastRTPS: /opt/ros/jazzy/include (Required is at least version "2.13") 
[1.774s] -- Using RMW implementation 'rmw_fastrtps_cpp' as default
[2.433s] -- Found gripper_controllers: 4.30.1 (/opt/ros/jazzy/share/gripper_controllers/cmake)
[2.462s] -- Found eigen3_cmake_module: 0.3.0 (/opt/ros/jazzy/share/eigen3_cmake_module/cmake)
[2.462s] -- Found Eigen3: TRUE (found version "3.4.0") 
[2.462s] -- Ensuring Eigen3 include directory is part of orocos-kdl CMake target
[2.523s] -- Found gz_ros2_control: 1.2.14 (/opt/ros/jazzy/share/gz_ros2_control/cmake)
[2.527s] -- Found ros_gz: 1.0.16 (/opt/ros/jazzy/share/ros_gz/cmake)
[2.530s] -- Found ros_gz_bridge: 1.0.16 (/opt/ros/jazzy/share/ros_gz_bridge/cmake)
[2.549s] -- Looking for gz-msgs10 -- found version 10.3.2
[2.557s] -- Searching for dependencies of gz-msgs10
[2.586s] -- Found Protobuf: /usr/lib/aarch64-linux-gnu/libprotobuf.so (found version "3.21.12") 
[2.589s] -- Looking for gz-utils2 -- found version 2.2.1
[2.589s] -- Searching for dependencies of gz-utils2
[2.594s] -- Looking for gz-math7 -- found version 7.5.2
[2.594s] -- Searching for dependencies of gz-math7
[2.594s] -- Looking for gz-utils2 -- found version 2.2.1
[2.599s] -- Checking for module 'tinyxml2'
[2.607s] --   Found tinyxml2, version 10.0.0
[2.638s] -- Looking for gz-transport13 -- found version 13.4.1
[2.638s] -- Searching for dependencies of gz-transport13
[2.658s] -- Config-file not installed for ZeroMQ -- checking for pkg-config
[2.662s] -- Checking for module 'libzmq >= 4'
[2.670s] --   Found libzmq, version 4.3.5
[2.699s] -- Found ZeroMQ: TRUE (Required is at least version "4") 
[2.701s] -- Checking for module 'uuid'
[2.709s] --   Found uuid, version 2.39.3
[2.725s] -- Found UUID: TRUE  
[2.726s] -- Looking for gz-utils2 -- found version 2.2.1
[2.726s] -- Searching for dependencies of gz-utils2
[2.726s] -- Searching for <gz-utils2> component [cli]
[2.728s] -- Looking for gz-utils2-cli -- found version 2.2.1
[2.728s] -- Searching for dependencies of gz-utils2-cli
[2.729s] -- Looking for gz-msgs10 -- found version 10.3.2
[2.833s] -- Found ros_gz_image: 1.0.16 (/opt/ros/jazzy/share/ros_gz_image/cmake)
[2.836s] -- Found ros_gz_sim: 1.0.16 (/opt/ros/jazzy/share/ros_gz_sim/cmake)
[2.843s] -- Found ros2_control: 4.35.0 (/opt/ros/jazzy/share/ros2_control/cmake)
[2.846s] -- Found ros2_controllers: 4.30.1 (/opt/ros/jazzy/share/ros2_controllers/cmake)
[2.848s] -- Found xacro: 2.0.13 (/opt/ros/jazzy/share/xacro/cmake)
[2.853s] -- Looking for gz-sim8 -- found version 8.9.0
[2.853s] -- Searching for dependencies of gz-sim8
[2.854s] -- Looking for sdformat14 -- found version 14.8.0
[2.855s] -- Searching for dependencies of sdformat14
[2.858s] -- Looking for gz-math7 -- found version 7.5.2
[2.859s] -- Looking for gz-utils2 -- found version 2.2.1
[2.861s] -- Looking for gz-plugin2 -- found version 2.0.4
[2.861s] -- Searching for dependencies of gz-plugin2
[2.861s] -- Looking for gz-utils2 -- found version 2.2.1
[2.862s] -- Searching for <gz-plugin2> component [loader]
[2.864s] -- Looking for gz-plugin2-loader -- found version 2.0.4
[2.864s] -- Searching for dependencies of gz-plugin2-loader
[2.864s] -- Searching for <gz-plugin2> component [register]
[2.866s] -- Looking for gz-plugin2-register -- found version 2.0.4
[2.866s] -- Searching for dependencies of gz-plugin2-register
[2.869s] -- Looking for gz-transport13 -- found version 13.4.1
[2.869s] -- Searching for dependencies of gz-transport13
[2.886s] -- Config-file not installed for ZeroMQ -- checking for pkg-config
[2.888s] -- Checking for module 'libzmq >= 4'
[2.896s] --   Found libzmq, version 4.3.5
[2.923s] -- Looking for gz-utils2 -- found version 2.2.1
[2.923s] -- Looking for gz-msgs10 -- found version 10.3.2
[2.923s] -- Searching for <gz-transport13> component [log]
[2.925s] -- Looking for gz-transport13-log -- found version 13.4.1
[2.925s] -- Searching for dependencies of gz-transport13-log
[2.926s] -- Searching for <gz-transport13> component [parameters]
[2.927s] -- Looking for gz-transport13-parameters -- found version 13.4.1
[2.927s] -- Searching for dependencies of gz-transport13-parameters
[2.929s] -- Looking for gz-msgs10 -- found version 10.3.2
[2.932s] -- Looking for gz-common5 -- found version 5.7.1
[2.932s] -- Searching for dependencies of gz-common5
[2.932s] -- Looking for gz-utils2 -- found version 2.2.1
[2.934s] -- Looking for dlfcn.h - found
[2.934s] -- Looking for libdl - found
[2.934s] -- Found DL: TRUE  
[2.939s] -- Searching for <gz-common5> component [av]
[2.943s] -- Looking for gz-common5-av -- found version 5.7.1
[2.943s] -- Searching for dependencies of gz-common5-av
[2.944s] -- Checking for module 'libswscale'
[2.955s] --   Found libswscale, version 7.5.100
[2.970s] -- Found SWSCALE: TRUE  
[2.973s] -- Checking for module 'libavdevice >= 56.4.100'
[2.981s] --   Found libavdevice, version 60.3.100
[3.004s] -- Found AVDEVICE: TRUE (Required is at least version "56.4.100") 
[3.008s] -- Checking for module 'libavformat'
[3.016s] --   Found libavformat, version 60.16.100
[3.035s] -- Found AVFORMAT: TRUE  
[3.038s] -- Checking for module 'libavcodec'
[3.046s] --   Found libavcodec, version 60.31.102
[3.062s] -- Found AVCODEC: TRUE  
[3.066s] -- Checking for module 'libavutil'
[3.073s] --   Found libavutil, version 58.29.100
[3.087s] -- Found AVUTIL: TRUE  
[3.088s] -- Searching for <gz-common5> component [events]
[3.089s] -- Looking for gz-common5-events -- found version 5.7.1
[3.089s] -- Searching for dependencies of gz-common5-events
[3.089s] -- Looking for gz-math7 -- found version 7.5.2
[3.090s] -- Searching for <gz-common5> component [graphics]
[3.092s] -- Looking for gz-common5-graphics -- found version 5.7.1
[3.092s] -- Searching for dependencies of gz-common5-graphics
[3.092s] -- Looking for gz-math7 -- found version 7.5.2
[3.097s] -- Found GzAssimp: TRUE (found version "5.3.0") 
[3.098s] -- Searching for <gz-common5> component [io]
[3.099s] -- Looking for gz-common5-io -- found version 5.7.1
[3.099s] -- Searching for dependencies of gz-common5-io
[3.099s] -- Searching for <gz-common5> component [profiler]
[3.100s] -- Looking for gz-common5-profiler -- found version 5.7.1
[3.100s] -- Searching for dependencies of gz-common5-profiler
[3.103s] -- Looking for gz-fuel_tools9 -- found version 9.1.1
[3.103s] -- Searching for dependencies of gz-fuel_tools9
[3.146s] -- Found CURL: /usr/lib/aarch64-linux-gnu/libcurl.so (found version "8.5.0")  
[3.153s] -- Checking for module 'jsoncpp'
[3.160s] --   Found jsoncpp, version 1.9.5
[3.175s] -- Found JSONCPP: TRUE  
[3.185s] -- Checking for module 'yaml-0.1'
[3.192s] --   Found yaml-0.1, version 0.2.5
[3.206s] -- Found YAML: TRUE  
[3.209s] -- Checking for module 'libzip'
[3.216s] --   Found libzip, version 1.7.3
[3.232s] -- Found ZIP: TRUE  
[3.232s] -- Looking for gz-utils2 -- found version 2.2.1
[3.232s] -- Looking for gz-common5 -- found version 5.7.1
[3.232s] -- Searching for dependencies of gz-common5
[3.232s] -- Looking for gz-utils2 -- found version 2.2.1
[3.232s] -- Looking for dlfcn.h - found
[3.232s] -- Looking for libdl - found
[3.237s] -- Searching for <gz-common5> component [testing]
[3.238s] -- Looking for gz-common5-testing -- found version 5.7.1
[3.238s] -- Searching for dependencies of gz-common5-testing
[3.239s] -- Looking for gz-math7 -- found version 7.5.2
[3.239s] -- Looking for gz-msgs10 -- found version 10.3.2
[3.241s] -- Looking for gz-gui8 -- found version 8.4.0
[3.241s] -- Searching for dependencies of gz-gui8
[3.255s] -- Looking for gz-utils2 -- found version 2.2.1
[3.255s] -- Looking for gz-math7 -- found version 7.5.2
[3.255s] -- Looking for gz-common5 -- found version 5.7.1
[3.255s] -- Looking for gz-plugin2 -- found version 2.0.4
[3.255s] -- Looking for gz-transport13 -- found version 13.4.1
[3.257s] -- Looking for gz-rendering8 -- found version 8.2.2
[3.257s] -- Searching for dependencies of gz-rendering8
[3.258s] -- Looking for gz-math7 -- found version 7.5.2
[3.258s] -- Searching for dependencies of gz-math7
[3.258s] -- Looking for gz-utils2 -- found version 2.2.1
[3.258s] -- Searching for <gz-math7> component [eigen3]
[3.260s] -- Looking for gz-math7-eigen3 -- found version 7.5.2
[3.260s] -- Searching for dependencies of gz-math7-eigen3
[3.262s] -- Looking for gz-common5 -- found version 5.7.1
[3.262s] -- Searching for dependencies of gz-common5
[3.262s] -- Looking for gz-utils2 -- found version 2.2.1
[3.262s] -- Looking for dlfcn.h - found
[3.262s] -- Looking for libdl - found
[3.267s] -- Searching for <gz-common5> component [graphics]
[3.267s] -- Searching for <gz-common5> component [events]
[3.267s] -- Searching for <gz-common5> component [geospatial]
[3.267s] -- Looking for gz-common5-geospatial -- found version 5.7.1
[3.267s] -- Searching for dependencies of gz-common5-geospatial
[3.267s] -- Looking for gz-math7 -- found version 7.5.2
[3.268s] -- Looking for gz-common5 -- found version 5.7.1
[3.268s] -- Looking for gz-plugin2 -- found version 2.0.4
[3.268s] -- Searching for dependencies of gz-plugin2
[3.269s] -- Looking for gz-utils2 -- found version 2.2.1
[3.269s] -- Searching for <gz-plugin2> component [all]
[3.270s] -- Looking for all libraries of gz-plugin2 -- found version 2.0.4
[3.270s] -- Looking for gz-plugin2 -- found version 2.0.4
[3.271s] -- Looking for gz-utils2 -- found version 2.2.1
[3.276s] -- Found OpenGL: /usr/lib/aarch64-linux-gnu/libOpenGL.so  found components: OpenGL 
[3.277s] -- Looking for gz-msgs10 -- found version 10.3.2
[3.294s] -- Looking for gz-physics7 -- found version 7.5.0
[3.295s] -- Searching for dependencies of gz-physics7
[3.295s] -- Looking for gz-common5 -- found version 5.7.1
[3.295s] -- Looking for gz-math7 -- found version 7.5.2
[3.296s] -- Looking for gz-plugin2 -- found version 2.0.4
[3.296s] -- Looking for gz-utils2 -- found version 2.2.1
[3.296s] -- Searching for <gz-physics7> component [heightmap]
[3.298s] -- Looking for gz-physics7-heightmap -- found version 7.5.0
[3.298s] -- Searching for dependencies of gz-physics7-heightmap
[3.298s] -- Looking for gz-common5 -- found version 5.7.1
[3.298s] -- Searching for <gz-physics7> component [mesh]
[3.299s] -- Looking for gz-physics7-mesh -- found version 7.5.0
[3.299s] -- Searching for dependencies of gz-physics7-mesh
[3.299s] -- Looking for gz-common5 -- found version 5.7.1
[3.300s] -- Searching for <gz-physics7> component [sdf]
[3.301s] -- Looking for gz-physics7-sdf -- found version 7.5.0
[3.301s] -- Searching for dependencies of gz-physics7-sdf
[3.301s] -- Looking for sdformat14 -- found version 14.8.0
[3.303s] -- Looking for gz-sensors8 -- found version 8.2.2
[3.304s] -- Searching for dependencies of gz-sensors8
[3.314s] -- Looking for gz-math7 -- found version 7.5.2
[3.314s] -- Looking for gz-common5 -- found version 5.7.1
[3.314s] -- Looking for gz-transport13 -- found version 13.4.1
[3.315s] -- Looking for gz-rendering8 -- found version 8.2.2
[3.315s] -- Looking for gz-msgs10 -- found version 10.3.2
[3.316s] -- Looking for sdformat14 -- found version 14.8.0
[3.316s] -- Searching for <gz-sensors8> component [air_pressure]
[3.317s] -- Looking for gz-sensors8-air_pressure -- found version 8.2.2
[3.317s] -- Searching for dependencies of gz-sensors8-air_pressure
[3.317s] -- Searching for <gz-sensors8> component [air_speed]
[3.318s] -- Looking for gz-sensors8-air_speed -- found version 8.2.2
[3.318s] -- Searching for dependencies of gz-sensors8-air_speed
[3.319s] -- Searching for <gz-sensors8> component [altimeter]
[3.320s] -- Looking for gz-sensors8-altimeter -- found version 8.2.2
[3.320s] -- Searching for dependencies of gz-sensors8-altimeter
[3.321s] -- Searching for <gz-sensors8> component [imu]
[3.322s] -- Looking for gz-sensors8-imu -- found version 8.2.2
[3.322s] -- Searching for dependencies of gz-sensors8-imu
[3.322s] -- Searching for <gz-sensors8> component [force_torque]
[3.323s] -- Looking for gz-sensors8-force_torque -- found version 8.2.2
[3.323s] -- Searching for dependencies of gz-sensors8-force_torque
[3.324s] -- Searching for <gz-sensors8> component [logical_camera]
[3.325s] -- Looking for gz-sensors8-logical_camera -- found version 8.2.2
[3.325s] -- Searching for dependencies of gz-sensors8-logical_camera
[3.325s] -- Searching for <gz-sensors8> component [magnetometer]
[3.326s] -- Looking for gz-sensors8-magnetometer -- found version 8.2.2
[3.326s] -- Searching for dependencies of gz-sensors8-magnetometer
[3.327s] -- Searching for <gz-sensors8> component [navsat]
[3.328s] -- Looking for gz-sensors8-navsat -- found version 8.2.2
[3.328s] -- Searching for dependencies of gz-sensors8-navsat
[3.328s] -- Searching for <gz-sensors8> component [dvl]
[3.332s] -- Looking for gz-sensors8-dvl -- found version 8.2.2
[3.332s] -- Searching for dependencies of gz-sensors8-dvl
[3.332s] -- Looking for gz-sensors8 -- found version 8.2.2
[3.332s] -- Searching for dependencies of gz-sensors8
[3.340s] -- Looking for gz-math7 -- found version 7.5.2
[3.342s] -- Looking for gz-common5 -- found version 5.7.1
[3.342s] -- Looking for gz-transport13 -- found version 13.4.1
[3.342s] -- Looking for gz-rendering8 -- found version 8.2.2
[3.342s] -- Looking for gz-msgs10 -- found version 10.3.2
[3.342s] -- Looking for sdformat14 -- found version 14.8.0
[3.342s] -- Searching for <gz-sensors8> component [rendering]
[3.343s] -- Looking for gz-sensors8-rendering -- found version 8.2.2
[3.343s] -- Searching for dependencies of gz-sensors8-rendering
[3.344s] -- Searching for <gz-sensors8> component [rendering]
[3.346s] -- Searching for <gz-sensors8> component [lidar]
[3.347s] -- Looking for gz-sensors8-lidar -- found version 8.2.2
[3.347s] -- Searching for dependencies of gz-sensors8-lidar
[3.347s] -- Looking for gz-sensors8 -- found version 8.2.2
[3.347s] -- Searching for <gz-sensors8> component [gpu_lidar]
[3.349s] -- Looking for gz-sensors8-gpu_lidar -- found version 8.2.2
[3.350s] -- Searching for dependencies of gz-sensors8-gpu_lidar
[3.350s] -- Looking for gz-sensors8 -- found version 8.2.2
[3.351s] -- Searching for <gz-sensors8> component [camera]
[3.352s] -- Looking for gz-sensors8-camera -- found version 8.2.2
[3.352s] -- Searching for dependencies of gz-sensors8-camera
[3.353s] -- Looking for gz-sensors8 -- found version 8.2.2
[3.354s] -- Searching for <gz-sensors8> component [boundingbox_camera]
[3.354s] -- Looking for gz-sensors8-boundingbox_camera -- found version 8.2.2
[3.354s] -- Searching for dependencies of gz-sensors8-boundingbox_camera
[3.355s] -- Searching for <gz-sensors8> component [segmentation_camera]
[3.356s] -- Looking for gz-sensors8-segmentation_camera -- found version 8.2.2
[3.356s] -- Searching for dependencies of gz-sensors8-segmentation_camera
[3.357s] -- Searching for <gz-sensors8> component [depth_camera]
[3.360s] -- Looking for gz-sensors8-depth_camera -- found version 8.2.2
[3.360s] -- Searching for dependencies of gz-sensors8-depth_camera
[3.360s] -- Looking for gz-sensors8 -- found version 8.2.2
[3.360s] -- Searching for <gz-sensors8> component [rgbd_camera]
[3.360s] -- Looking for gz-sensors8-rgbd_camera -- found version 8.2.2
[3.361s] -- Searching for dependencies of gz-sensors8-rgbd_camera
[3.362s] -- Looking for gz-sensors8 -- found version 8.2.2
[3.362s] -- Searching for <gz-sensors8> component [thermal_camera]
[3.363s] -- Looking for gz-sensors8-thermal_camera -- found version 8.2.2
[3.363s] -- Searching for dependencies of gz-sensors8-thermal_camera
[3.363s] -- Looking for gz-sensors8 -- found version 8.2.2
[3.364s] -- Searching for <gz-sensors8> component [wide_angle_camera]
[3.365s] -- Looking for gz-sensors8-wide_angle_camera -- found version 8.2.2
[3.365s] -- Searching for dependencies of gz-sensors8-wide_angle_camera
[3.366s] -- Looking for gz-rendering8 -- found version 8.2.2
[3.366s] -- Looking for gz-math7 -- found version 7.5.2
[3.367s] -- Looking for gz-utils2 -- found version 2.2.1
[3.380s] -- Looking for gz-plugin2 -- found version 2.0.4
[3.380s] -- Looking for gz-common5 -- found version 5.7.1
[3.384s] -- Found ament_lint_auto: 0.17.3 (/opt/ros/jazzy/share/ament_lint_auto/cmake)
[3.451s] -- Added test 'cppcheck' to perform static code analysis on C / C++ code
[3.451s] -- Configured cppcheck include dirs: 
[3.451s] -- Configured cppcheck exclude dirs and/or files: 
[3.452s] -- Added test 'flake8' to check Python code syntax and style conventions
[3.452s] -- Configured 'flake8' exclude dirs and/or files: 
[3.452s] -- Added test 'lint_cmake' to check CMake code style
[3.452s] -- Added test 'pep257' to check Python code against some of the docstring style conventions in PEP 257
[3.453s] -- Added test 'uncrustify' to check C / C++ code style
[3.453s] -- Configured uncrustify additional arguments: 
[3.454s] -- Added test 'xmllint' to check XML markup files
[3.455s] -- Configuring done (3.4s)
[3.476s] -- Generating done (0.0s)
[3.480s] -- Build files have been written to: /home/thibaut/Documents/bimanual_mocap/build/bimanualrobot_gazebo
[3.492s] Invoked command in '/home/thibaut/Documents/bimanual_mocap/build/bimanualrobot_gazebo' returned '0': CMAKE_PREFIX_PATH=${CMAKE_PREFIX_PATH}:/opt/ros/jazzy DEBUGINFOD_URLS=https://debuginfod.ubuntu.com /usr/bin/cmake /home/thibaut/Documents/bimanual_mocap/bimanual_ws/src/bimanualrobot_ros2/bimanualrobot_gazebo -DAMENT_CMAKE_SYMLINK_INSTALL=1 -DCMAKE_INSTALL_PREFIX=/home/thibaut/Documents/bimanual_mocap/install/bimanualrobot_gazebo
[3.493s] Invoking command in '/home/thibaut/Documents/bimanual_mocap/build/bimanualrobot_gazebo': CMAKE_PREFIX_PATH=${CMAKE_PREFIX_PATH}:/opt/ros/jazzy DEBUGINFOD_URLS=https://debuginfod.ubuntu.com /usr/bin/cmake --build /home/thibaut/Documents/bimanual_mocap/build/bimanualrobot_gazebo -- -j6 -l6
[3.553s] [ 50%] [32mBuilding CXX object CMakeFiles/ball_leash_plugin.dir/src/ball_leash_plugin.cc.o[0m
[9.643s] [100%] [32m[1mLinking CXX shared library libball_leash_plugin.so[0m
[9.873s] [100%] Built target ball_leash_plugin
[9.883s] Invoked command in '/home/thibaut/Documents/bimanual_mocap/build/bimanualrobot_gazebo' returned '0': CMAKE_PREFIX_PATH=${CMAKE_PREFIX_PATH}:/opt/ros/jazzy DEBUGINFOD_URLS=https://debuginfod.ubuntu.com /usr/bin/cmake --build /home/thibaut/Documents/bimanual_mocap/build/bimanualrobot_gazebo -- -j6 -l6
[9.885s] Invoking command in '/home/thibaut/Documents/bimanual_mocap/build/bimanualrobot_gazebo': CMAKE_PREFIX_PATH=${CMAKE_PREFIX_PATH}:/opt/ros/jazzy DEBUGINFOD_URLS=https://debuginfod.ubuntu.com /usr/bin/cmake --install /home/thibaut/Documents/bimanual_mocap/build/bimanualrobot_gazebo
[9.890s] -- Install configuration: ""
[9.890s] -- Execute custom install script
[9.890s] -- Symlinking: /home/thibaut/Documents/bimanual_mocap/install/bimanualrobot_gazebo/lib/libball_leash_plugin.so
[9.899s] -- Symlinking: /home/thibaut/Documents/bimanual_mocap/install/bimanualrobot_gazebo/share/bimanualrobot_gazebo//config/ros_gz_bridge.yaml
[9.907s] -- Symlinking: /home/thibaut/Documents/bimanual_mocap/install/bimanualrobot_gazebo/share/bimanualrobot_gazebo//launch/bimanualrobot.gazebo.launch.py
[9.914s] -- Symlinking: /home/thibaut/Documents/bimanual_mocap/install/bimanualrobot_gazebo/share/bimanualrobot_gazebo//models/drum_cylinder/model.config
[9.920s] -- Symlinking: /home/thibaut/Documents/bimanual_mocap/install/bimanualrobot_gazebo/share/bimanualrobot_gazebo//models/drum_cylinder/model.sdf
[9.928s] -- Symlinking: /home/thibaut/Documents/bimanual_mocap/install/bimanualrobot_gazebo/share/bimanualrobot_gazebo//worlds/empty.world
[9.935s] -- Symlinking: /home/thibaut/Documents/bimanual_mocap/install/bimanualrobot_gazebo/share/bimanualrobot_gazebo//scripts/spawn_drum.py
[9.942s] -- Symlinking: /home/thibaut/Documents/bimanual_mocap/install/bimanualrobot_gazebo/lib/bimanualrobot_gazebo//spawn_drum.py
[9.950s] -- Symlinking: /home/thibaut/Documents/bimanual_mocap/install/bimanualrobot_gazebo/share/ament_index/resource_index/package_run_dependencies/bimanualrobot_gazebo
[9.957s] -- Symlinking: /home/thibaut/Documents/bimanual_mocap/install/bimanualrobot_gazebo/share/ament_index/resource_index/parent_prefix_path/bimanualrobot_gazebo
[9.967s] -- Symlinking: /home/thibaut/Documents/bimanual_mocap/install/bimanualrobot_gazebo/share/bimanualrobot_gazebo/environment/ament_prefix_path.sh
[9.975s] -- Symlinking: /home/thibaut/Documents/bimanual_mocap/install/bimanualrobot_gazebo/share/bimanualrobot_gazebo/environment/ament_prefix_path.dsv
[9.982s] -- Symlinking: /home/thibaut/Documents/bimanual_mocap/install/bimanualrobot_gazebo/share/bimanualrobot_gazebo/environment/path.sh
[9.989s] -- Symlinking: /home/thibaut/Documents/bimanual_mocap/install/bimanualrobot_gazebo/share/bimanualrobot_gazebo/environment/path.dsv
[9.997s] -- Symlinking: /home/thibaut/Documents/bimanual_mocap/install/bimanualrobot_gazebo/share/bimanualrobot_gazebo/local_setup.bash
[10.003s] -- Symlinking: /home/thibaut/Documents/bimanual_mocap/install/bimanualrobot_gazebo/share/bimanualrobot_gazebo/local_setup.sh
[10.009s] -- Symlinking: /home/thibaut/Documents/bimanual_mocap/install/bimanualrobot_gazebo/share/bimanualrobot_gazebo/local_setup.zsh
[10.016s] -- Symlinking: /home/thibaut/Documents/bimanual_mocap/install/bimanualrobot_gazebo/share/bimanualrobot_gazebo/local_setup.dsv
[10.022s] -- Symlinking: /home/thibaut/Documents/bimanual_mocap/install/bimanualrobot_gazebo/share/bimanualrobot_gazebo/package.dsv
[10.029s] -- Symlinking: /home/thibaut/Documents/bimanual_mocap/install/bimanualrobot_gazebo/share/ament_index/resource_index/packages/bimanualrobot_gazebo
[10.035s] -- Symlinking: /home/thibaut/Documents/bimanual_mocap/install/bimanualrobot_gazebo/share/bimanualrobot_gazebo/cmake/bimanualrobot_gazeboConfig.cmake
[10.042s] -- Symlinking: /home/thibaut/Documents/bimanual_mocap/install/bimanualrobot_gazebo/share/bimanualrobot_gazebo/cmake/bimanualrobot_gazeboConfig-version.cmake
[10.049s] -- Symlinking: /home/thibaut/Documents/bimanual_mocap/install/bimanualrobot_gazebo/share/bimanualrobot_gazebo/package.xml
[10.056s] Invoked command in '/home/thibaut/Documents/bimanual_mocap/build/bimanualrobot_gazebo' returned '0': CMAKE_PREFIX_PATH=${CMAKE_PREFIX_PATH}:/opt/ros/jazzy DEBUGINFOD_URLS=https://debuginfod.ubuntu.com /usr/bin/cmake --install /home/thibaut/Documents/bimanual_mocap/build/bimanualrobot_gazebo
