[0.006s] Invoking command in '/home/thibaut/Documents/bimanual_mocap/build/bimanualrobot_drumstick_moveit_config': AMENT_PREFIX_PATH=/home/thibaut/Documents/bimanual_mocap/install/bimanualrobot_description:${AMENT_PREFIX_PATH} CMAKE_PREFIX_PATH=/home/thibaut/Documents/bimanual_mocap/install/bimanualrobot_description:/opt/ros/jazzy/opt/gz_sim_vendor:/opt/ros/jazzy/opt/gz_sensors_vendor:/opt/ros/jazzy/opt/gz_physics_vendor:/opt/ros/jazzy/opt/sdformat_vendor:/opt/ros/jazzy/opt/gz_gui_vendor:/opt/ros/jazzy/opt/gz_transport_vendor:/opt/ros/jazzy/opt/gz_rendering_vendor:/opt/ros/jazzy/opt/gz_plugin_vendor:/opt/ros/jazzy/opt/gz_fuel_tools_vendor:/opt/ros/jazzy/opt/gz_msgs_vendor:/opt/ros/jazzy/opt/gz_common_vendor:/opt/ros/jazzy/opt/gz_math_vendor:/opt/ros/jazzy/opt/gz_utils_vendor:/opt/ros/jazzy/opt/gz_tools_vendor:/opt/ros/jazzy/opt/gz_ogre_next_vendor:/opt/ros/jazzy/opt/gz_dartsim_vendor:/opt/ros/jazzy/opt/gz_cmake_vendor:/opt/ros/jazzy DEBUGINFOD_URLS=https://debuginfod.ubuntu.com /usr/bin/cmake /home/thibaut/Documents/bimanual_mocap/bimanual_ws/src/bimanualrobot_ros2/bimanualrobot_drumstick_moveit_config -DAMENT_CMAKE_SYMLINK_INSTALL=1 -DCMAKE_INSTALL_PREFIX=/home/thibaut/Documents/bimanual_mocap/install/bimanualrobot_drumstick_moveit_config
[0.741s] -- The C compiler identification is GNU 13.3.0
[0.742s] -- The CXX compiler identification is GNU 13.3.0
[0.742s] -- Detecting C compiler ABI info
[0.742s] -- Detecting C compiler ABI info - done
[0.742s] -- Check for working C compiler: /usr/bin/cc - skipped
[0.742s] -- Detecting C compile features
[0.742s] -- Detecting C compile features - done
[0.742s] -- Detecting CXX compiler ABI info
[0.743s] -- Detecting CXX compiler ABI info - done
[0.743s] -- Check for working CXX compiler: /usr/bin/c++ - skipped
[0.743s] -- Detecting CXX compile features
[0.743s] -- Detecting CXX compile features - done
[0.743s] -- Found ament_cmake: 2.5.4 (/opt/ros/jazzy/share/ament_cmake/cmake)
[0.743s] -- Found Python3: /usr/bin/python3 (found version "3.12.3") found components: Interpreter 
[0.743s] -- Override CMake install command with custom implementation using symlinks instead of copying resources
[0.743s] -- Configuring done (0.4s)
[0.743s] -- Generating done (0.0s)
[0.743s] -- Build files have been written to: /home/thibaut/Documents/bimanual_mocap/build/bimanualrobot_drumstick_moveit_config
[0.743s] Invoked command in '/home/thibaut/Documents/bimanual_mocap/build/bimanualrobot_drumstick_moveit_config' returned '0': AMENT_PREFIX_PATH=/home/thibaut/Documents/bimanual_mocap/install/bimanualrobot_description:${AMENT_PREFIX_PATH} CMAKE_PREFIX_PATH=/home/thibaut/Documents/bimanual_mocap/install/bimanualrobot_description:/opt/ros/jazzy/opt/gz_sim_vendor:/opt/ros/jazzy/opt/gz_sensors_vendor:/opt/ros/jazzy/opt/gz_physics_vendor:/opt/ros/jazzy/opt/sdformat_vendor:/opt/ros/jazzy/opt/gz_gui_vendor:/opt/ros/jazzy/opt/gz_transport_vendor:/opt/ros/jazzy/opt/gz_rendering_vendor:/opt/ros/jazzy/opt/gz_plugin_vendor:/opt/ros/jazzy/opt/gz_fuel_tools_vendor:/opt/ros/jazzy/opt/gz_msgs_vendor:/opt/ros/jazzy/opt/gz_common_vendor:/opt/ros/jazzy/opt/gz_math_vendor:/opt/ros/jazzy/opt/gz_utils_vendor:/opt/ros/jazzy/opt/gz_tools_vendor:/opt/ros/jazzy/opt/gz_ogre_next_vendor:/opt/ros/jazzy/opt/gz_dartsim_vendor:/opt/ros/jazzy/opt/gz_cmake_vendor:/opt/ros/jazzy DEBUGINFOD_URLS=https://debuginfod.ubuntu.com /usr/bin/cmake /home/thibaut/Documents/bimanual_mocap/bimanual_ws/src/bimanualrobot_ros2/bimanualrobot_drumstick_moveit_config -DAMENT_CMAKE_SYMLINK_INSTALL=1 -DCMAKE_INSTALL_PREFIX=/home/thibaut/Documents/bimanual_mocap/install/bimanualrobot_drumstick_moveit_config
[0.743s] Invoking command in '/home/thibaut/Documents/bimanual_mocap/build/bimanualrobot_drumstick_moveit_config': AMENT_PREFIX_PATH=/home/thibaut/Documents/bimanual_mocap/install/bimanualrobot_description:${AMENT_PREFIX_PATH} CMAKE_PREFIX_PATH=/home/thibaut/Documents/bimanual_mocap/install/bimanualrobot_description:/opt/ros/jazzy/opt/gz_sim_vendor:/opt/ros/jazzy/opt/gz_sensors_vendor:/opt/ros/jazzy/opt/gz_physics_vendor:/opt/ros/jazzy/opt/sdformat_vendor:/opt/ros/jazzy/opt/gz_gui_vendor:/opt/ros/jazzy/opt/gz_transport_vendor:/opt/ros/jazzy/opt/gz_rendering_vendor:/opt/ros/jazzy/opt/gz_plugin_vendor:/opt/ros/jazzy/opt/gz_fuel_tools_vendor:/opt/ros/jazzy/opt/gz_msgs_vendor:/opt/ros/jazzy/opt/gz_common_vendor:/opt/ros/jazzy/opt/gz_math_vendor:/opt/ros/jazzy/opt/gz_utils_vendor:/opt/ros/jazzy/opt/gz_tools_vendor:/opt/ros/jazzy/opt/gz_ogre_next_vendor:/opt/ros/jazzy/opt/gz_dartsim_vendor:/opt/ros/jazzy/opt/gz_cmake_vendor:/opt/ros/jazzy DEBUGINFOD_URLS=https://debuginfod.ubuntu.com /usr/bin/cmake --build /home/thibaut/Documents/bimanual_mocap/build/bimanualrobot_drumstick_moveit_config -- -j6 -l6
[0.765s] Invoked command in '/home/thibaut/Documents/bimanual_mocap/build/bimanualrobot_drumstick_moveit_config' returned '0': AMENT_PREFIX_PATH=/home/thibaut/Documents/bimanual_mocap/install/bimanualrobot_description:${AMENT_PREFIX_PATH} CMAKE_PREFIX_PATH=/home/thibaut/Documents/bimanual_mocap/install/bimanualrobot_description:/opt/ros/jazzy/opt/gz_sim_vendor:/opt/ros/jazzy/opt/gz_sensors_vendor:/opt/ros/jazzy/opt/gz_physics_vendor:/opt/ros/jazzy/opt/sdformat_vendor:/opt/ros/jazzy/opt/gz_gui_vendor:/opt/ros/jazzy/opt/gz_transport_vendor:/opt/ros/jazzy/opt/gz_rendering_vendor:/opt/ros/jazzy/opt/gz_plugin_vendor:/opt/ros/jazzy/opt/gz_fuel_tools_vendor:/opt/ros/jazzy/opt/gz_msgs_vendor:/opt/ros/jazzy/opt/gz_common_vendor:/opt/ros/jazzy/opt/gz_math_vendor:/opt/ros/jazzy/opt/gz_utils_vendor:/opt/ros/jazzy/opt/gz_tools_vendor:/opt/ros/jazzy/opt/gz_ogre_next_vendor:/opt/ros/jazzy/opt/gz_dartsim_vendor:/opt/ros/jazzy/opt/gz_cmake_vendor:/opt/ros/jazzy DEBUGINFOD_URLS=https://debuginfod.ubuntu.com /usr/bin/cmake --build /home/thibaut/Documents/bimanual_mocap/build/bimanualrobot_drumstick_moveit_config -- -j6 -l6
[0.766s] Invoking command in '/home/thibaut/Documents/bimanual_mocap/build/bimanualrobot_drumstick_moveit_config': AMENT_PREFIX_PATH=/home/thibaut/Documents/bimanual_mocap/install/bimanualrobot_description:${AMENT_PREFIX_PATH} CMAKE_PREFIX_PATH=/home/thibaut/Documents/bimanual_mocap/install/bimanualrobot_description:/opt/ros/jazzy/opt/gz_sim_vendor:/opt/ros/jazzy/opt/gz_sensors_vendor:/opt/ros/jazzy/opt/gz_physics_vendor:/opt/ros/jazzy/opt/sdformat_vendor:/opt/ros/jazzy/opt/gz_gui_vendor:/opt/ros/jazzy/opt/gz_transport_vendor:/opt/ros/jazzy/opt/gz_rendering_vendor:/opt/ros/jazzy/opt/gz_plugin_vendor:/opt/ros/jazzy/opt/gz_fuel_tools_vendor:/opt/ros/jazzy/opt/gz_msgs_vendor:/opt/ros/jazzy/opt/gz_common_vendor:/opt/ros/jazzy/opt/gz_math_vendor:/opt/ros/jazzy/opt/gz_utils_vendor:/opt/ros/jazzy/opt/gz_tools_vendor:/opt/ros/jazzy/opt/gz_ogre_next_vendor:/opt/ros/jazzy/opt/gz_dartsim_vendor:/opt/ros/jazzy/opt/gz_cmake_vendor:/opt/ros/jazzy DEBUGINFOD_URLS=https://debuginfod.ubuntu.com /usr/bin/cmake --install /home/thibaut/Documents/bimanual_mocap/build/bimanualrobot_drumstick_moveit_config
[0.772s] -- Install configuration: ""
[0.772s] -- Execute custom install script
[0.772s] -- Symlinking: /home/thibaut/Documents/bimanual_mocap/install/bimanualrobot_drumstick_moveit_config/share/ament_index/resource_index/package_run_dependencies/bimanualrobot_drumstick_moveit_config
[0.775s] -- Symlinking: /home/thibaut/Documents/bimanual_mocap/install/bimanualrobot_drumstick_moveit_config/share/ament_index/resource_index/parent_prefix_path/bimanualrobot_drumstick_moveit_config
[0.780s] -- Symlinking: /home/thibaut/Documents/bimanual_mocap/install/bimanualrobot_drumstick_moveit_config/share/bimanualrobot_drumstick_moveit_config/environment/ament_prefix_path.sh
[0.785s] -- Symlinking: /home/thibaut/Documents/bimanual_mocap/install/bimanualrobot_drumstick_moveit_config/share/bimanualrobot_drumstick_moveit_config/environment/ament_prefix_path.dsv
[0.790s] -- Symlinking: /home/thibaut/Documents/bimanual_mocap/install/bimanualrobot_drumstick_moveit_config/share/bimanualrobot_drumstick_moveit_config/environment/path.sh
[0.794s] -- Symlinking: /home/thibaut/Documents/bimanual_mocap/install/bimanualrobot_drumstick_moveit_config/share/bimanualrobot_drumstick_moveit_config/environment/path.dsv
[0.800s] -- Symlinking: /home/thibaut/Documents/bimanual_mocap/install/bimanualrobot_drumstick_moveit_config/share/bimanualrobot_drumstick_moveit_config/local_setup.bash
[0.804s] -- Symlinking: /home/thibaut/Documents/bimanual_mocap/install/bimanualrobot_drumstick_moveit_config/share/bimanualrobot_drumstick_moveit_config/local_setup.sh
[0.809s] -- Symlinking: /home/thibaut/Documents/bimanual_mocap/install/bimanualrobot_drumstick_moveit_config/share/bimanualrobot_drumstick_moveit_config/local_setup.zsh
[0.813s] -- Symlinking: /home/thibaut/Documents/bimanual_mocap/install/bimanualrobot_drumstick_moveit_config/share/bimanualrobot_drumstick_moveit_config/local_setup.dsv
[0.819s] -- Symlinking: /home/thibaut/Documents/bimanual_mocap/install/bimanualrobot_drumstick_moveit_config/share/bimanualrobot_drumstick_moveit_config/package.dsv
[0.824s] -- Symlinking: /home/thibaut/Documents/bimanual_mocap/install/bimanualrobot_drumstick_moveit_config/share/ament_index/resource_index/packages/bimanualrobot_drumstick_moveit_config
[0.827s] -- Symlinking: /home/thibaut/Documents/bimanual_mocap/install/bimanualrobot_drumstick_moveit_config/share/bimanualrobot_drumstick_moveit_config/cmake/bimanualrobot_drumstick_moveit_configConfig.cmake
[0.834s] -- Symlinking: /home/thibaut/Documents/bimanual_mocap/install/bimanualrobot_drumstick_moveit_config/share/bimanualrobot_drumstick_moveit_config/cmake/bimanualrobot_drumstick_moveit_configConfig-version.cmake
[0.836s] -- Symlinking: /home/thibaut/Documents/bimanual_mocap/install/bimanualrobot_drumstick_moveit_config/share/bimanualrobot_drumstick_moveit_config/package.xml
[0.841s] -- Symlinking: /home/thibaut/Documents/bimanual_mocap/install/bimanualrobot_drumstick_moveit_config/share/bimanualrobot_drumstick_moveit_config/launch/demo.launch.py
[0.846s] -- Symlinking: /home/thibaut/Documents/bimanual_mocap/install/bimanualrobot_drumstick_moveit_config/share/bimanualrobot_drumstick_moveit_config/launch/move_group.launch.py
[0.853s] -- Symlinking: /home/thibaut/Documents/bimanual_mocap/install/bimanualrobot_drumstick_moveit_config/share/bimanualrobot_drumstick_moveit_config/launch/moveit_rviz.launch.py
[0.855s] -- Symlinking: /home/thibaut/Documents/bimanual_mocap/install/bimanualrobot_drumstick_moveit_config/share/bimanualrobot_drumstick_moveit_config/launch/rsp.launch.py
[0.859s] -- Symlinking: /home/thibaut/Documents/bimanual_mocap/install/bimanualrobot_drumstick_moveit_config/share/bimanualrobot_drumstick_moveit_config/launch/setup_assistant.launch.py
[0.864s] -- Symlinking: /home/thibaut/Documents/bimanual_mocap/install/bimanualrobot_drumstick_moveit_config/share/bimanualrobot_drumstick_moveit_config/launch/spawn_controllers.launch.py
[0.868s] -- Symlinking: /home/thibaut/Documents/bimanual_mocap/install/bimanualrobot_drumstick_moveit_config/share/bimanualrobot_drumstick_moveit_config/launch/static_virtual_joint_tfs.launch.py
[0.873s] -- Symlinking: /home/thibaut/Documents/bimanual_mocap/install/bimanualrobot_drumstick_moveit_config/share/bimanualrobot_drumstick_moveit_config/launch/warehouse_db.launch.py
[0.878s] -- Symlinking: /home/thibaut/Documents/bimanual_mocap/install/bimanualrobot_drumstick_moveit_config/share/bimanualrobot_drumstick_moveit_config/config/bimanualrobot.ros2_control.xacro
[0.882s] -- Symlinking: /home/thibaut/Documents/bimanual_mocap/install/bimanualrobot_drumstick_moveit_config/share/bimanualrobot_drumstick_moveit_config/config/bimanualrobot.urdf.xacro
[0.889s] -- Symlinking: /home/thibaut/Documents/bimanual_mocap/install/bimanualrobot_drumstick_moveit_config/share/bimanualrobot_drumstick_moveit_config/config/bimanualrobot/bimanualrobot.srdf
[0.892s] -- Symlinking: /home/thibaut/Documents/bimanual_mocap/install/bimanualrobot_drumstick_moveit_config/share/bimanualrobot_drumstick_moveit_config/config/bimanualrobot/initial_positions.yaml
[0.899s] -- Symlinking: /home/thibaut/Documents/bimanual_mocap/install/bimanualrobot_drumstick_moveit_config/share/bimanualrobot_drumstick_moveit_config/config/bimanualrobot/joint_limits.yaml
[0.904s] -- Symlinking: /home/thibaut/Documents/bimanual_mocap/install/bimanualrobot_drumstick_moveit_config/share/bimanualrobot_drumstick_moveit_config/config/bimanualrobot/kinematics.yaml
[0.908s] -- Symlinking: /home/thibaut/Documents/bimanual_mocap/install/bimanualrobot_drumstick_moveit_config/share/bimanualrobot_drumstick_moveit_config/config/bimanualrobot/moveit_controllers.yaml
[0.912s] -- Symlinking: /home/thibaut/Documents/bimanual_mocap/install/bimanualrobot_drumstick_moveit_config/share/bimanualrobot_drumstick_moveit_config/config/bimanualrobot/pilz_cartesian_limits.yaml
[0.921s] -- Symlinking: /home/thibaut/Documents/bimanual_mocap/install/bimanualrobot_drumstick_moveit_config/share/bimanualrobot_drumstick_moveit_config/config/bimanualrobot/ros2_controllers.yaml
[0.932s] -- Symlinking: /home/thibaut/Documents/bimanual_mocap/install/bimanualrobot_drumstick_moveit_config/share/bimanualrobot_drumstick_moveit_config/config/move_group.rviz
[0.939s] -- Symlinking: /home/thibaut/Documents/bimanual_mocap/install/bimanualrobot_drumstick_moveit_config/share/bimanualrobot_drumstick_moveit_config/config/ompl_planning.yaml
[0.947s] -- Symlinking: /home/thibaut/Documents/bimanual_mocap/install/bimanualrobot_drumstick_moveit_config/share/bimanualrobot_drumstick_moveit_config/config/pilz_industrial_motion_planner_planning.yaml
[0.960s] -- Symlinking: /home/thibaut/Documents/bimanual_mocap/install/bimanualrobot_drumstick_moveit_config/share/bimanualrobot_drumstick_moveit_config/config/planning_pipeline.yaml
[0.968s] -- Symlinking: /home/thibaut/Documents/bimanual_mocap/install/bimanualrobot_drumstick_moveit_config/share/bimanualrobot_drumstick_moveit_config/config/stomp_planning.yaml
[0.978s] -- Symlinking: /home/thibaut/Documents/bimanual_mocap/install/bimanualrobot_drumstick_moveit_config/share/bimanualrobot_drumstick_moveit_config/scripts/spawn_drum.py
[0.993s] -- Symlinking: /home/thibaut/Documents/bimanual_mocap/install/bimanualrobot_drumstick_moveit_config/lib/bimanualrobot_drumstick_moveit_config//spawn_drum.py
[1.001s] -- Symlinking: /home/thibaut/Documents/bimanual_mocap/install/bimanualrobot_drumstick_moveit_config/share/bimanualrobot_drumstick_moveit_config/.setup_assistant
[1.007s] Invoked command in '/home/thibaut/Documents/bimanual_mocap/build/bimanualrobot_drumstick_moveit_config' returned '0': AMENT_PREFIX_PATH=/home/thibaut/Documents/bimanual_mocap/install/bimanualrobot_description:${AMENT_PREFIX_PATH} CMAKE_PREFIX_PATH=/home/thibaut/Documents/bimanual_mocap/install/bimanualrobot_description:/opt/ros/jazzy/opt/gz_sim_vendor:/opt/ros/jazzy/opt/gz_sensors_vendor:/opt/ros/jazzy/opt/gz_physics_vendor:/opt/ros/jazzy/opt/sdformat_vendor:/opt/ros/jazzy/opt/gz_gui_vendor:/opt/ros/jazzy/opt/gz_transport_vendor:/opt/ros/jazzy/opt/gz_rendering_vendor:/opt/ros/jazzy/opt/gz_plugin_vendor:/opt/ros/jazzy/opt/gz_fuel_tools_vendor:/opt/ros/jazzy/opt/gz_msgs_vendor:/opt/ros/jazzy/opt/gz_common_vendor:/opt/ros/jazzy/opt/gz_math_vendor:/opt/ros/jazzy/opt/gz_utils_vendor:/opt/ros/jazzy/opt/gz_tools_vendor:/opt/ros/jazzy/opt/gz_ogre_next_vendor:/opt/ros/jazzy/opt/gz_dartsim_vendor:/opt/ros/jazzy/opt/gz_cmake_vendor:/opt/ros/jazzy DEBUGINFOD_URLS=https://debuginfod.ubuntu.com /usr/bin/cmake --install /home/thibaut/Documents/bimanual_mocap/build/bimanualrobot_drumstick_moveit_config
