[0.014s] Invoking command in '/home/thibaut/Documents/bimanual_mocap/bimanual_ws/build/bimanualrobot_description': CMAKE_PREFIX_PATH=${CMAKE_PREFIX_PATH}:/opt/ros/jazzy DEBUGINFOD_URLS=https://debuginfod.ubuntu.com /usr/bin/cmake /home/thibaut/Documents/bimanual_mocap/bimanual_ws/src/bimanualrobot_ros2/bimanualrobot_description -DAMENT_CMAKE_SYMLINK_INSTALL=1 -DCMAKE_INSTALL_PREFIX=/home/thibaut/Documents/bimanual_mocap/bimanual_ws/install/bimanualrobot_description
[0.104s] -- The C compiler identification is GNU 13.3.0
[0.165s] -- The CXX compiler identification is GNU 13.3.0
[0.175s] -- Detecting C compiler ABI info
[0.237s] -- Detecting C compiler ABI info - done
[0.245s] -- Check for working C compiler: /usr/bin/cc - skipped
[0.246s] -- Detecting C compile features
[0.246s] -- Detecting C compile features - done
[0.251s] -- Detecting CXX compiler ABI info
[0.311s] -- Detecting CXX compiler ABI info - done
[0.316s] -- Check for working CXX compiler: /usr/bin/c++ - skipped
[0.316s] -- Detecting CXX compile features
[0.316s] -- Detecting CXX compile features - done
[0.319s] -- Found ament_cmake: 2.5.4 (/opt/ros/jazzy/share/ament_cmake/cmake)
[0.433s] -- Found Python3: /usr/bin/python3 (found version "3.12.3") found components: Interpreter 
[0.480s] -- Override CMake install command with custom implementation using symlinks instead of copying resources
[0.517s] -- Found urdf_tutorial: 1.1.0 (/opt/ros/jazzy/share/urdf_tutorial/cmake)
[0.521s] -- Found ament_lint_auto: 0.17.3 (/opt/ros/jazzy/share/ament_lint_auto/cmake)
[0.591s] -- Added test 'flake8' to check Python code syntax and style conventions
[0.591s] -- Configured 'flake8' exclude dirs and/or files: 
[0.592s] -- Added test 'lint_cmake' to check CMake code style
[0.592s] -- Added test 'pep257' to check Python code against some of the docstring style conventions in PEP 257
[0.594s] -- Added test 'xmllint' to check XML markup files
[0.600s] -- Configuring done (0.6s)
[0.600s] -- Generating done (0.0s)
[0.603s] -- Build files have been written to: /home/thibaut/Documents/bimanual_mocap/bimanual_ws/build/bimanualrobot_description
[0.611s] Invoked command in '/home/thibaut/Documents/bimanual_mocap/bimanual_ws/build/bimanualrobot_description' returned '0': CMAKE_PREFIX_PATH=${CMAKE_PREFIX_PATH}:/opt/ros/jazzy DEBUGINFOD_URLS=https://debuginfod.ubuntu.com /usr/bin/cmake /home/thibaut/Documents/bimanual_mocap/bimanual_ws/src/bimanualrobot_ros2/bimanualrobot_description -DAMENT_CMAKE_SYMLINK_INSTALL=1 -DCMAKE_INSTALL_PREFIX=/home/thibaut/Documents/bimanual_mocap/bimanual_ws/install/bimanualrobot_description
[0.611s] Invoking command in '/home/thibaut/Documents/bimanual_mocap/bimanual_ws/build/bimanualrobot_description': CMAKE_PREFIX_PATH=${CMAKE_PREFIX_PATH}:/opt/ros/jazzy DEBUGINFOD_URLS=https://debuginfod.ubuntu.com /usr/bin/cmake --build /home/thibaut/Documents/bimanual_mocap/bimanual_ws/build/bimanualrobot_description -- -j6 -l6
[0.641s] Invoked command in '/home/thibaut/Documents/bimanual_mocap/bimanual_ws/build/bimanualrobot_description' returned '0': CMAKE_PREFIX_PATH=${CMAKE_PREFIX_PATH}:/opt/ros/jazzy DEBUGINFOD_URLS=https://debuginfod.ubuntu.com /usr/bin/cmake --build /home/thibaut/Documents/bimanual_mocap/bimanual_ws/build/bimanualrobot_description -- -j6 -l6
[0.647s] Invoking command in '/home/thibaut/Documents/bimanual_mocap/bimanual_ws/build/bimanualrobot_description': CMAKE_PREFIX_PATH=${CMAKE_PREFIX_PATH}:/opt/ros/jazzy DEBUGINFOD_URLS=https://debuginfod.ubuntu.com /usr/bin/cmake --install /home/thibaut/Documents/bimanual_mocap/bimanual_ws/build/bimanualrobot_description
[0.652s] -- Install configuration: ""
[0.652s] -- Execute custom install script
[0.652s] -- Symlinking: /home/thibaut/Documents/bimanual_mocap/bimanual_ws/install/bimanualrobot_description/share/bimanualrobot_description/launch/robot_state_publisher.launch.py
[0.657s] -- Symlinking: /home/thibaut/Documents/bimanual_mocap/bimanual_ws/install/bimanualrobot_description/share/bimanualrobot_description/meshes/collision/drumstick.stl
[0.669s] -- Symlinking: /home/thibaut/Documents/bimanual_mocap/bimanual_ws/install/bimanualrobot_description/share/bimanualrobot_description/meshes/collision/drumstick_tip.stl
[0.674s] -- Symlinking: /home/thibaut/Documents/bimanual_mocap/bimanual_ws/install/bimanualrobot_description/share/bimanualrobot_description/meshes/collision/ee_link.stl
[0.679s] -- Symlinking: /home/thibaut/Documents/bimanual_mocap/bimanual_ws/install/bimanualrobot_description/share/bimanualrobot_description/meshes/collision/finger.dae
[0.684s] -- Symlinking: /home/thibaut/Documents/bimanual_mocap/bimanual_ws/install/bimanualrobot_description/share/bimanualrobot_description/meshes/collision/finger.stl
[0.689s] -- Symlinking: /home/thibaut/Documents/bimanual_mocap/bimanual_ws/install/bimanualrobot_description/share/bimanualrobot_description/meshes/collision/link3.dae
[0.693s] -- Symlinking: /home/thibaut/Documents/bimanual_mocap/bimanual_ws/install/bimanualrobot_description/share/bimanualrobot_description/meshes/collision/link3.stl
[0.698s] -- Symlinking: /home/thibaut/Documents/bimanual_mocap/bimanual_ws/install/bimanualrobot_description/share/bimanualrobot_description/meshes/collision/link4.dae
[0.703s] -- Symlinking: /home/thibaut/Documents/bimanual_mocap/bimanual_ws/install/bimanualrobot_description/share/bimanualrobot_description/meshes/collision/link4.stl
[0.711s] -- Symlinking: /home/thibaut/Documents/bimanual_mocap/bimanual_ws/install/bimanualrobot_description/share/bimanualrobot_description/meshes/collision/link6.dae
[0.719s] -- Symlinking: /home/thibaut/Documents/bimanual_mocap/bimanual_ws/install/bimanualrobot_description/share/bimanualrobot_description/meshes/collision/link6.stl
[0.724s] -- Symlinking: /home/thibaut/Documents/bimanual_mocap/bimanual_ws/install/bimanualrobot_description/share/bimanualrobot_description/meshes/collision/stand.dae
[0.729s] -- Symlinking: /home/thibaut/Documents/bimanual_mocap/bimanual_ws/install/bimanualrobot_description/share/bimanualrobot_description/meshes/collision/stand.stl
[0.734s] -- Symlinking: /home/thibaut/Documents/bimanual_mocap/bimanual_ws/install/bimanualrobot_description/share/bimanualrobot_description/meshes/visual/drumstick.stl
[0.739s] -- Symlinking: /home/thibaut/Documents/bimanual_mocap/bimanual_ws/install/bimanualrobot_description/share/bimanualrobot_description/meshes/visual/drumstick_tip.stl
[0.744s] -- Symlinking: /home/thibaut/Documents/bimanual_mocap/bimanual_ws/install/bimanualrobot_description/share/bimanualrobot_description/meshes/visual/ee_link.stl
[0.749s] -- Symlinking: /home/thibaut/Documents/bimanual_mocap/bimanual_ws/install/bimanualrobot_description/share/bimanualrobot_description/meshes/visual/finger.dae
[0.754s] -- Symlinking: /home/thibaut/Documents/bimanual_mocap/bimanual_ws/install/bimanualrobot_description/share/bimanualrobot_description/meshes/visual/finger.stl
[0.760s] -- Symlinking: /home/thibaut/Documents/bimanual_mocap/bimanual_ws/install/bimanualrobot_description/share/bimanualrobot_description/meshes/visual/link_1.dae
[0.766s] -- Symlinking: /home/thibaut/Documents/bimanual_mocap/bimanual_ws/install/bimanualrobot_description/share/bimanualrobot_description/meshes/visual/link_1.stl
[0.772s] -- Symlinking: /home/thibaut/Documents/bimanual_mocap/bimanual_ws/install/bimanualrobot_description/share/bimanualrobot_description/meshes/visual/link_2.dae
[0.777s] -- Symlinking: /home/thibaut/Documents/bimanual_mocap/bimanual_ws/install/bimanualrobot_description/share/bimanualrobot_description/meshes/visual/link_2.stl
[0.783s] -- Symlinking: /home/thibaut/Documents/bimanual_mocap/bimanual_ws/install/bimanualrobot_description/share/bimanualrobot_description/meshes/visual/link_3.dae
[0.788s] -- Symlinking: /home/thibaut/Documents/bimanual_mocap/bimanual_ws/install/bimanualrobot_description/share/bimanualrobot_description/meshes/visual/link_3.stl
[0.794s] -- Symlinking: /home/thibaut/Documents/bimanual_mocap/bimanual_ws/install/bimanualrobot_description/share/bimanualrobot_description/meshes/visual/link_4.dae
[0.799s] -- Symlinking: /home/thibaut/Documents/bimanual_mocap/bimanual_ws/install/bimanualrobot_description/share/bimanualrobot_description/meshes/visual/link_4.stl
[0.803s] -- Symlinking: /home/thibaut/Documents/bimanual_mocap/bimanual_ws/install/bimanualrobot_description/share/bimanualrobot_description/meshes/visual/link_5.dae
[0.808s] -- Symlinking: /home/thibaut/Documents/bimanual_mocap/bimanual_ws/install/bimanualrobot_description/share/bimanualrobot_description/meshes/visual/link_5.stl
[0.814s] -- Symlinking: /home/thibaut/Documents/bimanual_mocap/bimanual_ws/install/bimanualrobot_description/share/bimanualrobot_description/meshes/visual/link_6.dae
[0.820s] -- Symlinking: /home/thibaut/Documents/bimanual_mocap/bimanual_ws/install/bimanualrobot_description/share/bimanualrobot_description/meshes/visual/link_6.stl
[0.825s] -- Symlinking: /home/thibaut/Documents/bimanual_mocap/bimanual_ws/install/bimanualrobot_description/share/bimanualrobot_description/meshes/visual/stand.dae
[0.830s] -- Symlinking: /home/thibaut/Documents/bimanual_mocap/bimanual_ws/install/bimanualrobot_description/share/bimanualrobot_description/meshes/visual/stand.stl
[0.835s] -- Symlinking: /home/thibaut/Documents/bimanual_mocap/bimanual_ws/install/bimanualrobot_description/share/bimanualrobot_description/meshes/visual/stand_low.dae
[0.839s] -- Symlinking: /home/thibaut/Documents/bimanual_mocap/bimanual_ws/install/bimanualrobot_description/share/bimanualrobot_description/meshes/visual/stand_low.stl
[0.847s] -- Symlinking: /home/thibaut/Documents/bimanual_mocap/bimanual_ws/install/bimanualrobot_description/share/bimanualrobot_description/urdf/ball.sdf
[0.851s] -- Symlinking: /home/thibaut/Documents/bimanual_mocap/bimanual_ws/install/bimanualrobot_description/share/bimanualrobot_description/urdf/ball_only.sdf
[0.856s] -- Symlinking: /home/thibaut/Documents/bimanual_mocap/bimanual_ws/install/bimanualrobot_description/share/bimanualrobot_description/urdf/ball_only_free.sdf
[0.860s] -- Symlinking: /home/thibaut/Documents/bimanual_mocap/bimanual_ws/install/bimanualrobot_description/share/bimanualrobot_description/urdf/control/arm_ros2_controller.urdf.xacro
[0.867s] -- Symlinking: /home/thibaut/Documents/bimanual_mocap/bimanual_ws/install/bimanualrobot_description/share/bimanualrobot_description/urdf/control/bimanualrobot_ros2_controller.urdf.xacro
[0.871s] -- Symlinking: /home/thibaut/Documents/bimanual_mocap/bimanual_ws/install/bimanualrobot_description/share/bimanualrobot_description/urdf/control/common.xacro
[0.874s] -- Symlinking: /home/thibaut/Documents/bimanual_mocap/bimanual_ws/install/bimanualrobot_description/share/bimanualrobot_description/urdf/control/gazebo_sim_ros2_control.urdf.xacro
[0.879s] -- Symlinking: /home/thibaut/Documents/bimanual_mocap/bimanual_ws/install/bimanualrobot_description/share/bimanualrobot_description/urdf/control/transmission.xacro
[0.883s] -- Symlinking: /home/thibaut/Documents/bimanual_mocap/bimanual_ws/install/bimanualrobot_description/share/bimanualrobot_description/urdf/mech/drum.xacro
[0.888s] -- Symlinking: /home/thibaut/Documents/bimanual_mocap/bimanual_ws/install/bimanualrobot_description/share/bimanualrobot_description/urdf/mech/drumstick.xacro
[0.893s] -- Symlinking: /home/thibaut/Documents/bimanual_mocap/bimanual_ws/install/bimanualrobot_description/share/bimanualrobot_description/urdf/mech/fingers.xacro
[0.898s] -- Symlinking: /home/thibaut/Documents/bimanual_mocap/bimanual_ws/install/bimanualrobot_description/share/bimanualrobot_description/urdf/mech/manipulator_h.xacro
[0.902s] -- Symlinking: /home/thibaut/Documents/bimanual_mocap/bimanual_ws/install/bimanualrobot_description/share/bimanualrobot_description/urdf/mech/manipulator_h_arm.xacro
[0.912s] -- Symlinking: /home/thibaut/Documents/bimanual_mocap/bimanual_ws/install/bimanualrobot_description/share/bimanualrobot_description/urdf/mech/materials.xacro
[0.914s] -- Symlinking: /home/thibaut/Documents/bimanual_mocap/bimanual_ws/install/bimanualrobot_description/share/bimanualrobot_description/urdf/mech/pingpong.xacro
[0.918s] -- Symlinking: /home/thibaut/Documents/bimanual_mocap/bimanual_ws/install/bimanualrobot_description/share/bimanualrobot_description/urdf/mech/stand.xacro
[0.923s] -- Symlinking: /home/thibaut/Documents/bimanual_mocap/bimanual_ws/install/bimanualrobot_description/share/bimanualrobot_description/urdf/robots/bimanual_robot_gazebo.xacro
[0.928s] -- Symlinking: /home/thibaut/Documents/bimanual_mocap/bimanual_ws/install/bimanualrobot_description/share/bimanualrobot_description/urdf/robots/bimanualrobot.urdf
[0.932s] -- Symlinking: /home/thibaut/Documents/bimanual_mocap/bimanual_ws/install/bimanualrobot_description/share/bimanualrobot_description/urdf/robots/bimanualrobot.urdf.xacro
[0.938s] -- Symlinking: /home/thibaut/Documents/bimanual_mocap/bimanual_ws/install/bimanualrobot_description/share/bimanualrobot_description/urdf/rope_square_rig_spawn.urdf.xacro
[0.943s] -- Symlinking: /home/thibaut/Documents/bimanual_mocap/bimanual_ws/install/bimanualrobot_description/share/bimanualrobot_description/urdf/tether_ball.urdf.xacro
[0.948s] -- Symlinking: /home/thibaut/Documents/bimanual_mocap/bimanual_ws/install/bimanualrobot_description/share/bimanualrobot_description/rviz/bimanualrobot_description.rviz
[0.955s] -- Symlinking: /home/thibaut/Documents/bimanual_mocap/bimanual_ws/install/bimanualrobot_description/share/ament_index/resource_index/package_run_dependencies/bimanualrobot_description
[0.961s] -- Symlinking: /home/thibaut/Documents/bimanual_mocap/bimanual_ws/install/bimanualrobot_description/share/ament_index/resource_index/parent_prefix_path/bimanualrobot_description
[0.966s] -- Symlinking: /home/thibaut/Documents/bimanual_mocap/bimanual_ws/install/bimanualrobot_description/share/bimanualrobot_description/environment/ament_prefix_path.sh
[0.970s] -- Symlinking: /home/thibaut/Documents/bimanual_mocap/bimanual_ws/install/bimanualrobot_description/share/bimanualrobot_description/environment/ament_prefix_path.dsv
[0.976s] -- Symlinking: /home/thibaut/Documents/bimanual_mocap/bimanual_ws/install/bimanualrobot_description/share/bimanualrobot_description/environment/path.sh
[0.983s] -- Symlinking: /home/thibaut/Documents/bimanual_mocap/bimanual_ws/install/bimanualrobot_description/share/bimanualrobot_description/environment/path.dsv
[0.989s] -- Symlinking: /home/thibaut/Documents/bimanual_mocap/bimanual_ws/install/bimanualrobot_description/share/bimanualrobot_description/local_setup.bash
[0.996s] -- Symlinking: /home/thibaut/Documents/bimanual_mocap/bimanual_ws/install/bimanualrobot_description/share/bimanualrobot_description/local_setup.sh
[1.000s] -- Symlinking: /home/thibaut/Documents/bimanual_mocap/bimanual_ws/install/bimanualrobot_description/share/bimanualrobot_description/local_setup.zsh
[1.008s] -- Symlinking: /home/thibaut/Documents/bimanual_mocap/bimanual_ws/install/bimanualrobot_description/share/bimanualrobot_description/local_setup.dsv
[1.017s] -- Symlinking: /home/thibaut/Documents/bimanual_mocap/bimanual_ws/install/bimanualrobot_description/share/bimanualrobot_description/package.dsv
[1.018s] -- Symlinking: /home/thibaut/Documents/bimanual_mocap/bimanual_ws/install/bimanualrobot_description/share/ament_index/resource_index/packages/bimanualrobot_description
[1.022s] -- Symlinking: /home/thibaut/Documents/bimanual_mocap/bimanual_ws/install/bimanualrobot_description/share/bimanualrobot_description/cmake/bimanualrobot_descriptionConfig.cmake
[1.027s] -- Symlinking: /home/thibaut/Documents/bimanual_mocap/bimanual_ws/install/bimanualrobot_description/share/bimanualrobot_description/cmake/bimanualrobot_descriptionConfig-version.cmake
[1.033s] -- Symlinking: /home/thibaut/Documents/bimanual_mocap/bimanual_ws/install/bimanualrobot_description/share/bimanualrobot_description/package.xml
[1.041s] Invoked command in '/home/thibaut/Documents/bimanual_mocap/bimanual_ws/build/bimanualrobot_description' returned '0': CMAKE_PREFIX_PATH=${CMAKE_PREFIX_PATH}:/opt/ros/jazzy DEBUGINFOD_URLS=https://debuginfod.ubuntu.com /usr/bin/cmake --install /home/thibaut/Documents/bimanual_mocap/bimanual_ws/build/bimanualrobot_description
