[0.057s] Invoking command in '/home/asurite.ad.asu.edu/troisin/Documents/bimanual_mocap/bimanual_ws/build/dynamixel_interfaces': CMAKE_PREFIX_PATH=${CMAKE_PREFIX_PATH}:/opt/ros/jazzy DEBUGINFOD_URLS=https://debuginfod.ubuntu.com /usr/bin/cmake --build /home/asurite.ad.asu.edu/troisin/Documents/bimanual_mocap/bimanual_ws/build/dynamixel_interfaces -- -j20 -l20
[0.174s] [  1%] Built target dynamixel_interfaces__rosidl_generator_type_description
[0.193s] [  1%] Built target ament_cmake_python_symlink_dynamixel_interfaces
[0.221s] [  3%] Built target dynamixel_interfaces__cpp
[0.230s] [ 25%] Built target dynamixel_interfaces__rosidl_generator_c
[0.303s] [ 34%] Built target dynamixel_interfaces__rosidl_typesupport_c
[0.307s] [ 51%] Built target dynamixel_interfaces__rosidl_typesupport_cpp
[0.311s] [ 53%] Built target dynamixel_interfaces__rosidl_typesupport_fastrtps_cpp
[0.312s] [ 62%] Built target dynamixel_interfaces__rosidl_typesupport_introspection_c
[0.316s] [ 71%] Built target dynamixel_interfaces__rosidl_typesupport_fastrtps_c
[0.320s] [ 81%] Built target dynamixel_interfaces__rosidl_typesupport_introspection_cpp
[0.362s] [ 81%] Built target dynamixel_interfaces
[0.404s] [ 82%] Built target dynamixel_interfaces__py
[0.453s] [ 90%] Built target dynamixel_interfaces__rosidl_generator_py
[0.504s] [ 93%] Built target dynamixel_interfaces_s__rosidl_typesupport_introspection_c
[0.509s] [ 96%] Built target dynamixel_interfaces_s__rosidl_typesupport_fastrtps_c
[0.514s] [100%] Built target dynamixel_interfaces_s__rosidl_typesupport_c
[0.692s] running egg_info
[0.742s] writing dynamixel_interfaces.egg-info/PKG-INFO
[0.743s] writing dependency_links to dynamixel_interfaces.egg-info/dependency_links.txt
[0.743s] writing top-level names to dynamixel_interfaces.egg-info/top_level.txt
[0.891s] reading manifest file 'dynamixel_interfaces.egg-info/SOURCES.txt'
[0.892s] writing manifest file 'dynamixel_interfaces.egg-info/SOURCES.txt'
[0.936s] [100%] Built target ament_cmake_python_build_dynamixel_interfaces_egg
