[0.008s] Invoking command in '/home/thibaut/Documents/bimanual_mocap/build/dynamixel_hardware_interface': AMENT_PREFIX_PATH=/home/thibaut/Documents/bimanual_mocap/install/dynamixel_sdk:/home/thibaut/Documents/bimanual_mocap/install/dynamixel_interfaces:${AMENT_PREFIX_PATH} CMAKE_PREFIX_PATH=/home/thibaut/Documents/bimanual_mocap/install/dynamixel_sdk:/home/thibaut/Documents/bimanual_mocap/install/dynamixel_interfaces:/opt/ros/jazzy/opt/gz_sim_vendor:/opt/ros/jazzy/opt/gz_sensors_vendor:/opt/ros/jazzy/opt/gz_physics_vendor:/opt/ros/jazzy/opt/sdformat_vendor:/opt/ros/jazzy/opt/gz_gui_vendor:/opt/ros/jazzy/opt/gz_transport_vendor:/opt/ros/jazzy/opt/gz_rendering_vendor:/opt/ros/jazzy/opt/gz_plugin_vendor:/opt/ros/jazzy/opt/gz_fuel_tools_vendor:/opt/ros/jazzy/opt/gz_msgs_vendor:/opt/ros/jazzy/opt/gz_common_vendor:/opt/ros/jazzy/opt/gz_math_vendor:/opt/ros/jazzy/opt/gz_utils_vendor:/opt/ros/jazzy/opt/gz_tools_vendor:/opt/ros/jazzy/opt/gz_ogre_next_vendor:/opt/ros/jazzy/opt/gz_dartsim_vendor:/opt/ros/jazzy/opt/gz_cmake_vendor:/opt/ros/jazzy DEBUGINFOD_URLS=https://debuginfod.ubuntu.com LD_LIBRARY_PATH=/home/thibaut/Documents/bimanual_mocap/install/dynamixel_sdk/lib:/home/thibaut/Documents/bimanual_mocap/install/dynamixel_interfaces/lib:${LD_LIBRARY_PATH} PYTHONPATH=/home/thibaut/Documents/bimanual_mocap/install/dynamixel_sdk/lib/python3.12/site-packages:/home/thibaut/Documents/bimanual_mocap/install/dynamixel_interfaces/lib/python3.12/site-packages:${PYTHONPATH} /usr/bin/cmake /home/thibaut/Documents/bimanual_mocap/bimanual_ws/src/dynamixel_hardware_interface -DAMENT_CMAKE_SYMLINK_INSTALL=1 -DCMAKE_INSTALL_PREFIX=/home/thibaut/Documents/bimanual_mocap/install/dynamixel_hardware_interface
[0.043s] -- The C compiler identification is GNU 13.3.0
[0.077s] -- The CXX compiler identification is GNU 13.3.0
[0.085s] -- Detecting C compiler ABI info
[0.131s] -- Detecting C compiler ABI info - done
[0.137s] -- Check for working C compiler: /usr/bin/cc - skipped
[0.137s] -- Detecting C compile features
[0.137s] -- Detecting C compile features - done
[0.141s] -- Detecting CXX compiler ABI info
[0.193s] -- Detecting CXX compiler ABI info - done
[0.199s] -- Check for working CXX compiler: /usr/bin/c++ - skipped
[0.199s] -- Detecting CXX compile features
[0.199s] -- Detecting CXX compile features - done
[0.201s] -- Found ament_cmake: 2.5.4 (/opt/ros/jazzy/share/ament_cmake/cmake)
[0.334s] -- Found Python3: /usr/bin/python3 (found version "3.12.3") found components: Interpreter 
[0.382s] -- Override CMake install command with custom implementation using symlinks instead of copying resources
[0.410s] -- Found hardware_interface: 4.35.0 (/opt/ros/jazzy/share/hardware_interface/cmake)
[0.446s] -- Found rosidl_generator_c: 4.6.6 (/opt/ros/jazzy/share/rosidl_generator_c/cmake)
[0.457s] -- Found rosidl_generator_cpp: 4.6.6 (/opt/ros/jazzy/share/rosidl_generator_cpp/cmake)
[0.467s] -- Using all available rosidl_typesupport_c: rosidl_typesupport_fastrtps_c;rosidl_typesupport_introspection_c
[0.479s] -- Using all available rosidl_typesupport_cpp: rosidl_typesupport_fastrtps_cpp;rosidl_typesupport_introspection_cpp
[0.599s] -- Found TinyXML2 via Config file: /usr/lib/aarch64-linux-gnu/cmake/tinyxml2
[0.629s] -- Found rmw_implementation_cmake: 7.3.2 (/opt/ros/jazzy/share/rmw_implementation_cmake/cmake)
[0.631s] -- Found rmw_fastrtps_cpp: 8.4.3 (/opt/ros/jazzy/share/rmw_fastrtps_cpp/cmake)
[0.647s] -- Found TinyXML2 via Config file: /usr/lib/aarch64-linux-gnu/cmake/tinyxml2
[0.678s] -- Found OpenSSL: /usr/lib/aarch64-linux-gnu/libcrypto.so (found version "3.0.13")  
[0.680s] -- Found TinyXML2 via Config file: /usr/lib/aarch64-linux-gnu/cmake/tinyxml2
[0.690s] -- Found FastRTPS: /opt/ros/jazzy/include (Required is at least version "2.13") 
[0.691s] -- Found TinyXML2 via Config file: /usr/lib/aarch64-linux-gnu/cmake/tinyxml2
[0.696s] -- Found TinyXML2 via Config file: /usr/lib/aarch64-linux-gnu/cmake/tinyxml2
[0.702s] -- Using RMW implementation 'rmw_fastrtps_cpp' as default
[0.880s] -- Found dynamixel_sdk: 3.8.4 (/home/thibaut/Documents/bimanual_mocap/install/dynamixel_sdk/share/dynamixel_sdk/cmake)
[0.882s] -- Found std_srvs: 5.3.6 (/opt/ros/jazzy/share/std_srvs/cmake)
[0.890s] -- Found dynamixel_interfaces: 1.0.1 (/home/thibaut/Documents/bimanual_mocap/install/dynamixel_interfaces/share/dynamixel_interfaces/cmake)
[0.904s] -- Found ament_lint_auto: 0.17.3 (/opt/ros/jazzy/share/ament_lint_auto/cmake)
[0.973s] -- Added test 'copyright' to check source files copyright and LICENSE
[0.975s] -- Added test 'cppcheck' to perform static code analysis on C / C++ code
[0.975s] -- Configured cppcheck include dirs: $<BUILD_INTERFACE:/home/thibaut/Documents/bimanual_mocap/bimanual_ws/src/dynamixel_hardware_interface/include>
[0.975s] -- Configured cppcheck exclude dirs and/or files: 
[0.977s] -- Added test 'cpplint' to check C / C++ code against the Google style
[0.977s] -- Configured cpplint exclude dirs and/or files: 
[0.978s] -- Added test 'flake8' to check Python code syntax and style conventions
[0.978s] -- Configured 'flake8' exclude dirs and/or files: 
[0.978s] -- Added test 'lint_cmake' to check CMake code style
[0.979s] -- Added test 'pep257' to check Python code against some of the docstring style conventions in PEP 257
[0.981s] -- Added test 'uncrustify' to check C / C++ code style
[0.981s] -- Configured uncrustify additional arguments: 
[0.981s] -- Added test 'xmllint' to check XML markup files
[0.984s] -- Configuring done (1.0s)
[1.009s] -- Generating done (0.0s)
[1.012s] -- Build files have been written to: /home/thibaut/Documents/bimanual_mocap/build/dynamixel_hardware_interface
[1.023s] Invoked command in '/home/thibaut/Documents/bimanual_mocap/build/dynamixel_hardware_interface' returned '0': AMENT_PREFIX_PATH=/home/thibaut/Documents/bimanual_mocap/install/dynamixel_sdk:/home/thibaut/Documents/bimanual_mocap/install/dynamixel_interfaces:${AMENT_PREFIX_PATH} CMAKE_PREFIX_PATH=/home/thibaut/Documents/bimanual_mocap/install/dynamixel_sdk:/home/thibaut/Documents/bimanual_mocap/install/dynamixel_interfaces:/opt/ros/jazzy/opt/gz_sim_vendor:/opt/ros/jazzy/opt/gz_sensors_vendor:/opt/ros/jazzy/opt/gz_physics_vendor:/opt/ros/jazzy/opt/sdformat_vendor:/opt/ros/jazzy/opt/gz_gui_vendor:/opt/ros/jazzy/opt/gz_transport_vendor:/opt/ros/jazzy/opt/gz_rendering_vendor:/opt/ros/jazzy/opt/gz_plugin_vendor:/opt/ros/jazzy/opt/gz_fuel_tools_vendor:/opt/ros/jazzy/opt/gz_msgs_vendor:/opt/ros/jazzy/opt/gz_common_vendor:/opt/ros/jazzy/opt/gz_math_vendor:/opt/ros/jazzy/opt/gz_utils_vendor:/opt/ros/jazzy/opt/gz_tools_vendor:/opt/ros/jazzy/opt/gz_ogre_next_vendor:/opt/ros/jazzy/opt/gz_dartsim_vendor:/opt/ros/jazzy/opt/gz_cmake_vendor:/opt/ros/jazzy DEBUGINFOD_URLS=https://debuginfod.ubuntu.com LD_LIBRARY_PATH=/home/thibaut/Documents/bimanual_mocap/install/dynamixel_sdk/lib:/home/thibaut/Documents/bimanual_mocap/install/dynamixel_interfaces/lib:${LD_LIBRARY_PATH} PYTHONPATH=/home/thibaut/Documents/bimanual_mocap/install/dynamixel_sdk/lib/python3.12/site-packages:/home/thibaut/Documents/bimanual_mocap/install/dynamixel_interfaces/lib/python3.12/site-packages:${PYTHONPATH} /usr/bin/cmake /home/thibaut/Documents/bimanual_mocap/bimanual_ws/src/dynamixel_hardware_interface -DAMENT_CMAKE_SYMLINK_INSTALL=1 -DCMAKE_INSTALL_PREFIX=/home/thibaut/Documents/bimanual_mocap/install/dynamixel_hardware_interface
[1.025s] Invoking command in '/home/thibaut/Documents/bimanual_mocap/build/dynamixel_hardware_interface': AMENT_PREFIX_PATH=/home/thibaut/Documents/bimanual_mocap/install/dynamixel_sdk:/home/thibaut/Documents/bimanual_mocap/install/dynamixel_interfaces:${AMENT_PREFIX_PATH} CMAKE_PREFIX_PATH=/home/thibaut/Documents/bimanual_mocap/install/dynamixel_sdk:/home/thibaut/Documents/bimanual_mocap/install/dynamixel_interfaces:/opt/ros/jazzy/opt/gz_sim_vendor:/opt/ros/jazzy/opt/gz_sensors_vendor:/opt/ros/jazzy/opt/gz_physics_vendor:/opt/ros/jazzy/opt/sdformat_vendor:/opt/ros/jazzy/opt/gz_gui_vendor:/opt/ros/jazzy/opt/gz_transport_vendor:/opt/ros/jazzy/opt/gz_rendering_vendor:/opt/ros/jazzy/opt/gz_plugin_vendor:/opt/ros/jazzy/opt/gz_fuel_tools_vendor:/opt/ros/jazzy/opt/gz_msgs_vendor:/opt/ros/jazzy/opt/gz_common_vendor:/opt/ros/jazzy/opt/gz_math_vendor:/opt/ros/jazzy/opt/gz_utils_vendor:/opt/ros/jazzy/opt/gz_tools_vendor:/opt/ros/jazzy/opt/gz_ogre_next_vendor:/opt/ros/jazzy/opt/gz_dartsim_vendor:/opt/ros/jazzy/opt/gz_cmake_vendor:/opt/ros/jazzy DEBUGINFOD_URLS=https://debuginfod.ubuntu.com LD_LIBRARY_PATH=/home/thibaut/Documents/bimanual_mocap/install/dynamixel_sdk/lib:/home/thibaut/Documents/bimanual_mocap/install/dynamixel_interfaces/lib:${LD_LIBRARY_PATH} PYTHONPATH=/home/thibaut/Documents/bimanual_mocap/install/dynamixel_sdk/lib/python3.12/site-packages:/home/thibaut/Documents/bimanual_mocap/install/dynamixel_interfaces/lib/python3.12/site-packages:${PYTHONPATH} /usr/bin/cmake --build /home/thibaut/Documents/bimanual_mocap/build/dynamixel_hardware_interface -- -j6 -l6
[1.067s] [ 50%] [32mBuilding CXX object CMakeFiles/dynamixel_hardware_interface.dir/src/dynamixel_hardware_interface.cpp.o[0m
[1.067s] [ 50%] [32mBuilding CXX object CMakeFiles/dynamixel_hardware_interface.dir/src/dynamixel/dynamixel_info.cpp.o[0m
[1.071s] [ 75%] [32mBuilding CXX object CMakeFiles/dynamixel_hardware_interface.dir/src/dynamixel/dynamixel.cpp.o[0m
[6.721s] [01m[K/home/thibaut/Documents/bimanual_mocap/bimanual_ws/src/dynamixel_hardware_interface/src/dynamixel_hardware_interface.cpp:[m[K In member function ‘[01m[Kvirtual hardware_interface::CallbackReturn dynamixel_hardware_interface::DynamixelHardware::[01;32m[Kon_init[m[K(const hardware_interface::HardwareInfo&)[m[K’:
[6.721s] [01m[K/home/thibaut/Documents/bimanual_mocap/bimanual_ws/src/dynamixel_hardware_interface/src/dynamixel_hardware_interface.cpp:61:51:[m[K [01;35m[Kwarning: [m[K‘[01m[Kvirtual rclcpp_lifecycle::node_interfaces::LifecycleNodeInterface::CallbackReturn hardware_interface::SystemInterface::[01;32m[Kon_init[m[K(const hardware_interface::HardwareInfo&)[m[K’ is deprecated: Use on_init(const HardwareComponentInterfaceParams & params) instead. [[01;35m[K]8;;https://gcc.gnu.org/onlinedocs/gcc/Warning-Options.html#index-Wdeprecated-declarations-Wdeprecated-declarations]8;;[m[K]
[6.721s]    61 |   if ([01;35m[Khardware_interface::SystemInterface::on_init(info)[m[K !=
[6.722s]       |       [01;35m[K~~~~~~~~~~~~~~~~~~~~~~~~~~~~~~~~~~~~~~~~~~~~^~~~~~[m[K
[6.722s] In file included from [01m[K/home/thibaut/Documents/bimanual_mocap/bimanual_ws/src/dynamixel_hardware_interface/include/dynamixel_hardware_interface/dynamixel_hardware_interface.hpp:32[m[K,
[6.722s]                  from [01m[K/home/thibaut/Documents/bimanual_mocap/bimanual_ws/src/dynamixel_hardware_interface/src/dynamixel_hardware_interface.cpp:17[m[K:
[6.722s] [01m[K/opt/ros/jazzy/include/hardware_interface/hardware_interface/system_interface.hpp:243:26:[m[K [01;36m[Knote: [m[Kdeclared here
[6.722s]   243 |   virtual CallbackReturn [01;36m[Kon_init[m[K(const HardwareInfo & hardware_info)
[6.722s]       |                          [01;36m[K^~~~~~~[m[K
[10.232s] [100%] [32m[1mLinking CXX shared library libdynamixel_hardware_interface.so[0m
[10.584s] [100%] Built target dynamixel_hardware_interface
[10.591s] Invoked command in '/home/thibaut/Documents/bimanual_mocap/build/dynamixel_hardware_interface' returned '0': AMENT_PREFIX_PATH=/home/thibaut/Documents/bimanual_mocap/install/dynamixel_sdk:/home/thibaut/Documents/bimanual_mocap/install/dynamixel_interfaces:${AMENT_PREFIX_PATH} CMAKE_PREFIX_PATH=/home/thibaut/Documents/bimanual_mocap/install/dynamixel_sdk:/home/thibaut/Documents/bimanual_mocap/install/dynamixel_interfaces:/opt/ros/jazzy/opt/gz_sim_vendor:/opt/ros/jazzy/opt/gz_sensors_vendor:/opt/ros/jazzy/opt/gz_physics_vendor:/opt/ros/jazzy/opt/sdformat_vendor:/opt/ros/jazzy/opt/gz_gui_vendor:/opt/ros/jazzy/opt/gz_transport_vendor:/opt/ros/jazzy/opt/gz_rendering_vendor:/opt/ros/jazzy/opt/gz_plugin_vendor:/opt/ros/jazzy/opt/gz_fuel_tools_vendor:/opt/ros/jazzy/opt/gz_msgs_vendor:/opt/ros/jazzy/opt/gz_common_vendor:/opt/ros/jazzy/opt/gz_math_vendor:/opt/ros/jazzy/opt/gz_utils_vendor:/opt/ros/jazzy/opt/gz_tools_vendor:/opt/ros/jazzy/opt/gz_ogre_next_vendor:/opt/ros/jazzy/opt/gz_dartsim_vendor:/opt/ros/jazzy/opt/gz_cmake_vendor:/opt/ros/jazzy DEBUGINFOD_URLS=https://debuginfod.ubuntu.com LD_LIBRARY_PATH=/home/thibaut/Documents/bimanual_mocap/install/dynamixel_sdk/lib:/home/thibaut/Documents/bimanual_mocap/install/dynamixel_interfaces/lib:${LD_LIBRARY_PATH} PYTHONPATH=/home/thibaut/Documents/bimanual_mocap/install/dynamixel_sdk/lib/python3.12/site-packages:/home/thibaut/Documents/bimanual_mocap/install/dynamixel_interfaces/lib/python3.12/site-packages:${PYTHONPATH} /usr/bin/cmake --build /home/thibaut/Documents/bimanual_mocap/build/dynamixel_hardware_interface -- -j6 -l6
[10.591s] Invoking command in '/home/thibaut/Documents/bimanual_mocap/build/dynamixel_hardware_interface': AMENT_PREFIX_PATH=/home/thibaut/Documents/bimanual_mocap/install/dynamixel_sdk:/home/thibaut/Documents/bimanual_mocap/install/dynamixel_interfaces:${AMENT_PREFIX_PATH} CMAKE_PREFIX_PATH=/home/thibaut/Documents/bimanual_mocap/install/dynamixel_sdk:/home/thibaut/Documents/bimanual_mocap/install/dynamixel_interfaces:/opt/ros/jazzy/opt/gz_sim_vendor:/opt/ros/jazzy/opt/gz_sensors_vendor:/opt/ros/jazzy/opt/gz_physics_vendor:/opt/ros/jazzy/opt/sdformat_vendor:/opt/ros/jazzy/opt/gz_gui_vendor:/opt/ros/jazzy/opt/gz_transport_vendor:/opt/ros/jazzy/opt/gz_rendering_vendor:/opt/ros/jazzy/opt/gz_plugin_vendor:/opt/ros/jazzy/opt/gz_fuel_tools_vendor:/opt/ros/jazzy/opt/gz_msgs_vendor:/opt/ros/jazzy/opt/gz_common_vendor:/opt/ros/jazzy/opt/gz_math_vendor:/opt/ros/jazzy/opt/gz_utils_vendor:/opt/ros/jazzy/opt/gz_tools_vendor:/opt/ros/jazzy/opt/gz_ogre_next_vendor:/opt/ros/jazzy/opt/gz_dartsim_vendor:/opt/ros/jazzy/opt/gz_cmake_vendor:/opt/ros/jazzy DEBUGINFOD_URLS=https://debuginfod.ubuntu.com LD_LIBRARY_PATH=/home/thibaut/Documents/bimanual_mocap/install/dynamixel_sdk/lib:/home/thibaut/Documents/bimanual_mocap/install/dynamixel_interfaces/lib:${LD_LIBRARY_PATH} PYTHONPATH=/home/thibaut/Documents/bimanual_mocap/install/dynamixel_sdk/lib/python3.12/site-packages:/home/thibaut/Documents/bimanual_mocap/install/dynamixel_interfaces/lib/python3.12/site-packages:${PYTHONPATH} /usr/bin/cmake --install /home/thibaut/Documents/bimanual_mocap/build/dynamixel_hardware_interface
[10.596s] -- Install configuration: ""
[10.596s] -- Execute custom install script
[10.596s] -- Symlinking: /home/thibaut/Documents/bimanual_mocap/install/dynamixel_hardware_interface/share/dynamixel_hardware_interface//dynamixel_hardware_interface_plugin.xml
[10.601s] -- Symlinking: /home/thibaut/Documents/bimanual_mocap/install/dynamixel_hardware_interface/include/dynamixel_hardware_interface/dynamixel/dynamixel.hpp
[10.605s] -- Symlinking: /home/thibaut/Documents/bimanual_mocap/install/dynamixel_hardware_interface/include/dynamixel_hardware_interface/dynamixel/dynamixel_info.hpp
[10.609s] -- Symlinking: /home/thibaut/Documents/bimanual_mocap/install/dynamixel_hardware_interface/include/dynamixel_hardware_interface/dynamixel_hardware_interface.hpp
[10.614s] -- Symlinking: /home/thibaut/Documents/bimanual_mocap/install/dynamixel_hardware_interface/include/dynamixel_hardware_interface/visibility_control.h
[10.618s] -- Symlinking: /home/thibaut/Documents/bimanual_mocap/install/dynamixel_hardware_interface/lib/dynamixel_hardware_interface//create_udev_rules
[10.622s] -- Symlinking: /home/thibaut/Documents/bimanual_mocap/install/dynamixel_hardware_interface/share/dynamixel_hardware_interface//scripts/99-manipulator-cdc.rules
[10.626s] -- Symlinking: /home/thibaut/Documents/bimanual_mocap/install/dynamixel_hardware_interface/share/dynamixel_hardware_interface//scripts/check_model_file_formatting.py
[10.630s] -- Symlinking: /home/thibaut/Documents/bimanual_mocap/install/dynamixel_hardware_interface/share/dynamixel_hardware_interface//scripts/cluster_model_files.py
[10.633s] -- Symlinking: /home/thibaut/Documents/bimanual_mocap/install/dynamixel_hardware_interface/share/dynamixel_hardware_interface//scripts/create_udev_rules
[10.639s] -- Symlinking: /home/thibaut/Documents/bimanual_mocap/install/dynamixel_hardware_interface/share/dynamixel_hardware_interface/param/dxl_model/2xc430_w250.model
[10.643s] -- Symlinking: /home/thibaut/Documents/bimanual_mocap/install/dynamixel_hardware_interface/share/dynamixel_hardware_interface/param/dxl_model/2xl430_w250.model
[10.647s] -- Symlinking: /home/thibaut/Documents/bimanual_mocap/install/dynamixel_hardware_interface/share/dynamixel_hardware_interface/param/dxl_model/dynamixel.model
[10.651s] -- Symlinking: /home/thibaut/Documents/bimanual_mocap/install/dynamixel_hardware_interface/share/dynamixel_hardware_interface/param/dxl_model/ffw_g10_led.model
[10.655s] -- Symlinking: /home/thibaut/Documents/bimanual_mocap/install/dynamixel_hardware_interface/share/dynamixel_hardware_interface/param/dxl_model/ffw_g10_rcu.model
[10.660s] -- Symlinking: /home/thibaut/Documents/bimanual_mocap/install/dynamixel_hardware_interface/share/dynamixel_hardware_interface/param/dxl_model/ffw_g40_imu.model
[10.664s] -- Symlinking: /home/thibaut/Documents/bimanual_mocap/install/dynamixel_hardware_interface/share/dynamixel_hardware_interface/param/dxl_model/ffw_sg2_drive_1.model
[10.669s] -- Symlinking: /home/thibaut/Documents/bimanual_mocap/install/dynamixel_hardware_interface/share/dynamixel_hardware_interface/param/dxl_model/ffw_sg2_drive_2.model
[10.672s] -- Symlinking: /home/thibaut/Documents/bimanual_mocap/install/dynamixel_hardware_interface/share/dynamixel_hardware_interface/param/dxl_model/ffw_sg2_drive_3.model
[10.676s] -- Symlinking: /home/thibaut/Documents/bimanual_mocap/install/dynamixel_hardware_interface/share/dynamixel_hardware_interface/param/dxl_model/ffw_sg2_steer_1.model
[10.680s] -- Symlinking: /home/thibaut/Documents/bimanual_mocap/install/dynamixel_hardware_interface/share/dynamixel_hardware_interface/param/dxl_model/ffw_sg2_steer_2.model
[10.684s] -- Symlinking: /home/thibaut/Documents/bimanual_mocap/install/dynamixel_hardware_interface/share/dynamixel_hardware_interface/param/dxl_model/ffw_sg2_steer_3.model
[10.688s] -- Symlinking: /home/thibaut/Documents/bimanual_mocap/install/dynamixel_hardware_interface/share/dynamixel_hardware_interface/param/dxl_model/h42_20_s300_r.model
[10.692s] -- Symlinking: /home/thibaut/Documents/bimanual_mocap/install/dynamixel_hardware_interface/share/dynamixel_hardware_interface/param/dxl_model/h42_20_s300_ra.model
[10.696s] -- Symlinking: /home/thibaut/Documents/bimanual_mocap/install/dynamixel_hardware_interface/share/dynamixel_hardware_interface/param/dxl_model/h54_100_s500_r.model
[10.701s] -- Symlinking: /home/thibaut/Documents/bimanual_mocap/install/dynamixel_hardware_interface/share/dynamixel_hardware_interface/param/dxl_model/h54_100_s500_ra.model
[10.705s] -- Symlinking: /home/thibaut/Documents/bimanual_mocap/install/dynamixel_hardware_interface/share/dynamixel_hardware_interface/param/dxl_model/h54_200_s500_r.model
[10.709s] -- Symlinking: /home/thibaut/Documents/bimanual_mocap/install/dynamixel_hardware_interface/share/dynamixel_hardware_interface/param/dxl_model/h54_200_s500_ra.model
[10.714s] -- Symlinking: /home/thibaut/Documents/bimanual_mocap/install/dynamixel_hardware_interface/share/dynamixel_hardware_interface/param/dxl_model/m42_10_s260_ra.model
[10.719s] -- Symlinking: /home/thibaut/Documents/bimanual_mocap/install/dynamixel_hardware_interface/share/dynamixel_hardware_interface/param/dxl_model/m54_40_s250_ra.model
[10.722s] -- Symlinking: /home/thibaut/Documents/bimanual_mocap/install/dynamixel_hardware_interface/share/dynamixel_hardware_interface/param/dxl_model/m54_60_s250_ra.model
[10.727s] -- Symlinking: /home/thibaut/Documents/bimanual_mocap/install/dynamixel_hardware_interface/share/dynamixel_hardware_interface/param/dxl_model/mx_106.model
[10.732s] -- Symlinking: /home/thibaut/Documents/bimanual_mocap/install/dynamixel_hardware_interface/share/dynamixel_hardware_interface/param/dxl_model/mx_28.model
[10.736s] -- Symlinking: /home/thibaut/Documents/bimanual_mocap/install/dynamixel_hardware_interface/share/dynamixel_hardware_interface/param/dxl_model/mx_64.model
[10.741s] -- Symlinking: /home/thibaut/Documents/bimanual_mocap/install/dynamixel_hardware_interface/share/dynamixel_hardware_interface/param/dxl_model/omy_end.model
[10.745s] -- Symlinking: /home/thibaut/Documents/bimanual_mocap/install/dynamixel_hardware_interface/share/dynamixel_hardware_interface/param/dxl_model/omy_end_rh_p12_rn.model
[10.749s] -- Symlinking: /home/thibaut/Documents/bimanual_mocap/install/dynamixel_hardware_interface/share/dynamixel_hardware_interface/param/dxl_model/omy_hat.model
[10.754s] -- Symlinking: /home/thibaut/Documents/bimanual_mocap/install/dynamixel_hardware_interface/share/dynamixel_hardware_interface/param/dxl_model/ph42_020_s300.model
[10.760s] -- Symlinking: /home/thibaut/Documents/bimanual_mocap/install/dynamixel_hardware_interface/share/dynamixel_hardware_interface/param/dxl_model/ph54_100_s500.model
[10.765s] -- Symlinking: /home/thibaut/Documents/bimanual_mocap/install/dynamixel_hardware_interface/share/dynamixel_hardware_interface/param/dxl_model/ph54_200_s500.model
[10.770s] -- Symlinking: /home/thibaut/Documents/bimanual_mocap/install/dynamixel_hardware_interface/share/dynamixel_hardware_interface/param/dxl_model/pm42_010_s260.model
[10.775s] -- Symlinking: /home/thibaut/Documents/bimanual_mocap/install/dynamixel_hardware_interface/share/dynamixel_hardware_interface/param/dxl_model/pm54_040_s250.model
[10.780s] -- Symlinking: /home/thibaut/Documents/bimanual_mocap/install/dynamixel_hardware_interface/share/dynamixel_hardware_interface/param/dxl_model/pm54_060_s250.model
[10.785s] -- Symlinking: /home/thibaut/Documents/bimanual_mocap/install/dynamixel_hardware_interface/share/dynamixel_hardware_interface/param/dxl_model/rh_p12_rn.model
[10.791s] -- Symlinking: /home/thibaut/Documents/bimanual_mocap/install/dynamixel_hardware_interface/share/dynamixel_hardware_interface/param/dxl_model/sensorxel_joy.model
[10.797s] -- Symlinking: /home/thibaut/Documents/bimanual_mocap/install/dynamixel_hardware_interface/share/dynamixel_hardware_interface/param/dxl_model/xc330_m181.model
[10.803s] -- Symlinking: /home/thibaut/Documents/bimanual_mocap/install/dynamixel_hardware_interface/share/dynamixel_hardware_interface/param/dxl_model/xc330_m181_fw52.model
[10.808s] -- Symlinking: /home/thibaut/Documents/bimanual_mocap/install/dynamixel_hardware_interface/share/dynamixel_hardware_interface/param/dxl_model/xc330_m288.model
[10.811s] -- Symlinking: /home/thibaut/Documents/bimanual_mocap/install/dynamixel_hardware_interface/share/dynamixel_hardware_interface/param/dxl_model/xc330_m288_fw52.model
[10.816s] -- Symlinking: /home/thibaut/Documents/bimanual_mocap/install/dynamixel_hardware_interface/share/dynamixel_hardware_interface/param/dxl_model/xc330_t181.model
[10.821s] -- Symlinking: /home/thibaut/Documents/bimanual_mocap/install/dynamixel_hardware_interface/share/dynamixel_hardware_interface/param/dxl_model/xc330_t181_fw52.model
[10.824s] -- Symlinking: /home/thibaut/Documents/bimanual_mocap/install/dynamixel_hardware_interface/share/dynamixel_hardware_interface/param/dxl_model/xc330_t288.model
[10.828s] -- Symlinking: /home/thibaut/Documents/bimanual_mocap/install/dynamixel_hardware_interface/share/dynamixel_hardware_interface/param/dxl_model/xc330_t288_fw52.model
[10.832s] -- Symlinking: /home/thibaut/Documents/bimanual_mocap/install/dynamixel_hardware_interface/share/dynamixel_hardware_interface/param/dxl_model/xc430_w150.model
[10.836s] -- Symlinking: /home/thibaut/Documents/bimanual_mocap/install/dynamixel_hardware_interface/share/dynamixel_hardware_interface/param/dxl_model/xc430_w240.model
[10.840s] -- Symlinking: /home/thibaut/Documents/bimanual_mocap/install/dynamixel_hardware_interface/share/dynamixel_hardware_interface/param/dxl_model/xd430_t210.model
[10.843s] -- Symlinking: /home/thibaut/Documents/bimanual_mocap/install/dynamixel_hardware_interface/share/dynamixel_hardware_interface/param/dxl_model/xd430_t350.model
[10.847s] -- Symlinking: /home/thibaut/Documents/bimanual_mocap/install/dynamixel_hardware_interface/share/dynamixel_hardware_interface/param/dxl_model/xd540_t150.model
[10.851s] -- Symlinking: /home/thibaut/Documents/bimanual_mocap/install/dynamixel_hardware_interface/share/dynamixel_hardware_interface/param/dxl_model/xd540_t270.model
[10.854s] -- Symlinking: /home/thibaut/Documents/bimanual_mocap/install/dynamixel_hardware_interface/share/dynamixel_hardware_interface/param/dxl_model/xh430_v210.model
[10.858s] -- Symlinking: /home/thibaut/Documents/bimanual_mocap/install/dynamixel_hardware_interface/share/dynamixel_hardware_interface/param/dxl_model/xh430_v350.model
[10.862s] -- Symlinking: /home/thibaut/Documents/bimanual_mocap/install/dynamixel_hardware_interface/share/dynamixel_hardware_interface/param/dxl_model/xh430_w210.model
[10.865s] -- Symlinking: /home/thibaut/Documents/bimanual_mocap/install/dynamixel_hardware_interface/share/dynamixel_hardware_interface/param/dxl_model/xh430_w350.model
[10.870s] -- Symlinking: /home/thibaut/Documents/bimanual_mocap/install/dynamixel_hardware_interface/share/dynamixel_hardware_interface/param/dxl_model/xh540_v150.model
[10.874s] -- Symlinking: /home/thibaut/Documents/bimanual_mocap/install/dynamixel_hardware_interface/share/dynamixel_hardware_interface/param/dxl_model/xh540_v270.model
[10.877s] -- Symlinking: /home/thibaut/Documents/bimanual_mocap/install/dynamixel_hardware_interface/share/dynamixel_hardware_interface/param/dxl_model/xh540_w150.model
[10.882s] -- Symlinking: /home/thibaut/Documents/bimanual_mocap/install/dynamixel_hardware_interface/share/dynamixel_hardware_interface/param/dxl_model/xh540_w270.model
[10.887s] -- Symlinking: /home/thibaut/Documents/bimanual_mocap/install/dynamixel_hardware_interface/share/dynamixel_hardware_interface/param/dxl_model/xl320.model
[10.891s] -- Symlinking: /home/thibaut/Documents/bimanual_mocap/install/dynamixel_hardware_interface/share/dynamixel_hardware_interface/param/dxl_model/xl330_m077.model
[10.895s] -- Symlinking: /home/thibaut/Documents/bimanual_mocap/install/dynamixel_hardware_interface/share/dynamixel_hardware_interface/param/dxl_model/xl330_m077_fw52.model
[10.900s] -- Symlinking: /home/thibaut/Documents/bimanual_mocap/install/dynamixel_hardware_interface/share/dynamixel_hardware_interface/param/dxl_model/xl330_m288.model
[10.903s] -- Symlinking: /home/thibaut/Documents/bimanual_mocap/install/dynamixel_hardware_interface/share/dynamixel_hardware_interface/param/dxl_model/xl330_m288_fw52.model
[10.907s] -- Symlinking: /home/thibaut/Documents/bimanual_mocap/install/dynamixel_hardware_interface/share/dynamixel_hardware_interface/param/dxl_model/xl430_w250.model
[10.911s] -- Symlinking: /home/thibaut/Documents/bimanual_mocap/install/dynamixel_hardware_interface/share/dynamixel_hardware_interface/param/dxl_model/xm430_w210.model
[10.917s] -- Symlinking: /home/thibaut/Documents/bimanual_mocap/install/dynamixel_hardware_interface/share/dynamixel_hardware_interface/param/dxl_model/xm430_w350.model
[10.921s] -- Symlinking: /home/thibaut/Documents/bimanual_mocap/install/dynamixel_hardware_interface/share/dynamixel_hardware_interface/param/dxl_model/xm540_w150.model
[10.925s] -- Symlinking: /home/thibaut/Documents/bimanual_mocap/install/dynamixel_hardware_interface/share/dynamixel_hardware_interface/param/dxl_model/xm540_w270.model
[10.929s] -- Symlinking: /home/thibaut/Documents/bimanual_mocap/install/dynamixel_hardware_interface/share/dynamixel_hardware_interface/param/dxl_model/xw430_t200.model
[10.933s] -- Symlinking: /home/thibaut/Documents/bimanual_mocap/install/dynamixel_hardware_interface/share/dynamixel_hardware_interface/param/dxl_model/xw430_t333.model
[10.936s] -- Symlinking: /home/thibaut/Documents/bimanual_mocap/install/dynamixel_hardware_interface/share/dynamixel_hardware_interface/param/dxl_model/xw540_h260.model
[10.940s] -- Symlinking: /home/thibaut/Documents/bimanual_mocap/install/dynamixel_hardware_interface/share/dynamixel_hardware_interface/param/dxl_model/xw540_t140.model
[10.943s] -- Symlinking: /home/thibaut/Documents/bimanual_mocap/install/dynamixel_hardware_interface/share/dynamixel_hardware_interface/param/dxl_model/xw540_t260.model
[10.947s] -- Symlinking: /home/thibaut/Documents/bimanual_mocap/install/dynamixel_hardware_interface/share/dynamixel_hardware_interface/param/dxl_model/ym070_210_a051.model
[10.950s] -- Symlinking: /home/thibaut/Documents/bimanual_mocap/install/dynamixel_hardware_interface/share/dynamixel_hardware_interface/param/dxl_model/ym070_210_a099.model
[10.954s] -- Symlinking: /home/thibaut/Documents/bimanual_mocap/install/dynamixel_hardware_interface/share/dynamixel_hardware_interface/param/dxl_model/ym070_210_b001.model
[10.958s] -- Symlinking: /home/thibaut/Documents/bimanual_mocap/install/dynamixel_hardware_interface/share/dynamixel_hardware_interface/param/dxl_model/ym070_210_m001.model
[10.961s] -- Symlinking: /home/thibaut/Documents/bimanual_mocap/install/dynamixel_hardware_interface/share/dynamixel_hardware_interface/param/dxl_model/ym070_210_r051.model
[10.965s] -- Symlinking: /home/thibaut/Documents/bimanual_mocap/install/dynamixel_hardware_interface/share/dynamixel_hardware_interface/param/dxl_model/ym070_210_r099.model
[10.969s] -- Symlinking: /home/thibaut/Documents/bimanual_mocap/install/dynamixel_hardware_interface/share/dynamixel_hardware_interface/param/dxl_model/ym080_230_a051.model
[10.972s] -- Symlinking: /home/thibaut/Documents/bimanual_mocap/install/dynamixel_hardware_interface/share/dynamixel_hardware_interface/param/dxl_model/ym080_230_a099.model
[10.976s] -- Symlinking: /home/thibaut/Documents/bimanual_mocap/install/dynamixel_hardware_interface/share/dynamixel_hardware_interface/param/dxl_model/ym080_230_b001.model
[10.979s] -- Symlinking: /home/thibaut/Documents/bimanual_mocap/install/dynamixel_hardware_interface/share/dynamixel_hardware_interface/param/dxl_model/ym080_230_m001.model
[10.983s] -- Symlinking: /home/thibaut/Documents/bimanual_mocap/install/dynamixel_hardware_interface/share/dynamixel_hardware_interface/param/dxl_model/ym080_230_r051.model
[10.986s] -- Symlinking: /home/thibaut/Documents/bimanual_mocap/install/dynamixel_hardware_interface/share/dynamixel_hardware_interface/param/dxl_model/ym080_230_r099.model
[10.990s] -- Symlinking: /home/thibaut/Documents/bimanual_mocap/install/dynamixel_hardware_interface/share/dynamixel_hardware_interface/environment/library_path.sh
[10.994s] -- Symlinking: /home/thibaut/Documents/bimanual_mocap/install/dynamixel_hardware_interface/share/dynamixel_hardware_interface/environment/library_path.dsv
[10.998s] -- Symlinking: /home/thibaut/Documents/bimanual_mocap/install/dynamixel_hardware_interface/share/ament_index/resource_index/package_run_dependencies/dynamixel_hardware_interface
[11.002s] -- Symlinking: /home/thibaut/Documents/bimanual_mocap/install/dynamixel_hardware_interface/share/ament_index/resource_index/parent_prefix_path/dynamixel_hardware_interface
[11.005s] -- Symlinking: /home/thibaut/Documents/bimanual_mocap/install/dynamixel_hardware_interface/share/dynamixel_hardware_interface/environment/ament_prefix_path.sh
[11.009s] -- Symlinking: /home/thibaut/Documents/bimanual_mocap/install/dynamixel_hardware_interface/share/dynamixel_hardware_interface/environment/ament_prefix_path.dsv
[11.013s] -- Symlinking: /home/thibaut/Documents/bimanual_mocap/install/dynamixel_hardware_interface/share/dynamixel_hardware_interface/environment/path.sh
[11.017s] -- Symlinking: /home/thibaut/Documents/bimanual_mocap/install/dynamixel_hardware_interface/share/dynamixel_hardware_interface/environment/path.dsv
[11.021s] -- Symlinking: /home/thibaut/Documents/bimanual_mocap/install/dynamixel_hardware_interface/share/dynamixel_hardware_interface/local_setup.bash
[11.025s] -- Symlinking: /home/thibaut/Documents/bimanual_mocap/install/dynamixel_hardware_interface/share/dynamixel_hardware_interface/local_setup.sh
[11.029s] -- Symlinking: /home/thibaut/Documents/bimanual_mocap/install/dynamixel_hardware_interface/share/dynamixel_hardware_interface/local_setup.zsh
[11.033s] -- Symlinking: /home/thibaut/Documents/bimanual_mocap/install/dynamixel_hardware_interface/share/dynamixel_hardware_interface/local_setup.dsv
[11.037s] -- Symlinking: /home/thibaut/Documents/bimanual_mocap/install/dynamixel_hardware_interface/share/dynamixel_hardware_interface/package.dsv
[11.041s] -- Symlinking: /home/thibaut/Documents/bimanual_mocap/install/dynamixel_hardware_interface/share/ament_index/resource_index/packages/dynamixel_hardware_interface
[11.045s] -- Symlinking: /home/thibaut/Documents/bimanual_mocap/install/dynamixel_hardware_interface/share/ament_index/resource_index/hardware_interface__pluginlib__plugin/dynamixel_hardware_interface
[11.048s] -- Symlinking: /home/thibaut/Documents/bimanual_mocap/install/dynamixel_hardware_interface/share/dynamixel_hardware_interface/cmake/ament_cmake_export_include_directories-extras.cmake
[11.052s] -- Symlinking: /home/thibaut/Documents/bimanual_mocap/install/dynamixel_hardware_interface/share/dynamixel_hardware_interface/cmake/ament_cmake_export_libraries-extras.cmake
[11.056s] -- Symlinking: /home/thibaut/Documents/bimanual_mocap/install/dynamixel_hardware_interface/share/dynamixel_hardware_interface/cmake/ament_cmake_export_targets-extras.cmake
[11.059s] -- Symlinking: /home/thibaut/Documents/bimanual_mocap/install/dynamixel_hardware_interface/share/dynamixel_hardware_interface/cmake/ament_cmake_export_dependencies-extras.cmake
[11.063s] -- Symlinking: /home/thibaut/Documents/bimanual_mocap/install/dynamixel_hardware_interface/share/dynamixel_hardware_interface/cmake/dynamixel_hardware_interfaceConfig.cmake
[11.068s] -- Symlinking: /home/thibaut/Documents/bimanual_mocap/install/dynamixel_hardware_interface/share/dynamixel_hardware_interface/cmake/dynamixel_hardware_interfaceConfig-version.cmake
[11.073s] -- Symlinking: /home/thibaut/Documents/bimanual_mocap/install/dynamixel_hardware_interface/share/dynamixel_hardware_interface/package.xml
[11.078s] -- Installing: /home/thibaut/Documents/bimanual_mocap/install/dynamixel_hardware_interface/lib/libdynamixel_hardware_interface.so
[11.083s] -- Set non-toolchain portion of runtime path of "/home/thibaut/Documents/bimanual_mocap/install/dynamixel_hardware_interface/lib/libdynamixel_hardware_interface.so" to ""
[11.083s] -- Installing: /home/thibaut/Documents/bimanual_mocap/install/dynamixel_hardware_interface/share/dynamixel_hardware_interface/cmake/export_dynamixel_hardware_interfaceExport.cmake
[11.083s] -- Installing: /home/thibaut/Documents/bimanual_mocap/install/dynamixel_hardware_interface/share/dynamixel_hardware_interface/cmake/export_dynamixel_hardware_interfaceExport-noconfig.cmake
[11.085s] Invoked command in '/home/thibaut/Documents/bimanual_mocap/build/dynamixel_hardware_interface' returned '0': AMENT_PREFIX_PATH=/home/thibaut/Documents/bimanual_mocap/install/dynamixel_sdk:/home/thibaut/Documents/bimanual_mocap/install/dynamixel_interfaces:${AMENT_PREFIX_PATH} CMAKE_PREFIX_PATH=/home/thibaut/Documents/bimanual_mocap/install/dynamixel_sdk:/home/thibaut/Documents/bimanual_mocap/install/dynamixel_interfaces:/opt/ros/jazzy/opt/gz_sim_vendor:/opt/ros/jazzy/opt/gz_sensors_vendor:/opt/ros/jazzy/opt/gz_physics_vendor:/opt/ros/jazzy/opt/sdformat_vendor:/opt/ros/jazzy/opt/gz_gui_vendor:/opt/ros/jazzy/opt/gz_transport_vendor:/opt/ros/jazzy/opt/gz_rendering_vendor:/opt/ros/jazzy/opt/gz_plugin_vendor:/opt/ros/jazzy/opt/gz_fuel_tools_vendor:/opt/ros/jazzy/opt/gz_msgs_vendor:/opt/ros/jazzy/opt/gz_common_vendor:/opt/ros/jazzy/opt/gz_math_vendor:/opt/ros/jazzy/opt/gz_utils_vendor:/opt/ros/jazzy/opt/gz_tools_vendor:/opt/ros/jazzy/opt/gz_ogre_next_vendor:/opt/ros/jazzy/opt/gz_dartsim_vendor:/opt/ros/jazzy/opt/gz_cmake_vendor:/opt/ros/jazzy DEBUGINFOD_URLS=https://debuginfod.ubuntu.com LD_LIBRARY_PATH=/home/thibaut/Documents/bimanual_mocap/install/dynamixel_sdk/lib:/home/thibaut/Documents/bimanual_mocap/install/dynamixel_interfaces/lib:${LD_LIBRARY_PATH} PYTHONPATH=/home/thibaut/Documents/bimanual_mocap/install/dynamixel_sdk/lib/python3.12/site-packages:/home/thibaut/Documents/bimanual_mocap/install/dynamixel_interfaces/lib/python3.12/site-packages:${PYTHONPATH} /usr/bin/cmake --install /home/thibaut/Documents/bimanual_mocap/build/dynamixel_hardware_interface
