[0.057s] Invoking command in '/home/asurite.ad.asu.edu/troisin/Documents/bimanual_mocap/bimanual_ws/build/bimanualrobot_gazebo': CMAKE_PREFIX_PATH=${CMAKE_PREFIX_PATH}:/opt/ros/jazzy DEBUGINFOD_URLS=https://debuginfod.ubuntu.com /usr/bin/cmake --build /home/asurite.ad.asu.edu/troisin/Documents/bimanual_mocap/bimanual_ws/build/bimanualrobot_gazebo -- -j20 -l20
[0.117s] -- Found ament_cmake: 2.5.4 (/opt/ros/jazzy/share/ament_cmake/cmake)
[0.603s] -- Override CMake install command with custom implementation using symlinks instead of copying resources
[0.625s] -- Found controller_manager: 4.38.0 (/opt/ros/jazzy/share/controller_manager/cmake)
[0.717s] -- Found rosidl_generator_c: 4.6.6 (/opt/ros/jazzy/share/rosidl_generator_c/cmake)
[0.748s] -- Found rosidl_generator_cpp: 4.6.6 (/opt/ros/jazzy/share/rosidl_generator_cpp/cmake)
[0.785s] -- Using all available rosidl_typesupport_c: rosidl_typesupport_fastrtps_c;rosidl_typesupport_introspection_c
[0.830s] -- Using all available rosidl_typesupport_cpp: rosidl_typesupport_fastrtps_cpp;rosidl_typesupport_introspection_cpp
[1.029s] -- Found rmw_implementation_cmake: 7.3.2 (/opt/ros/jazzy/share/rmw_implementation_cmake/cmake)
[1.034s] -- Found rmw_fastrtps_cpp: 8.4.3 (/opt/ros/jazzy/share/rmw_fastrtps_cpp/cmake)
[1.172s] -- Using RMW implementation 'rmw_fastrtps_cpp' as default
[2.079s] -- Found gripper_controllers: 4.33.0 (/opt/ros/jazzy/share/gripper_controllers/cmake)
[2.142s] -- Found eigen3_cmake_module: 0.3.0 (/opt/ros/jazzy/share/eigen3_cmake_module/cmake)
[2.144s] -- Ensuring Eigen3 include directory is part of orocos-kdl CMake target
[2.339s] -- Found gz_ros2_control: 1.2.16 (/opt/ros/jazzy/share/gz_ros2_control/cmake)
[2.349s] -- Found ros_gz: 1.0.16 (/opt/ros/jazzy/share/ros_gz/cmake)
[2.349s] -- Found ros_gz_bridge: 1.0.16 (/opt/ros/jazzy/share/ros_gz_bridge/cmake)
[2.363s] -- Looking for gz-msgs10 -- found version 10.3.2
[2.373s] -- Searching for dependencies of gz-msgs10
[2.412s] -- Looking for gz-utils2 -- found version 2.2.1
[2.413s] -- Searching for dependencies of gz-utils2
[2.414s] -- Looking for gz-math7 -- found version 7.5.2
[2.415s] -- Searching for dependencies of gz-math7
[2.415s] -- Looking for gz-utils2 -- found version 2.2.1
[2.425s] -- Checking for module 'tinyxml2'
[2.452s] --   Found tinyxml2, version 10.0.0
[2.518s] -- Looking for gz-transport13 -- found version 13.4.1
[2.518s] -- Searching for dependencies of gz-transport13
[2.583s] -- Config-file not installed for ZeroMQ -- checking for pkg-config
[2.590s] -- Checking for module 'libzmq >= 4'
[2.620s] --   Found libzmq, version 4.3.5
[2.715s] -- Checking for module 'uuid'
[2.747s] --   Found uuid, version 2.39.3
[2.813s] -- Looking for gz-utils2 -- found version 2.2.1
[2.813s] -- Searching for dependencies of gz-utils2
[2.814s] -- Searching for <gz-utils2> component [cli]
[2.814s] -- Looking for gz-utils2-cli -- found version 2.2.1
[2.815s] -- Searching for dependencies of gz-utils2-cli
[2.816s] -- Looking for gz-msgs10 -- found version 10.3.2
[3.082s] -- Found ros_gz_image: 1.0.16 (/opt/ros/jazzy/share/ros_gz_image/cmake)
[3.083s] -- Found ros_gz_sim: 1.0.16 (/opt/ros/jazzy/share/ros_gz_sim/cmake)
[3.090s] -- Found ros2_control: 4.38.0 (/opt/ros/jazzy/share/ros2_control/cmake)
[3.091s] -- Found ros2_controllers: 4.33.0 (/opt/ros/jazzy/share/ros2_controllers/cmake)
[3.091s] -- Found xacro: 2.1.1 (/opt/ros/jazzy/share/xacro/cmake)
[3.099s] -- Looking for gz-sim8 -- found version 8.9.0
[3.100s] -- Searching for dependencies of gz-sim8
[3.104s] -- Looking for sdformat14 -- found version 14.8.0
[3.105s] -- Searching for dependencies of sdformat14
[3.116s] -- Looking for gz-math7 -- found version 7.5.2
[3.117s] -- Looking for gz-utils2 -- found version 2.2.1
[3.125s] -- Looking for gz-plugin2 -- found version 2.0.4
[3.125s] -- Searching for dependencies of gz-plugin2
[3.125s] -- Looking for gz-utils2 -- found version 2.2.1
[3.128s] -- Searching for <gz-plugin2> component [loader]
[3.134s] -- Looking for gz-plugin2-loader -- found version 2.0.4
[3.135s] -- Searching for dependencies of gz-plugin2-loader
[3.136s] -- Searching for <gz-plugin2> component [register]
[3.141s] -- Looking for gz-plugin2-register -- found version 2.0.4
[3.142s] -- Searching for dependencies of gz-plugin2-register
[3.143s] -- Looking for gz-transport13 -- found version 13.4.1
[3.144s] -- Searching for dependencies of gz-transport13
[3.209s] -- Config-file not installed for ZeroMQ -- checking for pkg-config
[3.219s] -- Checking for module 'libzmq >= 4'
[3.250s] --   Found libzmq, version 4.3.5
[3.355s] -- Looking for gz-utils2 -- found version 2.2.1
[3.356s] -- Looking for gz-msgs10 -- found version 10.3.2
[3.357s] -- Searching for <gz-transport13> component [log]
[3.364s] -- Looking for gz-transport13-log -- found version 13.4.1
[3.365s] -- Searching for dependencies of gz-transport13-log
[3.367s] -- Searching for <gz-transport13> component [parameters]
[3.373s] -- Looking for gz-transport13-parameters -- found version 13.4.1
[3.373s] -- Searching for dependencies of gz-transport13-parameters
[3.377s] -- Looking for gz-msgs10 -- found version 10.3.2
[3.386s] -- Looking for gz-common5 -- found version 5.7.1
[3.386s] -- Searching for dependencies of gz-common5
[3.387s] -- Looking for gz-utils2 -- found version 2.2.1
[3.391s] -- Looking for dlfcn.h - found
[3.394s] -- Looking for libdl - found
[3.397s] -- Found DL: TRUE  
[3.411s] -- Searching for <gz-common5> component [av]
[3.418s] -- Looking for gz-common5-av -- found version 5.7.1
[3.418s] -- Searching for dependencies of gz-common5-av
[3.430s] -- Checking for module 'libswscale'
[3.461s] --   Found libswscale, version 7.5.100
[3.532s] -- Found SWSCALE: TRUE  
[3.542s] -- Checking for module 'libavdevice >= 56.4.100'
[3.580s] --   Found libavdevice, version 60.3.100
[3.693s] -- Found AVDEVICE: TRUE (Required is at least version "56.4.100") 
[3.709s] -- Checking for module 'libavformat'
[3.749s] --   Found libavformat, version 60.16.100
[3.827s] -- Found AVFORMAT: TRUE  
[3.836s] -- Checking for module 'libavcodec'
[3.874s] --   Found libavcodec, version 60.31.102
[3.957s] -- Found AVCODEC: TRUE  
[3.971s] -- Checking for module 'libavutil'
[4.006s] --   Found libavutil, version 58.29.100
[4.083s] -- Found AVUTIL: TRUE  
[4.085s] -- Searching for <gz-common5> component [events]
[4.095s] -- Looking for gz-common5-events -- found version 5.7.1
[4.095s] -- Searching for dependencies of gz-common5-events
[4.096s] -- Looking for gz-math7 -- found version 7.5.2
[4.097s] -- Searching for <gz-common5> component [graphics]
[4.104s] -- Looking for gz-common5-graphics -- found version 5.7.1
[4.104s] -- Searching for dependencies of gz-common5-graphics
[4.105s] -- Looking for gz-math7 -- found version 7.5.2
[4.120s] -- Found GzAssimp: TRUE (found version "5.3.0") 
[4.121s] -- Searching for <gz-common5> component [io]
[4.128s] -- Looking for gz-common5-io -- found version 5.7.1
[4.128s] -- Searching for dependencies of gz-common5-io
[4.130s] -- Searching for <gz-common5> component [profiler]
[4.137s] -- Looking for gz-common5-profiler -- found version 5.7.1
[4.138s] -- Searching for dependencies of gz-common5-profiler
[4.145s] -- Looking for gz-fuel_tools9 -- found version 9.1.1
[4.145s] -- Searching for dependencies of gz-fuel_tools9
[4.314s] -- Found CURL: /usr/lib/x86_64-linux-gnu/libcurl.so (found version "8.5.0")  
[4.342s] -- Checking for module 'jsoncpp'
[4.373s] --   Found jsoncpp, version 1.9.5
[4.438s] -- Found JSONCPP: TRUE  
[4.475s] -- Checking for module 'yaml-0.1'
[4.508s] --   Found yaml-0.1, version 0.2.5
[4.582s] -- Found YAML: TRUE  
[4.598s] -- Checking for module 'libzip'
[4.633s] --   Found libzip, version 1.7.3
[4.703s] -- Found ZIP: TRUE  
[4.704s] -- Looking for gz-utils2 -- found version 2.2.1
[4.705s] -- Looking for gz-common5 -- found version 5.7.1
[4.706s] -- Searching for dependencies of gz-common5
[4.707s] -- Looking for gz-utils2 -- found version 2.2.1
[4.707s] -- Looking for dlfcn.h - found
[4.708s] -- Looking for libdl - found
[4.725s] -- Searching for <gz-common5> component [testing]
[4.733s] -- Looking for gz-common5-testing -- found version 5.7.1
[4.734s] -- Searching for dependencies of gz-common5-testing
[4.736s] -- Looking for gz-math7 -- found version 7.5.2
[4.737s] -- Looking for gz-msgs10 -- found version 10.3.2
[4.744s] -- Looking for gz-gui8 -- found version 8.4.0
[4.745s] -- Searching for dependencies of gz-gui8
[4.797s] -- Looking for gz-utils2 -- found version 2.2.1
[4.798s] -- Looking for gz-math7 -- found version 7.5.2
[4.799s] -- Looking for gz-common5 -- found version 5.7.1
[4.800s] -- Looking for gz-plugin2 -- found version 2.0.4
[4.801s] -- Looking for gz-transport13 -- found version 13.4.1
[4.807s] -- Looking for gz-rendering8 -- found version 8.2.2
[4.807s] -- Searching for dependencies of gz-rendering8
[4.808s] -- Looking for gz-math7 -- found version 7.5.2
[4.808s] -- Searching for dependencies of gz-math7
[4.809s] -- Looking for gz-utils2 -- found version 2.2.1
[4.809s] -- Searching for <gz-math7> component [eigen3]
[4.816s] -- Looking for gz-math7-eigen3 -- found version 7.5.2
[4.817s] -- Searching for dependencies of gz-math7-eigen3
[4.820s] -- Looking for gz-common5 -- found version 5.7.1
[4.820s] -- Searching for dependencies of gz-common5
[4.821s] -- Looking for gz-utils2 -- found version 2.2.1
[4.821s] -- Looking for dlfcn.h - found
[4.822s] -- Looking for libdl - found
[4.837s] -- Searching for <gz-common5> component [graphics]
[4.838s] -- Searching for <gz-common5> component [events]
[4.838s] -- Searching for <gz-common5> component [geospatial]
[4.844s] -- Looking for gz-common5-geospatial -- found version 5.7.1
[4.844s] -- Searching for dependencies of gz-common5-geospatial
[4.845s] -- Looking for gz-math7 -- found version 7.5.2
[4.846s] -- Looking for gz-common5 -- found version 5.7.1
[4.850s] -- Looking for gz-plugin2 -- found version 2.0.4
[4.850s] -- Searching for dependencies of gz-plugin2
[4.851s] -- Looking for gz-utils2 -- found version 2.2.1
[4.851s] -- Searching for <gz-plugin2> component [all]
[4.857s] -- Looking for all libraries of gz-plugin2 -- found version 2.0.4
[4.858s] -- Looking for gz-plugin2 -- found version 2.0.4
[4.860s] -- Looking for gz-utils2 -- found version 2.2.1
[4.886s] -- Found OpenGL: /usr/lib/x86_64-linux-gnu/libOpenGL.so  found components: OpenGL 
[4.889s] -- Looking for gz-msgs10 -- found version 10.3.2
[4.958s] -- Looking for gz-physics7 -- found version 7.5.0
[4.958s] -- Searching for dependencies of gz-physics7
[4.959s] -- Looking for gz-common5 -- found version 5.7.1
[4.960s] -- Looking for gz-math7 -- found version 7.5.2
[4.960s] -- Looking for gz-plugin2 -- found version 2.0.4
[4.961s] -- Looking for gz-utils2 -- found version 2.2.1
[4.964s] -- Searching for <gz-physics7> component [heightmap]
[4.969s] -- Looking for gz-physics7-heightmap -- found version 7.5.0
[4.970s] -- Searching for dependencies of gz-physics7-heightmap
[4.971s] -- Looking for gz-common5 -- found version 5.7.1
[4.971s] -- Searching for <gz-physics7> component [mesh]
[4.976s] -- Looking for gz-physics7-mesh -- found version 7.5.0
[4.977s] -- Searching for dependencies of gz-physics7-mesh
[4.977s] -- Looking for gz-common5 -- found version 5.7.1
[4.977s] -- Searching for <gz-physics7> component [sdf]
[4.981s] -- Looking for gz-physics7-sdf -- found version 7.5.0
[4.981s] -- Searching for dependencies of gz-physics7-sdf
[4.982s] -- Looking for sdformat14 -- found version 14.8.0
[4.989s] -- Looking for gz-sensors8 -- found version 8.2.2
[4.989s] -- Searching for dependencies of gz-sensors8
[5.030s] -- Looking for gz-math7 -- found version 7.5.2
[5.030s] -- Looking for gz-common5 -- found version 5.7.1
[5.031s] -- Looking for gz-transport13 -- found version 13.4.1
[5.032s] -- Looking for gz-rendering8 -- found version 8.2.2
[5.033s] -- Looking for gz-msgs10 -- found version 10.3.2
[5.034s] -- Looking for sdformat14 -- found version 14.8.0
[5.036s] -- Searching for <gz-sensors8> component [air_pressure]
[5.040s] -- Looking for gz-sensors8-air_pressure -- found version 8.2.2
[5.040s] -- Searching for dependencies of gz-sensors8-air_pressure
[5.042s] -- Searching for <gz-sensors8> component [air_speed]
[5.045s] -- Looking for gz-sensors8-air_speed -- found version 8.2.2
[5.046s] -- Searching for dependencies of gz-sensors8-air_speed
[5.047s] -- Searching for <gz-sensors8> component [altimeter]
[5.051s] -- Looking for gz-sensors8-altimeter -- found version 8.2.2
[5.051s] -- Searching for dependencies of gz-sensors8-altimeter
[5.052s] -- Searching for <gz-sensors8> component [imu]
[5.056s] -- Looking for gz-sensors8-imu -- found version 8.2.2
[5.057s] -- Searching for dependencies of gz-sensors8-imu
[5.058s] -- Searching for <gz-sensors8> component [force_torque]
[5.062s] -- Looking for gz-sensors8-force_torque -- found version 8.2.2
[5.062s] -- Searching for dependencies of gz-sensors8-force_torque
[5.063s] -- Searching for <gz-sensors8> component [logical_camera]
[5.068s] -- Looking for gz-sensors8-logical_camera -- found version 8.2.2
[5.069s] -- Searching for dependencies of gz-sensors8-logical_camera
[5.070s] -- Searching for <gz-sensors8> component [magnetometer]
[5.074s] -- Looking for gz-sensors8-magnetometer -- found version 8.2.2
[5.074s] -- Searching for dependencies of gz-sensors8-magnetometer
[5.075s] -- Searching for <gz-sensors8> component [navsat]
[5.079s] -- Looking for gz-sensors8-navsat -- found version 8.2.2
[5.079s] -- Searching for dependencies of gz-sensors8-navsat
[5.080s] -- Searching for <gz-sensors8> component [dvl]
[5.084s] -- Looking for gz-sensors8-dvl -- found version 8.2.2
[5.085s] -- Searching for dependencies of gz-sensors8-dvl
[5.085s] -- Looking for gz-sensors8 -- found version 8.2.2
[5.086s] -- Searching for dependencies of gz-sensors8
[5.128s] -- Looking for gz-math7 -- found version 7.5.2
[5.128s] -- Looking for gz-common5 -- found version 5.7.1
[5.129s] -- Looking for gz-transport13 -- found version 13.4.1
[5.130s] -- Looking for gz-rendering8 -- found version 8.2.2
[5.131s] -- Looking for gz-msgs10 -- found version 10.3.2
[5.132s] -- Looking for sdformat14 -- found version 14.8.0
[5.133s] -- Searching for <gz-sensors8> component [rendering]
[5.137s] -- Looking for gz-sensors8-rendering -- found version 8.2.2
[5.138s] -- Searching for dependencies of gz-sensors8-rendering
[5.141s] -- Searching for <gz-sensors8> component [rendering]
[5.141s] -- Searching for <gz-sensors8> component [lidar]
[5.145s] -- Looking for gz-sensors8-lidar -- found version 8.2.2
[5.145s] -- Searching for dependencies of gz-sensors8-lidar
[5.146s] -- Looking for gz-sensors8 -- found version 8.2.2
[5.147s] -- Searching for <gz-sensors8> component [gpu_lidar]
[5.151s] -- Looking for gz-sensors8-gpu_lidar -- found version 8.2.2
[5.152s] -- Searching for dependencies of gz-sensors8-gpu_lidar
[5.153s] -- Looking for gz-sensors8 -- found version 8.2.2
[5.154s] -- Searching for <gz-sensors8> component [camera]
[5.158s] -- Looking for gz-sensors8-camera -- found version 8.2.2
[5.158s] -- Searching for dependencies of gz-sensors8-camera
[5.159s] -- Looking for gz-sensors8 -- found version 8.2.2
[5.161s] -- Searching for <gz-sensors8> component [boundingbox_camera]
[5.165s] -- Looking for gz-sensors8-boundingbox_camera -- found version 8.2.2
[5.165s] -- Searching for dependencies of gz-sensors8-boundingbox_camera
[5.166s] -- Searching for <gz-sensors8> component [segmentation_camera]
[5.170s] -- Looking for gz-sensors8-segmentation_camera -- found version 8.2.2
[5.170s] -- Searching for dependencies of gz-sensors8-segmentation_camera
[5.172s] -- Searching for <gz-sensors8> component [depth_camera]
[5.176s] -- Looking for gz-sensors8-depth_camera -- found version 8.2.2
[5.176s] -- Searching for dependencies of gz-sensors8-depth_camera
[5.177s] -- Looking for gz-sensors8 -- found version 8.2.2
[5.179s] -- Searching for <gz-sensors8> component [rgbd_camera]
[5.182s] -- Looking for gz-sensors8-rgbd_camera -- found version 8.2.2
[5.183s] -- Searching for dependencies of gz-sensors8-rgbd_camera
[5.183s] -- Looking for gz-sensors8 -- found version 8.2.2
[5.185s] -- Searching for <gz-sensors8> component [thermal_camera]
[5.189s] -- Looking for gz-sensors8-thermal_camera -- found version 8.2.2
[5.189s] -- Searching for dependencies of gz-sensors8-thermal_camera
[5.190s] -- Looking for gz-sensors8 -- found version 8.2.2
[5.191s] -- Searching for <gz-sensors8> component [wide_angle_camera]
[5.195s] -- Looking for gz-sensors8-wide_angle_camera -- found version 8.2.2
[5.195s] -- Searching for dependencies of gz-sensors8-wide_angle_camera
[5.197s] -- Looking for gz-rendering8 -- found version 8.2.2
[5.198s] -- Looking for gz-math7 -- found version 7.5.2
[5.199s] -- Looking for gz-utils2 -- found version 2.2.1
[5.245s] -- Looking for gz-plugin2 -- found version 2.0.4
[5.245s] -- Looking for gz-common5 -- found version 5.7.1
[5.248s] -- Found ament_lint_auto: 0.17.3 (/opt/ros/jazzy/share/ament_lint_auto/cmake)
[5.426s] -- Added test 'cppcheck' to perform static code analysis on C / C++ code
[5.427s] -- Configured cppcheck include dirs: 
[5.427s] -- Configured cppcheck exclude dirs and/or files: 
[5.429s] -- Added test 'flake8' to check Python code syntax and style conventions
[5.429s] -- Configured 'flake8' exclude dirs and/or files: 
[5.431s] -- Added test 'lint_cmake' to check CMake code style
[5.432s] -- Added test 'pep257' to check Python code against some of the docstring style conventions in PEP 257
[5.435s] -- Added test 'uncrustify' to check C / C++ code style
[5.435s] -- Configured uncrustify additional arguments: 
[5.437s] -- Added test 'xmllint' to check XML markup files
[5.439s] -- Configuring done (5.3s)
[5.477s] -- Generating done (0.0s)
[5.489s] -- Build files have been written to: /home/asurite.ad.asu.edu/troisin/Documents/bimanual_mocap/bimanual_ws/build/bimanualrobot_gazebo
[5.583s] [ 50%] [32mBuilding CXX object CMakeFiles/ball_leash_plugin.dir/scripts/ball_leash_plugin.cc.o[0m
[5.638s] [01m[K/home/asurite.ad.asu.edu/troisin/Documents/bimanual_mocap/bimanual_ws/src/bimanualrobot_ros2/bimanualrobot_gazebo/scripts/ball_leash_plugin.cc:1:10:[m[K [01;31m[Kfatal error: [m[Kgazebo/gazebo.hh: No such file or directory
[5.638s]     1 | #include [01;31m[K<gazebo/gazebo.hh>[m[K
[5.638s]       |          [01;31m[K^~~~~~~~~~~~~~~~~~[m[K
[5.639s] compilation terminated.
[5.641s] gmake[2]: *** [CMakeFiles/ball_leash_plugin.dir/build.make:76: CMakeFiles/ball_leash_plugin.dir/scripts/ball_leash_plugin.cc.o] Error 1
[5.642s] gmake[1]: *** [CMakeFiles/Makefile2:137: CMakeFiles/ball_leash_plugin.dir/all] Error 2
[5.642s] gmake: *** [Makefile:146: all] Error 2
[5.647s] Invoked command in '/home/asurite.ad.asu.edu/troisin/Documents/bimanual_mocap/bimanual_ws/build/bimanualrobot_gazebo' returned '2': CMAKE_PREFIX_PATH=${CMAKE_PREFIX_PATH}:/opt/ros/jazzy DEBUGINFOD_URLS=https://debuginfod.ubuntu.com /usr/bin/cmake --build /home/asurite.ad.asu.edu/troisin/Documents/bimanual_mocap/bimanual_ws/build/bimanualrobot_gazebo -- -j20 -l20
