[0.007s] Invoking command in '/home/thibaut/Documents/bimanual_mocap/build/dynamixel_sdk_examples': AMENT_PREFIX_PATH=/home/thibaut/Documents/bimanual_mocap/install/dynamixel_sdk_custom_interfaces:/home/thibaut/Documents/bimanual_mocap/install/dynamixel_sdk:${AMENT_PREFIX_PATH} CMAKE_PREFIX_PATH=/home/thibaut/Documents/bimanual_mocap/install/dynamixel_sdk_custom_interfaces:/home/thibaut/Documents/bimanual_mocap/install/dynamixel_sdk:/opt/ros/jazzy/opt/gz_sim_vendor:/opt/ros/jazzy/opt/gz_sensors_vendor:/opt/ros/jazzy/opt/gz_physics_vendor:/opt/ros/jazzy/opt/sdformat_vendor:/opt/ros/jazzy/opt/gz_gui_vendor:/opt/ros/jazzy/opt/gz_transport_vendor:/opt/ros/jazzy/opt/gz_rendering_vendor:/opt/ros/jazzy/opt/gz_plugin_vendor:/opt/ros/jazzy/opt/gz_fuel_tools_vendor:/opt/ros/jazzy/opt/gz_msgs_vendor:/opt/ros/jazzy/opt/gz_common_vendor:/opt/ros/jazzy/opt/gz_math_vendor:/opt/ros/jazzy/opt/gz_utils_vendor:/opt/ros/jazzy/opt/gz_tools_vendor:/opt/ros/jazzy/opt/gz_ogre_next_vendor:/opt/ros/jazzy/opt/gz_dartsim_vendor:/opt/ros/jazzy/opt/gz_cmake_vendor:/opt/ros/jazzy DEBUGINFOD_URLS=https://debuginfod.ubuntu.com LD_LIBRARY_PATH=/home/thibaut/Documents/bimanual_mocap/install/dynamixel_sdk_custom_interfaces/lib:/home/thibaut/Documents/bimanual_mocap/install/dynamixel_sdk/lib:${LD_LIBRARY_PATH} PYTHONPATH=/home/thibaut/Documents/bimanual_mocap/install/dynamixel_sdk_custom_interfaces/lib/python3.12/site-packages:/home/thibaut/Documents/bimanual_mocap/install/dynamixel_sdk/lib/python3.12/site-packages:${PYTHONPATH} /usr/bin/cmake /home/thibaut/Documents/bimanual_mocap/bimanual_ws/src/DynamixelSDK/ros/dynamixel_sdk_examples -DAMENT_CMAKE_SYMLINK_INSTALL=1 -DCMAKE_INSTALL_PREFIX=/home/thibaut/Documents/bimanual_mocap/install/dynamixel_sdk_examples
[0.043s] -- The C compiler identification is GNU 13.3.0
[0.079s] -- The CXX compiler identification is GNU 13.3.0
[0.087s] -- Detecting C compiler ABI info
[0.140s] -- Detecting C compiler ABI info - done
[0.147s] -- Check for working C compiler: /usr/bin/cc - skipped
[0.147s] -- Detecting C compile features
[0.147s] -- Detecting C compile features - done
[0.152s] -- Detecting CXX compiler ABI info
[0.205s] -- Detecting CXX compiler ABI info - done
[0.212s] -- Check for working CXX compiler: /usr/bin/c++ - skipped
[0.212s] -- Detecting CXX compile features
[0.212s] -- Detecting CXX compile features - done
[0.215s] -- Found ament_cmake: 2.5.4 (/opt/ros/jazzy/share/ament_cmake/cmake)
[0.339s] -- Found Python3: /usr/bin/python3 (found version "3.12.3") found components: Interpreter 
[0.381s] -- Override CMake install command with custom implementation using symlinks instead of copying resources
[0.405s] -- Found dynamixel_sdk: 3.8.4 (/home/thibaut/Documents/bimanual_mocap/install/dynamixel_sdk/share/dynamixel_sdk/cmake)
[0.407s] -- Found dynamixel_sdk_custom_interfaces: 3.8.4 (/home/thibaut/Documents/bimanual_mocap/install/dynamixel_sdk_custom_interfaces/share/dynamixel_sdk_custom_interfaces/cmake)
[0.441s] -- Found rosidl_generator_c: 4.6.6 (/opt/ros/jazzy/share/rosidl_generator_c/cmake)
[0.452s] -- Found rosidl_generator_cpp: 4.6.6 (/opt/ros/jazzy/share/rosidl_generator_cpp/cmake)
[0.465s] -- Using all available rosidl_typesupport_c: rosidl_typesupport_fastrtps_c;rosidl_typesupport_introspection_c
[0.478s] -- Using all available rosidl_typesupport_cpp: rosidl_typesupport_fastrtps_cpp;rosidl_typesupport_introspection_cpp
[0.511s] -- Found rclcpp: 28.1.11 (/opt/ros/jazzy/share/rclcpp/cmake)
[0.543s] -- Found rmw_implementation_cmake: 7.3.2 (/opt/ros/jazzy/share/rmw_implementation_cmake/cmake)
[0.545s] -- Found rmw_fastrtps_cpp: 8.4.3 (/opt/ros/jazzy/share/rmw_fastrtps_cpp/cmake)
[0.591s] -- Found OpenSSL: /usr/lib/aarch64-linux-gnu/libcrypto.so (found version "3.0.13")  
[0.604s] -- Found FastRTPS: /opt/ros/jazzy/include (Required is at least version "2.13") 
[0.617s] -- Using RMW implementation 'rmw_fastrtps_cpp' as default
[0.663s] -- Found rclpy: 7.1.5 (/opt/ros/jazzy/share/rclpy/cmake)
[0.665s] -- Found ament_lint_auto: 0.17.3 (/opt/ros/jazzy/share/ament_lint_auto/cmake)
[0.754s] -- Added test 'copyright' to check source files copyright and LICENSE
[0.754s] -- Added test 'cppcheck' to perform static code analysis on C / C++ code
[0.754s] -- Configured cppcheck include dirs: /home/thibaut/Documents/bimanual_mocap/bimanual_ws/src/DynamixelSDK/ros/dynamixel_sdk_examples/include
[0.754s] -- Configured cppcheck exclude dirs and/or files: 
[0.755s] -- Added test 'cpplint' to check C / C++ code against the Google style
[0.755s] -- Configured cpplint exclude dirs and/or files: 
[0.755s] -- Added test 'flake8' to check Python code syntax and style conventions
[0.755s] -- Configured 'flake8' exclude dirs and/or files: 
[0.756s] -- Added test 'lint_cmake' to check CMake code style
[0.756s] -- Added test 'pep257' to check Python code against some of the docstring style conventions in PEP 257
[0.757s] -- Added test 'uncrustify' to check C / C++ code style
[0.757s] -- Configured uncrustify additional arguments: 
[0.757s] -- Added test 'xmllint' to check XML markup files
[0.758s] -- Configuring done (0.7s)
[0.767s] -- Generating done (0.0s)
[0.769s] -- Build files have been written to: /home/thibaut/Documents/bimanual_mocap/build/dynamixel_sdk_examples
[0.775s] Invoked command in '/home/thibaut/Documents/bimanual_mocap/build/dynamixel_sdk_examples' returned '0': AMENT_PREFIX_PATH=/home/thibaut/Documents/bimanual_mocap/install/dynamixel_sdk_custom_interfaces:/home/thibaut/Documents/bimanual_mocap/install/dynamixel_sdk:${AMENT_PREFIX_PATH} CMAKE_PREFIX_PATH=/home/thibaut/Documents/bimanual_mocap/install/dynamixel_sdk_custom_interfaces:/home/thibaut/Documents/bimanual_mocap/install/dynamixel_sdk:/opt/ros/jazzy/opt/gz_sim_vendor:/opt/ros/jazzy/opt/gz_sensors_vendor:/opt/ros/jazzy/opt/gz_physics_vendor:/opt/ros/jazzy/opt/sdformat_vendor:/opt/ros/jazzy/opt/gz_gui_vendor:/opt/ros/jazzy/opt/gz_transport_vendor:/opt/ros/jazzy/opt/gz_rendering_vendor:/opt/ros/jazzy/opt/gz_plugin_vendor:/opt/ros/jazzy/opt/gz_fuel_tools_vendor:/opt/ros/jazzy/opt/gz_msgs_vendor:/opt/ros/jazzy/opt/gz_common_vendor:/opt/ros/jazzy/opt/gz_math_vendor:/opt/ros/jazzy/opt/gz_utils_vendor:/opt/ros/jazzy/opt/gz_tools_vendor:/opt/ros/jazzy/opt/gz_ogre_next_vendor:/opt/ros/jazzy/opt/gz_dartsim_vendor:/opt/ros/jazzy/opt/gz_cmake_vendor:/opt/ros/jazzy DEBUGINFOD_URLS=https://debuginfod.ubuntu.com LD_LIBRARY_PATH=/home/thibaut/Documents/bimanual_mocap/install/dynamixel_sdk_custom_interfaces/lib:/home/thibaut/Documents/bimanual_mocap/install/dynamixel_sdk/lib:${LD_LIBRARY_PATH} PYTHONPATH=/home/thibaut/Documents/bimanual_mocap/install/dynamixel_sdk_custom_interfaces/lib/python3.12/site-packages:/home/thibaut/Documents/bimanual_mocap/install/dynamixel_sdk/lib/python3.12/site-packages:${PYTHONPATH} /usr/bin/cmake /home/thibaut/Documents/bimanual_mocap/bimanual_ws/src/DynamixelSDK/ros/dynamixel_sdk_examples -DAMENT_CMAKE_SYMLINK_INSTALL=1 -DCMAKE_INSTALL_PREFIX=/home/thibaut/Documents/bimanual_mocap/install/dynamixel_sdk_examples
[0.777s] Invoking command in '/home/thibaut/Documents/bimanual_mocap/build/dynamixel_sdk_examples': AMENT_PREFIX_PATH=/home/thibaut/Documents/bimanual_mocap/install/dynamixel_sdk_custom_interfaces:/home/thibaut/Documents/bimanual_mocap/install/dynamixel_sdk:${AMENT_PREFIX_PATH} CMAKE_PREFIX_PATH=/home/thibaut/Documents/bimanual_mocap/install/dynamixel_sdk_custom_interfaces:/home/thibaut/Documents/bimanual_mocap/install/dynamixel_sdk:/opt/ros/jazzy/opt/gz_sim_vendor:/opt/ros/jazzy/opt/gz_sensors_vendor:/opt/ros/jazzy/opt/gz_physics_vendor:/opt/ros/jazzy/opt/sdformat_vendor:/opt/ros/jazzy/opt/gz_gui_vendor:/opt/ros/jazzy/opt/gz_transport_vendor:/opt/ros/jazzy/opt/gz_rendering_vendor:/opt/ros/jazzy/opt/gz_plugin_vendor:/opt/ros/jazzy/opt/gz_fuel_tools_vendor:/opt/ros/jazzy/opt/gz_msgs_vendor:/opt/ros/jazzy/opt/gz_common_vendor:/opt/ros/jazzy/opt/gz_math_vendor:/opt/ros/jazzy/opt/gz_utils_vendor:/opt/ros/jazzy/opt/gz_tools_vendor:/opt/ros/jazzy/opt/gz_ogre_next_vendor:/opt/ros/jazzy/opt/gz_dartsim_vendor:/opt/ros/jazzy/opt/gz_cmake_vendor:/opt/ros/jazzy DEBUGINFOD_URLS=https://debuginfod.ubuntu.com LD_LIBRARY_PATH=/home/thibaut/Documents/bimanual_mocap/install/dynamixel_sdk_custom_interfaces/lib:/home/thibaut/Documents/bimanual_mocap/install/dynamixel_sdk/lib:${LD_LIBRARY_PATH} PYTHONPATH=/home/thibaut/Documents/bimanual_mocap/install/dynamixel_sdk_custom_interfaces/lib/python3.12/site-packages:/home/thibaut/Documents/bimanual_mocap/install/dynamixel_sdk/lib/python3.12/site-packages:${PYTHONPATH} /usr/bin/cmake --build /home/thibaut/Documents/bimanual_mocap/build/dynamixel_sdk_examples -- -j6 -l6
[0.805s] [ 50%] [32mBuilding CXX object CMakeFiles/read_write_node.dir/src/read_write_node.cpp.o[0m
[8.473s] [100%] [32m[1mLinking CXX executable read_write_node[0m
[8.684s] [100%] Built target read_write_node
[8.695s] Invoked command in '/home/thibaut/Documents/bimanual_mocap/build/dynamixel_sdk_examples' returned '0': AMENT_PREFIX_PATH=/home/thibaut/Documents/bimanual_mocap/install/dynamixel_sdk_custom_interfaces:/home/thibaut/Documents/bimanual_mocap/install/dynamixel_sdk:${AMENT_PREFIX_PATH} CMAKE_PREFIX_PATH=/home/thibaut/Documents/bimanual_mocap/install/dynamixel_sdk_custom_interfaces:/home/thibaut/Documents/bimanual_mocap/install/dynamixel_sdk:/opt/ros/jazzy/opt/gz_sim_vendor:/opt/ros/jazzy/opt/gz_sensors_vendor:/opt/ros/jazzy/opt/gz_physics_vendor:/opt/ros/jazzy/opt/sdformat_vendor:/opt/ros/jazzy/opt/gz_gui_vendor:/opt/ros/jazzy/opt/gz_transport_vendor:/opt/ros/jazzy/opt/gz_rendering_vendor:/opt/ros/jazzy/opt/gz_plugin_vendor:/opt/ros/jazzy/opt/gz_fuel_tools_vendor:/opt/ros/jazzy/opt/gz_msgs_vendor:/opt/ros/jazzy/opt/gz_common_vendor:/opt/ros/jazzy/opt/gz_math_vendor:/opt/ros/jazzy/opt/gz_utils_vendor:/opt/ros/jazzy/opt/gz_tools_vendor:/opt/ros/jazzy/opt/gz_ogre_next_vendor:/opt/ros/jazzy/opt/gz_dartsim_vendor:/opt/ros/jazzy/opt/gz_cmake_vendor:/opt/ros/jazzy DEBUGINFOD_URLS=https://debuginfod.ubuntu.com LD_LIBRARY_PATH=/home/thibaut/Documents/bimanual_mocap/install/dynamixel_sdk_custom_interfaces/lib:/home/thibaut/Documents/bimanual_mocap/install/dynamixel_sdk/lib:${LD_LIBRARY_PATH} PYTHONPATH=/home/thibaut/Documents/bimanual_mocap/install/dynamixel_sdk_custom_interfaces/lib/python3.12/site-packages:/home/thibaut/Documents/bimanual_mocap/install/dynamixel_sdk/lib/python3.12/site-packages:${PYTHONPATH} /usr/bin/cmake --build /home/thibaut/Documents/bimanual_mocap/build/dynamixel_sdk_examples -- -j6 -l6
[8.698s] Invoking command in '/home/thibaut/Documents/bimanual_mocap/build/dynamixel_sdk_examples': AMENT_PREFIX_PATH=/home/thibaut/Documents/bimanual_mocap/install/dynamixel_sdk_custom_interfaces:/home/thibaut/Documents/bimanual_mocap/install/dynamixel_sdk:${AMENT_PREFIX_PATH} CMAKE_PREFIX_PATH=/home/thibaut/Documents/bimanual_mocap/install/dynamixel_sdk_custom_interfaces:/home/thibaut/Documents/bimanual_mocap/install/dynamixel_sdk:/opt/ros/jazzy/opt/gz_sim_vendor:/opt/ros/jazzy/opt/gz_sensors_vendor:/opt/ros/jazzy/opt/gz_physics_vendor:/opt/ros/jazzy/opt/sdformat_vendor:/opt/ros/jazzy/opt/gz_gui_vendor:/opt/ros/jazzy/opt/gz_transport_vendor:/opt/ros/jazzy/opt/gz_rendering_vendor:/opt/ros/jazzy/opt/gz_plugin_vendor:/opt/ros/jazzy/opt/gz_fuel_tools_vendor:/opt/ros/jazzy/opt/gz_msgs_vendor:/opt/ros/jazzy/opt/gz_common_vendor:/opt/ros/jazzy/opt/gz_math_vendor:/opt/ros/jazzy/opt/gz_utils_vendor:/opt/ros/jazzy/opt/gz_tools_vendor:/opt/ros/jazzy/opt/gz_ogre_next_vendor:/opt/ros/jazzy/opt/gz_dartsim_vendor:/opt/ros/jazzy/opt/gz_cmake_vendor:/opt/ros/jazzy DEBUGINFOD_URLS=https://debuginfod.ubuntu.com LD_LIBRARY_PATH=/home/thibaut/Documents/bimanual_mocap/install/dynamixel_sdk_custom_interfaces/lib:/home/thibaut/Documents/bimanual_mocap/install/dynamixel_sdk/lib:${LD_LIBRARY_PATH} PYTHONPATH=/home/thibaut/Documents/bimanual_mocap/install/dynamixel_sdk_custom_interfaces/lib/python3.12/site-packages:/home/thibaut/Documents/bimanual_mocap/install/dynamixel_sdk/lib/python3.12/site-packages:${PYTHONPATH} /usr/bin/cmake --install /home/thibaut/Documents/bimanual_mocap/build/dynamixel_sdk_examples
[8.704s] -- Install configuration: ""
[8.704s] -- Execute custom install script
[8.704s] -- Symlinking: /home/thibaut/Documents/bimanual_mocap/install/dynamixel_sdk_examples/lib/dynamixel_sdk_examples/read_write_node
[8.711s] -- Symlinking: /home/thibaut/Documents/bimanual_mocap/install/dynamixel_sdk_examples/lib/dynamixel_sdk_examples/read_write_node.py
[8.717s] -- Symlinking: /home/thibaut/Documents/bimanual_mocap/install/dynamixel_sdk_examples/share/ament_index/resource_index/package_run_dependencies/dynamixel_sdk_examples
[8.723s] -- Symlinking: /home/thibaut/Documents/bimanual_mocap/install/dynamixel_sdk_examples/share/ament_index/resource_index/parent_prefix_path/dynamixel_sdk_examples
[8.732s] -- Symlinking: /home/thibaut/Documents/bimanual_mocap/install/dynamixel_sdk_examples/share/dynamixel_sdk_examples/environment/ament_prefix_path.sh
[8.738s] -- Symlinking: /home/thibaut/Documents/bimanual_mocap/install/dynamixel_sdk_examples/share/dynamixel_sdk_examples/environment/ament_prefix_path.dsv
[8.745s] -- Symlinking: /home/thibaut/Documents/bimanual_mocap/install/dynamixel_sdk_examples/share/dynamixel_sdk_examples/environment/path.sh
[8.751s] -- Symlinking: /home/thibaut/Documents/bimanual_mocap/install/dynamixel_sdk_examples/share/dynamixel_sdk_examples/environment/path.dsv
[8.758s] -- Symlinking: /home/thibaut/Documents/bimanual_mocap/install/dynamixel_sdk_examples/share/dynamixel_sdk_examples/local_setup.bash
[8.764s] -- Symlinking: /home/thibaut/Documents/bimanual_mocap/install/dynamixel_sdk_examples/share/dynamixel_sdk_examples/local_setup.sh
[8.769s] -- Symlinking: /home/thibaut/Documents/bimanual_mocap/install/dynamixel_sdk_examples/share/dynamixel_sdk_examples/local_setup.zsh
[8.776s] -- Symlinking: /home/thibaut/Documents/bimanual_mocap/install/dynamixel_sdk_examples/share/dynamixel_sdk_examples/local_setup.dsv
[8.782s] -- Symlinking: /home/thibaut/Documents/bimanual_mocap/install/dynamixel_sdk_examples/share/dynamixel_sdk_examples/package.dsv
[8.789s] -- Symlinking: /home/thibaut/Documents/bimanual_mocap/install/dynamixel_sdk_examples/share/ament_index/resource_index/packages/dynamixel_sdk_examples
[8.794s] -- Symlinking: /home/thibaut/Documents/bimanual_mocap/install/dynamixel_sdk_examples/share/dynamixel_sdk_examples/cmake/dynamixel_sdk_examplesConfig.cmake
[8.801s] -- Symlinking: /home/thibaut/Documents/bimanual_mocap/install/dynamixel_sdk_examples/share/dynamixel_sdk_examples/cmake/dynamixel_sdk_examplesConfig-version.cmake
[8.807s] -- Symlinking: /home/thibaut/Documents/bimanual_mocap/install/dynamixel_sdk_examples/share/dynamixel_sdk_examples/package.xml
[8.814s] Invoked command in '/home/thibaut/Documents/bimanual_mocap/build/dynamixel_sdk_examples' returned '0': AMENT_PREFIX_PATH=/home/thibaut/Documents/bimanual_mocap/install/dynamixel_sdk_custom_interfaces:/home/thibaut/Documents/bimanual_mocap/install/dynamixel_sdk:${AMENT_PREFIX_PATH} CMAKE_PREFIX_PATH=/home/thibaut/Documents/bimanual_mocap/install/dynamixel_sdk_custom_interfaces:/home/thibaut/Documents/bimanual_mocap/install/dynamixel_sdk:/opt/ros/jazzy/opt/gz_sim_vendor:/opt/ros/jazzy/opt/gz_sensors_vendor:/opt/ros/jazzy/opt/gz_physics_vendor:/opt/ros/jazzy/opt/sdformat_vendor:/opt/ros/jazzy/opt/gz_gui_vendor:/opt/ros/jazzy/opt/gz_transport_vendor:/opt/ros/jazzy/opt/gz_rendering_vendor:/opt/ros/jazzy/opt/gz_plugin_vendor:/opt/ros/jazzy/opt/gz_fuel_tools_vendor:/opt/ros/jazzy/opt/gz_msgs_vendor:/opt/ros/jazzy/opt/gz_common_vendor:/opt/ros/jazzy/opt/gz_math_vendor:/opt/ros/jazzy/opt/gz_utils_vendor:/opt/ros/jazzy/opt/gz_tools_vendor:/opt/ros/jazzy/opt/gz_ogre_next_vendor:/opt/ros/jazzy/opt/gz_dartsim_vendor:/opt/ros/jazzy/opt/gz_cmake_vendor:/opt/ros/jazzy DEBUGINFOD_URLS=https://debuginfod.ubuntu.com LD_LIBRARY_PATH=/home/thibaut/Documents/bimanual_mocap/install/dynamixel_sdk_custom_interfaces/lib:/home/thibaut/Documents/bimanual_mocap/install/dynamixel_sdk/lib:${LD_LIBRARY_PATH} PYTHONPATH=/home/thibaut/Documents/bimanual_mocap/install/dynamixel_sdk_custom_interfaces/lib/python3.12/site-packages:/home/thibaut/Documents/bimanual_mocap/install/dynamixel_sdk/lib/python3.12/site-packages:${PYTHONPATH} /usr/bin/cmake --install /home/thibaut/Documents/bimanual_mocap/build/dynamixel_sdk_examples
