[0.025s] Invoking command in '/home/thibaut/Documents/bimanual_mocap/bimanual_ws/build/dynamixel_interfaces': CMAKE_PREFIX_PATH=${CMAKE_PREFIX_PATH}:/opt/ros/jazzy DEBUGINFOD_URLS=https://debuginfod.ubuntu.com /usr/bin/cmake --build /home/thibaut/Documents/bimanual_mocap/bimanual_ws/build/dynamixel_interfaces -- -j6 -l6
[1.993s] [  1%] Built target dynamixel_interfaces__rosidl_generator_type_description
[2.043s] [  1%] Built target ament_cmake_python_symlink_dynamixel_interfaces
[2.091s] [ 23%] Built target dynamixel_interfaces__rosidl_generator_c
[2.263s] running egg_info
[2.275s] writing dynamixel_interfaces.egg-info/PKG-INFO
[2.276s] writing dependency_links to dynamixel_interfaces.egg-info/dependency_links.txt
[2.276s] writing top-level names to dynamixel_interfaces.egg-info/top_level.txt
[2.303s] reading manifest file 'dynamixel_interfaces.egg-info/SOURCES.txt'
[2.307s] writing manifest file 'dynamixel_interfaces.egg-info/SOURCES.txt'
[2.327s] [ 23%] Built target ament_cmake_python_build_dynamixel_interfaces_egg
[2.366s] [ 32%] Built target dynamixel_interfaces__rosidl_typesupport_c
[2.403s] [ 42%] Built target dynamixel_interfaces__rosidl_typesupport_introspection_c
[2.434s] [ 51%] Built target dynamixel_interfaces__rosidl_typesupport_fastrtps_c
[2.449s] [ 53%] Built target dynamixel_interfaces__cpp
[2.481s] [ 62%] Built target dynamixel_interfaces__rosidl_typesupport_cpp
[2.509s] [ 71%] Built target dynamixel_interfaces__rosidl_typesupport_introspection_cpp
[2.544s] [ 81%] Built target dynamixel_interfaces__rosidl_typesupport_fastrtps_cpp
[2.572s] [ 81%] Built target dynamixel_interfaces
[2.600s] [ 82%] Built target dynamixel_interfaces__py
[2.634s] [ 90%] Built target dynamixel_interfaces__rosidl_generator_py
[2.652s] [ 93%] Built target dynamixel_interfaces_s__rosidl_typesupport_fastrtps_c
[2.691s] [ 96%] Built target dynamixel_interfaces_s__rosidl_typesupport_c
[2.715s] [100%] Built target dynamixel_interfaces_s__rosidl_typesupport_introspection_c
[2.734s] Invoked command in '/home/thibaut/Documents/bimanual_mocap/bimanual_ws/build/dynamixel_interfaces' returned '0': CMAKE_PREFIX_PATH=${CMAKE_PREFIX_PATH}:/opt/ros/jazzy DEBUGINFOD_URLS=https://debuginfod.ubuntu.com /usr/bin/cmake --build /home/thibaut/Documents/bimanual_mocap/bimanual_ws/build/dynamixel_interfaces -- -j6 -l6
[2.735s] Invoking command in '/home/thibaut/Documents/bimanual_mocap/bimanual_ws/build/dynamixel_interfaces': CMAKE_PREFIX_PATH=${CMAKE_PREFIX_PATH}:/opt/ros/jazzy DEBUGINFOD_URLS=https://debuginfod.ubuntu.com /usr/bin/cmake --install /home/thibaut/Documents/bimanual_mocap/bimanual_ws/build/dynamixel_interfaces
[2.744s] -- Install configuration: ""
[2.744s] -- Execute custom install script
[2.745s] -- Up-to-date symlink: /home/thibaut/Documents/bimanual_mocap/bimanual_ws/install/dynamixel_interfaces/share/ament_index/resource_index/rosidl_interfaces/dynamixel_interfaces
[2.747s] -- Up-to-date symlink: /home/thibaut/Documents/bimanual_mocap/bimanual_ws/install/dynamixel_interfaces/share/dynamixel_interfaces/msg/DynamixelState.json
[2.747s] -- Up-to-date symlink: /home/thibaut/Documents/bimanual_mocap/bimanual_ws/install/dynamixel_interfaces/share/dynamixel_interfaces/srv/GetDataFromDxl.json
[2.748s] -- Up-to-date symlink: /home/thibaut/Documents/bimanual_mocap/bimanual_ws/install/dynamixel_interfaces/share/dynamixel_interfaces/srv/SetDataToDxl.json
[2.748s] -- Up-to-date symlink: /home/thibaut/Documents/bimanual_mocap/bimanual_ws/install/dynamixel_interfaces/share/dynamixel_interfaces/srv/RebootDxl.json
[2.749s] -- Up-to-date symlink: /home/thibaut/Documents/bimanual_mocap/bimanual_ws/install/dynamixel_interfaces/include/dynamixel_interfaces/dynamixel_interfaces/msg/detail/dynamixel_state__functions.h
[2.750s] -- Up-to-date symlink: /home/thibaut/Documents/bimanual_mocap/bimanual_ws/install/dynamixel_interfaces/include/dynamixel_interfaces/dynamixel_interfaces/msg/detail/dynamixel_state__struct.h
[2.750s] -- Up-to-date symlink: /home/thibaut/Documents/bimanual_mocap/bimanual_ws/install/dynamixel_interfaces/include/dynamixel_interfaces/dynamixel_interfaces/msg/detail/dynamixel_state__type_support.h
[2.750s] -- Up-to-date symlink: /home/thibaut/Documents/bimanual_mocap/bimanual_ws/install/dynamixel_interfaces/include/dynamixel_interfaces/dynamixel_interfaces/msg/dynamixel_state.h
[2.750s] -- Up-to-date symlink: /home/thibaut/Documents/bimanual_mocap/bimanual_ws/install/dynamixel_interfaces/include/dynamixel_interfaces/dynamixel_interfaces/msg/rosidl_generator_c__visibility_control.h
[2.753s] -- Up-to-date symlink: /home/thibaut/Documents/bimanual_mocap/bimanual_ws/install/dynamixel_interfaces/include/dynamixel_interfaces/dynamixel_interfaces/srv/detail/get_data_from_dxl__functions.h
[2.753s] -- Up-to-date symlink: /home/thibaut/Documents/bimanual_mocap/bimanual_ws/install/dynamixel_interfaces/include/dynamixel_interfaces/dynamixel_interfaces/srv/detail/get_data_from_dxl__struct.h
[2.753s] -- Up-to-date symlink: /home/thibaut/Documents/bimanual_mocap/bimanual_ws/install/dynamixel_interfaces/include/dynamixel_interfaces/dynamixel_interfaces/srv/detail/get_data_from_dxl__type_support.h
[2.753s] -- Up-to-date symlink: /home/thibaut/Documents/bimanual_mocap/bimanual_ws/install/dynamixel_interfaces/include/dynamixel_interfaces/dynamixel_interfaces/srv/detail/reboot_dxl__functions.h
[2.753s] -- Up-to-date symlink: /home/thibaut/Documents/bimanual_mocap/bimanual_ws/install/dynamixel_interfaces/include/dynamixel_interfaces/dynamixel_interfaces/srv/detail/reboot_dxl__struct.h
[2.754s] -- Up-to-date symlink: /home/thibaut/Documents/bimanual_mocap/bimanual_ws/install/dynamixel_interfaces/include/dynamixel_interfaces/dynamixel_interfaces/srv/detail/reboot_dxl__type_support.h
[2.754s] -- Up-to-date symlink: /home/thibaut/Documents/bimanual_mocap/bimanual_ws/install/dynamixel_interfaces/include/dynamixel_interfaces/dynamixel_interfaces/srv/detail/set_data_to_dxl__functions.h
[2.754s] -- Up-to-date symlink: /home/thibaut/Documents/bimanual_mocap/bimanual_ws/install/dynamixel_interfaces/include/dynamixel_interfaces/dynamixel_interfaces/srv/detail/set_data_to_dxl__struct.h
[2.754s] -- Up-to-date symlink: /home/thibaut/Documents/bimanual_mocap/bimanual_ws/install/dynamixel_interfaces/include/dynamixel_interfaces/dynamixel_interfaces/srv/detail/set_data_to_dxl__type_support.h
[2.754s] -- Up-to-date symlink: /home/thibaut/Documents/bimanual_mocap/bimanual_ws/install/dynamixel_interfaces/include/dynamixel_interfaces/dynamixel_interfaces/srv/get_data_from_dxl.h
[2.754s] -- Up-to-date symlink: /home/thibaut/Documents/bimanual_mocap/bimanual_ws/install/dynamixel_interfaces/include/dynamixel_interfaces/dynamixel_interfaces/srv/reboot_dxl.h
[2.754s] -- Up-to-date symlink: /home/thibaut/Documents/bimanual_mocap/bimanual_ws/install/dynamixel_interfaces/include/dynamixel_interfaces/dynamixel_interfaces/srv/set_data_to_dxl.h
[2.755s] -- Up-to-date symlink: /home/thibaut/Documents/bimanual_mocap/bimanual_ws/install/dynamixel_interfaces/share/dynamixel_interfaces/environment/library_path.sh
[2.755s] -- Up-to-date symlink: /home/thibaut/Documents/bimanual_mocap/bimanual_ws/install/dynamixel_interfaces/share/dynamixel_interfaces/environment/library_path.dsv
[2.755s] -- Up-to-date symlink: /home/thibaut/Documents/bimanual_mocap/bimanual_ws/install/dynamixel_interfaces/include/dynamixel_interfaces/dynamixel_interfaces/msg/detail/dynamixel_state__rosidl_typesupport_fastrtps_c.h
[2.755s] -- Up-to-date symlink: /home/thibaut/Documents/bimanual_mocap/bimanual_ws/install/dynamixel_interfaces/include/dynamixel_interfaces/dynamixel_interfaces/msg/rosidl_typesupport_fastrtps_c__visibility_control.h
[2.756s] -- Up-to-date symlink: /home/thibaut/Documents/bimanual_mocap/bimanual_ws/install/dynamixel_interfaces/include/dynamixel_interfaces/dynamixel_interfaces/srv/detail/get_data_from_dxl__rosidl_typesupport_fastrtps_c.h
[2.756s] -- Up-to-date symlink: /home/thibaut/Documents/bimanual_mocap/bimanual_ws/install/dynamixel_interfaces/include/dynamixel_interfaces/dynamixel_interfaces/srv/detail/reboot_dxl__rosidl_typesupport_fastrtps_c.h
[2.757s] -- Up-to-date symlink: /home/thibaut/Documents/bimanual_mocap/bimanual_ws/install/dynamixel_interfaces/include/dynamixel_interfaces/dynamixel_interfaces/srv/detail/set_data_to_dxl__rosidl_typesupport_fastrtps_c.h
[2.757s] -- Up-to-date symlink: /home/thibaut/Documents/bimanual_mocap/bimanual_ws/install/dynamixel_interfaces/include/dynamixel_interfaces/dynamixel_interfaces/msg/detail/dynamixel_state__builder.hpp
[2.757s] -- Up-to-date symlink: /home/thibaut/Documents/bimanual_mocap/bimanual_ws/install/dynamixel_interfaces/include/dynamixel_interfaces/dynamixel_interfaces/msg/detail/dynamixel_state__struct.hpp
[2.757s] -- Up-to-date symlink: /home/thibaut/Documents/bimanual_mocap/bimanual_ws/install/dynamixel_interfaces/include/dynamixel_interfaces/dynamixel_interfaces/msg/detail/dynamixel_state__traits.hpp
[2.758s] -- Up-to-date symlink: /home/thibaut/Documents/bimanual_mocap/bimanual_ws/install/dynamixel_interfaces/include/dynamixel_interfaces/dynamixel_interfaces/msg/detail/dynamixel_state__type_support.hpp
[2.758s] -- Up-to-date symlink: /home/thibaut/Documents/bimanual_mocap/bimanual_ws/install/dynamixel_interfaces/include/dynamixel_interfaces/dynamixel_interfaces/msg/dynamixel_state.hpp
[2.758s] -- Up-to-date symlink: /home/thibaut/Documents/bimanual_mocap/bimanual_ws/install/dynamixel_interfaces/include/dynamixel_interfaces/dynamixel_interfaces/msg/rosidl_generator_cpp__visibility_control.hpp
[2.758s] -- Up-to-date symlink: /home/thibaut/Documents/bimanual_mocap/bimanual_ws/install/dynamixel_interfaces/include/dynamixel_interfaces/dynamixel_interfaces/srv/detail/get_data_from_dxl__builder.hpp
[2.761s] -- Up-to-date symlink: /home/thibaut/Documents/bimanual_mocap/bimanual_ws/install/dynamixel_interfaces/include/dynamixel_interfaces/dynamixel_interfaces/srv/detail/get_data_from_dxl__struct.hpp
[2.761s] -- Up-to-date symlink: /home/thibaut/Documents/bimanual_mocap/bimanual_ws/install/dynamixel_interfaces/include/dynamixel_interfaces/dynamixel_interfaces/srv/detail/get_data_from_dxl__traits.hpp
[2.761s] -- Up-to-date symlink: /home/thibaut/Documents/bimanual_mocap/bimanual_ws/install/dynamixel_interfaces/include/dynamixel_interfaces/dynamixel_interfaces/srv/detail/get_data_from_dxl__type_support.hpp
[2.761s] -- Up-to-date symlink: /home/thibaut/Documents/bimanual_mocap/bimanual_ws/install/dynamixel_interfaces/include/dynamixel_interfaces/dynamixel_interfaces/srv/detail/reboot_dxl__builder.hpp
[2.762s] -- Up-to-date symlink: /home/thibaut/Documents/bimanual_mocap/bimanual_ws/install/dynamixel_interfaces/include/dynamixel_interfaces/dynamixel_interfaces/srv/detail/reboot_dxl__struct.hpp
[2.762s] -- Up-to-date symlink: /home/thibaut/Documents/bimanual_mocap/bimanual_ws/install/dynamixel_interfaces/include/dynamixel_interfaces/dynamixel_interfaces/srv/detail/reboot_dxl__traits.hpp
[2.762s] -- Up-to-date symlink: /home/thibaut/Documents/bimanual_mocap/bimanual_ws/install/dynamixel_interfaces/include/dynamixel_interfaces/dynamixel_interfaces/srv/detail/reboot_dxl__type_support.hpp
[2.762s] -- Up-to-date symlink: /home/thibaut/Documents/bimanual_mocap/bimanual_ws/install/dynamixel_interfaces/include/dynamixel_interfaces/dynamixel_interfaces/srv/detail/set_data_to_dxl__builder.hpp
[2.762s] -- Up-to-date symlink: /home/thibaut/Documents/bimanual_mocap/bimanual_ws/install/dynamixel_interfaces/include/dynamixel_interfaces/dynamixel_interfaces/srv/detail/set_data_to_dxl__struct.hpp
[2.762s] -- Up-to-date symlink: /home/thibaut/Documents/bimanual_mocap/bimanual_ws/install/dynamixel_interfaces/include/dynamixel_interfaces/dynamixel_interfaces/srv/detail/set_data_to_dxl__traits.hpp
[2.762s] -- Up-to-date symlink: /home/thibaut/Documents/bimanual_mocap/bimanual_ws/install/dynamixel_interfaces/include/dynamixel_interfaces/dynamixel_interfaces/srv/detail/set_data_to_dxl__type_support.hpp
[2.763s] -- Up-to-date symlink: /home/thibaut/Documents/bimanual_mocap/bimanual_ws/install/dynamixel_interfaces/include/dynamixel_interfaces/dynamixel_interfaces/srv/get_data_from_dxl.hpp
[2.763s] -- Up-to-date symlink: /home/thibaut/Documents/bimanual_mocap/bimanual_ws/install/dynamixel_interfaces/include/dynamixel_interfaces/dynamixel_interfaces/srv/reboot_dxl.hpp
[2.763s] -- Up-to-date symlink: /home/thibaut/Documents/bimanual_mocap/bimanual_ws/install/dynamixel_interfaces/include/dynamixel_interfaces/dynamixel_interfaces/srv/set_data_to_dxl.hpp
[2.763s] -- Up-to-date symlink: /home/thibaut/Documents/bimanual_mocap/bimanual_ws/install/dynamixel_interfaces/include/dynamixel_interfaces/dynamixel_interfaces/msg/detail/dynamixel_state__rosidl_typesupport_fastrtps_cpp.hpp
[2.764s] -- Up-to-date symlink: /home/thibaut/Documents/bimanual_mocap/bimanual_ws/install/dynamixel_interfaces/include/dynamixel_interfaces/dynamixel_interfaces/msg/rosidl_typesupport_fastrtps_cpp__visibility_control.h
[2.764s] -- Up-to-date symlink: /home/thibaut/Documents/bimanual_mocap/bimanual_ws/install/dynamixel_interfaces/include/dynamixel_interfaces/dynamixel_interfaces/srv/detail/get_data_from_dxl__rosidl_typesupport_fastrtps_cpp.hpp
[2.764s] -- Up-to-date symlink: /home/thibaut/Documents/bimanual_mocap/bimanual_ws/install/dynamixel_interfaces/include/dynamixel_interfaces/dynamixel_interfaces/srv/detail/reboot_dxl__rosidl_typesupport_fastrtps_cpp.hpp
[2.764s] -- Up-to-date symlink: /home/thibaut/Documents/bimanual_mocap/bimanual_ws/install/dynamixel_interfaces/include/dynamixel_interfaces/dynamixel_interfaces/srv/detail/set_data_to_dxl__rosidl_typesupport_fastrtps_cpp.hpp
[2.764s] -- Up-to-date symlink: /home/thibaut/Documents/bimanual_mocap/bimanual_ws/install/dynamixel_interfaces/include/dynamixel_interfaces/dynamixel_interfaces/msg/detail/dynamixel_state__rosidl_typesupport_introspection_c.h
[2.764s] -- Up-to-date symlink: /home/thibaut/Documents/bimanual_mocap/bimanual_ws/install/dynamixel_interfaces/include/dynamixel_interfaces/dynamixel_interfaces/msg/rosidl_typesupport_introspection_c__visibility_control.h
[2.765s] -- Up-to-date symlink: /home/thibaut/Documents/bimanual_mocap/bimanual_ws/install/dynamixel_interfaces/include/dynamixel_interfaces/dynamixel_interfaces/srv/detail/get_data_from_dxl__rosidl_typesupport_introspection_c.h
[2.765s] -- Up-to-date symlink: /home/thibaut/Documents/bimanual_mocap/bimanual_ws/install/dynamixel_interfaces/include/dynamixel_interfaces/dynamixel_interfaces/srv/detail/reboot_dxl__rosidl_typesupport_introspection_c.h
[2.765s] -- Up-to-date symlink: /home/thibaut/Documents/bimanual_mocap/bimanual_ws/install/dynamixel_interfaces/include/dynamixel_interfaces/dynamixel_interfaces/srv/detail/set_data_to_dxl__rosidl_typesupport_introspection_c.h
[2.765s] -- Up-to-date symlink: /home/thibaut/Documents/bimanual_mocap/bimanual_ws/install/dynamixel_interfaces/include/dynamixel_interfaces/dynamixel_interfaces/msg/detail/dynamixel_state__rosidl_typesupport_introspection_cpp.hpp
[2.765s] -- Up-to-date symlink: /home/thibaut/Documents/bimanual_mocap/bimanual_ws/install/dynamixel_interfaces/include/dynamixel_interfaces/dynamixel_interfaces/srv/detail/get_data_from_dxl__rosidl_typesupport_introspection_cpp.hpp
[2.765s] -- Up-to-date symlink: /home/thibaut/Documents/bimanual_mocap/bimanual_ws/install/dynamixel_interfaces/include/dynamixel_interfaces/dynamixel_interfaces/srv/detail/reboot_dxl__rosidl_typesupport_introspection_cpp.hpp
[2.766s] -- Up-to-date symlink: /home/thibaut/Documents/bimanual_mocap/bimanual_ws/install/dynamixel_interfaces/include/dynamixel_interfaces/dynamixel_interfaces/srv/detail/set_data_to_dxl__rosidl_typesupport_introspection_cpp.hpp
[2.766s] -- Up-to-date symlink: /home/thibaut/Documents/bimanual_mocap/bimanual_ws/install/dynamixel_interfaces/share/dynamixel_interfaces/environment/pythonpath.sh
[2.766s] -- Up-to-date symlink: /home/thibaut/Documents/bimanual_mocap/bimanual_ws/install/dynamixel_interfaces/share/dynamixel_interfaces/environment/pythonpath.dsv
[2.768s] -- Up-to-date symlink: /home/thibaut/Documents/bimanual_mocap/bimanual_ws/install/dynamixel_interfaces/lib/python3.12/site-packages/dynamixel_interfaces-1.0.1-py3.12.egg-info/PKG-INFO
[2.768s] -- Up-to-date symlink: /home/thibaut/Documents/bimanual_mocap/bimanual_ws/install/dynamixel_interfaces/lib/python3.12/site-packages/dynamixel_interfaces-1.0.1-py3.12.egg-info/SOURCES.txt
[2.768s] -- Up-to-date symlink: /home/thibaut/Documents/bimanual_mocap/bimanual_ws/install/dynamixel_interfaces/lib/python3.12/site-packages/dynamixel_interfaces-1.0.1-py3.12.egg-info/dependency_links.txt
[2.768s] -- Up-to-date symlink: /home/thibaut/Documents/bimanual_mocap/bimanual_ws/install/dynamixel_interfaces/lib/python3.12/site-packages/dynamixel_interfaces-1.0.1-py3.12.egg-info/top_level.txt
[2.770s] -- Up-to-date symlink: /home/thibaut/Documents/bimanual_mocap/bimanual_ws/install/dynamixel_interfaces/lib/python3.12/site-packages/dynamixel_interfaces/__init__.py
[2.770s] -- Up-to-date symlink: /home/thibaut/Documents/bimanual_mocap/bimanual_ws/install/dynamixel_interfaces/lib/python3.12/site-packages/dynamixel_interfaces/_dynamixel_interfaces_s.ep.rosidl_typesupport_c.c
[2.770s] -- Up-to-date symlink: /home/thibaut/Documents/bimanual_mocap/bimanual_ws/install/dynamixel_interfaces/lib/python3.12/site-packages/dynamixel_interfaces/_dynamixel_interfaces_s.ep.rosidl_typesupport_fastrtps_c.c
[2.770s] -- Up-to-date symlink: /home/thibaut/Documents/bimanual_mocap/bimanual_ws/install/dynamixel_interfaces/lib/python3.12/site-packages/dynamixel_interfaces/_dynamixel_interfaces_s.ep.rosidl_typesupport_introspection_c.c
[2.770s] -- Up-to-date symlink: /home/thibaut/Documents/bimanual_mocap/bimanual_ws/install/dynamixel_interfaces/lib/python3.12/site-packages/dynamixel_interfaces/dynamixel_interfaces_s__rosidl_typesupport_c.so
[2.771s] -- Up-to-date symlink: /home/thibaut/Documents/bimanual_mocap/bimanual_ws/install/dynamixel_interfaces/lib/python3.12/site-packages/dynamixel_interfaces/dynamixel_interfaces_s__rosidl_typesupport_fastrtps_c.so
[2.771s] -- Up-to-date symlink: /home/thibaut/Documents/bimanual_mocap/bimanual_ws/install/dynamixel_interfaces/lib/python3.12/site-packages/dynamixel_interfaces/dynamixel_interfaces_s__rosidl_typesupport_introspection_c.so
[2.771s] -- Up-to-date symlink: /home/thibaut/Documents/bimanual_mocap/bimanual_ws/install/dynamixel_interfaces/lib/python3.12/site-packages/dynamixel_interfaces/msg/__init__.py
[2.771s] -- Up-to-date symlink: /home/thibaut/Documents/bimanual_mocap/bimanual_ws/install/dynamixel_interfaces/lib/python3.12/site-packages/dynamixel_interfaces/msg/_dynamixel_state.py
[2.773s] -- Up-to-date symlink: /home/thibaut/Documents/bimanual_mocap/bimanual_ws/install/dynamixel_interfaces/lib/python3.12/site-packages/dynamixel_interfaces/msg/_dynamixel_state_s.c
[2.773s] -- Up-to-date symlink: /home/thibaut/Documents/bimanual_mocap/bimanual_ws/install/dynamixel_interfaces/lib/python3.12/site-packages/dynamixel_interfaces/srv/__init__.py
[2.774s] -- Up-to-date symlink: /home/thibaut/Documents/bimanual_mocap/bimanual_ws/install/dynamixel_interfaces/lib/python3.12/site-packages/dynamixel_interfaces/srv/_get_data_from_dxl.py
[2.774s] -- Up-to-date symlink: /home/thibaut/Documents/bimanual_mocap/bimanual_ws/install/dynamixel_interfaces/lib/python3.12/site-packages/dynamixel_interfaces/srv/_get_data_from_dxl_s.c
[2.774s] -- Up-to-date symlink: /home/thibaut/Documents/bimanual_mocap/bimanual_ws/install/dynamixel_interfaces/lib/python3.12/site-packages/dynamixel_interfaces/srv/_reboot_dxl.py
[2.774s] -- Up-to-date symlink: /home/thibaut/Documents/bimanual_mocap/bimanual_ws/install/dynamixel_interfaces/lib/python3.12/site-packages/dynamixel_interfaces/srv/_reboot_dxl_s.c
[2.774s] -- Up-to-date symlink: /home/thibaut/Documents/bimanual_mocap/bimanual_ws/install/dynamixel_interfaces/lib/python3.12/site-packages/dynamixel_interfaces/srv/_set_data_to_dxl.py
[2.775s] -- Up-to-date symlink: /home/thibaut/Documents/bimanual_mocap/bimanual_ws/install/dynamixel_interfaces/lib/python3.12/site-packages/dynamixel_interfaces/srv/_set_data_to_dxl_s.c
[2.775s] -- Up-to-date symlink: /home/thibaut/Documents/bimanual_mocap/bimanual_ws/install/dynamixel_interfaces/lib/python3.12/site-packages/dynamixel_interfaces/dynamixel_interfaces_s__rosidl_typesupport_fastrtps_c.so
[2.775s] -- Up-to-date symlink: /home/thibaut/Documents/bimanual_mocap/bimanual_ws/install/dynamixel_interfaces/lib/python3.12/site-packages/dynamixel_interfaces/dynamixel_interfaces_s__rosidl_typesupport_introspection_c.so
[2.776s] -- Up-to-date symlink: /home/thibaut/Documents/bimanual_mocap/bimanual_ws/install/dynamixel_interfaces/lib/python3.12/site-packages/dynamixel_interfaces/dynamixel_interfaces_s__rosidl_typesupport_c.so
[2.777s] -- Up-to-date symlink: /home/thibaut/Documents/bimanual_mocap/bimanual_ws/install/dynamixel_interfaces/share/dynamixel_interfaces/msg/DynamixelState.idl
[2.777s] -- Up-to-date symlink: /home/thibaut/Documents/bimanual_mocap/bimanual_ws/install/dynamixel_interfaces/share/dynamixel_interfaces/srv/GetDataFromDxl.idl
[2.777s] -- Up-to-date symlink: /home/thibaut/Documents/bimanual_mocap/bimanual_ws/install/dynamixel_interfaces/share/dynamixel_interfaces/srv/SetDataToDxl.idl
[2.777s] -- Up-to-date symlink: /home/thibaut/Documents/bimanual_mocap/bimanual_ws/install/dynamixel_interfaces/share/dynamixel_interfaces/srv/RebootDxl.idl
[2.778s] -- Up-to-date symlink: /home/thibaut/Documents/bimanual_mocap/bimanual_ws/install/dynamixel_interfaces/share/dynamixel_interfaces/msg/DynamixelState.msg
[2.778s] -- Up-to-date symlink: /home/thibaut/Documents/bimanual_mocap/bimanual_ws/install/dynamixel_interfaces/share/dynamixel_interfaces/srv/GetDataFromDxl.srv
[2.778s] -- Up-to-date symlink: /home/thibaut/Documents/bimanual_mocap/bimanual_ws/install/dynamixel_interfaces/share/dynamixel_interfaces/srv/SetDataToDxl.srv
[2.778s] -- Up-to-date symlink: /home/thibaut/Documents/bimanual_mocap/bimanual_ws/install/dynamixel_interfaces/share/dynamixel_interfaces/srv/RebootDxl.srv
[2.788s] -- Up-to-date symlink: /home/thibaut/Documents/bimanual_mocap/bimanual_ws/install/dynamixel_interfaces/share/ament_index/resource_index/package_run_dependencies/dynamixel_interfaces
[2.788s] -- Up-to-date symlink: /home/thibaut/Documents/bimanual_mocap/bimanual_ws/install/dynamixel_interfaces/share/ament_index/resource_index/parent_prefix_path/dynamixel_interfaces
[2.788s] -- Up-to-date symlink: /home/thibaut/Documents/bimanual_mocap/bimanual_ws/install/dynamixel_interfaces/share/dynamixel_interfaces/environment/ament_prefix_path.sh
[2.788s] -- Up-to-date symlink: /home/thibaut/Documents/bimanual_mocap/bimanual_ws/install/dynamixel_interfaces/share/dynamixel_interfaces/environment/ament_prefix_path.dsv
[2.788s] -- Up-to-date symlink: /home/thibaut/Documents/bimanual_mocap/bimanual_ws/install/dynamixel_interfaces/share/dynamixel_interfaces/environment/path.sh
[2.788s] -- Up-to-date symlink: /home/thibaut/Documents/bimanual_mocap/bimanual_ws/install/dynamixel_interfaces/share/dynamixel_interfaces/environment/path.dsv
[2.788s] -- Up-to-date symlink: /home/thibaut/Documents/bimanual_mocap/bimanual_ws/install/dynamixel_interfaces/share/dynamixel_interfaces/local_setup.bash
[2.788s] -- Up-to-date symlink: /home/thibaut/Documents/bimanual_mocap/bimanual_ws/install/dynamixel_interfaces/share/dynamixel_interfaces/local_setup.sh
[2.788s] -- Up-to-date symlink: /home/thibaut/Documents/bimanual_mocap/bimanual_ws/install/dynamixel_interfaces/share/dynamixel_interfaces/local_setup.zsh
[2.791s] -- Up-to-date symlink: /home/thibaut/Documents/bimanual_mocap/bimanual_ws/install/dynamixel_interfaces/share/dynamixel_interfaces/local_setup.dsv
[2.791s] -- Symlinking: /home/thibaut/Documents/bimanual_mocap/bimanual_ws/install/dynamixel_interfaces/share/dynamixel_interfaces/package.dsv
[2.799s] -- Up-to-date symlink: /home/thibaut/Documents/bimanual_mocap/bimanual_ws/install/dynamixel_interfaces/share/ament_index/resource_index/packages/dynamixel_interfaces
[2.800s] -- Up-to-date symlink: /home/thibaut/Documents/bimanual_mocap/bimanual_ws/install/dynamixel_interfaces/share/dynamixel_interfaces/cmake/rosidl_cmake-extras.cmake
[2.800s] -- Up-to-date symlink: /home/thibaut/Documents/bimanual_mocap/bimanual_ws/install/dynamixel_interfaces/share/dynamixel_interfaces/cmake/ament_cmake_export_dependencies-extras.cmake
[2.800s] -- Up-to-date symlink: /home/thibaut/Documents/bimanual_mocap/bimanual_ws/install/dynamixel_interfaces/share/dynamixel_interfaces/cmake/ament_cmake_export_include_directories-extras.cmake
[2.800s] -- Up-to-date symlink: /home/thibaut/Documents/bimanual_mocap/bimanual_ws/install/dynamixel_interfaces/share/dynamixel_interfaces/cmake/ament_cmake_export_libraries-extras.cmake
[2.801s] -- Up-to-date symlink: /home/thibaut/Documents/bimanual_mocap/bimanual_ws/install/dynamixel_interfaces/share/dynamixel_interfaces/cmake/ament_cmake_export_targets-extras.cmake
[2.801s] -- Up-to-date symlink: /home/thibaut/Documents/bimanual_mocap/bimanual_ws/install/dynamixel_interfaces/share/dynamixel_interfaces/cmake/rosidl_cmake_export_typesupport_targets-extras.cmake
[2.802s] -- Up-to-date symlink: /home/thibaut/Documents/bimanual_mocap/bimanual_ws/install/dynamixel_interfaces/share/dynamixel_interfaces/cmake/rosidl_cmake_export_typesupport_libraries-extras.cmake
[2.802s] -- Up-to-date symlink: /home/thibaut/Documents/bimanual_mocap/bimanual_ws/install/dynamixel_interfaces/share/dynamixel_interfaces/cmake/dynamixel_interfacesConfig.cmake
[2.802s] -- Up-to-date symlink: /home/thibaut/Documents/bimanual_mocap/bimanual_ws/install/dynamixel_interfaces/share/dynamixel_interfaces/cmake/dynamixel_interfacesConfig-version.cmake
[2.802s] -- Up-to-date symlink: /home/thibaut/Documents/bimanual_mocap/bimanual_ws/install/dynamixel_interfaces/share/dynamixel_interfaces/package.xml
[2.803s] -- Up-to-date: /home/thibaut/Documents/bimanual_mocap/bimanual_ws/install/dynamixel_interfaces/lib/libdynamixel_interfaces__rosidl_generator_c.so
[2.804s] -- Up-to-date: /home/thibaut/Documents/bimanual_mocap/bimanual_ws/install/dynamixel_interfaces/lib/libdynamixel_interfaces__rosidl_typesupport_fastrtps_c.so
[2.806s] -- Up-to-date: /home/thibaut/Documents/bimanual_mocap/bimanual_ws/install/dynamixel_interfaces/lib/libdynamixel_interfaces__rosidl_typesupport_fastrtps_cpp.so
[2.806s] -- Up-to-date: /home/thibaut/Documents/bimanual_mocap/bimanual_ws/install/dynamixel_interfaces/lib/libdynamixel_interfaces__rosidl_typesupport_introspection_c.so
[2.808s] -- Up-to-date: /home/thibaut/Documents/bimanual_mocap/bimanual_ws/install/dynamixel_interfaces/lib/libdynamixel_interfaces__rosidl_typesupport_c.so
[2.808s] -- Up-to-date: /home/thibaut/Documents/bimanual_mocap/bimanual_ws/install/dynamixel_interfaces/lib/libdynamixel_interfaces__rosidl_typesupport_introspection_cpp.so
[2.808s] -- Up-to-date: /home/thibaut/Documents/bimanual_mocap/bimanual_ws/install/dynamixel_interfaces/lib/libdynamixel_interfaces__rosidl_typesupport_cpp.so
[2.903s] Listing '/home/thibaut/Documents/bimanual_mocap/bimanual_ws/install/dynamixel_interfaces/lib/python3.12/site-packages/dynamixel_interfaces'...
[2.903s] Listing '/home/thibaut/Documents/bimanual_mocap/bimanual_ws/install/dynamixel_interfaces/lib/python3.12/site-packages/dynamixel_interfaces/msg'...
[2.903s] Listing '/home/thibaut/Documents/bimanual_mocap/bimanual_ws/install/dynamixel_interfaces/lib/python3.12/site-packages/dynamixel_interfaces/srv'...
[2.910s] -- Up-to-date: /home/thibaut/Documents/bimanual_mocap/bimanual_ws/install/dynamixel_interfaces/lib/libdynamixel_interfaces__rosidl_generator_py.so
[2.911s] -- Up-to-date: /home/thibaut/Documents/bimanual_mocap/bimanual_ws/install/dynamixel_interfaces/share/dynamixel_interfaces/cmake/export_dynamixel_interfaces__rosidl_generator_cExport.cmake
[2.911s] -- Up-to-date: /home/thibaut/Documents/bimanual_mocap/bimanual_ws/install/dynamixel_interfaces/share/dynamixel_interfaces/cmake/export_dynamixel_interfaces__rosidl_generator_cExport-noconfig.cmake
[2.913s] -- Up-to-date: /home/thibaut/Documents/bimanual_mocap/bimanual_ws/install/dynamixel_interfaces/share/dynamixel_interfaces/cmake/export_dynamixel_interfaces__rosidl_typesupport_fastrtps_cExport.cmake
[2.913s] -- Up-to-date: /home/thibaut/Documents/bimanual_mocap/bimanual_ws/install/dynamixel_interfaces/share/dynamixel_interfaces/cmake/export_dynamixel_interfaces__rosidl_typesupport_fastrtps_cExport-noconfig.cmake
[2.914s] -- Up-to-date: /home/thibaut/Documents/bimanual_mocap/bimanual_ws/install/dynamixel_interfaces/share/dynamixel_interfaces/cmake/export_dynamixel_interfaces__rosidl_generator_cppExport.cmake
[2.914s] -- Up-to-date: /home/thibaut/Documents/bimanual_mocap/bimanual_ws/install/dynamixel_interfaces/share/dynamixel_interfaces/cmake/export_dynamixel_interfaces__rosidl_typesupport_fastrtps_cppExport.cmake
[2.915s] -- Up-to-date: /home/thibaut/Documents/bimanual_mocap/bimanual_ws/install/dynamixel_interfaces/share/dynamixel_interfaces/cmake/export_dynamixel_interfaces__rosidl_typesupport_fastrtps_cppExport-noconfig.cmake
[2.915s] -- Up-to-date: /home/thibaut/Documents/bimanual_mocap/bimanual_ws/install/dynamixel_interfaces/share/dynamixel_interfaces/cmake/dynamixel_interfaces__rosidl_typesupport_introspection_cExport.cmake
[2.915s] -- Up-to-date: /home/thibaut/Documents/bimanual_mocap/bimanual_ws/install/dynamixel_interfaces/share/dynamixel_interfaces/cmake/dynamixel_interfaces__rosidl_typesupport_introspection_cExport-noconfig.cmake
[2.915s] -- Up-to-date: /home/thibaut/Documents/bimanual_mocap/bimanual_ws/install/dynamixel_interfaces/share/dynamixel_interfaces/cmake/dynamixel_interfaces__rosidl_typesupport_cExport.cmake
[2.915s] -- Up-to-date: /home/thibaut/Documents/bimanual_mocap/bimanual_ws/install/dynamixel_interfaces/share/dynamixel_interfaces/cmake/dynamixel_interfaces__rosidl_typesupport_cExport-noconfig.cmake
[2.915s] -- Up-to-date: /home/thibaut/Documents/bimanual_mocap/bimanual_ws/install/dynamixel_interfaces/share/dynamixel_interfaces/cmake/dynamixel_interfaces__rosidl_typesupport_introspection_cppExport.cmake
[2.917s] -- Up-to-date: /home/thibaut/Documents/bimanual_mocap/bimanual_ws/install/dynamixel_interfaces/share/dynamixel_interfaces/cmake/dynamixel_interfaces__rosidl_typesupport_introspection_cppExport-noconfig.cmake
[2.917s] -- Up-to-date: /home/thibaut/Documents/bimanual_mocap/bimanual_ws/install/dynamixel_interfaces/share/dynamixel_interfaces/cmake/dynamixel_interfaces__rosidl_typesupport_cppExport.cmake
[2.917s] -- Up-to-date: /home/thibaut/Documents/bimanual_mocap/bimanual_ws/install/dynamixel_interfaces/share/dynamixel_interfaces/cmake/dynamixel_interfaces__rosidl_typesupport_cppExport-noconfig.cmake
[2.918s] -- Up-to-date: /home/thibaut/Documents/bimanual_mocap/bimanual_ws/install/dynamixel_interfaces/share/dynamixel_interfaces/cmake/export_dynamixel_interfaces__rosidl_generator_pyExport.cmake
[2.919s] -- Up-to-date: /home/thibaut/Documents/bimanual_mocap/bimanual_ws/install/dynamixel_interfaces/share/dynamixel_interfaces/cmake/export_dynamixel_interfaces__rosidl_generator_pyExport-noconfig.cmake
[2.919s] Invoked command in '/home/thibaut/Documents/bimanual_mocap/bimanual_ws/build/dynamixel_interfaces' returned '0': CMAKE_PREFIX_PATH=${CMAKE_PREFIX_PATH}:/opt/ros/jazzy DEBUGINFOD_URLS=https://debuginfod.ubuntu.com /usr/bin/cmake --install /home/thibaut/Documents/bimanual_mocap/bimanual_ws/build/dynamixel_interfaces
