[0.061s] Invoking command in '/home/asurite.ad.asu.edu/troisin/Documents/bimanual_mocap/bimanual_ws/build/bimanualrobot_gazebo': CMAKE_PREFIX_PATH=${CMAKE_PREFIX_PATH}:/opt/ros/jazzy DEBUGINFOD_URLS=https://debuginfod.ubuntu.com /usr/bin/cmake /home/asurite.ad.asu.edu/troisin/Documents/bimanual_mocap/bimanual_ws/src/bimanualrobot_ros2/bimanualrobot_gazebo -DAMENT_CMAKE_SYMLINK_INSTALL=1 -DCMAKE_INSTALL_PREFIX=/home/asurite.ad.asu.edu/troisin/Documents/bimanual_mocap/bimanual_ws/install/bimanualrobot_gazebo
[0.091s] -- Found ament_cmake: 2.5.4 (/opt/ros/jazzy/share/ament_cmake/cmake)
[0.590s] -- Override CMake install command with custom implementation using symlinks instead of copying resources
[0.605s] -- Found controller_manager: 4.38.0 (/opt/ros/jazzy/share/controller_manager/cmake)
[0.671s] -- Found rosidl_generator_c: 4.6.6 (/opt/ros/jazzy/share/rosidl_generator_c/cmake)
[0.691s] -- Found rosidl_generator_cpp: 4.6.6 (/opt/ros/jazzy/share/rosidl_generator_cpp/cmake)
[0.715s] -- Using all available rosidl_typesupport_c: rosidl_typesupport_fastrtps_c;rosidl_typesupport_introspection_c
[0.743s] -- Using all available rosidl_typesupport_cpp: rosidl_typesupport_fastrtps_cpp;rosidl_typesupport_introspection_cpp
[0.879s] -- Found rmw_implementation_cmake: 7.3.2 (/opt/ros/jazzy/share/rmw_implementation_cmake/cmake)
[0.881s] -- Found rmw_fastrtps_cpp: 8.4.3 (/opt/ros/jazzy/share/rmw_fastrtps_cpp/cmake)
[1.018s] -- Using RMW implementation 'rmw_fastrtps_cpp' as default
[1.962s] -- Found gripper_controllers: 4.33.0 (/opt/ros/jazzy/share/gripper_controllers/cmake)
[2.024s] -- Found eigen3_cmake_module: 0.3.0 (/opt/ros/jazzy/share/eigen3_cmake_module/cmake)
[2.027s] -- Ensuring Eigen3 include directory is part of orocos-kdl CMake target
[2.191s] -- Found gz_ros2_control: 1.2.16 (/opt/ros/jazzy/share/gz_ros2_control/cmake)
[2.201s] -- Found ros_gz: 1.0.16 (/opt/ros/jazzy/share/ros_gz/cmake)
[2.201s] -- Found ros_gz_bridge: 1.0.16 (/opt/ros/jazzy/share/ros_gz_bridge/cmake)
[2.215s] -- Looking for gz-msgs10 -- found version 10.3.2
[2.224s] -- Searching for dependencies of gz-msgs10
[2.261s] -- Looking for gz-utils2 -- found version 2.2.1
[2.262s] -- Searching for dependencies of gz-utils2
[2.263s] -- Looking for gz-math7 -- found version 7.5.2
[2.263s] -- Searching for dependencies of gz-math7
[2.264s] -- Looking for gz-utils2 -- found version 2.2.1
[2.274s] -- Checking for module 'tinyxml2'
[2.307s] --   Found tinyxml2, version 10.0.0
[2.372s] -- Looking for gz-transport13 -- found version 13.4.1
[2.372s] -- Searching for dependencies of gz-transport13
[2.434s] -- Config-file not installed for ZeroMQ -- checking for pkg-config
[2.445s] -- Checking for module 'libzmq >= 4'
[2.472s] --   Found libzmq, version 4.3.5
[2.568s] -- Checking for module 'uuid'
[2.605s] --   Found uuid, version 2.39.3
[2.671s] -- Looking for gz-utils2 -- found version 2.2.1
[2.671s] -- Searching for dependencies of gz-utils2
[2.671s] -- Searching for <gz-utils2> component [cli]
[2.672s] -- Looking for gz-utils2-cli -- found version 2.2.1
[2.672s] -- Searching for dependencies of gz-utils2-cli
[2.674s] -- Looking for gz-msgs10 -- found version 10.3.2
[2.931s] -- Found ros_gz_image: 1.0.16 (/opt/ros/jazzy/share/ros_gz_image/cmake)
[2.932s] -- Found ros_gz_sim: 1.0.16 (/opt/ros/jazzy/share/ros_gz_sim/cmake)
[2.939s] -- Found ros2_control: 4.38.0 (/opt/ros/jazzy/share/ros2_control/cmake)
[2.940s] -- Found ros2_controllers: 4.33.0 (/opt/ros/jazzy/share/ros2_controllers/cmake)
[2.940s] -- Found xacro: 2.1.1 (/opt/ros/jazzy/share/xacro/cmake)
[2.942s] -- Looking for gz-sim8 -- found version 8.9.0
[2.942s] -- Searching for dependencies of gz-sim8
[2.943s] -- Looking for sdformat14 -- found version 14.8.0
[2.943s] -- Searching for dependencies of sdformat14
[2.955s] -- Looking for gz-math7 -- found version 7.5.2
[2.956s] -- Looking for gz-utils2 -- found version 2.2.1
[2.958s] -- Looking for gz-plugin2 -- found version 2.0.4
[2.958s] -- Searching for dependencies of gz-plugin2
[2.959s] -- Looking for gz-utils2 -- found version 2.2.1
[2.961s] -- Searching for <gz-plugin2> component [loader]
[2.962s] -- Looking for gz-plugin2-loader -- found version 2.0.4
[2.962s] -- Searching for dependencies of gz-plugin2-loader
[2.963s] -- Searching for <gz-plugin2> component [register]
[2.964s] -- Looking for gz-plugin2-register -- found version 2.0.4
[2.964s] -- Searching for dependencies of gz-plugin2-register
[2.965s] -- Looking for gz-transport13 -- found version 13.4.1
[2.966s] -- Searching for dependencies of gz-transport13
[3.034s] -- Config-file not installed for ZeroMQ -- checking for pkg-config
[3.043s] -- Checking for module 'libzmq >= 4'
[3.073s] --   Found libzmq, version 4.3.5
[3.167s] -- Looking for gz-utils2 -- found version 2.2.1
[3.168s] -- Looking for gz-msgs10 -- found version 10.3.2
[3.169s] -- Searching for <gz-transport13> component [log]
[3.170s] -- Looking for gz-transport13-log -- found version 13.4.1
[3.170s] -- Searching for dependencies of gz-transport13-log
[3.171s] -- Searching for <gz-transport13> component [parameters]
[3.172s] -- Looking for gz-transport13-parameters -- found version 13.4.1
[3.172s] -- Searching for dependencies of gz-transport13-parameters
[3.174s] -- Looking for gz-msgs10 -- found version 10.3.2
[3.175s] -- Looking for gz-common5 -- found version 5.7.1
[3.175s] -- Searching for dependencies of gz-common5
[3.176s] -- Looking for gz-utils2 -- found version 2.2.1
[3.177s] -- Looking for dlfcn.h - found
[3.177s] -- Looking for libdl - found
[3.191s] -- Searching for <gz-common5> component [av]
[3.192s] -- Looking for gz-common5-av -- found version 5.7.1
[3.192s] -- Searching for dependencies of gz-common5-av
[3.202s] -- Checking for module 'libswscale'
[3.234s] --   Found libswscale, version 7.5.100
[3.318s] -- Checking for module 'libavdevice >= 56.4.100'
[3.352s] --   Found libavdevice, version 60.3.100
[3.464s] -- Checking for module 'libavformat'
[3.500s] --   Found libavformat, version 60.16.100
[3.597s] -- Checking for module 'libavcodec'
[3.633s] --   Found libavcodec, version 60.31.102
[3.721s] -- Checking for module 'libavutil'
[3.761s] --   Found libavutil, version 58.29.100
[3.836s] -- Searching for <gz-common5> component [events]
[3.838s] -- Looking for gz-common5-events -- found version 5.7.1
[3.838s] -- Searching for dependencies of gz-common5-events
[3.839s] -- Looking for gz-math7 -- found version 7.5.2
[3.841s] -- Searching for <gz-common5> component [graphics]
[3.842s] -- Looking for gz-common5-graphics -- found version 5.7.1
[3.842s] -- Searching for dependencies of gz-common5-graphics
[3.844s] -- Looking for gz-math7 -- found version 7.5.2
[3.851s] -- Searching for <gz-common5> component [io]
[3.852s] -- Looking for gz-common5-io -- found version 5.7.1
[3.852s] -- Searching for dependencies of gz-common5-io
[3.854s] -- Searching for <gz-common5> component [profiler]
[3.855s] -- Looking for gz-common5-profiler -- found version 5.7.1
[3.856s] -- Searching for dependencies of gz-common5-profiler
[3.858s] -- Looking for gz-fuel_tools9 -- found version 9.1.1
[3.859s] -- Searching for dependencies of gz-fuel_tools9
[3.976s] -- Checking for module 'jsoncpp'
[4.005s] --   Found jsoncpp, version 1.9.5
[4.107s] -- Checking for module 'yaml-0.1'
[4.141s] --   Found yaml-0.1, version 0.2.5
[4.222s] -- Checking for module 'libzip'
[4.260s] --   Found libzip, version 1.7.3
[4.329s] -- Looking for gz-utils2 -- found version 2.2.1
[4.329s] -- Looking for gz-common5 -- found version 5.7.1
[4.330s] -- Searching for dependencies of gz-common5
[4.330s] -- Looking for gz-utils2 -- found version 2.2.1
[4.331s] -- Looking for dlfcn.h - found
[4.331s] -- Looking for libdl - found
[4.344s] -- Searching for <gz-common5> component [testing]
[4.348s] -- Looking for gz-common5-testing -- found version 5.7.1
[4.348s] -- Searching for dependencies of gz-common5-testing
[4.350s] -- Looking for gz-math7 -- found version 7.5.2
[4.350s] -- Looking for gz-msgs10 -- found version 10.3.2
[4.352s] -- Looking for gz-gui8 -- found version 8.4.0
[4.352s] -- Searching for dependencies of gz-gui8
[4.400s] -- Looking for gz-utils2 -- found version 2.2.1
[4.401s] -- Looking for gz-math7 -- found version 7.5.2
[4.401s] -- Looking for gz-common5 -- found version 5.7.1
[4.402s] -- Looking for gz-plugin2 -- found version 2.0.4
[4.403s] -- Looking for gz-transport13 -- found version 13.4.1
[4.404s] -- Looking for gz-rendering8 -- found version 8.2.2
[4.404s] -- Searching for dependencies of gz-rendering8
[4.405s] -- Looking for gz-math7 -- found version 7.5.2
[4.405s] -- Searching for dependencies of gz-math7
[4.406s] -- Looking for gz-utils2 -- found version 2.2.1
[4.407s] -- Searching for <gz-math7> component [eigen3]
[4.407s] -- Looking for gz-math7-eigen3 -- found version 7.5.2
[4.408s] -- Searching for dependencies of gz-math7-eigen3
[4.411s] -- Looking for gz-common5 -- found version 5.7.1
[4.411s] -- Searching for dependencies of gz-common5
[4.412s] -- Looking for gz-utils2 -- found version 2.2.1
[4.412s] -- Looking for dlfcn.h - found
[4.412s] -- Looking for libdl - found
[4.426s] -- Searching for <gz-common5> component [graphics]
[4.427s] -- Searching for <gz-common5> component [events]
[4.427s] -- Searching for <gz-common5> component [geospatial]
[4.428s] -- Looking for gz-common5-geospatial -- found version 5.7.1
[4.429s] -- Searching for dependencies of gz-common5-geospatial
[4.429s] -- Looking for gz-math7 -- found version 7.5.2
[4.429s] -- Looking for gz-common5 -- found version 5.7.1
[4.431s] -- Looking for gz-plugin2 -- found version 2.0.4
[4.431s] -- Searching for dependencies of gz-plugin2
[4.432s] -- Looking for gz-utils2 -- found version 2.2.1
[4.432s] -- Searching for <gz-plugin2> component [all]
[4.433s] -- Looking for all libraries of gz-plugin2 -- found version 2.0.4
[4.434s] -- Looking for gz-plugin2 -- found version 2.0.4
[4.435s] -- Looking for gz-utils2 -- found version 2.2.1
[4.443s] -- Looking for gz-msgs10 -- found version 10.3.2
[4.479s] -- Looking for gz-physics7 -- found version 7.5.0
[4.479s] -- Searching for dependencies of gz-physics7
[4.480s] -- Looking for gz-common5 -- found version 5.7.1
[4.480s] -- Looking for gz-math7 -- found version 7.5.2
[4.481s] -- Looking for gz-plugin2 -- found version 2.0.4
[4.482s] -- Looking for gz-utils2 -- found version 2.2.1
[4.484s] -- Searching for <gz-physics7> component [heightmap]
[4.485s] -- Looking for gz-physics7-heightmap -- found version 7.5.0
[4.485s] -- Searching for dependencies of gz-physics7-heightmap
[4.486s] -- Looking for gz-common5 -- found version 5.7.1
[4.487s] -- Searching for <gz-physics7> component [mesh]
[4.488s] -- Looking for gz-physics7-mesh -- found version 7.5.0
[4.488s] -- Searching for dependencies of gz-physics7-mesh
[4.489s] -- Looking for gz-common5 -- found version 5.7.1
[4.490s] -- Searching for <gz-physics7> component [sdf]
[4.490s] -- Looking for gz-physics7-sdf -- found version 7.5.0
[4.491s] -- Searching for dependencies of gz-physics7-sdf
[4.492s] -- Looking for sdformat14 -- found version 14.8.0
[4.493s] -- Looking for gz-sensors8 -- found version 8.2.2
[4.494s] -- Searching for dependencies of gz-sensors8
[4.535s] -- Looking for gz-math7 -- found version 7.5.2
[4.536s] -- Looking for gz-common5 -- found version 5.7.1
[4.537s] -- Looking for gz-transport13 -- found version 13.4.1
[4.538s] -- Looking for gz-rendering8 -- found version 8.2.2
[4.538s] -- Looking for gz-msgs10 -- found version 10.3.2
[4.540s] -- Looking for sdformat14 -- found version 14.8.0
[4.541s] -- Searching for <gz-sensors8> component [air_pressure]
[4.542s] -- Looking for gz-sensors8-air_pressure -- found version 8.2.2
[4.542s] -- Searching for dependencies of gz-sensors8-air_pressure
[4.543s] -- Searching for <gz-sensors8> component [air_speed]
[4.544s] -- Looking for gz-sensors8-air_speed -- found version 8.2.2
[4.544s] -- Searching for dependencies of gz-sensors8-air_speed
[4.545s] -- Searching for <gz-sensors8> component [altimeter]
[4.546s] -- Looking for gz-sensors8-altimeter -- found version 8.2.2
[4.546s] -- Searching for dependencies of gz-sensors8-altimeter
[4.547s] -- Searching for <gz-sensors8> component [imu]
[4.548s] -- Looking for gz-sensors8-imu -- found version 8.2.2
[4.548s] -- Searching for dependencies of gz-sensors8-imu
[4.549s] -- Searching for <gz-sensors8> component [force_torque]
[4.550s] -- Looking for gz-sensors8-force_torque -- found version 8.2.2
[4.550s] -- Searching for dependencies of gz-sensors8-force_torque
[4.551s] -- Searching for <gz-sensors8> component [logical_camera]
[4.552s] -- Looking for gz-sensors8-logical_camera -- found version 8.2.2
[4.552s] -- Searching for dependencies of gz-sensors8-logical_camera
[4.553s] -- Searching for <gz-sensors8> component [magnetometer]
[4.554s] -- Looking for gz-sensors8-magnetometer -- found version 8.2.2
[4.554s] -- Searching for dependencies of gz-sensors8-magnetometer
[4.555s] -- Searching for <gz-sensors8> component [navsat]
[4.556s] -- Looking for gz-sensors8-navsat -- found version 8.2.2
[4.556s] -- Searching for dependencies of gz-sensors8-navsat
[4.557s] -- Searching for <gz-sensors8> component [dvl]
[4.558s] -- Looking for gz-sensors8-dvl -- found version 8.2.2
[4.558s] -- Searching for dependencies of gz-sensors8-dvl
[4.559s] -- Looking for gz-sensors8 -- found version 8.2.2
[4.559s] -- Searching for dependencies of gz-sensors8
[4.602s] -- Looking for gz-math7 -- found version 7.5.2
[4.603s] -- Looking for gz-common5 -- found version 5.7.1
[4.604s] -- Looking for gz-transport13 -- found version 13.4.1
[4.605s] -- Looking for gz-rendering8 -- found version 8.2.2
[4.605s] -- Looking for gz-msgs10 -- found version 10.3.2
[4.606s] -- Looking for sdformat14 -- found version 14.8.0
[4.606s] -- Searching for <gz-sensors8> component [rendering]
[4.607s] -- Looking for gz-sensors8-rendering -- found version 8.2.2
[4.608s] -- Searching for dependencies of gz-sensors8-rendering
[4.610s] -- Searching for <gz-sensors8> component [rendering]
[4.611s] -- Searching for <gz-sensors8> component [lidar]
[4.611s] -- Looking for gz-sensors8-lidar -- found version 8.2.2
[4.611s] -- Searching for dependencies of gz-sensors8-lidar
[4.612s] -- Looking for gz-sensors8 -- found version 8.2.2
[4.614s] -- Searching for <gz-sensors8> component [gpu_lidar]
[4.614s] -- Looking for gz-sensors8-gpu_lidar -- found version 8.2.2
[4.615s] -- Searching for dependencies of gz-sensors8-gpu_lidar
[4.616s] -- Looking for gz-sensors8 -- found version 8.2.2
[4.617s] -- Searching for <gz-sensors8> component [camera]
[4.618s] -- Looking for gz-sensors8-camera -- found version 8.2.2
[4.618s] -- Searching for dependencies of gz-sensors8-camera
[4.619s] -- Looking for gz-sensors8 -- found version 8.2.2
[4.620s] -- Searching for <gz-sensors8> component [boundingbox_camera]
[4.621s] -- Looking for gz-sensors8-boundingbox_camera -- found version 8.2.2
[4.621s] -- Searching for dependencies of gz-sensors8-boundingbox_camera
[4.622s] -- Searching for <gz-sensors8> component [segmentation_camera]
[4.623s] -- Looking for gz-sensors8-segmentation_camera -- found version 8.2.2
[4.623s] -- Searching for dependencies of gz-sensors8-segmentation_camera
[4.625s] -- Searching for <gz-sensors8> component [depth_camera]
[4.626s] -- Looking for gz-sensors8-depth_camera -- found version 8.2.2
[4.626s] -- Searching for dependencies of gz-sensors8-depth_camera
[4.627s] -- Looking for gz-sensors8 -- found version 8.2.2
[4.629s] -- Searching for <gz-sensors8> component [rgbd_camera]
[4.629s] -- Looking for gz-sensors8-rgbd_camera -- found version 8.2.2
[4.630s] -- Searching for dependencies of gz-sensors8-rgbd_camera
[4.630s] -- Looking for gz-sensors8 -- found version 8.2.2
[4.632s] -- Searching for <gz-sensors8> component [thermal_camera]
[4.632s] -- Looking for gz-sensors8-thermal_camera -- found version 8.2.2
[4.633s] -- Searching for dependencies of gz-sensors8-thermal_camera
[4.633s] -- Looking for gz-sensors8 -- found version 8.2.2
[4.635s] -- Searching for <gz-sensors8> component [wide_angle_camera]
[4.636s] -- Looking for gz-sensors8-wide_angle_camera -- found version 8.2.2
[4.636s] -- Searching for dependencies of gz-sensors8-wide_angle_camera
[4.638s] -- Looking for gz-rendering8 -- found version 8.2.2
[4.639s] -- Looking for gz-math7 -- found version 7.5.2
[4.639s] -- Looking for gz-utils2 -- found version 2.2.1
[4.686s] -- Looking for gz-plugin2 -- found version 2.0.4
[4.687s] -- Looking for gz-common5 -- found version 5.7.1
[4.690s] -- Found ament_lint_auto: 0.17.3 (/opt/ros/jazzy/share/ament_lint_auto/cmake)
[4.890s] -- Added test 'cppcheck' to perform static code analysis on C / C++ code
[4.890s] -- Configured cppcheck include dirs: 
[4.890s] -- Configured cppcheck exclude dirs and/or files: 
[4.892s] -- Added test 'flake8' to check Python code syntax and style conventions
[4.892s] -- Configured 'flake8' exclude dirs and/or files: 
[4.893s] -- Added test 'lint_cmake' to check CMake code style
[4.895s] -- Added test 'pep257' to check Python code against some of the docstring style conventions in PEP 257
[4.900s] -- Added test 'uncrustify' to check C / C++ code style
[4.900s] -- Configured uncrustify additional arguments: 
[4.901s] -- Added test 'xmllint' to check XML markup files
[4.905s] -- Configuring done (4.8s)
[4.957s] -- Generating done (0.0s)
[4.967s] -- Build files have been written to: /home/asurite.ad.asu.edu/troisin/Documents/bimanual_mocap/bimanual_ws/build/bimanualrobot_gazebo
[4.997s] Invoked command in '/home/asurite.ad.asu.edu/troisin/Documents/bimanual_mocap/bimanual_ws/build/bimanualrobot_gazebo' returned '0': CMAKE_PREFIX_PATH=${CMAKE_PREFIX_PATH}:/opt/ros/jazzy DEBUGINFOD_URLS=https://debuginfod.ubuntu.com /usr/bin/cmake /home/asurite.ad.asu.edu/troisin/Documents/bimanual_mocap/bimanual_ws/src/bimanualrobot_ros2/bimanualrobot_gazebo -DAMENT_CMAKE_SYMLINK_INSTALL=1 -DCMAKE_INSTALL_PREFIX=/home/asurite.ad.asu.edu/troisin/Documents/bimanual_mocap/bimanual_ws/install/bimanualrobot_gazebo
[4.998s] Invoking command in '/home/asurite.ad.asu.edu/troisin/Documents/bimanual_mocap/bimanual_ws/build/bimanualrobot_gazebo': CMAKE_PREFIX_PATH=${CMAKE_PREFIX_PATH}:/opt/ros/jazzy DEBUGINFOD_URLS=https://debuginfod.ubuntu.com /usr/bin/cmake --build /home/asurite.ad.asu.edu/troisin/Documents/bimanual_mocap/bimanual_ws/build/bimanualrobot_gazebo -- -j20 -l20
[5.142s] [ 50%] [32mBuilding CXX object CMakeFiles/ball_leash_plugin.dir/src/ball_leash_plugin.cc.o[0m
[13.885s] [100%] [32m[1mLinking CXX shared library libball_leash_plugin.so[0m
[14.154s] [100%] Built target ball_leash_plugin
[14.179s] Invoked command in '/home/asurite.ad.asu.edu/troisin/Documents/bimanual_mocap/bimanual_ws/build/bimanualrobot_gazebo' returned '0': CMAKE_PREFIX_PATH=${CMAKE_PREFIX_PATH}:/opt/ros/jazzy DEBUGINFOD_URLS=https://debuginfod.ubuntu.com /usr/bin/cmake --build /home/asurite.ad.asu.edu/troisin/Documents/bimanual_mocap/bimanual_ws/build/bimanualrobot_gazebo -- -j20 -l20
[14.181s] Invoking command in '/home/asurite.ad.asu.edu/troisin/Documents/bimanual_mocap/bimanual_ws/build/bimanualrobot_gazebo': CMAKE_PREFIX_PATH=${CMAKE_PREFIX_PATH}:/opt/ros/jazzy DEBUGINFOD_URLS=https://debuginfod.ubuntu.com /usr/bin/cmake --install /home/asurite.ad.asu.edu/troisin/Documents/bimanual_mocap/bimanual_ws/build/bimanualrobot_gazebo
[14.198s] -- Install configuration: "Release"
[14.199s] -- Execute custom install script
[14.199s] -- Up-to-date symlink: /home/asurite.ad.asu.edu/troisin/Documents/bimanual_mocap/bimanual_ws/install/bimanualrobot_gazebo/lib/libball_leash_plugin.so
[14.200s] -- Up-to-date symlink: /home/asurite.ad.asu.edu/troisin/Documents/bimanual_mocap/bimanual_ws/install/bimanualrobot_gazebo/share/bimanualrobot_gazebo//config/ros_gz_bridge.yaml
[14.201s] -- Up-to-date symlink: /home/asurite.ad.asu.edu/troisin/Documents/bimanual_mocap/bimanual_ws/install/bimanualrobot_gazebo/share/bimanualrobot_gazebo//launch/bimanualrobot.gazebo.launch.py
[14.201s] -- Up-to-date symlink: /home/asurite.ad.asu.edu/troisin/Documents/bimanual_mocap/bimanual_ws/install/bimanualrobot_gazebo/share/bimanualrobot_gazebo//models/drum_cylinder/model.config
[14.201s] -- Up-to-date symlink: /home/asurite.ad.asu.edu/troisin/Documents/bimanual_mocap/bimanual_ws/install/bimanualrobot_gazebo/share/bimanualrobot_gazebo//models/drum_cylinder/model.sdf
[14.202s] -- Up-to-date symlink: /home/asurite.ad.asu.edu/troisin/Documents/bimanual_mocap/bimanual_ws/install/bimanualrobot_gazebo/share/bimanualrobot_gazebo//worlds/empty.world
[14.203s] -- Up-to-date symlink: /home/asurite.ad.asu.edu/troisin/Documents/bimanual_mocap/bimanual_ws/install/bimanualrobot_gazebo/share/bimanualrobot_gazebo//scripts/spawn_drum.py
[14.203s] -- Up-to-date symlink: /home/asurite.ad.asu.edu/troisin/Documents/bimanual_mocap/bimanual_ws/install/bimanualrobot_gazebo/lib/bimanualrobot_gazebo//spawn_drum.py
[14.203s] -- Up-to-date symlink: /home/asurite.ad.asu.edu/troisin/Documents/bimanual_mocap/bimanual_ws/install/bimanualrobot_gazebo/share/ament_index/resource_index/package_run_dependencies/bimanualrobot_gazebo
[14.204s] -- Up-to-date symlink: /home/asurite.ad.asu.edu/troisin/Documents/bimanual_mocap/bimanual_ws/install/bimanualrobot_gazebo/share/ament_index/resource_index/parent_prefix_path/bimanualrobot_gazebo
[14.204s] -- Up-to-date symlink: /home/asurite.ad.asu.edu/troisin/Documents/bimanual_mocap/bimanual_ws/install/bimanualrobot_gazebo/share/bimanualrobot_gazebo/environment/ament_prefix_path.sh
[14.204s] -- Up-to-date symlink: /home/asurite.ad.asu.edu/troisin/Documents/bimanual_mocap/bimanual_ws/install/bimanualrobot_gazebo/share/bimanualrobot_gazebo/environment/ament_prefix_path.dsv
[14.205s] -- Up-to-date symlink: /home/asurite.ad.asu.edu/troisin/Documents/bimanual_mocap/bimanual_ws/install/bimanualrobot_gazebo/share/bimanualrobot_gazebo/environment/path.sh
[14.205s] -- Up-to-date symlink: /home/asurite.ad.asu.edu/troisin/Documents/bimanual_mocap/bimanual_ws/install/bimanualrobot_gazebo/share/bimanualrobot_gazebo/environment/path.dsv
[14.206s] -- Up-to-date symlink: /home/asurite.ad.asu.edu/troisin/Documents/bimanual_mocap/bimanual_ws/install/bimanualrobot_gazebo/share/bimanualrobot_gazebo/local_setup.bash
[14.206s] -- Up-to-date symlink: /home/asurite.ad.asu.edu/troisin/Documents/bimanual_mocap/bimanual_ws/install/bimanualrobot_gazebo/share/bimanualrobot_gazebo/local_setup.sh
[14.206s] -- Up-to-date symlink: /home/asurite.ad.asu.edu/troisin/Documents/bimanual_mocap/bimanual_ws/install/bimanualrobot_gazebo/share/bimanualrobot_gazebo/local_setup.zsh
[14.207s] -- Up-to-date symlink: /home/asurite.ad.asu.edu/troisin/Documents/bimanual_mocap/bimanual_ws/install/bimanualrobot_gazebo/share/bimanualrobot_gazebo/local_setup.dsv
[14.207s] -- Symlinking: /home/asurite.ad.asu.edu/troisin/Documents/bimanual_mocap/bimanual_ws/install/bimanualrobot_gazebo/share/bimanualrobot_gazebo/package.dsv
[14.226s] -- Up-to-date symlink: /home/asurite.ad.asu.edu/troisin/Documents/bimanual_mocap/bimanual_ws/install/bimanualrobot_gazebo/share/ament_index/resource_index/packages/bimanualrobot_gazebo
[14.227s] -- Up-to-date symlink: /home/asurite.ad.asu.edu/troisin/Documents/bimanual_mocap/bimanual_ws/install/bimanualrobot_gazebo/share/bimanualrobot_gazebo/cmake/bimanualrobot_gazeboConfig.cmake
[14.227s] -- Up-to-date symlink: /home/asurite.ad.asu.edu/troisin/Documents/bimanual_mocap/bimanual_ws/install/bimanualrobot_gazebo/share/bimanualrobot_gazebo/cmake/bimanualrobot_gazeboConfig-version.cmake
[14.227s] -- Up-to-date symlink: /home/asurite.ad.asu.edu/troisin/Documents/bimanual_mocap/bimanual_ws/install/bimanualrobot_gazebo/share/bimanualrobot_gazebo/package.xml
[14.233s] Invoked command in '/home/asurite.ad.asu.edu/troisin/Documents/bimanual_mocap/bimanual_ws/build/bimanualrobot_gazebo' returned '0': CMAKE_PREFIX_PATH=${CMAKE_PREFIX_PATH}:/opt/ros/jazzy DEBUGINFOD_URLS=https://debuginfod.ubuntu.com /usr/bin/cmake --install /home/asurite.ad.asu.edu/troisin/Documents/bimanual_mocap/bimanual_ws/build/bimanualrobot_gazebo
