[  2%] Built target dynamixel_sdk_custom_interfaces__rosidl_generator_type_description
[  2%] Built target ament_cmake_python_symlink_dynamixel_sdk_custom_interfaces
[  4%] Built target dynamixel_sdk_custom_interfaces__cpp
[ 22%] Built target dynamixel_sdk_custom_interfaces__rosidl_generator_c
[ 31%] Built target dynamixel_sdk_custom_interfaces__rosidl_typesupport_c
[ 40%] Built target dynamixel_sdk_custom_interfaces__rosidl_typesupport_introspection_c
[ 50%] Built target dynamixel_sdk_custom_interfaces__rosidl_typesupport_introspection_cpp
[ 59%] Built target dynamixel_sdk_custom_interfaces__rosidl_typesupport_fastrtps_cpp
[ 68%] Built target dynamixel_sdk_custom_interfaces__rosidl_typesupport_fastrtps_c
[ 77%] Built target dynamixel_sdk_custom_interfaces__rosidl_typesupport_cpp
[ 77%] Built target dynamixel_sdk_custom_interfaces
[ 79%] Built target dynamixel_sdk_custom_interfaces__py
[ 86%] Built target dynamixel_sdk_custom_interfaces__rosidl_generator_py
[ 93%] Built target dynamixel_sdk_custom_interfaces_s__rosidl_typesupport_c
[ 95%] Built target dynamixel_sdk_custom_interfaces_s__rosidl_typesupport_fastrtps_c
[100%] Built target dynamixel_sdk_custom_interfaces_s__rosidl_typesupport_introspection_c
running egg_info
writing dynamixel_sdk_custom_interfaces.egg-info/PKG-INFO
writing dependency_links to dynamixel_sdk_custom_interfaces.egg-info/dependency_links.txt
writing top-level names to dynamixel_sdk_custom_interfaces.egg-info/top_level.txt
reading manifest file 'dynamixel_sdk_custom_interfaces.egg-info/SOURCES.txt'
writing manifest file 'dynamixel_sdk_custom_interfaces.egg-info/SOURCES.txt'
[100%] Built target ament_cmake_python_build_dynamixel_sdk_custom_interfaces_egg
