[0.056s] Invoking command in '/home/asurite.ad.asu.edu/troisin/Documents/bimanual_mocap/bimanual_ws/build/dynamixel_sdk_custom_interfaces': CMAKE_PREFIX_PATH=${CMAKE_PREFIX_PATH}:/opt/ros/jazzy DEBUGINFOD_URLS=https://debuginfod.ubuntu.com /usr/bin/cmake --build /home/asurite.ad.asu.edu/troisin/Documents/bimanual_mocap/bimanual_ws/build/dynamixel_sdk_custom_interfaces -- -j20 -l20
[0.162s] [  2%] Built target dynamixel_sdk_custom_interfaces__rosidl_generator_type_description
[0.182s] [  2%] Built target ament_cmake_python_symlink_dynamixel_sdk_custom_interfaces
[0.207s] [  4%] Built target dynamixel_sdk_custom_interfaces__cpp
[0.213s] [ 22%] Built target dynamixel_sdk_custom_interfaces__rosidl_generator_c
[0.284s] [ 31%] Built target dynamixel_sdk_custom_interfaces__rosidl_typesupport_c
[0.289s] [ 40%] Built target dynamixel_sdk_custom_interfaces__rosidl_typesupport_introspection_c
[0.290s] [ 50%] Built target dynamixel_sdk_custom_interfaces__rosidl_typesupport_introspection_cpp
[0.290s] [ 59%] Built target dynamixel_sdk_custom_interfaces__rosidl_typesupport_fastrtps_cpp
[0.292s] [ 68%] Built target dynamixel_sdk_custom_interfaces__rosidl_typesupport_fastrtps_c
[0.302s] [ 77%] Built target dynamixel_sdk_custom_interfaces__rosidl_typesupport_cpp
[0.340s] [ 77%] Built target dynamixel_sdk_custom_interfaces
[0.381s] [ 79%] Built target dynamixel_sdk_custom_interfaces__py
[0.426s] [ 86%] Built target dynamixel_sdk_custom_interfaces__rosidl_generator_py
[0.482s] [ 93%] Built target dynamixel_sdk_custom_interfaces_s__rosidl_typesupport_c
[0.482s] [ 95%] Built target dynamixel_sdk_custom_interfaces_s__rosidl_typesupport_fastrtps_c
[0.484s] [100%] Built target dynamixel_sdk_custom_interfaces_s__rosidl_typesupport_introspection_c
[0.714s] running egg_info
[0.762s] writing dynamixel_sdk_custom_interfaces.egg-info/PKG-INFO
[0.762s] writing dependency_links to dynamixel_sdk_custom_interfaces.egg-info/dependency_links.txt
[0.763s] writing top-level names to dynamixel_sdk_custom_interfaces.egg-info/top_level.txt
[0.924s] reading manifest file 'dynamixel_sdk_custom_interfaces.egg-info/SOURCES.txt'
[0.925s] writing manifest file 'dynamixel_sdk_custom_interfaces.egg-info/SOURCES.txt'
[0.986s] [100%] Built target ament_cmake_python_build_dynamixel_sdk_custom_interfaces_egg
