[0.006s] Invoking command in '/home/thibaut/Documents/bimanual_mocap/bimanual_ws/build/dynamixel_hardware_interface': AMENT_PREFIX_PATH=/home/thibaut/Documents/bimanual_mocap/bimanual_ws/install/dynamixel_interfaces:${AMENT_PREFIX_PATH} CMAKE_PREFIX_PATH=/home/thibaut/Documents/bimanual_mocap/bimanual_ws/install/dynamixel_interfaces:/opt/ros/jazzy/opt/gz_sim_vendor:/opt/ros/jazzy/opt/gz_sensors_vendor:/opt/ros/jazzy/opt/gz_physics_vendor:/opt/ros/jazzy/opt/sdformat_vendor:/opt/ros/jazzy/opt/gz_gui_vendor:/opt/ros/jazzy/opt/gz_transport_vendor:/opt/ros/jazzy/opt/gz_rendering_vendor:/opt/ros/jazzy/opt/gz_plugin_vendor:/opt/ros/jazzy/opt/gz_fuel_tools_vendor:/opt/ros/jazzy/opt/gz_msgs_vendor:/opt/ros/jazzy/opt/gz_common_vendor:/opt/ros/jazzy/opt/gz_math_vendor:/opt/ros/jazzy/opt/gz_utils_vendor:/opt/ros/jazzy/opt/gz_tools_vendor:/opt/ros/jazzy/opt/gz_ogre_next_vendor:/opt/ros/jazzy/opt/gz_dartsim_vendor:/opt/ros/jazzy/opt/gz_cmake_vendor:/opt/ros/jazzy DEBUGINFOD_URLS=https://debuginfod.ubuntu.com LD_LIBRARY_PATH=/home/thibaut/Documents/bimanual_mocap/bimanual_ws/install/dynamixel_interfaces/lib:${LD_LIBRARY_PATH} PYTHONPATH=/home/thibaut/Documents/bimanual_mocap/bimanual_ws/install/dynamixel_interfaces/lib/python3.12/site-packages:${PYTHONPATH} /usr/bin/cmake /home/thibaut/Documents/bimanual_mocap/bimanual_ws/src/dynamixel_hardware_interface -DAMENT_CMAKE_SYMLINK_INSTALL=1 -DCMAKE_INSTALL_PREFIX=/home/thibaut/Documents/bimanual_mocap/bimanual_ws/install/dynamixel_hardware_interface
[0.038s] -- The C compiler identification is GNU 13.3.0
[0.082s] -- The CXX compiler identification is GNU 13.3.0
[0.096s] -- Detecting C compiler ABI info
[0.169s] -- Detecting C compiler ABI info - done
[0.177s] -- Check for working C compiler: /usr/bin/cc - skipped
[0.177s] -- Detecting C compile features
[0.177s] -- Detecting C compile features - done
[0.184s] -- Detecting CXX compiler ABI info
[0.292s] -- Detecting CXX compiler ABI info - done
[0.300s] -- Check for working CXX compiler: /usr/bin/c++ - skipped
[0.302s] -- Detecting CXX compile features
[0.302s] -- Detecting CXX compile features - done
[0.305s] -- Found ament_cmake: 2.5.4 (/opt/ros/jazzy/share/ament_cmake/cmake)
[0.428s] -- Found Python3: /usr/bin/python3 (found version "3.12.3") found components: Interpreter 
[0.473s] -- Override CMake install command with custom implementation using symlinks instead of copying resources
[0.503s] -- Found hardware_interface: 4.35.0 (/opt/ros/jazzy/share/hardware_interface/cmake)
[0.549s] -- Found rosidl_generator_c: 4.6.6 (/opt/ros/jazzy/share/rosidl_generator_c/cmake)
[0.564s] -- Found rosidl_generator_cpp: 4.6.6 (/opt/ros/jazzy/share/rosidl_generator_cpp/cmake)
[0.579s] -- Using all available rosidl_typesupport_c: rosidl_typesupport_fastrtps_c;rosidl_typesupport_introspection_c
[0.602s] -- Using all available rosidl_typesupport_cpp: rosidl_typesupport_fastrtps_cpp;rosidl_typesupport_introspection_cpp
[0.804s] -- Found TinyXML2 via Config file: /usr/lib/aarch64-linux-gnu/cmake/tinyxml2
[0.847s] -- Found rmw_implementation_cmake: 7.3.2 (/opt/ros/jazzy/share/rmw_implementation_cmake/cmake)
[0.850s] -- Found rmw_fastrtps_cpp: 8.4.3 (/opt/ros/jazzy/share/rmw_fastrtps_cpp/cmake)
[0.878s] -- Found TinyXML2 via Config file: /usr/lib/aarch64-linux-gnu/cmake/tinyxml2
[0.916s] -- Found OpenSSL: /usr/lib/aarch64-linux-gnu/libcrypto.so (found version "3.0.13")  
[0.920s] -- Found TinyXML2 via Config file: /usr/lib/aarch64-linux-gnu/cmake/tinyxml2
[0.933s] -- Found FastRTPS: /opt/ros/jazzy/include (Required is at least version "2.13") 
[0.936s] -- Found TinyXML2 via Config file: /usr/lib/aarch64-linux-gnu/cmake/tinyxml2
[0.941s] -- Found TinyXML2 via Config file: /usr/lib/aarch64-linux-gnu/cmake/tinyxml2
[0.946s] -- Using RMW implementation 'rmw_fastrtps_cpp' as default
[1.098s] -- Found dynamixel_sdk: 3.8.4 (/opt/ros/jazzy/share/dynamixel_sdk/cmake)
[1.101s] -- Found std_srvs: 5.3.6 (/opt/ros/jazzy/share/std_srvs/cmake)
[1.109s] -- Found dynamixel_interfaces: 1.0.1 (/home/thibaut/Documents/bimanual_mocap/bimanual_ws/install/dynamixel_interfaces/share/dynamixel_interfaces/cmake)
[1.122s] -- Found ament_lint_auto: 0.17.3 (/opt/ros/jazzy/share/ament_lint_auto/cmake)
[1.200s] -- Added test 'copyright' to check source files copyright and LICENSE
[1.202s] -- Added test 'cppcheck' to perform static code analysis on C / C++ code
[1.202s] -- Configured cppcheck include dirs: $<BUILD_INTERFACE:/home/thibaut/Documents/bimanual_mocap/bimanual_ws/src/dynamixel_hardware_interface/include>
[1.202s] -- Configured cppcheck exclude dirs and/or files: 
[1.204s] -- Added test 'cpplint' to check C / C++ code against the Google style
[1.204s] -- Configured cpplint exclude dirs and/or files: 
[1.204s] -- Added test 'flake8' to check Python code syntax and style conventions
[1.204s] -- Configured 'flake8' exclude dirs and/or files: 
[1.205s] -- Added test 'lint_cmake' to check CMake code style
[1.205s] -- Added test 'pep257' to check Python code against some of the docstring style conventions in PEP 257
[1.207s] -- Added test 'uncrustify' to check C / C++ code style
[1.207s] -- Configured uncrustify additional arguments: 
[1.208s] -- Added test 'xmllint' to check XML markup files
[1.210s] -- Configuring done (1.2s)
[1.236s] -- Generating done (0.0s)
[1.239s] -- Build files have been written to: /home/thibaut/Documents/bimanual_mocap/bimanual_ws/build/dynamixel_hardware_interface
[1.246s] Invoked command in '/home/thibaut/Documents/bimanual_mocap/bimanual_ws/build/dynamixel_hardware_interface' returned '0': AMENT_PREFIX_PATH=/home/thibaut/Documents/bimanual_mocap/bimanual_ws/install/dynamixel_interfaces:${AMENT_PREFIX_PATH} CMAKE_PREFIX_PATH=/home/thibaut/Documents/bimanual_mocap/bimanual_ws/install/dynamixel_interfaces:/opt/ros/jazzy/opt/gz_sim_vendor:/opt/ros/jazzy/opt/gz_sensors_vendor:/opt/ros/jazzy/opt/gz_physics_vendor:/opt/ros/jazzy/opt/sdformat_vendor:/opt/ros/jazzy/opt/gz_gui_vendor:/opt/ros/jazzy/opt/gz_transport_vendor:/opt/ros/jazzy/opt/gz_rendering_vendor:/opt/ros/jazzy/opt/gz_plugin_vendor:/opt/ros/jazzy/opt/gz_fuel_tools_vendor:/opt/ros/jazzy/opt/gz_msgs_vendor:/opt/ros/jazzy/opt/gz_common_vendor:/opt/ros/jazzy/opt/gz_math_vendor:/opt/ros/jazzy/opt/gz_utils_vendor:/opt/ros/jazzy/opt/gz_tools_vendor:/opt/ros/jazzy/opt/gz_ogre_next_vendor:/opt/ros/jazzy/opt/gz_dartsim_vendor:/opt/ros/jazzy/opt/gz_cmake_vendor:/opt/ros/jazzy DEBUGINFOD_URLS=https://debuginfod.ubuntu.com LD_LIBRARY_PATH=/home/thibaut/Documents/bimanual_mocap/bimanual_ws/install/dynamixel_interfaces/lib:${LD_LIBRARY_PATH} PYTHONPATH=/home/thibaut/Documents/bimanual_mocap/bimanual_ws/install/dynamixel_interfaces/lib/python3.12/site-packages:${PYTHONPATH} /usr/bin/cmake /home/thibaut/Documents/bimanual_mocap/bimanual_ws/src/dynamixel_hardware_interface -DAMENT_CMAKE_SYMLINK_INSTALL=1 -DCMAKE_INSTALL_PREFIX=/home/thibaut/Documents/bimanual_mocap/bimanual_ws/install/dynamixel_hardware_interface
[1.247s] Invoking command in '/home/thibaut/Documents/bimanual_mocap/bimanual_ws/build/dynamixel_hardware_interface': AMENT_PREFIX_PATH=/home/thibaut/Documents/bimanual_mocap/bimanual_ws/install/dynamixel_interfaces:${AMENT_PREFIX_PATH} CMAKE_PREFIX_PATH=/home/thibaut/Documents/bimanual_mocap/bimanual_ws/install/dynamixel_interfaces:/opt/ros/jazzy/opt/gz_sim_vendor:/opt/ros/jazzy/opt/gz_sensors_vendor:/opt/ros/jazzy/opt/gz_physics_vendor:/opt/ros/jazzy/opt/sdformat_vendor:/opt/ros/jazzy/opt/gz_gui_vendor:/opt/ros/jazzy/opt/gz_transport_vendor:/opt/ros/jazzy/opt/gz_rendering_vendor:/opt/ros/jazzy/opt/gz_plugin_vendor:/opt/ros/jazzy/opt/gz_fuel_tools_vendor:/opt/ros/jazzy/opt/gz_msgs_vendor:/opt/ros/jazzy/opt/gz_common_vendor:/opt/ros/jazzy/opt/gz_math_vendor:/opt/ros/jazzy/opt/gz_utils_vendor:/opt/ros/jazzy/opt/gz_tools_vendor:/opt/ros/jazzy/opt/gz_ogre_next_vendor:/opt/ros/jazzy/opt/gz_dartsim_vendor:/opt/ros/jazzy/opt/gz_cmake_vendor:/opt/ros/jazzy DEBUGINFOD_URLS=https://debuginfod.ubuntu.com LD_LIBRARY_PATH=/home/thibaut/Documents/bimanual_mocap/bimanual_ws/install/dynamixel_interfaces/lib:${LD_LIBRARY_PATH} PYTHONPATH=/home/thibaut/Documents/bimanual_mocap/bimanual_ws/install/dynamixel_interfaces/lib/python3.12/site-packages:${PYTHONPATH} /usr/bin/cmake --build /home/thibaut/Documents/bimanual_mocap/bimanual_ws/build/dynamixel_hardware_interface -- -j6 -l6
[1.273s] [ 75%] [32mBuilding CXX object CMakeFiles/dynamixel_hardware_interface.dir/src/dynamixel/dynamixel.cpp.o[0m
[1.273s] [ 75%] [32mBuilding CXX object CMakeFiles/dynamixel_hardware_interface.dir/src/dynamixel/dynamixel_info.cpp.o[0m
[1.273s] [ 75%] [32mBuilding CXX object CMakeFiles/dynamixel_hardware_interface.dir/src/dynamixel_hardware_interface.cpp.o[0m
[3.666s] [01m[K/home/thibaut/Documents/bimanual_mocap/bimanual_ws/src/dynamixel_hardware_interface/src/dynamixel_hardware_interface.cpp:[m[K In member function ‘[01m[Kvirtual hardware_interface::CallbackReturn dynamixel_hardware_interface::DynamixelHardware::[01;32m[Kon_init[m[K(const hardware_interface::HardwareInfo&)[m[K’:
[3.667s] [01m[K/home/thibaut/Documents/bimanual_mocap/bimanual_ws/src/dynamixel_hardware_interface/src/dynamixel_hardware_interface.cpp:61:51:[m[K [01;35m[Kwarning: [m[K‘[01m[Kvirtual rclcpp_lifecycle::node_interfaces::LifecycleNodeInterface::CallbackReturn hardware_interface::SystemInterface::[01;32m[Kon_init[m[K(const hardware_interface::HardwareInfo&)[m[K’ is deprecated: Use on_init(const HardwareComponentInterfaceParams & params) instead. [[01;35m[K]8;;https://gcc.gnu.org/onlinedocs/gcc/Warning-Options.html#index-Wdeprecated-declarations-Wdeprecated-declarations]8;;[m[K]
[3.667s]    61 |   if ([01;35m[Khardware_interface::SystemInterface::on_init(info)[m[K !=
[3.667s]       |       [01;35m[K~~~~~~~~~~~~~~~~~~~~~~~~~~~~~~~~~~~~~~~~~~~~^~~~~~[m[K
[3.667s] In file included from [01m[K/home/thibaut/Documents/bimanual_mocap/bimanual_ws/src/dynamixel_hardware_interface/include/dynamixel_hardware_interface/dynamixel_hardware_interface.hpp:32[m[K,
[3.667s]                  from [01m[K/home/thibaut/Documents/bimanual_mocap/bimanual_ws/src/dynamixel_hardware_interface/src/dynamixel_hardware_interface.cpp:17[m[K:
[3.667s] [01m[K/opt/ros/jazzy/include/hardware_interface/hardware_interface/system_interface.hpp:243:26:[m[K [01;36m[Knote: [m[Kdeclared here
[3.667s]   243 |   virtual CallbackReturn [01;36m[Kon_init[m[K(const HardwareInfo & hardware_info)
[3.667s]       |                          [01;36m[K^~~~~~~[m[K
[25.939s] [100%] [32m[1mLinking CXX shared library libdynamixel_hardware_interface.so[0m
[26.567s] [100%] Built target dynamixel_hardware_interface
[26.581s] Invoked command in '/home/thibaut/Documents/bimanual_mocap/bimanual_ws/build/dynamixel_hardware_interface' returned '0': AMENT_PREFIX_PATH=/home/thibaut/Documents/bimanual_mocap/bimanual_ws/install/dynamixel_interfaces:${AMENT_PREFIX_PATH} CMAKE_PREFIX_PATH=/home/thibaut/Documents/bimanual_mocap/bimanual_ws/install/dynamixel_interfaces:/opt/ros/jazzy/opt/gz_sim_vendor:/opt/ros/jazzy/opt/gz_sensors_vendor:/opt/ros/jazzy/opt/gz_physics_vendor:/opt/ros/jazzy/opt/sdformat_vendor:/opt/ros/jazzy/opt/gz_gui_vendor:/opt/ros/jazzy/opt/gz_transport_vendor:/opt/ros/jazzy/opt/gz_rendering_vendor:/opt/ros/jazzy/opt/gz_plugin_vendor:/opt/ros/jazzy/opt/gz_fuel_tools_vendor:/opt/ros/jazzy/opt/gz_msgs_vendor:/opt/ros/jazzy/opt/gz_common_vendor:/opt/ros/jazzy/opt/gz_math_vendor:/opt/ros/jazzy/opt/gz_utils_vendor:/opt/ros/jazzy/opt/gz_tools_vendor:/opt/ros/jazzy/opt/gz_ogre_next_vendor:/opt/ros/jazzy/opt/gz_dartsim_vendor:/opt/ros/jazzy/opt/gz_cmake_vendor:/opt/ros/jazzy DEBUGINFOD_URLS=https://debuginfod.ubuntu.com LD_LIBRARY_PATH=/home/thibaut/Documents/bimanual_mocap/bimanual_ws/install/dynamixel_interfaces/lib:${LD_LIBRARY_PATH} PYTHONPATH=/home/thibaut/Documents/bimanual_mocap/bimanual_ws/install/dynamixel_interfaces/lib/python3.12/site-packages:${PYTHONPATH} /usr/bin/cmake --build /home/thibaut/Documents/bimanual_mocap/bimanual_ws/build/dynamixel_hardware_interface -- -j6 -l6
[26.584s] Invoking command in '/home/thibaut/Documents/bimanual_mocap/bimanual_ws/build/dynamixel_hardware_interface': AMENT_PREFIX_PATH=/home/thibaut/Documents/bimanual_mocap/bimanual_ws/install/dynamixel_interfaces:${AMENT_PREFIX_PATH} CMAKE_PREFIX_PATH=/home/thibaut/Documents/bimanual_mocap/bimanual_ws/install/dynamixel_interfaces:/opt/ros/jazzy/opt/gz_sim_vendor:/opt/ros/jazzy/opt/gz_sensors_vendor:/opt/ros/jazzy/opt/gz_physics_vendor:/opt/ros/jazzy/opt/sdformat_vendor:/opt/ros/jazzy/opt/gz_gui_vendor:/opt/ros/jazzy/opt/gz_transport_vendor:/opt/ros/jazzy/opt/gz_rendering_vendor:/opt/ros/jazzy/opt/gz_plugin_vendor:/opt/ros/jazzy/opt/gz_fuel_tools_vendor:/opt/ros/jazzy/opt/gz_msgs_vendor:/opt/ros/jazzy/opt/gz_common_vendor:/opt/ros/jazzy/opt/gz_math_vendor:/opt/ros/jazzy/opt/gz_utils_vendor:/opt/ros/jazzy/opt/gz_tools_vendor:/opt/ros/jazzy/opt/gz_ogre_next_vendor:/opt/ros/jazzy/opt/gz_dartsim_vendor:/opt/ros/jazzy/opt/gz_cmake_vendor:/opt/ros/jazzy DEBUGINFOD_URLS=https://debuginfod.ubuntu.com LD_LIBRARY_PATH=/home/thibaut/Documents/bimanual_mocap/bimanual_ws/install/dynamixel_interfaces/lib:${LD_LIBRARY_PATH} PYTHONPATH=/home/thibaut/Documents/bimanual_mocap/bimanual_ws/install/dynamixel_interfaces/lib/python3.12/site-packages:${PYTHONPATH} /usr/bin/cmake --install /home/thibaut/Documents/bimanual_mocap/bimanual_ws/build/dynamixel_hardware_interface
[26.590s] -- Install configuration: ""
[26.591s] -- Execute custom install script
[26.591s] -- Symlinking: /home/thibaut/Documents/bimanual_mocap/bimanual_ws/install/dynamixel_hardware_interface/share/dynamixel_hardware_interface//dynamixel_hardware_interface_plugin.xml
[26.597s] -- Symlinking: /home/thibaut/Documents/bimanual_mocap/bimanual_ws/install/dynamixel_hardware_interface/include/dynamixel_hardware_interface/dynamixel/dynamixel.hpp
[26.601s] -- Symlinking: /home/thibaut/Documents/bimanual_mocap/bimanual_ws/install/dynamixel_hardware_interface/include/dynamixel_hardware_interface/dynamixel/dynamixel_info.hpp
[26.606s] -- Symlinking: /home/thibaut/Documents/bimanual_mocap/bimanual_ws/install/dynamixel_hardware_interface/include/dynamixel_hardware_interface/dynamixel_hardware_interface.hpp
[26.611s] -- Symlinking: /home/thibaut/Documents/bimanual_mocap/bimanual_ws/install/dynamixel_hardware_interface/include/dynamixel_hardware_interface/visibility_control.h
[26.616s] -- Symlinking: /home/thibaut/Documents/bimanual_mocap/bimanual_ws/install/dynamixel_hardware_interface/lib/dynamixel_hardware_interface//create_udev_rules
[26.621s] -- Symlinking: /home/thibaut/Documents/bimanual_mocap/bimanual_ws/install/dynamixel_hardware_interface/share/dynamixel_hardware_interface//scripts/99-manipulator-cdc.rules
[26.625s] -- Symlinking: /home/thibaut/Documents/bimanual_mocap/bimanual_ws/install/dynamixel_hardware_interface/share/dynamixel_hardware_interface//scripts/check_model_file_formatting.py
[26.629s] -- Symlinking: /home/thibaut/Documents/bimanual_mocap/bimanual_ws/install/dynamixel_hardware_interface/share/dynamixel_hardware_interface//scripts/cluster_model_files.py
[26.633s] -- Symlinking: /home/thibaut/Documents/bimanual_mocap/bimanual_ws/install/dynamixel_hardware_interface/share/dynamixel_hardware_interface//scripts/create_udev_rules
[26.637s] -- Symlinking: /home/thibaut/Documents/bimanual_mocap/bimanual_ws/install/dynamixel_hardware_interface/share/dynamixel_hardware_interface/param/dxl_model/2xc430_w250.model
[26.641s] -- Symlinking: /home/thibaut/Documents/bimanual_mocap/bimanual_ws/install/dynamixel_hardware_interface/share/dynamixel_hardware_interface/param/dxl_model/2xl430_w250.model
[26.646s] -- Symlinking: /home/thibaut/Documents/bimanual_mocap/bimanual_ws/install/dynamixel_hardware_interface/share/dynamixel_hardware_interface/param/dxl_model/dynamixel.model
[26.649s] -- Symlinking: /home/thibaut/Documents/bimanual_mocap/bimanual_ws/install/dynamixel_hardware_interface/share/dynamixel_hardware_interface/param/dxl_model/ffw_g10_led.model
[26.654s] -- Symlinking: /home/thibaut/Documents/bimanual_mocap/bimanual_ws/install/dynamixel_hardware_interface/share/dynamixel_hardware_interface/param/dxl_model/ffw_g10_rcu.model
[26.657s] -- Symlinking: /home/thibaut/Documents/bimanual_mocap/bimanual_ws/install/dynamixel_hardware_interface/share/dynamixel_hardware_interface/param/dxl_model/ffw_g40_imu.model
[26.661s] -- Symlinking: /home/thibaut/Documents/bimanual_mocap/bimanual_ws/install/dynamixel_hardware_interface/share/dynamixel_hardware_interface/param/dxl_model/ffw_sg2_drive_1.model
[26.667s] -- Symlinking: /home/thibaut/Documents/bimanual_mocap/bimanual_ws/install/dynamixel_hardware_interface/share/dynamixel_hardware_interface/param/dxl_model/ffw_sg2_drive_2.model
[26.673s] -- Symlinking: /home/thibaut/Documents/bimanual_mocap/bimanual_ws/install/dynamixel_hardware_interface/share/dynamixel_hardware_interface/param/dxl_model/ffw_sg2_drive_3.model
[26.677s] -- Symlinking: /home/thibaut/Documents/bimanual_mocap/bimanual_ws/install/dynamixel_hardware_interface/share/dynamixel_hardware_interface/param/dxl_model/ffw_sg2_steer_1.model
[26.681s] -- Symlinking: /home/thibaut/Documents/bimanual_mocap/bimanual_ws/install/dynamixel_hardware_interface/share/dynamixel_hardware_interface/param/dxl_model/ffw_sg2_steer_2.model
[26.685s] -- Symlinking: /home/thibaut/Documents/bimanual_mocap/bimanual_ws/install/dynamixel_hardware_interface/share/dynamixel_hardware_interface/param/dxl_model/ffw_sg2_steer_3.model
[26.690s] -- Symlinking: /home/thibaut/Documents/bimanual_mocap/bimanual_ws/install/dynamixel_hardware_interface/share/dynamixel_hardware_interface/param/dxl_model/h42_20_s300_r.model
[26.693s] -- Symlinking: /home/thibaut/Documents/bimanual_mocap/bimanual_ws/install/dynamixel_hardware_interface/share/dynamixel_hardware_interface/param/dxl_model/h42_20_s300_ra.model
[26.697s] -- Symlinking: /home/thibaut/Documents/bimanual_mocap/bimanual_ws/install/dynamixel_hardware_interface/share/dynamixel_hardware_interface/param/dxl_model/h54_100_s500_r.model
[26.702s] -- Symlinking: /home/thibaut/Documents/bimanual_mocap/bimanual_ws/install/dynamixel_hardware_interface/share/dynamixel_hardware_interface/param/dxl_model/h54_100_s500_ra.model
[26.706s] -- Symlinking: /home/thibaut/Documents/bimanual_mocap/bimanual_ws/install/dynamixel_hardware_interface/share/dynamixel_hardware_interface/param/dxl_model/h54_200_s500_r.model
[26.710s] -- Symlinking: /home/thibaut/Documents/bimanual_mocap/bimanual_ws/install/dynamixel_hardware_interface/share/dynamixel_hardware_interface/param/dxl_model/h54_200_s500_ra.model
[26.713s] -- Symlinking: /home/thibaut/Documents/bimanual_mocap/bimanual_ws/install/dynamixel_hardware_interface/share/dynamixel_hardware_interface/param/dxl_model/m42_10_s260_ra.model
[26.717s] -- Symlinking: /home/thibaut/Documents/bimanual_mocap/bimanual_ws/install/dynamixel_hardware_interface/share/dynamixel_hardware_interface/param/dxl_model/m54_40_s250_ra.model
[26.721s] -- Symlinking: /home/thibaut/Documents/bimanual_mocap/bimanual_ws/install/dynamixel_hardware_interface/share/dynamixel_hardware_interface/param/dxl_model/m54_60_s250_ra.model
[26.726s] -- Symlinking: /home/thibaut/Documents/bimanual_mocap/bimanual_ws/install/dynamixel_hardware_interface/share/dynamixel_hardware_interface/param/dxl_model/mx_106.model
[26.729s] -- Symlinking: /home/thibaut/Documents/bimanual_mocap/bimanual_ws/install/dynamixel_hardware_interface/share/dynamixel_hardware_interface/param/dxl_model/mx_28.model
[26.733s] -- Symlinking: /home/thibaut/Documents/bimanual_mocap/bimanual_ws/install/dynamixel_hardware_interface/share/dynamixel_hardware_interface/param/dxl_model/mx_64.model
[26.737s] -- Symlinking: /home/thibaut/Documents/bimanual_mocap/bimanual_ws/install/dynamixel_hardware_interface/share/dynamixel_hardware_interface/param/dxl_model/omy_end.model
[26.740s] -- Symlinking: /home/thibaut/Documents/bimanual_mocap/bimanual_ws/install/dynamixel_hardware_interface/share/dynamixel_hardware_interface/param/dxl_model/omy_end_rh_p12_rn.model
[26.745s] -- Symlinking: /home/thibaut/Documents/bimanual_mocap/bimanual_ws/install/dynamixel_hardware_interface/share/dynamixel_hardware_interface/param/dxl_model/omy_hat.model
[26.749s] -- Symlinking: /home/thibaut/Documents/bimanual_mocap/bimanual_ws/install/dynamixel_hardware_interface/share/dynamixel_hardware_interface/param/dxl_model/ph42_020_s300.model
[26.752s] -- Symlinking: /home/thibaut/Documents/bimanual_mocap/bimanual_ws/install/dynamixel_hardware_interface/share/dynamixel_hardware_interface/param/dxl_model/ph54_100_s500.model
[26.756s] -- Symlinking: /home/thibaut/Documents/bimanual_mocap/bimanual_ws/install/dynamixel_hardware_interface/share/dynamixel_hardware_interface/param/dxl_model/ph54_200_s500.model
[26.760s] -- Symlinking: /home/thibaut/Documents/bimanual_mocap/bimanual_ws/install/dynamixel_hardware_interface/share/dynamixel_hardware_interface/param/dxl_model/pm42_010_s260.model
[26.763s] -- Symlinking: /home/thibaut/Documents/bimanual_mocap/bimanual_ws/install/dynamixel_hardware_interface/share/dynamixel_hardware_interface/param/dxl_model/pm54_040_s250.model
[26.767s] -- Symlinking: /home/thibaut/Documents/bimanual_mocap/bimanual_ws/install/dynamixel_hardware_interface/share/dynamixel_hardware_interface/param/dxl_model/pm54_060_s250.model
[26.771s] -- Symlinking: /home/thibaut/Documents/bimanual_mocap/bimanual_ws/install/dynamixel_hardware_interface/share/dynamixel_hardware_interface/param/dxl_model/rh_p12_rn.model
[26.775s] -- Symlinking: /home/thibaut/Documents/bimanual_mocap/bimanual_ws/install/dynamixel_hardware_interface/share/dynamixel_hardware_interface/param/dxl_model/sensorxel_joy.model
[26.778s] -- Symlinking: /home/thibaut/Documents/bimanual_mocap/bimanual_ws/install/dynamixel_hardware_interface/share/dynamixel_hardware_interface/param/dxl_model/xc330_m181.model
[26.782s] -- Symlinking: /home/thibaut/Documents/bimanual_mocap/bimanual_ws/install/dynamixel_hardware_interface/share/dynamixel_hardware_interface/param/dxl_model/xc330_m181_fw52.model
[26.785s] -- Symlinking: /home/thibaut/Documents/bimanual_mocap/bimanual_ws/install/dynamixel_hardware_interface/share/dynamixel_hardware_interface/param/dxl_model/xc330_m288.model
[26.789s] -- Symlinking: /home/thibaut/Documents/bimanual_mocap/bimanual_ws/install/dynamixel_hardware_interface/share/dynamixel_hardware_interface/param/dxl_model/xc330_m288_fw52.model
[26.792s] -- Symlinking: /home/thibaut/Documents/bimanual_mocap/bimanual_ws/install/dynamixel_hardware_interface/share/dynamixel_hardware_interface/param/dxl_model/xc330_t181.model
[26.796s] -- Symlinking: /home/thibaut/Documents/bimanual_mocap/bimanual_ws/install/dynamixel_hardware_interface/share/dynamixel_hardware_interface/param/dxl_model/xc330_t181_fw52.model
[26.800s] -- Symlinking: /home/thibaut/Documents/bimanual_mocap/bimanual_ws/install/dynamixel_hardware_interface/share/dynamixel_hardware_interface/param/dxl_model/xc330_t288.model
[26.806s] -- Symlinking: /home/thibaut/Documents/bimanual_mocap/bimanual_ws/install/dynamixel_hardware_interface/share/dynamixel_hardware_interface/param/dxl_model/xc330_t288_fw52.model
[26.812s] -- Symlinking: /home/thibaut/Documents/bimanual_mocap/bimanual_ws/install/dynamixel_hardware_interface/share/dynamixel_hardware_interface/param/dxl_model/xc430_w150.model
[26.817s] -- Symlinking: /home/thibaut/Documents/bimanual_mocap/bimanual_ws/install/dynamixel_hardware_interface/share/dynamixel_hardware_interface/param/dxl_model/xc430_w240.model
[26.821s] -- Symlinking: /home/thibaut/Documents/bimanual_mocap/bimanual_ws/install/dynamixel_hardware_interface/share/dynamixel_hardware_interface/param/dxl_model/xd430_t210.model
[26.826s] -- Symlinking: /home/thibaut/Documents/bimanual_mocap/bimanual_ws/install/dynamixel_hardware_interface/share/dynamixel_hardware_interface/param/dxl_model/xd430_t350.model
[26.830s] -- Symlinking: /home/thibaut/Documents/bimanual_mocap/bimanual_ws/install/dynamixel_hardware_interface/share/dynamixel_hardware_interface/param/dxl_model/xd540_t150.model
[26.833s] -- Symlinking: /home/thibaut/Documents/bimanual_mocap/bimanual_ws/install/dynamixel_hardware_interface/share/dynamixel_hardware_interface/param/dxl_model/xd540_t270.model
[26.837s] -- Symlinking: /home/thibaut/Documents/bimanual_mocap/bimanual_ws/install/dynamixel_hardware_interface/share/dynamixel_hardware_interface/param/dxl_model/xh430_v210.model
[26.841s] -- Symlinking: /home/thibaut/Documents/bimanual_mocap/bimanual_ws/install/dynamixel_hardware_interface/share/dynamixel_hardware_interface/param/dxl_model/xh430_v350.model
[26.847s] -- Symlinking: /home/thibaut/Documents/bimanual_mocap/bimanual_ws/install/dynamixel_hardware_interface/share/dynamixel_hardware_interface/param/dxl_model/xh430_w210.model
[26.852s] -- Symlinking: /home/thibaut/Documents/bimanual_mocap/bimanual_ws/install/dynamixel_hardware_interface/share/dynamixel_hardware_interface/param/dxl_model/xh430_w350.model
[26.856s] -- Symlinking: /home/thibaut/Documents/bimanual_mocap/bimanual_ws/install/dynamixel_hardware_interface/share/dynamixel_hardware_interface/param/dxl_model/xh540_v150.model
[26.859s] -- Symlinking: /home/thibaut/Documents/bimanual_mocap/bimanual_ws/install/dynamixel_hardware_interface/share/dynamixel_hardware_interface/param/dxl_model/xh540_v270.model
[26.863s] -- Symlinking: /home/thibaut/Documents/bimanual_mocap/bimanual_ws/install/dynamixel_hardware_interface/share/dynamixel_hardware_interface/param/dxl_model/xh540_w150.model
[26.866s] -- Symlinking: /home/thibaut/Documents/bimanual_mocap/bimanual_ws/install/dynamixel_hardware_interface/share/dynamixel_hardware_interface/param/dxl_model/xh540_w270.model
[26.870s] -- Symlinking: /home/thibaut/Documents/bimanual_mocap/bimanual_ws/install/dynamixel_hardware_interface/share/dynamixel_hardware_interface/param/dxl_model/xl320.model
[26.874s] -- Symlinking: /home/thibaut/Documents/bimanual_mocap/bimanual_ws/install/dynamixel_hardware_interface/share/dynamixel_hardware_interface/param/dxl_model/xl330_m077.model
[26.878s] -- Symlinking: /home/thibaut/Documents/bimanual_mocap/bimanual_ws/install/dynamixel_hardware_interface/share/dynamixel_hardware_interface/param/dxl_model/xl330_m077_fw52.model
[26.881s] -- Symlinking: /home/thibaut/Documents/bimanual_mocap/bimanual_ws/install/dynamixel_hardware_interface/share/dynamixel_hardware_interface/param/dxl_model/xl330_m288.model
[26.885s] -- Symlinking: /home/thibaut/Documents/bimanual_mocap/bimanual_ws/install/dynamixel_hardware_interface/share/dynamixel_hardware_interface/param/dxl_model/xl330_m288_fw52.model
[26.888s] -- Symlinking: /home/thibaut/Documents/bimanual_mocap/bimanual_ws/install/dynamixel_hardware_interface/share/dynamixel_hardware_interface/param/dxl_model/xl430_w250.model
[26.892s] -- Symlinking: /home/thibaut/Documents/bimanual_mocap/bimanual_ws/install/dynamixel_hardware_interface/share/dynamixel_hardware_interface/param/dxl_model/xm430_w210.model
[26.895s] -- Symlinking: /home/thibaut/Documents/bimanual_mocap/bimanual_ws/install/dynamixel_hardware_interface/share/dynamixel_hardware_interface/param/dxl_model/xm430_w350.model
[26.899s] -- Symlinking: /home/thibaut/Documents/bimanual_mocap/bimanual_ws/install/dynamixel_hardware_interface/share/dynamixel_hardware_interface/param/dxl_model/xm540_w150.model
[26.903s] -- Symlinking: /home/thibaut/Documents/bimanual_mocap/bimanual_ws/install/dynamixel_hardware_interface/share/dynamixel_hardware_interface/param/dxl_model/xm540_w270.model
[26.906s] -- Symlinking: /home/thibaut/Documents/bimanual_mocap/bimanual_ws/install/dynamixel_hardware_interface/share/dynamixel_hardware_interface/param/dxl_model/xw430_t200.model
[26.910s] -- Symlinking: /home/thibaut/Documents/bimanual_mocap/bimanual_ws/install/dynamixel_hardware_interface/share/dynamixel_hardware_interface/param/dxl_model/xw430_t333.model
[26.914s] -- Symlinking: /home/thibaut/Documents/bimanual_mocap/bimanual_ws/install/dynamixel_hardware_interface/share/dynamixel_hardware_interface/param/dxl_model/xw540_h260.model
[26.917s] -- Symlinking: /home/thibaut/Documents/bimanual_mocap/bimanual_ws/install/dynamixel_hardware_interface/share/dynamixel_hardware_interface/param/dxl_model/xw540_t140.model
[26.921s] -- Symlinking: /home/thibaut/Documents/bimanual_mocap/bimanual_ws/install/dynamixel_hardware_interface/share/dynamixel_hardware_interface/param/dxl_model/xw540_t260.model
[26.925s] -- Symlinking: /home/thibaut/Documents/bimanual_mocap/bimanual_ws/install/dynamixel_hardware_interface/share/dynamixel_hardware_interface/param/dxl_model/ym070_210_a051.model
[26.929s] -- Symlinking: /home/thibaut/Documents/bimanual_mocap/bimanual_ws/install/dynamixel_hardware_interface/share/dynamixel_hardware_interface/param/dxl_model/ym070_210_a099.model
[26.932s] -- Symlinking: /home/thibaut/Documents/bimanual_mocap/bimanual_ws/install/dynamixel_hardware_interface/share/dynamixel_hardware_interface/param/dxl_model/ym070_210_b001.model
[26.936s] -- Symlinking: /home/thibaut/Documents/bimanual_mocap/bimanual_ws/install/dynamixel_hardware_interface/share/dynamixel_hardware_interface/param/dxl_model/ym070_210_m001.model
[26.939s] -- Symlinking: /home/thibaut/Documents/bimanual_mocap/bimanual_ws/install/dynamixel_hardware_interface/share/dynamixel_hardware_interface/param/dxl_model/ym070_210_r051.model
[26.944s] -- Symlinking: /home/thibaut/Documents/bimanual_mocap/bimanual_ws/install/dynamixel_hardware_interface/share/dynamixel_hardware_interface/param/dxl_model/ym070_210_r099.model
[26.948s] -- Symlinking: /home/thibaut/Documents/bimanual_mocap/bimanual_ws/install/dynamixel_hardware_interface/share/dynamixel_hardware_interface/param/dxl_model/ym080_230_a051.model
[26.952s] -- Symlinking: /home/thibaut/Documents/bimanual_mocap/bimanual_ws/install/dynamixel_hardware_interface/share/dynamixel_hardware_interface/param/dxl_model/ym080_230_a099.model
[26.955s] -- Symlinking: /home/thibaut/Documents/bimanual_mocap/bimanual_ws/install/dynamixel_hardware_interface/share/dynamixel_hardware_interface/param/dxl_model/ym080_230_b001.model
[26.959s] -- Symlinking: /home/thibaut/Documents/bimanual_mocap/bimanual_ws/install/dynamixel_hardware_interface/share/dynamixel_hardware_interface/param/dxl_model/ym080_230_m001.model
[26.963s] -- Symlinking: /home/thibaut/Documents/bimanual_mocap/bimanual_ws/install/dynamixel_hardware_interface/share/dynamixel_hardware_interface/param/dxl_model/ym080_230_r051.model
[26.966s] -- Symlinking: /home/thibaut/Documents/bimanual_mocap/bimanual_ws/install/dynamixel_hardware_interface/share/dynamixel_hardware_interface/param/dxl_model/ym080_230_r099.model
[26.970s] -- Symlinking: /home/thibaut/Documents/bimanual_mocap/bimanual_ws/install/dynamixel_hardware_interface/share/dynamixel_hardware_interface/environment/library_path.sh
[26.973s] -- Symlinking: /home/thibaut/Documents/bimanual_mocap/bimanual_ws/install/dynamixel_hardware_interface/share/dynamixel_hardware_interface/environment/library_path.dsv
[26.977s] -- Symlinking: /home/thibaut/Documents/bimanual_mocap/bimanual_ws/install/dynamixel_hardware_interface/share/ament_index/resource_index/package_run_dependencies/dynamixel_hardware_interface
[26.981s] -- Symlinking: /home/thibaut/Documents/bimanual_mocap/bimanual_ws/install/dynamixel_hardware_interface/share/ament_index/resource_index/parent_prefix_path/dynamixel_hardware_interface
[26.984s] -- Symlinking: /home/thibaut/Documents/bimanual_mocap/bimanual_ws/install/dynamixel_hardware_interface/share/dynamixel_hardware_interface/environment/ament_prefix_path.sh
[26.989s] -- Symlinking: /home/thibaut/Documents/bimanual_mocap/bimanual_ws/install/dynamixel_hardware_interface/share/dynamixel_hardware_interface/environment/ament_prefix_path.dsv
[26.993s] -- Symlinking: /home/thibaut/Documents/bimanual_mocap/bimanual_ws/install/dynamixel_hardware_interface/share/dynamixel_hardware_interface/environment/path.sh
[26.997s] -- Symlinking: /home/thibaut/Documents/bimanual_mocap/bimanual_ws/install/dynamixel_hardware_interface/share/dynamixel_hardware_interface/environment/path.dsv
[27.002s] -- Symlinking: /home/thibaut/Documents/bimanual_mocap/bimanual_ws/install/dynamixel_hardware_interface/share/dynamixel_hardware_interface/local_setup.bash
[27.005s] -- Symlinking: /home/thibaut/Documents/bimanual_mocap/bimanual_ws/install/dynamixel_hardware_interface/share/dynamixel_hardware_interface/local_setup.sh
[27.009s] -- Symlinking: /home/thibaut/Documents/bimanual_mocap/bimanual_ws/install/dynamixel_hardware_interface/share/dynamixel_hardware_interface/local_setup.zsh
[27.013s] -- Symlinking: /home/thibaut/Documents/bimanual_mocap/bimanual_ws/install/dynamixel_hardware_interface/share/dynamixel_hardware_interface/local_setup.dsv
[27.016s] -- Symlinking: /home/thibaut/Documents/bimanual_mocap/bimanual_ws/install/dynamixel_hardware_interface/share/dynamixel_hardware_interface/package.dsv
[27.020s] -- Symlinking: /home/thibaut/Documents/bimanual_mocap/bimanual_ws/install/dynamixel_hardware_interface/share/ament_index/resource_index/packages/dynamixel_hardware_interface
[27.024s] -- Symlinking: /home/thibaut/Documents/bimanual_mocap/bimanual_ws/install/dynamixel_hardware_interface/share/ament_index/resource_index/hardware_interface__pluginlib__plugin/dynamixel_hardware_interface
[27.028s] -- Symlinking: /home/thibaut/Documents/bimanual_mocap/bimanual_ws/install/dynamixel_hardware_interface/share/dynamixel_hardware_interface/cmake/ament_cmake_export_include_directories-extras.cmake
[27.031s] -- Symlinking: /home/thibaut/Documents/bimanual_mocap/bimanual_ws/install/dynamixel_hardware_interface/share/dynamixel_hardware_interface/cmake/ament_cmake_export_libraries-extras.cmake
[27.035s] -- Symlinking: /home/thibaut/Documents/bimanual_mocap/bimanual_ws/install/dynamixel_hardware_interface/share/dynamixel_hardware_interface/cmake/ament_cmake_export_targets-extras.cmake
[27.038s] -- Symlinking: /home/thibaut/Documents/bimanual_mocap/bimanual_ws/install/dynamixel_hardware_interface/share/dynamixel_hardware_interface/cmake/ament_cmake_export_dependencies-extras.cmake
[27.042s] -- Symlinking: /home/thibaut/Documents/bimanual_mocap/bimanual_ws/install/dynamixel_hardware_interface/share/dynamixel_hardware_interface/cmake/dynamixel_hardware_interfaceConfig.cmake
[27.047s] -- Symlinking: /home/thibaut/Documents/bimanual_mocap/bimanual_ws/install/dynamixel_hardware_interface/share/dynamixel_hardware_interface/cmake/dynamixel_hardware_interfaceConfig-version.cmake
[27.052s] -- Symlinking: /home/thibaut/Documents/bimanual_mocap/bimanual_ws/install/dynamixel_hardware_interface/share/dynamixel_hardware_interface/package.xml
[27.057s] -- Installing: /home/thibaut/Documents/bimanual_mocap/bimanual_ws/install/dynamixel_hardware_interface/lib/libdynamixel_hardware_interface.so
[27.060s] -- Set non-toolchain portion of runtime path of "/home/thibaut/Documents/bimanual_mocap/bimanual_ws/install/dynamixel_hardware_interface/lib/libdynamixel_hardware_interface.so" to ""
[27.061s] -- Installing: /home/thibaut/Documents/bimanual_mocap/bimanual_ws/install/dynamixel_hardware_interface/share/dynamixel_hardware_interface/cmake/export_dynamixel_hardware_interfaceExport.cmake
[27.061s] -- Installing: /home/thibaut/Documents/bimanual_mocap/bimanual_ws/install/dynamixel_hardware_interface/share/dynamixel_hardware_interface/cmake/export_dynamixel_hardware_interfaceExport-noconfig.cmake
[27.063s] Invoked command in '/home/thibaut/Documents/bimanual_mocap/bimanual_ws/build/dynamixel_hardware_interface' returned '0': AMENT_PREFIX_PATH=/home/thibaut/Documents/bimanual_mocap/bimanual_ws/install/dynamixel_interfaces:${AMENT_PREFIX_PATH} CMAKE_PREFIX_PATH=/home/thibaut/Documents/bimanual_mocap/bimanual_ws/install/dynamixel_interfaces:/opt/ros/jazzy/opt/gz_sim_vendor:/opt/ros/jazzy/opt/gz_sensors_vendor:/opt/ros/jazzy/opt/gz_physics_vendor:/opt/ros/jazzy/opt/sdformat_vendor:/opt/ros/jazzy/opt/gz_gui_vendor:/opt/ros/jazzy/opt/gz_transport_vendor:/opt/ros/jazzy/opt/gz_rendering_vendor:/opt/ros/jazzy/opt/gz_plugin_vendor:/opt/ros/jazzy/opt/gz_fuel_tools_vendor:/opt/ros/jazzy/opt/gz_msgs_vendor:/opt/ros/jazzy/opt/gz_common_vendor:/opt/ros/jazzy/opt/gz_math_vendor:/opt/ros/jazzy/opt/gz_utils_vendor:/opt/ros/jazzy/opt/gz_tools_vendor:/opt/ros/jazzy/opt/gz_ogre_next_vendor:/opt/ros/jazzy/opt/gz_dartsim_vendor:/opt/ros/jazzy/opt/gz_cmake_vendor:/opt/ros/jazzy DEBUGINFOD_URLS=https://debuginfod.ubuntu.com LD_LIBRARY_PATH=/home/thibaut/Documents/bimanual_mocap/bimanual_ws/install/dynamixel_interfaces/lib:${LD_LIBRARY_PATH} PYTHONPATH=/home/thibaut/Documents/bimanual_mocap/bimanual_ws/install/dynamixel_interfaces/lib/python3.12/site-packages:${PYTHONPATH} /usr/bin/cmake --install /home/thibaut/Documents/bimanual_mocap/bimanual_ws/build/dynamixel_hardware_interface
