[0.057s] Invoking command in '/home/asurite.ad.asu.edu/troisin/Documents/bimanual_mocap/bimanual_ws/build/bimanualrobot_gazebo': CMAKE_PREFIX_PATH=${CMAKE_PREFIX_PATH}:/opt/ros/jazzy DEBUGINFOD_URLS=https://debuginfod.ubuntu.com /usr/bin/cmake /home/asurite.ad.asu.edu/troisin/Documents/bimanual_mocap/bimanual_ws/src/bimanualrobot_ros2/bimanualrobot_gazebo -DAMENT_CMAKE_SYMLINK_INSTALL=1 -DCMAKE_INSTALL_PREFIX=/home/asurite.ad.asu.edu/troisin/Documents/bimanual_mocap/bimanual_ws/install/bimanualrobot_gazebo
[0.086s] -- Found ament_cmake: 2.5.4 (/opt/ros/jazzy/share/ament_cmake/cmake)
[0.500s] -- Override CMake install command with custom implementation using symlinks instead of copying resources
[0.522s] -- Found controller_manager: 4.38.0 (/opt/ros/jazzy/share/controller_manager/cmake)
[0.588s] -- Found rosidl_generator_c: 4.6.6 (/opt/ros/jazzy/share/rosidl_generator_c/cmake)
[0.606s] -- Found rosidl_generator_cpp: 4.6.6 (/opt/ros/jazzy/share/rosidl_generator_cpp/cmake)
[0.632s] -- Using all available rosidl_typesupport_c: rosidl_typesupport_fastrtps_c;rosidl_typesupport_introspection_c
[0.663s] -- Using all available rosidl_typesupport_cpp: rosidl_typesupport_fastrtps_cpp;rosidl_typesupport_introspection_cpp
[0.797s] -- Found rmw_implementation_cmake: 7.3.2 (/opt/ros/jazzy/share/rmw_implementation_cmake/cmake)
[0.800s] -- Found rmw_fastrtps_cpp: 8.4.3 (/opt/ros/jazzy/share/rmw_fastrtps_cpp/cmake)
[0.929s] -- Using RMW implementation 'rmw_fastrtps_cpp' as default
[1.729s] -- Found gripper_controllers: 4.33.0 (/opt/ros/jazzy/share/gripper_controllers/cmake)
[1.792s] -- Found eigen3_cmake_module: 0.3.0 (/opt/ros/jazzy/share/eigen3_cmake_module/cmake)
[1.794s] -- Ensuring Eigen3 include directory is part of orocos-kdl CMake target
[1.960s] -- Found gz_ros2_control: 1.2.16 (/opt/ros/jazzy/share/gz_ros2_control/cmake)
[1.977s] -- Found ros_gz: 1.0.16 (/opt/ros/jazzy/share/ros_gz/cmake)
[1.984s] -- Found ros_gz_bridge: 1.0.16 (/opt/ros/jazzy/share/ros_gz_bridge/cmake)
[2.066s] -- Looking for gz-msgs10 -- found version 10.3.2
[2.098s] -- Searching for dependencies of gz-msgs10
[2.189s] -- Found Protobuf: /usr/lib/x86_64-linux-gnu/libprotobuf.so (found version "3.21.12") 
[2.202s] -- Looking for gz-utils2 -- found version 2.2.1
[2.202s] -- Searching for dependencies of gz-utils2
[2.217s] -- Looking for gz-math7 -- found version 7.5.2
[2.217s] -- Searching for dependencies of gz-math7
[2.219s] -- Looking for gz-utils2 -- found version 2.2.1
[2.238s] -- Checking for module 'tinyxml2'
[2.282s] --   Found tinyxml2, version 10.0.0
[2.374s] -- Looking for gz-transport13 -- found version 13.4.1
[2.374s] -- Searching for dependencies of gz-transport13
[2.472s] -- Config-file not installed for ZeroMQ -- checking for pkg-config
[2.480s] -- Checking for module 'libzmq >= 4'
[2.554s] --   Found libzmq, version 4.3.5
[2.705s] -- Found ZeroMQ: TRUE (Required is at least version "4") 
[2.720s] -- Checking for module 'uuid'
[2.754s] --   Found uuid, version 2.39.3
[2.822s] -- Found UUID: TRUE  
[2.823s] -- Looking for gz-utils2 -- found version 2.2.1
[2.824s] -- Searching for dependencies of gz-utils2
[2.824s] -- Searching for <gz-utils2> component [cli]
[2.836s] -- Looking for gz-utils2-cli -- found version 2.2.1
[2.837s] -- Searching for dependencies of gz-utils2-cli
[2.839s] -- Looking for gz-msgs10 -- found version 10.3.2
[3.297s] -- Found ros_gz_image: 1.0.16 (/opt/ros/jazzy/share/ros_gz_image/cmake)
[3.312s] -- Found ros_gz_sim: 1.0.16 (/opt/ros/jazzy/share/ros_gz_sim/cmake)
[3.336s] -- Found ros2_control: 4.38.0 (/opt/ros/jazzy/share/ros2_control/cmake)
[3.350s] -- Found ros2_controllers: 4.33.0 (/opt/ros/jazzy/share/ros2_controllers/cmake)
[3.368s] -- Found xacro: 2.1.1 (/opt/ros/jazzy/share/xacro/cmake)
[3.384s] -- Found ament_lint_auto: 0.17.3 (/opt/ros/jazzy/share/ament_lint_auto/cmake)
[3.615s] -- Added test 'flake8' to check Python code syntax and style conventions
[3.615s] -- Configured 'flake8' exclude dirs and/or files: 
[3.618s] -- Added test 'lint_cmake' to check CMake code style
[3.622s] -- Added test 'pep257' to check Python code against some of the docstring style conventions in PEP 257
[3.625s] -- Added test 'xmllint' to check XML markup files
[3.630s] -- Configuring done (3.6s)
[3.645s] -- Generating done (0.0s)
[3.652s] -- Build files have been written to: /home/asurite.ad.asu.edu/troisin/Documents/bimanual_mocap/bimanual_ws/build/bimanualrobot_gazebo
