[0.091s] Invoking command in '/home/asurite.ad.asu.edu/troisin/Documents/bimanual_mocap/bimanual_ws/build/bimanualrobot_description': CMAKE_PREFIX_PATH=${CMAKE_PREFIX_PATH}:/opt/ros/jazzy DEBUGINFOD_URLS=https://debuginfod.ubuntu.com /usr/bin/cmake --build /home/asurite.ad.asu.edu/troisin/Documents/bimanual_mocap/bimanual_ws/build/bimanualrobot_description -- -j20 -l20
[0.196s] Invoked command in '/home/asurite.ad.asu.edu/troisin/Documents/bimanual_mocap/bimanual_ws/build/bimanualrobot_description' returned '0': CMAKE_PREFIX_PATH=${CMAKE_PREFIX_PATH}:/opt/ros/jazzy DEBUGINFOD_URLS=https://debuginfod.ubuntu.com /usr/bin/cmake --build /home/asurite.ad.asu.edu/troisin/Documents/bimanual_mocap/bimanual_ws/build/bimanualrobot_description -- -j20 -l20
[0.230s] Invoking command in '/home/asurite.ad.asu.edu/troisin/Documents/bimanual_mocap/bimanual_ws/build/bimanualrobot_description': CMAKE_PREFIX_PATH=${CMAKE_PREFIX_PATH}:/opt/ros/jazzy DEBUGINFOD_URLS=https://debuginfod.ubuntu.com /usr/bin/cmake --install /home/asurite.ad.asu.edu/troisin/Documents/bimanual_mocap/bimanual_ws/build/bimanualrobot_description
[0.263s] -- Install configuration: ""
[0.263s] -- Execute custom install script
[0.263s] -- Up-to-date symlink: /home/asurite.ad.asu.edu/troisin/Documents/bimanual_mocap/bimanual_ws/install/bimanualrobot_description/share/bimanualrobot_description/launch/robot_state_publisher.launch.py
[0.264s] -- Up-to-date symlink: /home/asurite.ad.asu.edu/troisin/Documents/bimanual_mocap/bimanual_ws/install/bimanualrobot_description/share/bimanualrobot_description/meshes/collision/drumstick.stl
[0.264s] -- Up-to-date symlink: /home/asurite.ad.asu.edu/troisin/Documents/bimanual_mocap/bimanual_ws/install/bimanualrobot_description/share/bimanualrobot_description/meshes/collision/drumstick_tip.stl
[0.271s] -- Up-to-date symlink: /home/asurite.ad.asu.edu/troisin/Documents/bimanual_mocap/bimanual_ws/install/bimanualrobot_description/share/bimanualrobot_description/meshes/collision/ee_link.stl
[0.273s] -- Up-to-date symlink: /home/asurite.ad.asu.edu/troisin/Documents/bimanual_mocap/bimanual_ws/install/bimanualrobot_description/share/bimanualrobot_description/meshes/collision/finger.dae
[0.273s] -- Up-to-date symlink: /home/asurite.ad.asu.edu/troisin/Documents/bimanual_mocap/bimanual_ws/install/bimanualrobot_description/share/bimanualrobot_description/meshes/collision/finger.stl
[0.273s] -- Up-to-date symlink: /home/asurite.ad.asu.edu/troisin/Documents/bimanual_mocap/bimanual_ws/install/bimanualrobot_description/share/bimanualrobot_description/meshes/collision/link3.dae
[0.274s] -- Up-to-date symlink: /home/asurite.ad.asu.edu/troisin/Documents/bimanual_mocap/bimanual_ws/install/bimanualrobot_description/share/bimanualrobot_description/meshes/collision/link3.stl
[0.274s] -- Up-to-date symlink: /home/asurite.ad.asu.edu/troisin/Documents/bimanual_mocap/bimanual_ws/install/bimanualrobot_description/share/bimanualrobot_description/meshes/collision/link4.dae
[0.277s] -- Up-to-date symlink: /home/asurite.ad.asu.edu/troisin/Documents/bimanual_mocap/bimanual_ws/install/bimanualrobot_description/share/bimanualrobot_description/meshes/collision/link4.stl
[0.278s] -- Up-to-date symlink: /home/asurite.ad.asu.edu/troisin/Documents/bimanual_mocap/bimanual_ws/install/bimanualrobot_description/share/bimanualrobot_description/meshes/collision/link6.dae
[0.280s] -- Up-to-date symlink: /home/asurite.ad.asu.edu/troisin/Documents/bimanual_mocap/bimanual_ws/install/bimanualrobot_description/share/bimanualrobot_description/meshes/collision/link6.stl
[0.281s] -- Up-to-date symlink: /home/asurite.ad.asu.edu/troisin/Documents/bimanual_mocap/bimanual_ws/install/bimanualrobot_description/share/bimanualrobot_description/meshes/collision/stand.dae
[0.283s] -- Up-to-date symlink: /home/asurite.ad.asu.edu/troisin/Documents/bimanual_mocap/bimanual_ws/install/bimanualrobot_description/share/bimanualrobot_description/meshes/collision/stand.stl
[0.286s] -- Up-to-date symlink: /home/asurite.ad.asu.edu/troisin/Documents/bimanual_mocap/bimanual_ws/install/bimanualrobot_description/share/bimanualrobot_description/meshes/visual/drumstick.stl
[0.289s] -- Up-to-date symlink: /home/asurite.ad.asu.edu/troisin/Documents/bimanual_mocap/bimanual_ws/install/bimanualrobot_description/share/bimanualrobot_description/meshes/visual/drumstick_tip.stl
[0.294s] -- Up-to-date symlink: /home/asurite.ad.asu.edu/troisin/Documents/bimanual_mocap/bimanual_ws/install/bimanualrobot_description/share/bimanualrobot_description/meshes/visual/ee_link.stl
[0.295s] -- Up-to-date symlink: /home/asurite.ad.asu.edu/troisin/Documents/bimanual_mocap/bimanual_ws/install/bimanualrobot_description/share/bimanualrobot_description/meshes/visual/finger.dae
[0.296s] -- Up-to-date symlink: /home/asurite.ad.asu.edu/troisin/Documents/bimanual_mocap/bimanual_ws/install/bimanualrobot_description/share/bimanualrobot_description/meshes/visual/finger.stl
[0.298s] -- Up-to-date symlink: /home/asurite.ad.asu.edu/troisin/Documents/bimanual_mocap/bimanual_ws/install/bimanualrobot_description/share/bimanualrobot_description/meshes/visual/link_1.dae
[0.304s] -- Up-to-date symlink: /home/asurite.ad.asu.edu/troisin/Documents/bimanual_mocap/bimanual_ws/install/bimanualrobot_description/share/bimanualrobot_description/meshes/visual/link_1.stl
[0.304s] -- Up-to-date symlink: /home/asurite.ad.asu.edu/troisin/Documents/bimanual_mocap/bimanual_ws/install/bimanualrobot_description/share/bimanualrobot_description/meshes/visual/link_2.dae
[0.304s] -- Up-to-date symlink: /home/asurite.ad.asu.edu/troisin/Documents/bimanual_mocap/bimanual_ws/install/bimanualrobot_description/share/bimanualrobot_description/meshes/visual/link_2.stl
[0.305s] -- Up-to-date symlink: /home/asurite.ad.asu.edu/troisin/Documents/bimanual_mocap/bimanual_ws/install/bimanualrobot_description/share/bimanualrobot_description/meshes/visual/link_3.dae
[0.311s] -- Up-to-date symlink: /home/asurite.ad.asu.edu/troisin/Documents/bimanual_mocap/bimanual_ws/install/bimanualrobot_description/share/bimanualrobot_description/meshes/visual/link_3.stl
[0.311s] -- Up-to-date symlink: /home/asurite.ad.asu.edu/troisin/Documents/bimanual_mocap/bimanual_ws/install/bimanualrobot_description/share/bimanualrobot_description/meshes/visual/link_4.dae
[0.313s] -- Up-to-date symlink: /home/asurite.ad.asu.edu/troisin/Documents/bimanual_mocap/bimanual_ws/install/bimanualrobot_description/share/bimanualrobot_description/meshes/visual/link_4.stl
[0.316s] -- Up-to-date symlink: /home/asurite.ad.asu.edu/troisin/Documents/bimanual_mocap/bimanual_ws/install/bimanualrobot_description/share/bimanualrobot_description/meshes/visual/link_5.dae
[0.316s] -- Up-to-date symlink: /home/asurite.ad.asu.edu/troisin/Documents/bimanual_mocap/bimanual_ws/install/bimanualrobot_description/share/bimanualrobot_description/meshes/visual/link_5.stl
[0.318s] -- Up-to-date symlink: /home/asurite.ad.asu.edu/troisin/Documents/bimanual_mocap/bimanual_ws/install/bimanualrobot_description/share/bimanualrobot_description/meshes/visual/link_6.dae
[0.319s] -- Up-to-date symlink: /home/asurite.ad.asu.edu/troisin/Documents/bimanual_mocap/bimanual_ws/install/bimanualrobot_description/share/bimanualrobot_description/meshes/visual/link_6.stl
[0.319s] -- Up-to-date symlink: /home/asurite.ad.asu.edu/troisin/Documents/bimanual_mocap/bimanual_ws/install/bimanualrobot_description/share/bimanualrobot_description/meshes/visual/stand.dae
[0.319s] -- Up-to-date symlink: /home/asurite.ad.asu.edu/troisin/Documents/bimanual_mocap/bimanual_ws/install/bimanualrobot_description/share/bimanualrobot_description/meshes/visual/stand.stl
[0.331s] -- Up-to-date symlink: /home/asurite.ad.asu.edu/troisin/Documents/bimanual_mocap/bimanual_ws/install/bimanualrobot_description/share/bimanualrobot_description/meshes/visual/stand_low.dae
[0.331s] -- Up-to-date symlink: /home/asurite.ad.asu.edu/troisin/Documents/bimanual_mocap/bimanual_ws/install/bimanualrobot_description/share/bimanualrobot_description/meshes/visual/stand_low.stl
[0.335s] -- Up-to-date symlink: /home/asurite.ad.asu.edu/troisin/Documents/bimanual_mocap/bimanual_ws/install/bimanualrobot_description/share/bimanualrobot_description/urdf/ball.sdf
[0.335s] -- Up-to-date symlink: /home/asurite.ad.asu.edu/troisin/Documents/bimanual_mocap/bimanual_ws/install/bimanualrobot_description/share/bimanualrobot_description/urdf/control/arm_ros2_controller.urdf.xacro
[0.336s] -- Up-to-date symlink: /home/asurite.ad.asu.edu/troisin/Documents/bimanual_mocap/bimanual_ws/install/bimanualrobot_description/share/bimanualrobot_description/urdf/control/bimanualrobot_ros2_controller.urdf.xacro
[0.336s] -- Up-to-date symlink: /home/asurite.ad.asu.edu/troisin/Documents/bimanual_mocap/bimanual_ws/install/bimanualrobot_description/share/bimanualrobot_description/urdf/control/common.xacro
[0.337s] -- Up-to-date symlink: /home/asurite.ad.asu.edu/troisin/Documents/bimanual_mocap/bimanual_ws/install/bimanualrobot_description/share/bimanualrobot_description/urdf/control/gazebo_sim_ros2_control.urdf.xacro
[0.337s] -- Up-to-date symlink: /home/asurite.ad.asu.edu/troisin/Documents/bimanual_mocap/bimanual_ws/install/bimanualrobot_description/share/bimanualrobot_description/urdf/control/transmission.xacro
[0.337s] -- Up-to-date symlink: /home/asurite.ad.asu.edu/troisin/Documents/bimanual_mocap/bimanual_ws/install/bimanualrobot_description/share/bimanualrobot_description/urdf/mech/drum.xacro
[0.338s] -- Up-to-date symlink: /home/asurite.ad.asu.edu/troisin/Documents/bimanual_mocap/bimanual_ws/install/bimanualrobot_description/share/bimanualrobot_description/urdf/mech/drumstick.xacro
[0.338s] -- Up-to-date symlink: /home/asurite.ad.asu.edu/troisin/Documents/bimanual_mocap/bimanual_ws/install/bimanualrobot_description/share/bimanualrobot_description/urdf/mech/fingers.xacro
[0.338s] -- Up-to-date symlink: /home/asurite.ad.asu.edu/troisin/Documents/bimanual_mocap/bimanual_ws/install/bimanualrobot_description/share/bimanualrobot_description/urdf/mech/manipulator_h.xacro
[0.339s] -- Up-to-date symlink: /home/asurite.ad.asu.edu/troisin/Documents/bimanual_mocap/bimanual_ws/install/bimanualrobot_description/share/bimanualrobot_description/urdf/mech/manipulator_h_arm.xacro
[0.339s] -- Up-to-date symlink: /home/asurite.ad.asu.edu/troisin/Documents/bimanual_mocap/bimanual_ws/install/bimanualrobot_description/share/bimanualrobot_description/urdf/mech/materials.xacro
[0.340s] -- Up-to-date symlink: /home/asurite.ad.asu.edu/troisin/Documents/bimanual_mocap/bimanual_ws/install/bimanualrobot_description/share/bimanualrobot_description/urdf/mech/stand.xacro
[0.341s] -- Up-to-date symlink: /home/asurite.ad.asu.edu/troisin/Documents/bimanual_mocap/bimanual_ws/install/bimanualrobot_description/share/bimanualrobot_description/urdf/robots/bimanual_robot_gazebo.xacro
[0.341s] -- Up-to-date symlink: /home/asurite.ad.asu.edu/troisin/Documents/bimanual_mocap/bimanual_ws/install/bimanualrobot_description/share/bimanualrobot_description/urdf/robots/bimanualrobot.urdf
[0.341s] -- Up-to-date symlink: /home/asurite.ad.asu.edu/troisin/Documents/bimanual_mocap/bimanual_ws/install/bimanualrobot_description/share/bimanualrobot_description/urdf/robots/bimanualrobot.urdf.xacro
[0.341s] -- Symlinking: /home/asurite.ad.asu.edu/troisin/Documents/bimanual_mocap/bimanual_ws/install/bimanualrobot_description/share/bimanualrobot_description/urdf/rope_square_rig_spawn.urdf.xacro
[0.348s] -- Up-to-date symlink: /home/asurite.ad.asu.edu/troisin/Documents/bimanual_mocap/bimanual_ws/install/bimanualrobot_description/share/bimanualrobot_description/rviz/bimanualrobot_description.rviz
[0.348s] -- Up-to-date symlink: /home/asurite.ad.asu.edu/troisin/Documents/bimanual_mocap/bimanual_ws/install/bimanualrobot_description/share/ament_index/resource_index/package_run_dependencies/bimanualrobot_description
[0.349s] -- Up-to-date symlink: /home/asurite.ad.asu.edu/troisin/Documents/bimanual_mocap/bimanual_ws/install/bimanualrobot_description/share/ament_index/resource_index/parent_prefix_path/bimanualrobot_description
[0.351s] -- Up-to-date symlink: /home/asurite.ad.asu.edu/troisin/Documents/bimanual_mocap/bimanual_ws/install/bimanualrobot_description/share/bimanualrobot_description/environment/ament_prefix_path.sh
[0.351s] -- Up-to-date symlink: /home/asurite.ad.asu.edu/troisin/Documents/bimanual_mocap/bimanual_ws/install/bimanualrobot_description/share/bimanualrobot_description/environment/ament_prefix_path.dsv
[0.352s] -- Up-to-date symlink: /home/asurite.ad.asu.edu/troisin/Documents/bimanual_mocap/bimanual_ws/install/bimanualrobot_description/share/bimanualrobot_description/environment/path.sh
[0.352s] -- Up-to-date symlink: /home/asurite.ad.asu.edu/troisin/Documents/bimanual_mocap/bimanual_ws/install/bimanualrobot_description/share/bimanualrobot_description/environment/path.dsv
[0.352s] -- Up-to-date symlink: /home/asurite.ad.asu.edu/troisin/Documents/bimanual_mocap/bimanual_ws/install/bimanualrobot_description/share/bimanualrobot_description/local_setup.bash
[0.353s] -- Up-to-date symlink: /home/asurite.ad.asu.edu/troisin/Documents/bimanual_mocap/bimanual_ws/install/bimanualrobot_description/share/bimanualrobot_description/local_setup.sh
[0.354s] -- Up-to-date symlink: /home/asurite.ad.asu.edu/troisin/Documents/bimanual_mocap/bimanual_ws/install/bimanualrobot_description/share/bimanualrobot_description/local_setup.zsh
[0.355s] -- Up-to-date symlink: /home/asurite.ad.asu.edu/troisin/Documents/bimanual_mocap/bimanual_ws/install/bimanualrobot_description/share/bimanualrobot_description/local_setup.dsv
[0.355s] -- Symlinking: /home/asurite.ad.asu.edu/troisin/Documents/bimanual_mocap/bimanual_ws/install/bimanualrobot_description/share/bimanualrobot_description/package.dsv
[0.397s] -- Up-to-date symlink: /home/asurite.ad.asu.edu/troisin/Documents/bimanual_mocap/bimanual_ws/install/bimanualrobot_description/share/ament_index/resource_index/packages/bimanualrobot_description
[0.401s] -- Up-to-date symlink: /home/asurite.ad.asu.edu/troisin/Documents/bimanual_mocap/bimanual_ws/install/bimanualrobot_description/share/bimanualrobot_description/cmake/bimanualrobot_descriptionConfig.cmake
[0.406s] -- Up-to-date symlink: /home/asurite.ad.asu.edu/troisin/Documents/bimanual_mocap/bimanual_ws/install/bimanualrobot_description/share/bimanualrobot_description/cmake/bimanualrobot_descriptionConfig-version.cmake
[0.412s] -- Up-to-date symlink: /home/asurite.ad.asu.edu/troisin/Documents/bimanual_mocap/bimanual_ws/install/bimanualrobot_description/share/bimanualrobot_description/package.xml
[0.472s] Invoked command in '/home/asurite.ad.asu.edu/troisin/Documents/bimanual_mocap/bimanual_ws/build/bimanualrobot_description' returned '0': CMAKE_PREFIX_PATH=${CMAKE_PREFIX_PATH}:/opt/ros/jazzy DEBUGINFOD_URLS=https://debuginfod.ubuntu.com /usr/bin/cmake --install /home/asurite.ad.asu.edu/troisin/Documents/bimanual_mocap/bimanual_ws/build/bimanualrobot_description
