[0.533s] Invoking command in '/home/thibaut/Documents/bimanual_mocap/build/bimanualrobot_bringup': AMENT_PREFIX_PATH=/home/thibaut/Documents/bimanual_mocap/install/dynamixel_hardware_interface:/home/thibaut/Documents/bimanual_mocap/install/dynamixel_sdk:/home/thibaut/Documents/bimanual_mocap/install/dynamixel_interfaces:/home/thibaut/Documents/bimanual_mocap/install/bimanualrobot_description:${AMENT_PREFIX_PATH} CMAKE_PREFIX_PATH=/home/thibaut/Documents/bimanual_mocap/install/dynamixel_hardware_interface:/home/thibaut/Documents/bimanual_mocap/install/dynamixel_sdk:/home/thibaut/Documents/bimanual_mocap/install/dynamixel_interfaces:/home/thibaut/Documents/bimanual_mocap/install/bimanualrobot_description:${CMAKE_PREFIX_PATH} DEBUGINFOD_URLS=https://debuginfod.ubuntu.com LD_LIBRARY_PATH=/home/thibaut/Documents/bimanual_mocap/install/dynamixel_hardware_interface/lib:/home/thibaut/Documents/bimanual_mocap/install/dynamixel_sdk/lib:/home/thibaut/Documents/bimanual_mocap/install/dynamixel_interfaces/lib:${LD_LIBRARY_PATH} PYTHONPATH=/home/thibaut/Documents/bimanual_mocap/build/bimanualrobot_bringup/prefix_override:/usr/lib/python3/dist-packages/colcon_core/task/python/colcon_distutils_commands:/home/thibaut/Documents/bimanual_mocap/install/bimanualrobot_bringup/lib/python3.12/site-packages:/home/thibaut/Documents/bimanual_mocap/install/dynamixel_sdk/lib/python3.12/site-packages:/home/thibaut/Documents/bimanual_mocap/install/dynamixel_interfaces/lib/python3.12/site-packages:${PYTHONPATH} /usr/bin/python3 -W ignore:setup.py install is deprecated -W ignore:easy_install command is deprecated setup.py develop --editable --build-directory /home/thibaut/Documents/bimanual_mocap/build/bimanualrobot_bringup/build --no-deps symlink_data
[0.667s] running develop
[0.744s] running egg_info
[0.744s] creating bimanualrobot_bringup.egg-info
[0.751s] writing bimanualrobot_bringup.egg-info/PKG-INFO
[0.752s] writing dependency_links to bimanualrobot_bringup.egg-info/dependency_links.txt
[0.752s] writing entry points to bimanualrobot_bringup.egg-info/entry_points.txt
[0.752s] writing requirements to bimanualrobot_bringup.egg-info/requires.txt
[0.752s] writing top-level names to bimanualrobot_bringup.egg-info/top_level.txt
[0.752s] writing manifest file 'bimanualrobot_bringup.egg-info/SOURCES.txt'
[0.766s] reading manifest file 'bimanualrobot_bringup.egg-info/SOURCES.txt'
[0.766s] writing manifest file 'bimanualrobot_bringup.egg-info/SOURCES.txt'
[0.774s] running build_ext
[0.774s] Creating /home/thibaut/Documents/bimanual_mocap/install/bimanualrobot_bringup/lib/python3.12/site-packages/bimanualrobot-bringup.egg-link (link to .)
[0.774s] Installing hardware_checker script to /home/thibaut/Documents/bimanual_mocap/install/bimanualrobot_bringup/lib/bimanualrobot_bringup
[0.775s] Installing joint_state_checker script to /home/thibaut/Documents/bimanual_mocap/install/bimanualrobot_bringup/lib/bimanualrobot_bringup
[0.775s] Installing joint_trajectory_executor script to /home/thibaut/Documents/bimanual_mocap/install/bimanualrobot_bringup/lib/bimanualrobot_bringup
[0.775s] 
[0.775s] Installed /home/thibaut/Documents/bimanual_mocap/build/bimanualrobot_bringup
[0.775s] running symlink_data
[0.775s] creating /home/thibaut/Documents/bimanual_mocap/install/bimanualrobot_bringup/share/ament_index
[0.775s] creating /home/thibaut/Documents/bimanual_mocap/install/bimanualrobot_bringup/share/ament_index/resource_index
[0.775s] creating /home/thibaut/Documents/bimanual_mocap/install/bimanualrobot_bringup/share/ament_index/resource_index/packages
[0.775s] symbolically linking /home/thibaut/Documents/bimanual_mocap/build/bimanualrobot_bringup/resource/bimanualrobot_bringup -> /home/thibaut/Documents/bimanual_mocap/install/bimanualrobot_bringup/share/ament_index/resource_index/packages
[0.775s] symbolically linking /home/thibaut/Documents/bimanual_mocap/build/bimanualrobot_bringup/package.xml -> /home/thibaut/Documents/bimanual_mocap/install/bimanualrobot_bringup/share/bimanualrobot_bringup
[0.775s] creating /home/thibaut/Documents/bimanual_mocap/install/bimanualrobot_bringup/share/bimanualrobot_bringup/launch
[0.775s] symbolically linking /home/thibaut/Documents/bimanual_mocap/build/bimanualrobot_bringup/launch/hardware_check.launch.py -> /home/thibaut/Documents/bimanual_mocap/install/bimanualrobot_bringup/share/bimanualrobot_bringup/launch
[0.775s] symbolically linking /home/thibaut/Documents/bimanual_mocap/build/bimanualrobot_bringup/launch/check_connection.launch.py -> /home/thibaut/Documents/bimanual_mocap/install/bimanualrobot_bringup/share/bimanualrobot_bringup/launch
[0.776s] symbolically linking /home/thibaut/Documents/bimanual_mocap/build/bimanualrobot_bringup/launch/bimanualrobot.launch.py -> /home/thibaut/Documents/bimanual_mocap/install/bimanualrobot_bringup/share/bimanualrobot_bringup/launch
[0.776s] creating /home/thibaut/Documents/bimanual_mocap/install/bimanualrobot_bringup/share/bimanualrobot_bringup/config
[0.776s] symbolically linking /home/thibaut/Documents/bimanual_mocap/build/bimanualrobot_bringup/config/initial_positions.yaml -> /home/thibaut/Documents/bimanual_mocap/install/bimanualrobot_bringup/share/bimanualrobot_bringup/config
[0.776s] symbolically linking /home/thibaut/Documents/bimanual_mocap/build/bimanualrobot_bringup/config/hardware_controller_manager.yaml -> /home/thibaut/Documents/bimanual_mocap/install/bimanualrobot_bringup/share/bimanualrobot_bringup/config
[0.776s] symbolically linking /home/thibaut/Documents/bimanual_mocap/build/bimanualrobot_bringup/config/test.yaml -> /home/thibaut/Documents/bimanual_mocap/install/bimanualrobot_bringup/share/bimanualrobot_bringup/config
[0.776s] symbolically linking /home/thibaut/Documents/bimanual_mocap/build/bimanualrobot_bringup/config/hardware_controller_manager_old.yaml -> /home/thibaut/Documents/bimanual_mocap/install/bimanualrobot_bringup/share/bimanualrobot_bringup/config
[0.793s] Invoked command in '/home/thibaut/Documents/bimanual_mocap/build/bimanualrobot_bringup' returned '0': AMENT_PREFIX_PATH=/home/thibaut/Documents/bimanual_mocap/install/dynamixel_hardware_interface:/home/thibaut/Documents/bimanual_mocap/install/dynamixel_sdk:/home/thibaut/Documents/bimanual_mocap/install/dynamixel_interfaces:/home/thibaut/Documents/bimanual_mocap/install/bimanualrobot_description:${AMENT_PREFIX_PATH} CMAKE_PREFIX_PATH=/home/thibaut/Documents/bimanual_mocap/install/dynamixel_hardware_interface:/home/thibaut/Documents/bimanual_mocap/install/dynamixel_sdk:/home/thibaut/Documents/bimanual_mocap/install/dynamixel_interfaces:/home/thibaut/Documents/bimanual_mocap/install/bimanualrobot_description:${CMAKE_PREFIX_PATH} DEBUGINFOD_URLS=https://debuginfod.ubuntu.com LD_LIBRARY_PATH=/home/thibaut/Documents/bimanual_mocap/install/dynamixel_hardware_interface/lib:/home/thibaut/Documents/bimanual_mocap/install/dynamixel_sdk/lib:/home/thibaut/Documents/bimanual_mocap/install/dynamixel_interfaces/lib:${LD_LIBRARY_PATH} PYTHONPATH=/home/thibaut/Documents/bimanual_mocap/build/bimanualrobot_bringup/prefix_override:/usr/lib/python3/dist-packages/colcon_core/task/python/colcon_distutils_commands:/home/thibaut/Documents/bimanual_mocap/install/bimanualrobot_bringup/lib/python3.12/site-packages:/home/thibaut/Documents/bimanual_mocap/install/dynamixel_sdk/lib/python3.12/site-packages:/home/thibaut/Documents/bimanual_mocap/install/dynamixel_interfaces/lib/python3.12/site-packages:${PYTHONPATH} /usr/bin/python3 -W ignore:setup.py install is deprecated -W ignore:easy_install command is deprecated setup.py develop --editable --build-directory /home/thibaut/Documents/bimanual_mocap/build/bimanualrobot_bringup/build --no-deps symlink_data
